[2026-02-22T15:23:27.867+0700] {local_task_job_runner.py:123} INFO - ::group::Pre task execution logs
[2026-02-22T15:23:27.891+0700] {taskinstance.py:2603} INFO - Dependencies all met for dep_context=non-requeueable deps ti=<TaskInstance: dag_scraping_daily.task_scrape_news scheduled__2026-02-21T17:00:00+00:00 [queued]>
[2026-02-22T15:23:27.909+0700] {taskinstance.py:2603} INFO - Dependencies all met for dep_context=requeueable deps ti=<TaskInstance: dag_scraping_daily.task_scrape_news scheduled__2026-02-21T17:00:00+00:00 [queued]>
[2026-02-22T15:23:27.912+0700] {taskinstance.py:2856} INFO - Starting attempt 1 of 2
[2026-02-22T15:23:27.938+0700] {taskinstance.py:2879} INFO - Executing <Task(PythonOperator): task_scrape_news> on 2026-02-21 17:00:00+00:00
[2026-02-22T15:23:27.972+0700] {standard_task_runner.py:104} INFO - Running: ['***', 'tasks', 'run', 'dag_scraping_daily', 'task_scrape_news', 'scheduled__2026-02-21T17:00:00+00:00', '--job-id', '180', '--raw', '--subdir', 'DAGS_FOLDER/dag_scraping_daily.py', '--cfg-path', '/tmp/tmp9e1hgqic']
[2026-02-22T15:23:27.971+0700] {logging_mixin.py:190} WARNING - /home/***/.local/lib/python3.12/site-packages/***/task/task_runner/standard_task_runner.py:70 DeprecationWarning: This process (pid=185) is multi-threaded, use of fork() may lead to deadlocks in the child.
[2026-02-22T15:23:27.983+0700] {standard_task_runner.py:72} INFO - Started process 196 to run task
[2026-02-22T15:23:27.984+0700] {standard_task_runner.py:105} INFO - Job 180: Subtask task_scrape_news
[2026-02-22T15:23:28.029+0700] {logging_mixin.py:190} WARNING - /home/***/.local/lib/python3.12/site-packages/***/settings.py:209 DeprecationWarning: The sql_alchemy_conn option in [core] has been moved to the sql_alchemy_conn option in [database] - the old setting has been used, but please update your config.
[2026-02-22T15:23:28.157+0700] {task_command.py:467} INFO - Running <TaskInstance: dag_scraping_daily.task_scrape_news scheduled__2026-02-21T17:00:00+00:00 [running]> on host 7392b0285d7c
[2026-02-22T15:23:28.159+0700] {logging_mixin.py:190} WARNING - /home/***/.local/lib/python3.12/site-packages/***/settings.py:449 DeprecationWarning: The sql_alchemy_conn option in [core] has been moved to the sql_alchemy_conn option in [database] - the old setting has been used, but please update your config.
[2026-02-22T15:23:28.315+0700] {taskinstance.py:3122} INFO - Exporting env vars: AIRFLOW_CTX_DAG_OWNER='remosy_admin' AIRFLOW_CTX_DAG_ID='dag_scraping_daily' AIRFLOW_CTX_TASK_ID='task_scrape_news' AIRFLOW_CTX_EXECUTION_DATE='2026-02-21T17:00:00+00:00' AIRFLOW_CTX_TRY_NUMBER='1' AIRFLOW_CTX_DAG_RUN_ID='scheduled__2026-02-21T17:00:00+00:00'
[2026-02-22T15:23:28.322+0700] {taskinstance.py:731} INFO - ::endgroup::
[2026-02-22T15:23:33.275+0700] {logging_mixin.py:190} INFO - 🚀 Memulai Job Scraping Google News (Mode Dinamis via Database)...
[2026-02-22T15:23:33.330+0700] {logging_mixin.py:190} INFO - 📋 Menggunakan 4 Kata Kunci dari Database: ['UNSIKA', 'Mahasiswa Unsika', 'BEM Unsika', 'Unsikuy']
[2026-02-22T15:23:33.344+0700] {logging_mixin.py:190} INFO - 📚 Database memiliki 349 berita lama.
[2026-02-22T15:23:33.345+0700] {logging_mixin.py:190} INFO - 🔎 Sedang mencari: 'UNSIKA'...
[2026-02-22T15:23:34.131+0700] {logging_mixin.py:190} INFO -    ✅ Menyimpan 1 berita BARU.
[2026-02-22T15:23:34.135+0700] {logging_mixin.py:190} INFO - 🔎 Sedang mencari: 'Mahasiswa Unsika'...
[2026-02-22T15:23:34.915+0700] {logging_mixin.py:190} INFO -    ℹ️  Dapat berita, tapi semuanya duplikat (Skip).
[2026-02-22T15:23:34.921+0700] {logging_mixin.py:190} INFO - 🔎 Sedang mencari: 'BEM Unsika'...
[2026-02-22T15:23:35.974+0700] {logging_mixin.py:190} INFO -    ✅ Menyimpan 13 berita BARU.
[2026-02-22T15:23:36.004+0700] {logging_mixin.py:190} INFO - 🔎 Sedang mencari: 'Unsikuy'...
[2026-02-22T15:23:36.602+0700] {logging_mixin.py:190} INFO -    ⚠️ Tidak ditemukan berita di Google.
[2026-02-22T15:23:36.603+0700] {logging_mixin.py:190} INFO - 🏁 Job Selesai. Total 14 berita baru ditambahkan hari ini.
[2026-02-22T15:23:36.612+0700] {python.py:240} INFO - Done. Returned value was: None
[2026-02-22T15:23:36.638+0700] {taskinstance.py:340} INFO - ::group::Post task execution logs
[2026-02-22T15:23:36.640+0700] {taskinstance.py:352} INFO - Marking task as SUCCESS. dag_id=dag_scraping_daily, task_id=task_scrape_news, run_id=scheduled__2026-02-21T17:00:00+00:00, execution_date=20260221T170000, start_date=20260222T082327, end_date=20260222T082336
[2026-02-22T15:23:36.773+0700] {local_task_job_runner.py:261} INFO - Task exited with return code 0
[2026-02-22T15:23:36.841+0700] {taskinstance.py:3891} INFO - 1 downstream tasks scheduled from follow-on schedule check
[2026-02-22T15:23:36.949+0700] {local_task_job_runner.py:240} INFO - ::endgroup::
