[2026-07-03T21:34:56.149+0700] {local_task_job_runner.py:123} INFO - ::group::Pre task execution logs
[2026-07-03T21:34:56.175+0700] {taskinstance.py:2603} INFO - Dependencies all met for dep_context=non-requeueable deps ti=<TaskInstance: remosy_master_end_to_end.scrape_twitter scheduled__2026-07-02T17:00:00+00:00 [queued]>
[2026-07-03T21:34:56.202+0700] {taskinstance.py:2603} INFO - Dependencies all met for dep_context=requeueable deps ti=<TaskInstance: remosy_master_end_to_end.scrape_twitter scheduled__2026-07-02T17:00:00+00:00 [queued]>
[2026-07-03T21:34:56.203+0700] {taskinstance.py:2856} INFO - Starting attempt 1 of 1
[2026-07-03T21:34:56.225+0700] {taskinstance.py:2879} INFO - Executing <Task(PythonOperator): scrape_twitter> on 2026-07-02 17:00:00+00:00
[2026-07-03T21:34:56.236+0700] {standard_task_runner.py:104} INFO - Running: ['***', 'tasks', 'run', 'remosy_master_end_to_end', 'scrape_twitter', 'scheduled__2026-07-02T17:00:00+00:00', '--job-id', '690', '--raw', '--subdir', 'DAGS_FOLDER/dag_remosy_master.py', '--cfg-path', '/tmp/tmp70fh2mlc']
[2026-07-03T21:34:56.240+0700] {standard_task_runner.py:105} INFO - Job 690: Subtask scrape_twitter
[2026-07-03T21:34:56.238+0700] {logging_mixin.py:190} WARNING - /home/***/.local/lib/python3.12/site-packages/***/task/task_runner/standard_task_runner.py:70 DeprecationWarning: This process (pid=182) is multi-threaded, use of fork() may lead to deadlocks in the child.
[2026-07-03T21:34:56.246+0700] {standard_task_runner.py:72} INFO - Started process 189 to run task
[2026-07-03T21:34:56.269+0700] {logging_mixin.py:190} WARNING - /home/***/.local/lib/python3.12/site-packages/***/settings.py:209 DeprecationWarning: The sql_alchemy_conn option in [core] has been moved to the sql_alchemy_conn option in [database] - the old setting has been used, but please update your config.
[2026-07-03T21:34:56.335+0700] {task_command.py:467} INFO - Running <TaskInstance: remosy_master_end_to_end.scrape_twitter scheduled__2026-07-02T17:00:00+00:00 [running]> on host 37b076cbf58f
[2026-07-03T21:34:56.338+0700] {logging_mixin.py:190} WARNING - /home/***/.local/lib/python3.12/site-packages/***/settings.py:449 DeprecationWarning: The sql_alchemy_conn option in [core] has been moved to the sql_alchemy_conn option in [database] - the old setting has been used, but please update your config.
[2026-07-03T21:34:56.507+0700] {taskinstance.py:3122} INFO - Exporting env vars: AIRFLOW_CTX_DAG_OWNER='remosy' AIRFLOW_CTX_DAG_ID='remosy_master_end_to_end' AIRFLOW_CTX_TASK_ID='scrape_twitter' AIRFLOW_CTX_EXECUTION_DATE='2026-07-02T17:00:00+00:00' AIRFLOW_CTX_TRY_NUMBER='1' AIRFLOW_CTX_DAG_RUN_ID='scheduled__2026-07-02T17:00:00+00:00'
[2026-07-03T21:34:56.509+0700] {taskinstance.py:731} INFO - ::endgroup::
[2026-07-03T21:34:59.074+0700] {logging_mixin.py:190} INFO - Memulai Job Scraping Twitter (Relational Schema)...
[2026-07-03T21:34:59.149+0700] {logging_mixin.py:190} INFO - Mencari Tweet: UNSIKA...
[2026-07-03T21:37:12.408+0700] {logging_mixin.py:190} INFO - Mencari Tweet: Universitas Singaperbangsa Karawang...
[2026-07-03T21:39:36.157+0700] {logging_mixin.py:190} INFO - Mencari Tweet: unsikuy...
[2026-07-03T21:41:58.758+0700] {logging_mixin.py:190} INFO - Mencari Tweet: Fasilkom UNSIKA...
[2026-07-03T21:44:16.455+0700] {logging_mixin.py:190} INFO -    Error Tweet-Harvest: No columns to parse from file
[2026-07-03T21:44:16.460+0700] {logging_mixin.py:190} INFO - Job Twitter Selesai. Total 0 tweet baru tersimpan.
[2026-07-03T21:44:16.492+0700] {python.py:240} INFO - Done. Returned value was: None
[2026-07-03T21:44:16.770+0700] {taskinstance.py:340} INFO - ::group::Post task execution logs
[2026-07-03T21:44:16.775+0700] {taskinstance.py:352} INFO - Marking task as SUCCESS. dag_id=remosy_master_end_to_end, task_id=scrape_twitter, run_id=scheduled__2026-07-02T17:00:00+00:00, execution_date=20260702T170000, start_date=20260703T143456, end_date=20260703T144416
[2026-07-03T21:44:16.909+0700] {local_task_job_runner.py:261} INFO - Task exited with return code 0
[2026-07-03T21:44:17.068+0700] {taskinstance.py:3891} INFO - 1 downstream tasks scheduled from follow-on schedule check
[2026-07-03T21:44:17.072+0700] {local_task_job_runner.py:240} INFO - ::endgroup::
