[2026-05-07T14:58:15.798+0700] {local_task_job_runner.py:123} INFO - ::group::Pre task execution logs
[2026-05-07T14:58:15.830+0700] {taskinstance.py:2603} INFO - Dependencies all met for dep_context=non-requeueable deps ti=<TaskInstance: dag_scraping_daily.task_process_sentiment scheduled__2026-04-29T17:00:00+00:00 [queued]>
[2026-05-07T14:58:15.851+0700] {taskinstance.py:2603} INFO - Dependencies all met for dep_context=requeueable deps ti=<TaskInstance: dag_scraping_daily.task_process_sentiment scheduled__2026-04-29T17:00:00+00:00 [queued]>
[2026-05-07T14:58:15.853+0700] {taskinstance.py:2856} INFO - Starting attempt 2 of 2
[2026-05-07T14:58:15.884+0700] {taskinstance.py:2879} INFO - Executing <Task(PythonOperator): task_process_sentiment> on 2026-04-29 17:00:00+00:00
[2026-05-07T14:58:15.917+0700] {logging_mixin.py:190} WARNING - /home/***/.local/lib/python3.12/site-packages/***/task/task_runner/standard_task_runner.py:70 DeprecationWarning: This process (pid=184) is multi-threaded, use of fork() may lead to deadlocks in the child.
[2026-05-07T14:58:15.922+0700] {standard_task_runner.py:72} INFO - Started process 192 to run task
[2026-05-07T14:58:15.918+0700] {standard_task_runner.py:104} INFO - Running: ['***', 'tasks', 'run', 'dag_scraping_daily', 'task_process_sentiment', 'scheduled__2026-04-29T17:00:00+00:00', '--job-id', '291', '--raw', '--subdir', 'DAGS_FOLDER/dag_scraping_daily.py', '--cfg-path', '/tmp/tmpveuakll9']
[2026-05-07T14:58:15.931+0700] {standard_task_runner.py:105} INFO - Job 291: Subtask task_process_sentiment
[2026-05-07T14:58:15.960+0700] {logging_mixin.py:190} WARNING - /home/***/.local/lib/python3.12/site-packages/***/settings.py:209 DeprecationWarning: The sql_alchemy_conn option in [core] has been moved to the sql_alchemy_conn option in [database] - the old setting has been used, but please update your config.
[2026-05-07T14:58:16.050+0700] {task_command.py:467} INFO - Running <TaskInstance: dag_scraping_daily.task_process_sentiment scheduled__2026-04-29T17:00:00+00:00 [running]> on host 3b76dc97b072
[2026-05-07T14:58:16.053+0700] {logging_mixin.py:190} WARNING - /home/***/.local/lib/python3.12/site-packages/***/settings.py:449 DeprecationWarning: The sql_alchemy_conn option in [core] has been moved to the sql_alchemy_conn option in [database] - the old setting has been used, but please update your config.
[2026-05-07T14:58:16.434+0700] {taskinstance.py:3122} INFO - Exporting env vars: AIRFLOW_CTX_DAG_OWNER='remosy_admin' AIRFLOW_CTX_DAG_ID='dag_scraping_daily' AIRFLOW_CTX_TASK_ID='task_process_sentiment' AIRFLOW_CTX_EXECUTION_DATE='2026-04-29T17:00:00+00:00' AIRFLOW_CTX_TRY_NUMBER='2' AIRFLOW_CTX_DAG_RUN_ID='scheduled__2026-04-29T17:00:00+00:00'
[2026-05-07T14:58:16.443+0700] {taskinstance.py:731} INFO - ::endgroup::
[2026-05-07T14:59:36.700+0700] {logging_mixin.py:190} INFO - 🚀 Memulai Job Pemrosesan Berita (Smart Sentiment & Relevance Filter)...
[2026-05-07T14:59:36.740+0700] {logging_mixin.py:190} INFO -    📦 Memproses 14 berita baru...
[2026-05-07T14:59:36.741+0700] {logging_mixin.py:190} INFO -    🤖 Sedang memuat model AI (IndoBERT)...
[2026-05-07T14:59:39.198+0700] {_client.py:1025} INFO - HTTP Request: HEAD https://huggingface.co/w11wo/indonesian-roberta-base-sentiment-classifier/resolve/main/config.json "HTTP/1.1 307 Temporary Redirect"
[2026-05-07T14:59:39.200+0700] {logging_mixin.py:190} WARNING - Warning: You are sending unauthenticated requests to the HF Hub. Please set a HF_TOKEN to enable higher rate limits and faster downloads.
[2026-05-07T14:59:39.200+0700] {_http.py:779} WARNING - Warning: You are sending unauthenticated requests to the HF Hub. Please set a HF_TOKEN to enable higher rate limits and faster downloads.
[2026-05-07T14:59:39.586+0700] {_client.py:1025} INFO - HTTP Request: HEAD https://huggingface.co/api/resolve-cache/models/w11wo/indonesian-roberta-base-sentiment-classifier/ac452dcb0f4966130bba44f4ee0013bb5d52c282/config.json "HTTP/1.1 200 OK"
[2026-05-07T14:59:40.684+0700] {_client.py:1025} INFO - HTTP Request: HEAD https://huggingface.co/w11wo/indonesian-roberta-base-sentiment-classifier/resolve/main/model.safetensors "HTTP/1.1 302 Found"
[2026-05-07T14:59:41.424+0700] {_client.py:1025} INFO - HTTP Request: GET https://huggingface.co/api/models/w11wo/indonesian-roberta-base-sentiment-classifier/xet-read-token/ac452dcb0f4966130bba44f4ee0013bb5d52c282 "HTTP/1.1 200 OK"
[2026-05-07T15:03:46.152+0700] {job.py:229} INFO - Heartbeat recovered after 124.09 seconds
[2026-05-07T15:06:50.689+0700] {job.py:229} INFO - Heartbeat recovered after 96.89 seconds
[2026-05-07T15:51:26.840+0700] {job.py:229} INFO - Heartbeat recovered after 1090.61 seconds
[2026-05-07T16:30:56.831+0700] {_client.py:1025} INFO - HTTP Request: GET https://huggingface.co/api/models/w11wo/indonesian-roberta-base-sentiment-classifier/xet-read-token/ac452dcb0f4966130bba44f4ee0013bb5d52c282 "HTTP/1.1 200 OK"
[2026-05-07T16:46:52.892+0700] {local_task_job_runner.py:127} ERROR - Received SIGTERM. Terminating subprocesses
[2026-05-07T16:46:52.988+0700] {process_utils.py:132} INFO - Sending 15 to group 192. PIDs of all processes in the group: [192]
[2026-05-07T16:46:53.018+0700] {process_utils.py:87} INFO - Sending the signal 15 to group 192
[2026-05-07T16:46:55.756+0700] {local_task_job_runner.py:127} ERROR - Received SIGTERM. Terminating subprocesses
