[2026-06-22T08:38:45.056+0700] {local_task_job_runner.py:123} INFO - ::group::Pre task execution logs
[2026-06-22T08:38:45.090+0700] {taskinstance.py:2603} INFO - Dependencies all met for dep_context=non-requeueable deps ti=<TaskInstance: remosy_master_end_to_end.process_twitter scheduled__2026-06-20T17:00:00+00:00 [queued]>
[2026-06-22T08:38:45.112+0700] {taskinstance.py:2603} INFO - Dependencies all met for dep_context=requeueable deps ti=<TaskInstance: remosy_master_end_to_end.process_twitter scheduled__2026-06-20T17:00:00+00:00 [queued]>
[2026-06-22T08:38:45.113+0700] {taskinstance.py:2856} INFO - Starting attempt 1 of 1
[2026-06-22T08:38:45.137+0700] {taskinstance.py:2879} INFO - Executing <Task(PythonOperator): process_twitter> on 2026-06-20 17:00:00+00:00
[2026-06-22T08:38:45.154+0700] {logging_mixin.py:190} WARNING - /home/***/.local/lib/python3.12/site-packages/***/task/task_runner/standard_task_runner.py:70 DeprecationWarning: This process (pid=1382) is multi-threaded, use of fork() may lead to deadlocks in the child.
[2026-06-22T08:38:45.155+0700] {standard_task_runner.py:104} INFO - Running: ['***', 'tasks', 'run', 'remosy_master_end_to_end', 'process_twitter', 'scheduled__2026-06-20T17:00:00+00:00', '--job-id', '564', '--raw', '--subdir', 'DAGS_FOLDER/dag_remosy_master.py', '--cfg-path', '/tmp/tmpdsd2wm0c']
[2026-06-22T08:38:45.159+0700] {standard_task_runner.py:105} INFO - Job 564: Subtask process_twitter
[2026-06-22T08:38:45.159+0700] {standard_task_runner.py:72} INFO - Started process 1383 to run task
[2026-06-22T08:38:45.189+0700] {logging_mixin.py:190} WARNING - /home/***/.local/lib/python3.12/site-packages/***/settings.py:209 DeprecationWarning: The sql_alchemy_conn option in [core] has been moved to the sql_alchemy_conn option in [database] - the old setting has been used, but please update your config.
[2026-06-22T08:38:45.242+0700] {task_command.py:467} INFO - Running <TaskInstance: remosy_master_end_to_end.process_twitter scheduled__2026-06-20T17:00:00+00:00 [running]> on host df0dddc984af
[2026-06-22T08:38:45.245+0700] {logging_mixin.py:190} WARNING - /home/***/.local/lib/python3.12/site-packages/***/settings.py:449 DeprecationWarning: The sql_alchemy_conn option in [core] has been moved to the sql_alchemy_conn option in [database] - the old setting has been used, but please update your config.
[2026-06-22T08:38:45.391+0700] {taskinstance.py:3122} INFO - Exporting env vars: AIRFLOW_CTX_DAG_OWNER='remosy' AIRFLOW_CTX_DAG_ID='remosy_master_end_to_end' AIRFLOW_CTX_TASK_ID='process_twitter' AIRFLOW_CTX_EXECUTION_DATE='2026-06-20T17:00:00+00:00' AIRFLOW_CTX_TRY_NUMBER='1' AIRFLOW_CTX_DAG_RUN_ID='scheduled__2026-06-20T17:00:00+00:00'
[2026-06-22T08:38:45.393+0700] {taskinstance.py:731} INFO - ::endgroup::
[2026-06-22T08:39:10.701+0700] {logging_mixin.py:190} INFO -  Sedang memuat model AI (IndoBERT)...
[2026-06-22T08:39:11.436+0700] {_client.py:1025} INFO - HTTP Request: GET https://huggingface.co/api/agent-harnesses "HTTP/1.1 200 OK"
[2026-06-22T08:39:11.715+0700] {_client.py:1025} INFO - HTTP Request: HEAD https://huggingface.co/w11wo/indonesian-roberta-base-sentiment-classifier/resolve/main/config.json "HTTP/1.1 307 Temporary Redirect"
[2026-06-22T08:39:11.727+0700] {logging_mixin.py:190} WARNING - Warning: You are sending unauthenticated requests to the HF Hub. Please set a HF_TOKEN to enable higher rate limits and faster downloads.
[2026-06-22T08:39:11.727+0700] {_http.py:904} WARNING - Warning: You are sending unauthenticated requests to the HF Hub. Please set a HF_TOKEN to enable higher rate limits and faster downloads.
[2026-06-22T08:39:11.767+0700] {_client.py:1025} INFO - HTTP Request: HEAD https://huggingface.co/api/resolve-cache/models/w11wo/indonesian-roberta-base-sentiment-classifier/ac452dcb0f4966130bba44f4ee0013bb5d52c282/config.json "HTTP/1.1 200 OK"
[2026-06-22T08:39:11.815+0700] {_client.py:1025} INFO - HTTP Request: GET https://huggingface.co/api/resolve-cache/models/w11wo/indonesian-roberta-base-sentiment-classifier/ac452dcb0f4966130bba44f4ee0013bb5d52c282/config.json "HTTP/1.1 200 OK"
[2026-06-22T08:39:12.258+0700] {_client.py:1025} INFO - HTTP Request: HEAD https://huggingface.co/w11wo/indonesian-roberta-base-sentiment-classifier/resolve/main/model.safetensors "HTTP/1.1 302 Found"
[2026-06-22T08:40:07.415+0700] {logging_mixin.py:190} WARNING - Loading weights:   0%|          | 0/201 [00:00<?, ?it/s]
[2026-06-22T08:40:07.519+0700] {logging_mixin.py:190} WARNING - Loading weights:  58%|#####7    | 116/201 [00:00<00:00, 1152.67it/s]
[2026-06-22T08:40:07.555+0700] {logging_mixin.py:190} WARNING - Loading weights: 100%|##########| 201/201 [00:00<00:00, 1466.30it/s]
[2026-06-22T08:40:07.929+0700] {_client.py:1025} INFO - HTTP Request: HEAD https://huggingface.co/w11wo/indonesian-roberta-base-sentiment-classifier/resolve/main/tokenizer_config.json "HTTP/1.1 307 Temporary Redirect"
[2026-06-22T08:40:07.954+0700] {_client.py:1025} INFO - HTTP Request: HEAD https://huggingface.co/api/resolve-cache/models/w11wo/indonesian-roberta-base-sentiment-classifier/ac452dcb0f4966130bba44f4ee0013bb5d52c282/tokenizer_config.json "HTTP/1.1 200 OK"
[2026-06-22T08:40:08.312+0700] {_client.py:1025} INFO - HTTP Request: GET https://huggingface.co/api/models/w11wo/indonesian-roberta-base-sentiment-classifier/tree/main/additional_chat_templates?recursive=false&expand=false "HTTP/1.1 404 Not Found"
[2026-06-22T08:40:08.609+0700] {_client.py:1025} INFO - HTTP Request: GET https://huggingface.co/api/models/w11wo/indonesian-roberta-base-sentiment-classifier/tree/main?recursive=true&expand=false "HTTP/1.1 200 OK"
[2026-06-22T08:40:08.909+0700] {_client.py:1025} INFO - HTTP Request: HEAD https://huggingface.co/w11wo/indonesian-roberta-base-sentiment-classifier/resolve/main/vocab.json "HTTP/1.1 307 Temporary Redirect"
[2026-06-22T08:40:08.929+0700] {_client.py:1025} INFO - HTTP Request: HEAD https://huggingface.co/api/resolve-cache/models/w11wo/indonesian-roberta-base-sentiment-classifier/ac452dcb0f4966130bba44f4ee0013bb5d52c282/vocab.json "HTTP/1.1 200 OK"
[2026-06-22T08:40:09.330+0700] {_client.py:1025} INFO - HTTP Request: HEAD https://huggingface.co/w11wo/indonesian-roberta-base-sentiment-classifier/resolve/main/merges.txt "HTTP/1.1 307 Temporary Redirect"
[2026-06-22T08:40:09.359+0700] {_client.py:1025} INFO - HTTP Request: HEAD https://huggingface.co/api/resolve-cache/models/w11wo/indonesian-roberta-base-sentiment-classifier/ac452dcb0f4966130bba44f4ee0013bb5d52c282/merges.txt "HTTP/1.1 200 OK"
[2026-06-22T08:40:09.390+0700] {_client.py:1025} INFO - HTTP Request: GET https://huggingface.co/api/resolve-cache/models/w11wo/indonesian-roberta-base-sentiment-classifier/ac452dcb0f4966130bba44f4ee0013bb5d52c282/merges.txt "HTTP/1.1 200 OK"
[2026-06-22T08:40:09.706+0700] {_client.py:1025} INFO - HTTP Request: HEAD https://huggingface.co/w11wo/indonesian-roberta-base-sentiment-classifier/resolve/main/tokenizer.json "HTTP/1.1 307 Temporary Redirect"
[2026-06-22T08:40:09.725+0700] {_client.py:1025} INFO - HTTP Request: HEAD https://huggingface.co/api/resolve-cache/models/w11wo/indonesian-roberta-base-sentiment-classifier/ac452dcb0f4966130bba44f4ee0013bb5d52c282/tokenizer.json "HTTP/1.1 200 OK"
[2026-06-22T08:40:09.750+0700] {_client.py:1025} INFO - HTTP Request: GET https://huggingface.co/api/resolve-cache/models/w11wo/indonesian-roberta-base-sentiment-classifier/ac452dcb0f4966130bba44f4ee0013bb5d52c282/tokenizer.json "HTTP/1.1 200 OK"
[2026-06-22T08:40:10.076+0700] {_client.py:1025} INFO - HTTP Request: HEAD https://huggingface.co/w11wo/indonesian-roberta-base-sentiment-classifier/resolve/main/added_tokens.json "HTTP/1.1 404 Not Found"
[2026-06-22T08:40:10.350+0700] {_client.py:1025} INFO - HTTP Request: HEAD https://huggingface.co/w11wo/indonesian-roberta-base-sentiment-classifier/resolve/main/special_tokens_map.json "HTTP/1.1 307 Temporary Redirect"
[2026-06-22T08:40:10.368+0700] {_client.py:1025} INFO - HTTP Request: HEAD https://huggingface.co/api/resolve-cache/models/w11wo/indonesian-roberta-base-sentiment-classifier/ac452dcb0f4966130bba44f4ee0013bb5d52c282/special_tokens_map.json "HTTP/1.1 200 OK"
[2026-06-22T08:40:10.389+0700] {_client.py:1025} INFO - HTTP Request: GET https://huggingface.co/api/resolve-cache/models/w11wo/indonesian-roberta-base-sentiment-classifier/ac452dcb0f4966130bba44f4ee0013bb5d52c282/special_tokens_map.json "HTTP/1.1 200 OK"
[2026-06-22T08:40:10.670+0700] {_client.py:1025} INFO - HTTP Request: HEAD https://huggingface.co/w11wo/indonesian-roberta-base-sentiment-classifier/resolve/main/chat_template.jinja "HTTP/1.1 404 Not Found"
[2026-06-22T08:40:11.159+0700] {_client.py:1025} INFO - HTTP Request: HEAD https://huggingface.co/w11wo/indonesian-roberta-base-sentiment-classifier/resolve/main/processor_config.json "HTTP/1.1 404 Not Found"
[2026-06-22T08:40:11.510+0700] {_client.py:1025} INFO - HTTP Request: HEAD https://huggingface.co/w11wo/indonesian-roberta-base-sentiment-classifier/resolve/main/video_preprocessor_config.json "HTTP/1.1 404 Not Found"
[2026-06-22T08:40:11.784+0700] {_client.py:1025} INFO - HTTP Request: HEAD https://huggingface.co/w11wo/indonesian-roberta-base-sentiment-classifier/resolve/main/preprocessor_config.json "HTTP/1.1 404 Not Found"
[2026-06-22T08:40:11.791+0700] {logging_mixin.py:190} INFO -  Model AI siap digunakan!
[2026-06-22T08:40:11.791+0700] {logging_mixin.py:190} INFO - 🚀 Memulai Job Pemrosesan Twitter (Cleaning + Sentiment + Relevance Filter)...
[2026-06-22T08:40:11.835+0700] {logging_mixin.py:190} INFO - 📦 Ditemukan 1 tweet baru. Sedang memproses...
[2026-06-22T08:40:11.843+0700] {logging_mixin.py:190} INFO -    🗑️ HAPUS (Tweet Nyasar): 'Kalau saya tidak salah ingat. Menolak jadi PT...'
[2026-06-22T08:40:11.844+0700] {python.py:240} INFO - Done. Returned value was: None
[2026-06-22T08:40:11.855+0700] {taskinstance.py:340} INFO - ::group::Post task execution logs
[2026-06-22T08:40:11.856+0700] {taskinstance.py:352} INFO - Marking task as SUCCESS. dag_id=remosy_master_end_to_end, task_id=process_twitter, run_id=scheduled__2026-06-20T17:00:00+00:00, execution_date=20260620T170000, start_date=20260622T013845, end_date=20260622T014011
[2026-06-22T08:40:11.958+0700] {local_task_job_runner.py:261} INFO - Task exited with return code 0
[2026-06-22T08:40:11.991+0700] {taskinstance.py:3891} INFO - 1 downstream tasks scheduled from follow-on schedule check
[2026-06-22T08:40:11.996+0700] {local_task_job_runner.py:240} INFO - ::endgroup::
