[2026-02-13T23:08:02.528+0700] {local_task_job_runner.py:123} INFO - ::group::Pre task execution logs
[2026-02-13T23:08:02.550+0700] {taskinstance.py:2603} INFO - Dependencies all met for dep_context=non-requeueable deps ti=<TaskInstance: dag_scraping_twitter.task_scrape_twitter scheduled__2026-02-12T23:00:00+00:00 [queued]>
[2026-02-13T23:08:02.563+0700] {taskinstance.py:2603} INFO - Dependencies all met for dep_context=requeueable deps ti=<TaskInstance: dag_scraping_twitter.task_scrape_twitter scheduled__2026-02-12T23:00:00+00:00 [queued]>
[2026-02-13T23:08:02.564+0700] {taskinstance.py:2856} INFO - Starting attempt 1 of 1
[2026-02-13T23:08:02.597+0700] {taskinstance.py:2879} INFO - Executing <Task(PythonOperator): task_scrape_twitter> on 2026-02-12 23:00:00+00:00
[2026-02-13T23:08:02.618+0700] {logging_mixin.py:190} WARNING - /home/***/.local/lib/python3.12/site-packages/***/task/task_runner/standard_task_runner.py:70 DeprecationWarning: This process (pid=173) is multi-threaded, use of fork() may lead to deadlocks in the child.
[2026-02-13T23:08:02.620+0700] {standard_task_runner.py:72} INFO - Started process 184 to run task
[2026-02-13T23:08:02.627+0700] {standard_task_runner.py:104} INFO - Running: ['***', 'tasks', 'run', 'dag_scraping_twitter', 'task_scrape_twitter', 'scheduled__2026-02-12T23:00:00+00:00', '--job-id', '121', '--raw', '--subdir', 'DAGS_FOLDER/dag_scraping_twitter.py', '--cfg-path', '/tmp/tmp37s39nzp']
[2026-02-13T23:08:02.631+0700] {standard_task_runner.py:105} INFO - Job 121: Subtask task_scrape_twitter
[2026-02-13T23:08:02.656+0700] {logging_mixin.py:190} WARNING - /home/***/.local/lib/python3.12/site-packages/***/settings.py:209 DeprecationWarning: The sql_alchemy_conn option in [core] has been moved to the sql_alchemy_conn option in [database] - the old setting has been used, but please update your config.
[2026-02-13T23:08:02.745+0700] {task_command.py:467} INFO - Running <TaskInstance: dag_scraping_twitter.task_scrape_twitter scheduled__2026-02-12T23:00:00+00:00 [running]> on host af387e7c2811
[2026-02-13T23:08:02.748+0700] {logging_mixin.py:190} WARNING - /home/***/.local/lib/python3.12/site-packages/***/settings.py:449 DeprecationWarning: The sql_alchemy_conn option in [core] has been moved to the sql_alchemy_conn option in [database] - the old setting has been used, but please update your config.
[2026-02-13T23:08:02.874+0700] {taskinstance.py:3122} INFO - Exporting env vars: AIRFLOW_CTX_DAG_OWNER='remosy_admin' AIRFLOW_CTX_DAG_ID='dag_scraping_twitter' AIRFLOW_CTX_TASK_ID='task_scrape_twitter' AIRFLOW_CTX_EXECUTION_DATE='2026-02-12T23:00:00+00:00' AIRFLOW_CTX_TRY_NUMBER='1' AIRFLOW_CTX_DAG_RUN_ID='scheduled__2026-02-12T23:00:00+00:00'
[2026-02-13T23:08:02.876+0700] {taskinstance.py:731} INFO - ::endgroup::
[2026-02-13T23:08:05.368+0700] {logging_mixin.py:190} INFO - Memulai Job Scraping Twitter (Mode Cerdas)...
[2026-02-13T23:08:05.476+0700] {logging_mixin.py:190} INFO - Database saat ini memiliki 109 tweet.
[2026-02-13T23:08:05.477+0700] {logging_mixin.py:190} INFO - Mencari Tweet: unsika...
[2026-02-13T23:10:04.168+0700] {logging_mixin.py:190} INFO -    Gagal simpan: (psycopg2.errors.InvalidTextRepresentation) invalid input syntax for type integer: "favorite_count"
LINE 1: ...xt', 'https://twitter.com/unknown/status/id_str', 'favorite_...
                                                             ^

[SQL: INSERT INTO tweets_raw (scraped_at, keyword, username, full_text, tweet_url, likes, retweets) VALUES (%(scraped_at)s, %(keyword)s, %(username)s, %(full_text)s, %(tweet_url)s, %(likes)s, %(retweets)s)]
[parameters: ({'scraped_at': datetime.datetime(2026, 2, 13, 23, 10, 4, 64229), 'keyword': 'unsika', 'username': 'unknown', 'full_text': '@sbmptnfess ptn! Menurut kalian aku jadiin unsoed atau unsika buat jadi pil 1 farmasi dengan rata rata nilai 90?', 'tweet_url': 'https://twitter.com/unknown/status/2022328453408993782', 'likes': '0', 'retweets': '0'}, {'scraped_at': datetime.datetime(2026, 2, 13, 23, 10, 4, 64229), 'keyword': 'unsika', 'username': 'unknown', 'full_text': '@AULIAPJXD maaf lain kali gw akan setel alarm pake lagu hymne unsika', 'tweet_url': 'https://twitter.com/unknown/status/2022281364851298453', 'likes': '0', 'retweets': '0'}, {'scraped_at': datetime.datetime(2026, 2, 13, 23, 10, 4, 64229), 'keyword': 'unsika', 'username': 'unknown', 'full_text': '---------------------- 𝐔𝐋𝐂𝐂! 𝐌𝐚𝐤𝐞 𝐓𝐡𝐞 𝐔𝐧𝐢𝐯𝐞𝐫𝐬𝐞 𝐎𝐮𝐫𝐬! #SelamatHariPersatuanFarmasiIndonesia #MakeTheUniverseOurs #ULCC2026 #UNSIKA #2026', 'tweet_url': 'https://twitter.com/unknown/status/2022112138106687766', 'likes': '1', 'retweets': '0'}, {'scraped_at': datetime.datetime(2026, 2, 13, 23, 10, 4, 64229), 'keyword': 'unsika', 'username': 'unknown', 'full_text': '---------------------- Media ULCC UNSIKA Instagram : @unsika_ulcc @storeofulcc Youtube : ULCC UNSIKA ️ X : @unsika_ulcc Tiktok : @ulcc_unsika LinkedIn : UNSIKA LANGUAGES AND CULTURES CLUB Web ULCC : https://t.co/o7uAdzyuon ----------------------', 'tweet_url': 'https://twitter.com/unknown/status/2022112134507950475', 'likes': '1', 'retweets': '0'}, {'scraped_at': datetime.datetime(2026, 2, 13, 23, 10, 4, 64229), 'keyword': 'unsika', 'username': 'unknown', 'full_text': ' Selamat Hari Persatuan Farmasi Indonesia Peran farmasi bukan hanya tentang obat tetapi juga tentang tanggung jawab kepedulian dan kebersamaan. Dengan persatuan mari kita terus melangkah untuk mendukung kesehatan masyarakat dan masa depan yang lebih baik. https://t.co/UlEEkwxQDH', 'tweet_url': 'https://twitter.com/unknown/status/2022112132062699557', 'likes': '1', 'retweets': '0'}, {'scraped_at': datetime.datetime(2026, 2, 13, 23, 10, 4, 64229), 'keyword': 'unsika', 'username': 'unknown', 'full_text': 'full_text', 'tweet_url': 'https://twitter.com/unknown/status/id_str', 'likes': 'favorite_count', 'retweets': 'retweet_count'}, {'scraped_at': datetime.datetime(2026, 2, 13, 23, 10, 4, 64229), 'keyword': 'unsika', 'username': 'unknown', 'full_text': '@sbmptnfess ptn! Menurut kalian aku jadiin unsoed atau unsika buat jadi pil 1 farmasi dengan rata rata nilai 90?', 'tweet_url': 'https://twitter.com/unknown/status/2022328453408993782', 'likes': '0', 'retweets': '0'}, {'scraped_at': datetime.datetime(2026, 2, 13, 23, 10, 4, 64229), 'keyword': 'unsika', 'username': 'unknown', 'full_text': '@AULIAPJXD maaf lain kali gw akan setel alarm pake lagu hymne unsika', 'tweet_url': 'https://twitter.com/unknown/status/2022281364851298453', 'likes': '0', 'retweets': '0'}  ... displaying 10 of 11 total bound parameter sets ...  {'scraped_at': datetime.datetime(2026, 2, 13, 23, 10, 4, 64229), 'keyword': 'unsika', 'username': 'unknown', 'full_text': '---------------------- Media ULCC UNSIKA Instagram : @unsika_ulcc @storeofulcc Youtube : ULCC UNSIKA ️ X : @unsika_ulcc Tiktok : @ulcc_unsika LinkedIn : UNSIKA LANGUAGES AND CULTURES CLUB Web ULCC : https://t.co/o7uAdzyuon ----------------------', 'tweet_url': 'https://twitter.com/unknown/status/2022112134507950475', 'likes': '1', 'retweets': '0'}, {'scraped_at': datetime.datetime(2026, 2, 13, 23, 10, 4, 64229), 'keyword': 'unsika', 'username': 'unknown', 'full_text': ' Selamat Hari Persatuan Farmasi Indonesia Peran farmasi bukan hanya tentang obat tetapi juga tentang tanggung jawab kepedulian dan kebersamaan. Dengan persatuan mari kita terus melangkah untuk mendukung kesehatan masyarakat dan masa depan yang lebih baik. https://t.co/UlEEkwxQDH', 'tweet_url': 'https://twitter.com/unknown/status/2022112132062699557', 'likes': '1', 'retweets': '0'})]
(Background on this error at: https://sqlalche.me/e/14/9h9h)
[2026-02-13T23:10:04.178+0700] {logging_mixin.py:190} INFO - Mencari Tweet: universitas singaperbangsa karawang...
[2026-02-13T23:12:31.250+0700] {logging_mixin.py:190} INFO -    Gagal simpan: (psycopg2.errors.InvalidTextRepresentation) invalid input syntax for type integer: "favorite_count"
LINE 1: ...xt', 'https://twitter.com/unknown/status/id_str', 'favorite_...
                                                             ^

[SQL: INSERT INTO tweets_raw (scraped_at, keyword, username, full_text, tweet_url, likes, retweets) VALUES (%(scraped_at)s, %(keyword)s, %(username)s, %(full_text)s, %(tweet_url)s, %(likes)s, %(retweets)s)]
[parameters: {'scraped_at': datetime.datetime(2026, 2, 13, 23, 12, 31, 238990), 'keyword': 'universitas singaperbangsa karawang', 'username': 'unknown', 'full_text': 'full_text', 'tweet_url': 'https://twitter.com/unknown/status/id_str', 'likes': 'favorite_count', 'retweets': 'retweet_count'}]
(Background on this error at: https://sqlalche.me/e/14/9h9h)
[2026-02-13T23:12:31.251+0700] {logging_mixin.py:190} INFO - Mencari Tweet: mahasiswa unsika...
[2026-02-13T23:15:01.726+0700] {logging_mixin.py:190} INFO -    Gagal simpan: (psycopg2.errors.InvalidTextRepresentation) invalid input syntax for type integer: "favorite_count"
LINE 1: ...xt', 'https://twitter.com/unknown/status/id_str', 'favorite_...
                                                             ^

[SQL: INSERT INTO tweets_raw (scraped_at, keyword, username, full_text, tweet_url, likes, retweets) VALUES (%(scraped_at)s, %(keyword)s, %(username)s, %(full_text)s, %(tweet_url)s, %(likes)s, %(retweets)s)]
[parameters: {'scraped_at': datetime.datetime(2026, 2, 13, 23, 15, 1, 718993), 'keyword': 'mahasiswa unsika', 'username': 'unknown', 'full_text': 'full_text', 'tweet_url': 'https://twitter.com/unknown/status/id_str', 'likes': 'favorite_count', 'retweets': 'retweet_count'}]
(Background on this error at: https://sqlalche.me/e/14/9h9h)
[2026-02-13T23:15:01.727+0700] {logging_mixin.py:190} INFO - Job Twitter Selesai. Total 0 tweet baru tersimpan.
[2026-02-13T23:15:01.729+0700] {python.py:240} INFO - Done. Returned value was: None
[2026-02-13T23:15:01.780+0700] {taskinstance.py:340} INFO - ::group::Post task execution logs
[2026-02-13T23:15:01.781+0700] {taskinstance.py:352} INFO - Marking task as SUCCESS. dag_id=dag_scraping_twitter, task_id=task_scrape_twitter, run_id=scheduled__2026-02-12T23:00:00+00:00, execution_date=20260212T230000, start_date=20260213T160802, end_date=20260213T161501
[2026-02-13T23:15:01.873+0700] {local_task_job_runner.py:261} INFO - Task exited with return code 0
[2026-02-13T23:15:01.932+0700] {taskinstance.py:3891} INFO - 1 downstream tasks scheduled from follow-on schedule check
[2026-02-13T23:15:01.935+0700] {local_task_job_runner.py:240} INFO - ::endgroup::
