[2026-03-29T12:59:09.947+0700] {local_task_job_runner.py:123} INFO - ::group::Pre task execution logs
[2026-03-29T12:59:09.971+0700] {taskinstance.py:2603} INFO - Dependencies all met for dep_context=non-requeueable deps ti=<TaskInstance: dag_scraping_daily.task_scrape_news manual__2026-03-29T05:59:08.790123+00:00 [queued]>
[2026-03-29T12:59:09.983+0700] {taskinstance.py:2603} INFO - Dependencies all met for dep_context=requeueable deps ti=<TaskInstance: dag_scraping_daily.task_scrape_news manual__2026-03-29T05:59:08.790123+00:00 [queued]>
[2026-03-29T12:59:09.984+0700] {taskinstance.py:2856} INFO - Starting attempt 1 of 2
[2026-03-29T12:59:10.006+0700] {taskinstance.py:2879} INFO - Executing <Task(PythonOperator): task_scrape_news> on 2026-03-29 05:59:08.790123+00:00
[2026-03-29T12:59:10.020+0700] {logging_mixin.py:190} WARNING - /home/***/.local/lib/python3.12/site-packages/***/task/task_runner/standard_task_runner.py:70 DeprecationWarning: This process (pid=3360) is multi-threaded, use of fork() may lead to deadlocks in the child.
[2026-03-29T12:59:10.021+0700] {standard_task_runner.py:72} INFO - Started process 3361 to run task
[2026-03-29T12:59:10.020+0700] {standard_task_runner.py:104} INFO - Running: ['***', 'tasks', 'run', 'dag_scraping_daily', 'task_scrape_news', 'manual__2026-03-29T05:59:08.790123+00:00', '--job-id', '231', '--raw', '--subdir', 'DAGS_FOLDER/dag_scraping_daily.py', '--cfg-path', '/tmp/tmpqfcahsqc']
[2026-03-29T12:59:10.023+0700] {standard_task_runner.py:105} INFO - Job 231: Subtask task_scrape_news
[2026-03-29T12:59:10.043+0700] {logging_mixin.py:190} WARNING - /home/***/.local/lib/python3.12/site-packages/***/settings.py:209 DeprecationWarning: The sql_alchemy_conn option in [core] has been moved to the sql_alchemy_conn option in [database] - the old setting has been used, but please update your config.
[2026-03-29T12:59:10.098+0700] {task_command.py:467} INFO - Running <TaskInstance: dag_scraping_daily.task_scrape_news manual__2026-03-29T05:59:08.790123+00:00 [running]> on host fb1907ce8049
[2026-03-29T12:59:10.205+0700] {taskinstance.py:3122} INFO - Exporting env vars: AIRFLOW_CTX_DAG_OWNER='remosy_admin' AIRFLOW_CTX_DAG_ID='dag_scraping_daily' AIRFLOW_CTX_TASK_ID='task_scrape_news' AIRFLOW_CTX_EXECUTION_DATE='2026-03-29T05:59:08.790123+00:00' AIRFLOW_CTX_TRY_NUMBER='1' AIRFLOW_CTX_DAG_RUN_ID='manual__2026-03-29T05:59:08.790123+00:00'
[2026-03-29T12:59:10.206+0700] {taskinstance.py:731} INFO - ::endgroup::
[2026-03-29T12:59:11.256+0700] {logging_mixin.py:190} INFO - 🚀 Memulai Job Scraping Google News (Mode Dinamis via Database)...
[2026-03-29T12:59:11.269+0700] {logging_mixin.py:190} INFO - 📋 Menggunakan 3 Kata Kunci dari Database: ['UNSIKA', 'Universitas Singaperbangsa Karawang', 'Unsikuy']
[2026-03-29T12:59:11.274+0700] {logging_mixin.py:190} INFO - 📚 Database memiliki 402 berita lama.
[2026-03-29T12:59:11.274+0700] {logging_mixin.py:190} INFO - 🔎 Sedang mencari: 'UNSIKA'...
[2026-03-29T12:59:11.940+0700] {logging_mixin.py:190} INFO -    ℹ️  Dapat berita, tapi semuanya duplikat (Skip).
[2026-03-29T12:59:11.941+0700] {logging_mixin.py:190} INFO - 🔎 Sedang mencari: 'Universitas Singaperbangsa Karawang'...
[2026-03-29T12:59:12.579+0700] {logging_mixin.py:190} INFO -    ℹ️  Dapat berita, tapi semuanya duplikat (Skip).
[2026-03-29T12:59:12.580+0700] {logging_mixin.py:190} INFO - 🔎 Sedang mencari: 'Unsikuy'...
[2026-03-29T12:59:12.886+0700] {logging_mixin.py:190} INFO -    ⚠️ Tidak ditemukan berita di Google.
[2026-03-29T12:59:12.887+0700] {logging_mixin.py:190} INFO - 🏁 Job Selesai. Total 0 berita baru ditambahkan hari ini.
[2026-03-29T12:59:12.888+0700] {python.py:240} INFO - Done. Returned value was: None
[2026-03-29T12:59:12.905+0700] {taskinstance.py:340} INFO - ::group::Post task execution logs
[2026-03-29T12:59:12.906+0700] {taskinstance.py:352} INFO - Marking task as SUCCESS. dag_id=dag_scraping_daily, task_id=task_scrape_news, run_id=manual__2026-03-29T05:59:08.790123+00:00, execution_date=20260329T055908, start_date=20260329T055909, end_date=20260329T055912
[2026-03-29T12:59:12.972+0700] {local_task_job_runner.py:261} INFO - Task exited with return code 0
[2026-03-29T12:59:13.000+0700] {taskinstance.py:3891} INFO - 1 downstream tasks scheduled from follow-on schedule check
[2026-03-29T12:59:13.003+0700] {local_task_job_runner.py:240} INFO - ::endgroup::
