[2026-06-20T12:00:00.790+0700] {local_task_job_runner.py:123} INFO - ::group::Pre task execution logs
[2026-06-20T12:00:00.817+0700] {taskinstance.py:2603} INFO - Dependencies all met for dep_context=non-requeueable deps ti=<TaskInstance: remosy_master_end_to_end.scrape_twitter scheduled__2026-06-19T17:00:00+00:00 [queued]>
[2026-06-20T12:00:00.835+0700] {taskinstance.py:2603} INFO - Dependencies all met for dep_context=requeueable deps ti=<TaskInstance: remosy_master_end_to_end.scrape_twitter scheduled__2026-06-19T17:00:00+00:00 [queued]>
[2026-06-20T12:00:00.836+0700] {taskinstance.py:2856} INFO - Starting attempt 1 of 1
[2026-06-20T12:00:00.861+0700] {taskinstance.py:2879} INFO - Executing <Task(PythonOperator): scrape_twitter> on 2026-06-19 17:00:00+00:00
[2026-06-20T12:00:00.878+0700] {logging_mixin.py:190} WARNING - /home/***/.local/lib/python3.12/site-packages/***/task/task_runner/standard_task_runner.py:70 DeprecationWarning: This process (pid=2823) is multi-threaded, use of fork() may lead to deadlocks in the child.
[2026-06-20T12:00:00.878+0700] {standard_task_runner.py:104} INFO - Running: ['***', 'tasks', 'run', 'remosy_master_end_to_end', 'scrape_twitter', 'scheduled__2026-06-19T17:00:00+00:00', '--job-id', '548', '--raw', '--subdir', 'DAGS_FOLDER/dag_remosy_master.py', '--cfg-path', '/tmp/tmps1_6x9d2']
[2026-06-20T12:00:00.882+0700] {standard_task_runner.py:72} INFO - Started process 2824 to run task
[2026-06-20T12:00:00.883+0700] {standard_task_runner.py:105} INFO - Job 548: Subtask scrape_twitter
[2026-06-20T12:00:00.906+0700] {logging_mixin.py:190} WARNING - /home/***/.local/lib/python3.12/site-packages/***/settings.py:209 DeprecationWarning: The sql_alchemy_conn option in [core] has been moved to the sql_alchemy_conn option in [database] - the old setting has been used, but please update your config.
[2026-06-20T12:00:00.966+0700] {task_command.py:467} INFO - Running <TaskInstance: remosy_master_end_to_end.scrape_twitter scheduled__2026-06-19T17:00:00+00:00 [running]> on host 3780bd30d91f
[2026-06-20T12:00:00.969+0700] {logging_mixin.py:190} WARNING - /home/***/.local/lib/python3.12/site-packages/***/settings.py:449 DeprecationWarning: The sql_alchemy_conn option in [core] has been moved to the sql_alchemy_conn option in [database] - the old setting has been used, but please update your config.
[2026-06-20T12:00:01.104+0700] {taskinstance.py:3122} INFO - Exporting env vars: AIRFLOW_CTX_DAG_OWNER='remosy' AIRFLOW_CTX_DAG_ID='remosy_master_end_to_end' AIRFLOW_CTX_TASK_ID='scrape_twitter' AIRFLOW_CTX_EXECUTION_DATE='2026-06-19T17:00:00+00:00' AIRFLOW_CTX_TRY_NUMBER='1' AIRFLOW_CTX_DAG_RUN_ID='scheduled__2026-06-19T17:00:00+00:00'
[2026-06-20T12:00:01.106+0700] {taskinstance.py:731} INFO - ::endgroup::
[2026-06-20T12:00:01.947+0700] {logging_mixin.py:190} INFO - Memulai Job Scraping Twitter (Relational Schema)...
[2026-06-20T12:00:01.984+0700] {logging_mixin.py:190} INFO - Mencari Tweet: UNSIKA...
[2026-06-20T12:00:26.146+0700] {logging_mixin.py:190} WARNING - /opt/***/src/scrapers/twitter_scraper.py:53 UserWarning: Could not infer format, so each element will be parsed individually, falling back to `dateutil`. To ensure parsing is consistent and as-expected, please specify a format.
[2026-06-20T12:00:26.178+0700] {logging_mixin.py:190} INFO -    ✅ Menyimpan 12 tweet BARU (Relasi ID: 1).
[2026-06-20T12:00:26.179+0700] {logging_mixin.py:190} INFO - Mencari Tweet: Universitas Singaperbangsa Karawang...
[2026-06-20T12:02:49.886+0700] {logging_mixin.py:190} WARNING - /opt/***/src/scrapers/twitter_scraper.py:53 UserWarning: Could not infer format, so each element will be parsed individually, falling back to `dateutil`. To ensure parsing is consistent and as-expected, please specify a format.
[2026-06-20T12:02:49.903+0700] {logging_mixin.py:190} INFO -    ✅ Menyimpan 1 tweet BARU (Relasi ID: 2).
[2026-06-20T12:02:49.904+0700] {logging_mixin.py:190} INFO - Mencari Tweet: unsikuy...
[2026-06-20T12:02:57.533+0700] {logging_mixin.py:190} WARNING - /opt/***/src/scrapers/twitter_scraper.py:53 UserWarning: Could not infer format, so each element will be parsed individually, falling back to `dateutil`. To ensure parsing is consistent and as-expected, please specify a format.
[2026-06-20T12:02:57.536+0700] {logging_mixin.py:190} INFO - Job Twitter Selesai. Total 13 tweet baru tersimpan.
[2026-06-20T12:02:57.537+0700] {python.py:240} INFO - Done. Returned value was: None
[2026-06-20T12:02:57.551+0700] {taskinstance.py:340} INFO - ::group::Post task execution logs
[2026-06-20T12:02:57.552+0700] {taskinstance.py:352} INFO - Marking task as SUCCESS. dag_id=remosy_master_end_to_end, task_id=scrape_twitter, run_id=scheduled__2026-06-19T17:00:00+00:00, execution_date=20260619T170000, start_date=20260620T050000, end_date=20260620T050257
[2026-06-20T12:02:57.622+0700] {local_task_job_runner.py:261} INFO - Task exited with return code 0
[2026-06-20T12:02:57.655+0700] {taskinstance.py:3891} INFO - 1 downstream tasks scheduled from follow-on schedule check
[2026-06-20T12:02:57.658+0700] {local_task_job_runner.py:240} INFO - ::endgroup::
