[2026-06-25T00:00:07.565+0700] {local_task_job_runner.py:123} INFO - ::group::Pre task execution logs
[2026-06-25T00:00:07.587+0700] {taskinstance.py:2603} INFO - Dependencies all met for dep_context=non-requeueable deps ti=<TaskInstance: remosy_master_end_to_end.process_news scheduled__2026-06-24T05:00:00+00:00 [queued]>
[2026-06-25T00:00:07.599+0700] {taskinstance.py:2603} INFO - Dependencies all met for dep_context=requeueable deps ti=<TaskInstance: remosy_master_end_to_end.process_news scheduled__2026-06-24T05:00:00+00:00 [queued]>
[2026-06-25T00:00:07.600+0700] {taskinstance.py:2856} INFO - Starting attempt 1 of 1
[2026-06-25T00:00:07.621+0700] {taskinstance.py:2879} INFO - Executing <Task(PythonOperator): process_news> on 2026-06-24 05:00:00+00:00
[2026-06-25T00:00:07.641+0700] {logging_mixin.py:190} WARNING - /home/***/.local/lib/python3.12/site-packages/***/task/task_runner/standard_task_runner.py:70 DeprecationWarning: This process (pid=7212) is multi-threaded, use of fork() may lead to deadlocks in the child.
[2026-06-25T00:00:07.649+0700] {standard_task_runner.py:72} INFO - Started process 7218 to run task
[2026-06-25T00:00:07.645+0700] {standard_task_runner.py:104} INFO - Running: ['***', 'tasks', 'run', 'remosy_master_end_to_end', 'process_news', 'scheduled__2026-06-24T05:00:00+00:00', '--job-id', '653', '--raw', '--subdir', 'DAGS_FOLDER/dag_remosy_master.py', '--cfg-path', '/tmp/tmpzd889l13']
[2026-06-25T00:00:07.656+0700] {standard_task_runner.py:105} INFO - Job 653: Subtask process_news
[2026-06-25T00:00:07.674+0700] {logging_mixin.py:190} WARNING - /home/***/.local/lib/python3.12/site-packages/***/settings.py:209 DeprecationWarning: The sql_alchemy_conn option in [core] has been moved to the sql_alchemy_conn option in [database] - the old setting has been used, but please update your config.
[2026-06-25T00:00:07.708+0700] {task_command.py:467} INFO - Running <TaskInstance: remosy_master_end_to_end.process_news scheduled__2026-06-24T05:00:00+00:00 [running]> on host 6737c8fa3ad3
[2026-06-25T00:00:07.709+0700] {logging_mixin.py:190} WARNING - /home/***/.local/lib/python3.12/site-packages/***/settings.py:449 DeprecationWarning: The sql_alchemy_conn option in [core] has been moved to the sql_alchemy_conn option in [database] - the old setting has been used, but please update your config.
[2026-06-25T00:00:07.789+0700] {taskinstance.py:3122} INFO - Exporting env vars: AIRFLOW_CTX_DAG_OWNER='remosy' AIRFLOW_CTX_DAG_ID='remosy_master_end_to_end' AIRFLOW_CTX_TASK_ID='process_news' AIRFLOW_CTX_EXECUTION_DATE='2026-06-24T05:00:00+00:00' AIRFLOW_CTX_TRY_NUMBER='1' AIRFLOW_CTX_DAG_RUN_ID='scheduled__2026-06-24T05:00:00+00:00'
[2026-06-25T00:00:07.791+0700] {taskinstance.py:731} INFO - ::endgroup::
[2026-06-25T00:00:31.649+0700] {logging_mixin.py:190} INFO - 🚀 Memulai Job Pemrosesan Berita (Cleaning + Sentiment)...
[2026-06-25T00:00:31.722+0700] {logging_mixin.py:190} INFO - 📦 Ditemukan 4 berita baru. Memuat model NLP...
[2026-06-25T00:00:32.161+0700] {_client.py:1025} INFO - HTTP Request: HEAD https://huggingface.co/w11wo/indonesian-roberta-base-sentiment-classifier/resolve/main/config.json "HTTP/1.1 307 Temporary Redirect"
[2026-06-25T00:00:32.179+0700] {_client.py:1025} INFO - HTTP Request: HEAD https://huggingface.co/api/resolve-cache/models/w11wo/indonesian-roberta-base-sentiment-classifier/ac452dcb0f4966130bba44f4ee0013bb5d52c282/config.json "HTTP/1.1 200 OK"
[2026-06-25T00:00:32.390+0700] {logging_mixin.py:190} WARNING - Loading weights:   0%|          | 0/201 [00:00<?, ?it/s]
[2026-06-25T00:00:32.496+0700] {logging_mixin.py:190} WARNING - Loading weights:  27%|##6       | 54/201 [00:00<00:00, 526.70it/s]
[2026-06-25T00:00:32.596+0700] {logging_mixin.py:190} WARNING - Loading weights:  66%|######6   | 133/201 [00:00<00:00, 679.91it/s]
[2026-06-25T00:00:32.691+0700] {logging_mixin.py:190} WARNING - Loading weights: 100%|##########| 201/201 [00:00<00:00, 674.77it/s]
[2026-06-25T00:00:32.964+0700] {_client.py:1025} INFO - HTTP Request: GET https://huggingface.co/api/models/w11wo/indonesian-roberta-base-sentiment-classifier/tree/main/additional_chat_templates?recursive=false&expand=false "HTTP/1.1 404 Not Found"
[2026-06-25T00:00:33.222+0700] {_client.py:1025} INFO - HTTP Request: GET https://huggingface.co/api/models/w11wo/indonesian-roberta-base-sentiment-classifier/tree/main?recursive=true&expand=false "HTTP/1.1 200 OK"
[2026-06-25T00:00:34.132+0700] {_client.py:1025} INFO - HTTP Request: HEAD https://huggingface.co/w11wo/indonesian-roberta-base-sentiment-classifier/resolve/main/processor_config.json "HTTP/1.1 404 Not Found"
[2026-06-25T00:00:34.138+0700] {logging_mixin.py:190} WARNING - Warning: You are sending unauthenticated requests to the HF Hub. Please set a HF_TOKEN to enable higher rate limits and faster downloads.
[2026-06-25T00:00:34.137+0700] {_http.py:904} WARNING - Warning: You are sending unauthenticated requests to the HF Hub. Please set a HF_TOKEN to enable higher rate limits and faster downloads.
[2026-06-25T00:00:34.398+0700] {_client.py:1025} INFO - HTTP Request: HEAD https://huggingface.co/w11wo/indonesian-roberta-base-sentiment-classifier/resolve/main/video_preprocessor_config.json "HTTP/1.1 404 Not Found"
[2026-06-25T00:00:34.648+0700] {_client.py:1025} INFO - HTTP Request: HEAD https://huggingface.co/w11wo/indonesian-roberta-base-sentiment-classifier/resolve/main/preprocessor_config.json "HTTP/1.1 404 Not Found"
[2026-06-25T00:00:34.657+0700] {logging_mixin.py:190} INFO -    🗑️ HAPUS (Berita Nyasar): 'Mengabdi Puluhan Tahun, Masih Belum Nikmati T...'
[2026-06-25T00:00:36.381+0700] {logging_mixin.py:190} INFO -    ✨ FIX: 'Wisuda UNSIKA: 1571 Lulusan Si...' | AI: Neutral -> SMART: Positive
[2026-06-25T00:00:36.387+0700] {logging_mixin.py:190} INFO -    🗑️ HAPUS (Berita Nyasar): 'Universitas Terbaik di Pusat Karawang Versi 4...'
[2026-06-25T00:00:36.391+0700] {logging_mixin.py:190} INFO -    🗑️ HAPUS (Berita Nyasar): 'Peran Aktif Mahasiwa: Kontribusi dalam Tri Dh...'
[2026-06-25T00:00:36.405+0700] {logging_mixin.py:190} INFO - ✅ SUKSES! 1 berita berhasil diproses dan disimpan.
[2026-06-25T00:00:36.436+0700] {python.py:240} INFO - Done. Returned value was: None
[2026-06-25T00:00:36.449+0700] {taskinstance.py:340} INFO - ::group::Post task execution logs
[2026-06-25T00:00:36.450+0700] {taskinstance.py:352} INFO - Marking task as SUCCESS. dag_id=remosy_master_end_to_end, task_id=process_news, run_id=scheduled__2026-06-24T05:00:00+00:00, execution_date=20260624T050000, start_date=20260624T170007, end_date=20260624T170036
[2026-06-25T00:00:36.542+0700] {local_task_job_runner.py:261} INFO - Task exited with return code 0
[2026-06-25T00:00:36.569+0700] {taskinstance.py:3891} INFO - 0 downstream tasks scheduled from follow-on schedule check
[2026-06-25T00:00:36.571+0700] {local_task_job_runner.py:240} INFO - ::endgroup::
