[2026-06-14T12:19:39.808+0700] {local_task_job_runner.py:123} INFO - ::group::Pre task execution logs
[2026-06-14T12:19:39.832+0700] {taskinstance.py:2603} INFO - Dependencies all met for dep_context=non-requeueable deps ti=<TaskInstance: remosy_master_end_to_end.process_twitter manual__2026-06-14T05:18:49.629851+00:00 [queued]>
[2026-06-14T12:19:39.847+0700] {taskinstance.py:2603} INFO - Dependencies all met for dep_context=requeueable deps ti=<TaskInstance: remosy_master_end_to_end.process_twitter manual__2026-06-14T05:18:49.629851+00:00 [queued]>
[2026-06-14T12:19:39.848+0700] {taskinstance.py:2856} INFO - Starting attempt 1 of 1
[2026-06-14T12:19:39.866+0700] {taskinstance.py:2879} INFO - Executing <Task(PythonOperator): process_twitter> on 2026-06-14 05:18:49.629851+00:00
[2026-06-14T12:19:39.879+0700] {logging_mixin.py:190} WARNING - /home/***/.local/lib/python3.12/site-packages/***/task/task_runner/standard_task_runner.py:70 DeprecationWarning: This process (pid=1217) is multi-threaded, use of fork() may lead to deadlocks in the child.
[2026-06-14T12:19:39.879+0700] {standard_task_runner.py:104} INFO - Running: ['***', 'tasks', 'run', 'remosy_master_end_to_end', 'process_twitter', 'manual__2026-06-14T05:18:49.629851+00:00', '--job-id', '468', '--raw', '--subdir', 'DAGS_FOLDER/dag_remosy_master.py', '--cfg-path', '/tmp/tmpalzb3hwy']
[2026-06-14T12:19:39.884+0700] {standard_task_runner.py:72} INFO - Started process 1218 to run task
[2026-06-14T12:19:39.885+0700] {standard_task_runner.py:105} INFO - Job 468: Subtask process_twitter
[2026-06-14T12:19:39.906+0700] {logging_mixin.py:190} WARNING - /home/***/.local/lib/python3.12/site-packages/***/settings.py:209 DeprecationWarning: The sql_alchemy_conn option in [core] has been moved to the sql_alchemy_conn option in [database] - the old setting has been used, but please update your config.
[2026-06-14T12:19:39.951+0700] {task_command.py:467} INFO - Running <TaskInstance: remosy_master_end_to_end.process_twitter manual__2026-06-14T05:18:49.629851+00:00 [running]> on host d8c9575f30dc
[2026-06-14T12:19:40.055+0700] {taskinstance.py:3122} INFO - Exporting env vars: AIRFLOW_CTX_DAG_OWNER='remosy' AIRFLOW_CTX_DAG_ID='remosy_master_end_to_end' AIRFLOW_CTX_TASK_ID='process_twitter' AIRFLOW_CTX_EXECUTION_DATE='2026-06-14T05:18:49.629851+00:00' AIRFLOW_CTX_TRY_NUMBER='1' AIRFLOW_CTX_DAG_RUN_ID='manual__2026-06-14T05:18:49.629851+00:00'
[2026-06-14T12:19:40.057+0700] {taskinstance.py:731} INFO - ::endgroup::
[2026-06-14T12:19:51.722+0700] {logging_mixin.py:190} INFO -  Sedang memuat model AI (IndoBERT)...
[2026-06-14T12:19:52.021+0700] {_client.py:1025} INFO - HTTP Request: HEAD https://huggingface.co/w11wo/indonesian-roberta-base-sentiment-classifier/resolve/main/config.json "HTTP/1.1 307 Temporary Redirect"
[2026-06-14T12:19:52.038+0700] {_client.py:1025} INFO - HTTP Request: HEAD https://huggingface.co/api/resolve-cache/models/w11wo/indonesian-roberta-base-sentiment-classifier/ac452dcb0f4966130bba44f4ee0013bb5d52c282/config.json "HTTP/1.1 200 OK"
[2026-06-14T12:19:52.264+0700] {logging_mixin.py:190} WARNING - Loading weights:   0%|          | 0/201 [00:00<?, ?it/s]
[2026-06-14T12:19:52.365+0700] {logging_mixin.py:190} WARNING - Loading weights:  87%|########6 | 174/201 [00:00<00:00, 1734.45it/s]
[2026-06-14T12:19:52.379+0700] {logging_mixin.py:190} WARNING - Loading weights: 100%|##########| 201/201 [00:00<00:00, 1759.55it/s]
[2026-06-14T12:19:52.642+0700] {_client.py:1025} INFO - HTTP Request: GET https://huggingface.co/api/models/w11wo/indonesian-roberta-base-sentiment-classifier/tree/main/additional_chat_templates?recursive=false&expand=false "HTTP/1.1 404 Not Found"
[2026-06-14T12:19:52.882+0700] {_client.py:1025} INFO - HTTP Request: GET https://huggingface.co/api/models/w11wo/indonesian-roberta-base-sentiment-classifier/tree/main?recursive=true&expand=false "HTTP/1.1 200 OK"
[2026-06-14T12:19:53.354+0700] {_client.py:1025} INFO - HTTP Request: HEAD https://huggingface.co/w11wo/indonesian-roberta-base-sentiment-classifier/resolve/main/processor_config.json "HTTP/1.1 404 Not Found"
[2026-06-14T12:19:53.355+0700] {logging_mixin.py:190} WARNING - Warning: You are sending unauthenticated requests to the HF Hub. Please set a HF_TOKEN to enable higher rate limits and faster downloads.
[2026-06-14T12:19:53.355+0700] {_http.py:904} WARNING - Warning: You are sending unauthenticated requests to the HF Hub. Please set a HF_TOKEN to enable higher rate limits and faster downloads.
[2026-06-14T12:19:53.600+0700] {_client.py:1025} INFO - HTTP Request: HEAD https://huggingface.co/w11wo/indonesian-roberta-base-sentiment-classifier/resolve/main/video_preprocessor_config.json "HTTP/1.1 404 Not Found"
[2026-06-14T12:19:53.861+0700] {_client.py:1025} INFO - HTTP Request: HEAD https://huggingface.co/w11wo/indonesian-roberta-base-sentiment-classifier/resolve/main/preprocessor_config.json "HTTP/1.1 404 Not Found"
[2026-06-14T12:19:53.870+0700] {logging_mixin.py:190} INFO -  Model AI siap digunakan!
[2026-06-14T12:19:53.872+0700] {logging_mixin.py:190} INFO - 🚀 Memulai Job Pemrosesan Twitter (Cleaning + Sentiment + Relevance Filter)...
[2026-06-14T12:19:53.902+0700] {logging_mixin.py:190} INFO - ✅ Tidak ada tweet baru untuk diproses.
[2026-06-14T12:19:53.902+0700] {python.py:240} INFO - Done. Returned value was: None
[2026-06-14T12:19:53.914+0700] {taskinstance.py:340} INFO - ::group::Post task execution logs
[2026-06-14T12:19:53.917+0700] {taskinstance.py:352} INFO - Marking task as SUCCESS. dag_id=remosy_master_end_to_end, task_id=process_twitter, run_id=manual__2026-06-14T05:18:49.629851+00:00, execution_date=20260614T051849, start_date=20260614T051939, end_date=20260614T051953
[2026-06-14T12:19:54.020+0700] {local_task_job_runner.py:261} INFO - Task exited with return code 0
[2026-06-14T12:19:54.037+0700] {taskinstance.py:3891} INFO - 0 downstream tasks scheduled from follow-on schedule check
[2026-06-14T12:19:54.045+0700] {local_task_job_runner.py:240} INFO - ::endgroup::
