[2026-06-14T12:18:55.232+0700] {local_task_job_runner.py:123} INFO - ::group::Pre task execution logs
[2026-06-14T12:18:55.322+0700] {taskinstance.py:2603} INFO - Dependencies all met for dep_context=non-requeueable deps ti=<TaskInstance: remosy_master_end_to_end.scrape_twitter manual__2026-06-14T05:18:49.629851+00:00 [queued]>
[2026-06-14T12:18:55.362+0700] {taskinstance.py:2603} INFO - Dependencies all met for dep_context=requeueable deps ti=<TaskInstance: remosy_master_end_to_end.scrape_twitter manual__2026-06-14T05:18:49.629851+00:00 [queued]>
[2026-06-14T12:18:55.367+0700] {taskinstance.py:2856} INFO - Starting attempt 1 of 1
[2026-06-14T12:18:55.442+0700] {taskinstance.py:2879} INFO - Executing <Task(PythonOperator): scrape_twitter> on 2026-06-14 05:18:49.629851+00:00
[2026-06-14T12:18:55.510+0700] {logging_mixin.py:190} WARNING - /home/***/.local/lib/python3.12/site-packages/***/task/task_runner/standard_task_runner.py:70 DeprecationWarning: This process (pid=1096) is multi-threaded, use of fork() may lead to deadlocks in the child.
[2026-06-14T12:18:55.515+0700] {standard_task_runner.py:72} INFO - Started process 1099 to run task
[2026-06-14T12:18:55.515+0700] {standard_task_runner.py:104} INFO - Running: ['***', 'tasks', 'run', 'remosy_master_end_to_end', 'scrape_twitter', 'manual__2026-06-14T05:18:49.629851+00:00', '--job-id', '465', '--raw', '--subdir', 'DAGS_FOLDER/dag_remosy_master.py', '--cfg-path', '/tmp/tmp_hf64s2k']
[2026-06-14T12:18:55.535+0700] {standard_task_runner.py:105} INFO - Job 465: Subtask scrape_twitter
[2026-06-14T12:18:55.641+0700] {logging_mixin.py:190} WARNING - /home/***/.local/lib/python3.12/site-packages/***/settings.py:209 DeprecationWarning: The sql_alchemy_conn option in [core] has been moved to the sql_alchemy_conn option in [database] - the old setting has been used, but please update your config.
[2026-06-14T12:18:55.858+0700] {task_command.py:467} INFO - Running <TaskInstance: remosy_master_end_to_end.scrape_twitter manual__2026-06-14T05:18:49.629851+00:00 [running]> on host d8c9575f30dc
[2026-06-14T12:18:56.223+0700] {taskinstance.py:3122} INFO - Exporting env vars: AIRFLOW_CTX_DAG_OWNER='remosy' AIRFLOW_CTX_DAG_ID='remosy_master_end_to_end' AIRFLOW_CTX_TASK_ID='scrape_twitter' AIRFLOW_CTX_EXECUTION_DATE='2026-06-14T05:18:49.629851+00:00' AIRFLOW_CTX_TRY_NUMBER='1' AIRFLOW_CTX_DAG_RUN_ID='manual__2026-06-14T05:18:49.629851+00:00'
[2026-06-14T12:18:56.228+0700] {taskinstance.py:731} INFO - ::endgroup::
[2026-06-14T12:19:19.200+0700] {job.py:229} INFO - Heartbeat recovered after 24.17 seconds
[2026-06-14T12:19:22.196+0700] {logging_mixin.py:190} INFO - Memulai Job Scraping Twitter (Relational Schema)...
[2026-06-14T12:19:22.315+0700] {logging_mixin.py:190} INFO - Mencari Tweet: UNSIKA...
[2026-06-14T12:19:29.945+0700] {logging_mixin.py:190} INFO - Mencari Tweet: Universitas Singaperbangsa Karawang...
[2026-06-14T12:19:35.480+0700] {logging_mixin.py:190} INFO - Mencari Tweet: unsikuy...
[2026-06-14T12:19:38.379+0700] {logging_mixin.py:190} INFO - Job Twitter Selesai. Total 0 tweet baru tersimpan.
[2026-06-14T12:19:38.380+0700] {python.py:240} INFO - Done. Returned value was: None
[2026-06-14T12:19:38.394+0700] {taskinstance.py:340} INFO - ::group::Post task execution logs
[2026-06-14T12:19:38.394+0700] {taskinstance.py:352} INFO - Marking task as SUCCESS. dag_id=remosy_master_end_to_end, task_id=scrape_twitter, run_id=manual__2026-06-14T05:18:49.629851+00:00, execution_date=20260614T051849, start_date=20260614T051855, end_date=20260614T051938
[2026-06-14T12:19:38.477+0700] {local_task_job_runner.py:261} INFO - Task exited with return code 0
[2026-06-14T12:19:38.512+0700] {taskinstance.py:3891} INFO - 1 downstream tasks scheduled from follow-on schedule check
[2026-06-14T12:19:38.514+0700] {local_task_job_runner.py:240} INFO - ::endgroup::
