[2026-02-18T18:00:01.045+0700] {local_task_job_runner.py:123} INFO - ::group::Pre task execution logs
[2026-02-18T18:00:01.066+0700] {taskinstance.py:2603} INFO - Dependencies all met for dep_context=non-requeueable deps ti=<TaskInstance: dag_scraping_twitter.task_scrape_twitter scheduled__2026-02-17T23:00:00+00:00 [queued]>
[2026-02-18T18:00:01.077+0700] {taskinstance.py:2603} INFO - Dependencies all met for dep_context=requeueable deps ti=<TaskInstance: dag_scraping_twitter.task_scrape_twitter scheduled__2026-02-17T23:00:00+00:00 [queued]>
[2026-02-18T18:00:01.078+0700] {taskinstance.py:2856} INFO - Starting attempt 1 of 1
[2026-02-18T18:00:01.094+0700] {taskinstance.py:2879} INFO - Executing <Task(PythonOperator): task_scrape_twitter> on 2026-02-17 23:00:00+00:00
[2026-02-18T18:00:01.104+0700] {logging_mixin.py:190} WARNING - /home/***/.local/lib/python3.12/site-packages/***/task/task_runner/standard_task_runner.py:70 DeprecationWarning: This process (pid=1891) is multi-threaded, use of fork() may lead to deadlocks in the child.
[2026-02-18T18:00:01.105+0700] {standard_task_runner.py:72} INFO - Started process 1892 to run task
[2026-02-18T18:00:01.103+0700] {standard_task_runner.py:104} INFO - Running: ['***', 'tasks', 'run', 'dag_scraping_twitter', 'task_scrape_twitter', 'scheduled__2026-02-17T23:00:00+00:00', '--job-id', '143', '--raw', '--subdir', 'DAGS_FOLDER/dag_scraping_twitter.py', '--cfg-path', '/tmp/tmps6yjqq90']
[2026-02-18T18:00:01.106+0700] {standard_task_runner.py:105} INFO - Job 143: Subtask task_scrape_twitter
[2026-02-18T18:00:01.121+0700] {logging_mixin.py:190} WARNING - /home/***/.local/lib/python3.12/site-packages/***/settings.py:209 DeprecationWarning: The sql_alchemy_conn option in [core] has been moved to the sql_alchemy_conn option in [database] - the old setting has been used, but please update your config.
[2026-02-18T18:00:01.176+0700] {task_command.py:467} INFO - Running <TaskInstance: dag_scraping_twitter.task_scrape_twitter scheduled__2026-02-17T23:00:00+00:00 [running]> on host 1155a5b37fa8
[2026-02-18T18:00:01.178+0700] {logging_mixin.py:190} WARNING - /home/***/.local/lib/python3.12/site-packages/***/settings.py:449 DeprecationWarning: The sql_alchemy_conn option in [core] has been moved to the sql_alchemy_conn option in [database] - the old setting has been used, but please update your config.
[2026-02-18T18:00:01.293+0700] {taskinstance.py:3122} INFO - Exporting env vars: AIRFLOW_CTX_DAG_OWNER='remosy_admin' AIRFLOW_CTX_DAG_ID='dag_scraping_twitter' AIRFLOW_CTX_TASK_ID='task_scrape_twitter' AIRFLOW_CTX_EXECUTION_DATE='2026-02-17T23:00:00+00:00' AIRFLOW_CTX_TRY_NUMBER='1' AIRFLOW_CTX_DAG_RUN_ID='scheduled__2026-02-17T23:00:00+00:00'
[2026-02-18T18:00:01.295+0700] {taskinstance.py:731} INFO - ::endgroup::
[2026-02-18T18:00:02.433+0700] {logging_mixin.py:190} INFO - Memulai Job Scraping Twitter (Mode Cerdas)...
[2026-02-18T18:00:02.453+0700] {logging_mixin.py:190} INFO - Database saat ini memiliki 131 tweet.
[2026-02-18T18:00:02.454+0700] {logging_mixin.py:190} INFO - Mencari Tweet: unsika...
[2026-02-18T18:00:22.827+0700] {logging_mixin.py:190} INFO -    info: Tidak ada tweet baru (semua duplikat).
[2026-02-18T18:00:22.828+0700] {logging_mixin.py:190} INFO - Mencari Tweet: universitas singaperbangsa karawang...
[2026-02-18T18:02:51.666+0700] {logging_mixin.py:190} INFO -    info: Tidak ada tweet baru (semua duplikat).
[2026-02-18T18:02:51.667+0700] {logging_mixin.py:190} INFO - Mencari Tweet: mahasiswa unsika...
[2026-02-18T18:05:26.838+0700] {logging_mixin.py:190} INFO -    info: Tidak ada tweet baru (semua duplikat).
[2026-02-18T18:05:26.839+0700] {logging_mixin.py:190} INFO - Job Twitter Selesai. Total 0 tweet baru tersimpan.
[2026-02-18T18:05:26.840+0700] {python.py:240} INFO - Done. Returned value was: None
[2026-02-18T18:05:26.855+0700] {taskinstance.py:340} INFO - ::group::Post task execution logs
[2026-02-18T18:05:26.857+0700] {taskinstance.py:352} INFO - Marking task as SUCCESS. dag_id=dag_scraping_twitter, task_id=task_scrape_twitter, run_id=scheduled__2026-02-17T23:00:00+00:00, execution_date=20260217T230000, start_date=20260218T110001, end_date=20260218T110526
[2026-02-18T18:05:26.905+0700] {local_task_job_runner.py:261} INFO - Task exited with return code 0
[2026-02-18T18:05:26.933+0700] {taskinstance.py:3891} INFO - 1 downstream tasks scheduled from follow-on schedule check
[2026-02-18T18:05:26.936+0700] {local_task_job_runner.py:240} INFO - ::endgroup::
