[2026-06-22T08:42:08.994+0700] {local_task_job_runner.py:123} INFO - ::group::Pre task execution logs
[2026-06-22T08:42:09.016+0700] {taskinstance.py:2603} INFO - Dependencies all met for dep_context=non-requeueable deps ti=<TaskInstance: remosy_master_end_to_end.scrape_twitter scheduled__2026-06-20T17:00:00+00:00 [queued]>
[2026-06-22T08:42:09.033+0700] {taskinstance.py:2603} INFO - Dependencies all met for dep_context=requeueable deps ti=<TaskInstance: remosy_master_end_to_end.scrape_twitter scheduled__2026-06-20T17:00:00+00:00 [queued]>
[2026-06-22T08:42:09.034+0700] {taskinstance.py:2856} INFO - Starting attempt 2 of 2
[2026-06-22T08:42:09.050+0700] {taskinstance.py:2879} INFO - Executing <Task(PythonOperator): scrape_twitter> on 2026-06-20 17:00:00+00:00
[2026-06-22T08:42:09.068+0700] {logging_mixin.py:190} WARNING - /home/***/.local/lib/python3.12/site-packages/***/task/task_runner/standard_task_runner.py:70 DeprecationWarning: This process (pid=1696) is multi-threaded, use of fork() may lead to deadlocks in the child.
[2026-06-22T08:42:09.070+0700] {standard_task_runner.py:72} INFO - Started process 1699 to run task
[2026-06-22T08:42:09.068+0700] {standard_task_runner.py:104} INFO - Running: ['***', 'tasks', 'run', 'remosy_master_end_to_end', 'scrape_twitter', 'scheduled__2026-06-20T17:00:00+00:00', '--job-id', '569', '--raw', '--subdir', 'DAGS_FOLDER/dag_remosy_master.py', '--cfg-path', '/tmp/tmpbuxoqd_t']
[2026-06-22T08:42:09.071+0700] {standard_task_runner.py:105} INFO - Job 569: Subtask scrape_twitter
[2026-06-22T08:42:09.089+0700] {logging_mixin.py:190} WARNING - /home/***/.local/lib/python3.12/site-packages/***/settings.py:209 DeprecationWarning: The sql_alchemy_conn option in [core] has been moved to the sql_alchemy_conn option in [database] - the old setting has been used, but please update your config.
[2026-06-22T08:42:09.135+0700] {task_command.py:467} INFO - Running <TaskInstance: remosy_master_end_to_end.scrape_twitter scheduled__2026-06-20T17:00:00+00:00 [running]> on host df0dddc984af
[2026-06-22T08:42:09.137+0700] {logging_mixin.py:190} WARNING - /home/***/.local/lib/python3.12/site-packages/***/settings.py:449 DeprecationWarning: The sql_alchemy_conn option in [core] has been moved to the sql_alchemy_conn option in [database] - the old setting has been used, but please update your config.
[2026-06-22T08:42:09.272+0700] {taskinstance.py:3122} INFO - Exporting env vars: AIRFLOW_CTX_DAG_OWNER='remosy' AIRFLOW_CTX_DAG_ID='remosy_master_end_to_end' AIRFLOW_CTX_TASK_ID='scrape_twitter' AIRFLOW_CTX_EXECUTION_DATE='2026-06-20T17:00:00+00:00' AIRFLOW_CTX_TRY_NUMBER='2' AIRFLOW_CTX_DAG_RUN_ID='scheduled__2026-06-20T17:00:00+00:00'
[2026-06-22T08:42:09.274+0700] {taskinstance.py:731} INFO - ::endgroup::
[2026-06-22T08:42:10.567+0700] {logging_mixin.py:190} INFO - Memulai Job Scraping Twitter (Relational Schema)...
[2026-06-22T08:42:10.627+0700] {logging_mixin.py:190} INFO - Mencari Tweet: UNSIKA...
[2026-06-22T08:42:50.598+0700] {logging_mixin.py:190} INFO - Mencari Tweet: Universitas Singaperbangsa Karawang...
[2026-06-22T08:45:26.706+0700] {local_task_job_runner.py:341} WARNING - State of this instance has been externally set to success. Terminating instance.
[2026-06-22T08:45:26.710+0700] {local_task_job_runner.py:240} INFO - ::endgroup::
[2026-06-22T08:45:26.716+0700] {process_utils.py:132} INFO - Sending 15 to group 1699. PIDs of all processes in the group: [2017, 2018, 2041, 2042, 2065, 2069, 2072, 2124, 2227, 2175, 2103, 1699]
[2026-06-22T08:45:26.717+0700] {process_utils.py:87} INFO - Sending the signal 15 to group 1699
[2026-06-22T08:45:26.719+0700] {taskinstance.py:3083} ERROR - Received SIGTERM. Terminating subprocesses.
[2026-06-22T08:45:26.725+0700] {process_utils.py:80} INFO - Process psutil.Process(pid=2017, status='terminated', started='08:42:50') (2017) terminated with exit code None
[2026-06-22T08:45:26.757+0700] {process_utils.py:80} INFO - Process psutil.Process(pid=2124, status='terminated', started='08:42:54') (2124) terminated with exit code None
[2026-06-22T08:45:26.805+0700] {taskinstance.py:340} INFO - ::group::Post task execution logs
[2026-06-22T08:45:26.811+0700] {process_utils.py:80} INFO - Process psutil.Process(pid=2065, status='terminated', started='08:42:54') (2065) terminated with exit code None
[2026-06-22T08:45:26.814+0700] {process_utils.py:80} INFO - Process psutil.Process(pid=2103, status='terminated', started='08:42:54') (2103) terminated with exit code None
[2026-06-22T08:45:26.815+0700] {process_utils.py:80} INFO - Process psutil.Process(pid=2072, status='terminated', started='08:42:54') (2072) terminated with exit code None
[2026-06-22T08:45:26.816+0700] {process_utils.py:80} INFO - Process psutil.Process(pid=2175, status='terminated', started='08:42:54') (2175) terminated with exit code None
[2026-06-22T08:45:26.816+0700] {process_utils.py:80} INFO - Process psutil.Process(pid=2069, status='terminated', started='08:42:54') (2069) terminated with exit code None
[2026-06-22T08:45:26.817+0700] {process_utils.py:80} INFO - Process psutil.Process(pid=2227, status='terminated', started='08:42:57') (2227) terminated with exit code None
[2026-06-22T08:45:26.818+0700] {process_utils.py:80} INFO - Process psutil.Process(pid=2018, status='terminated', started='08:42:50') (2018) terminated with exit code None
[2026-06-22T08:45:26.819+0700] {process_utils.py:80} INFO - Process psutil.Process(pid=2041, status='terminated', started='08:42:52') (2041) terminated with exit code None
[2026-06-22T08:45:26.846+0700] {process_utils.py:80} INFO - Process psutil.Process(pid=1699, status='terminated', exitcode=0, started='08:42:08') (1699) terminated with exit code 0
[2026-06-22T08:45:26.847+0700] {process_utils.py:80} INFO - Process psutil.Process(pid=2042, status='terminated', started='08:42:52') (2042) terminated with exit code None
