[2026-06-22T08:31:26.984+0700] {local_task_job_runner.py:123} INFO - ::group::Pre task execution logs
[2026-06-22T08:31:27.017+0700] {taskinstance.py:2603} INFO - Dependencies all met for dep_context=non-requeueable deps ti=<TaskInstance: remosy_master_end_to_end.scrape_twitter scheduled__2026-06-20T17:00:00+00:00 [queued]>
[2026-06-22T08:31:27.043+0700] {taskinstance.py:2603} INFO - Dependencies all met for dep_context=requeueable deps ti=<TaskInstance: remosy_master_end_to_end.scrape_twitter scheduled__2026-06-20T17:00:00+00:00 [queued]>
[2026-06-22T08:31:27.044+0700] {taskinstance.py:2856} INFO - Starting attempt 1 of 1
[2026-06-22T08:31:27.147+0700] {taskinstance.py:2879} INFO - Executing <Task(PythonOperator): scrape_twitter> on 2026-06-20 17:00:00+00:00
[2026-06-22T08:31:27.181+0700] {logging_mixin.py:190} WARNING - /home/***/.local/lib/python3.12/site-packages/***/task/task_runner/standard_task_runner.py:70 DeprecationWarning: This process (pid=191) is multi-threaded, use of fork() may lead to deadlocks in the child.
[2026-06-22T08:31:27.181+0700] {standard_task_runner.py:104} INFO - Running: ['***', 'tasks', 'run', 'remosy_master_end_to_end', 'scrape_twitter', 'scheduled__2026-06-20T17:00:00+00:00', '--job-id', '558', '--raw', '--subdir', 'DAGS_FOLDER/dag_remosy_master.py', '--cfg-path', '/tmp/tmp2_7ff2hg']
[2026-06-22T08:31:27.186+0700] {standard_task_runner.py:72} INFO - Started process 199 to run task
[2026-06-22T08:31:27.186+0700] {standard_task_runner.py:105} INFO - Job 558: Subtask scrape_twitter
[2026-06-22T08:31:27.233+0700] {logging_mixin.py:190} WARNING - /home/***/.local/lib/python3.12/site-packages/***/settings.py:209 DeprecationWarning: The sql_alchemy_conn option in [core] has been moved to the sql_alchemy_conn option in [database] - the old setting has been used, but please update your config.
[2026-06-22T08:31:27.440+0700] {task_command.py:467} INFO - Running <TaskInstance: remosy_master_end_to_end.scrape_twitter scheduled__2026-06-20T17:00:00+00:00 [running]> on host df0dddc984af
[2026-06-22T08:31:27.442+0700] {logging_mixin.py:190} WARNING - /home/***/.local/lib/python3.12/site-packages/***/settings.py:449 DeprecationWarning: The sql_alchemy_conn option in [core] has been moved to the sql_alchemy_conn option in [database] - the old setting has been used, but please update your config.
[2026-06-22T08:31:28.200+0700] {taskinstance.py:3122} INFO - Exporting env vars: AIRFLOW_CTX_DAG_OWNER='remosy' AIRFLOW_CTX_DAG_ID='remosy_master_end_to_end' AIRFLOW_CTX_TASK_ID='scrape_twitter' AIRFLOW_CTX_EXECUTION_DATE='2026-06-20T17:00:00+00:00' AIRFLOW_CTX_TRY_NUMBER='1' AIRFLOW_CTX_DAG_RUN_ID='scheduled__2026-06-20T17:00:00+00:00'
[2026-06-22T08:31:28.202+0700] {taskinstance.py:731} INFO - ::endgroup::
[2026-06-22T08:31:42.706+0700] {logging_mixin.py:190} INFO - Memulai Job Scraping Twitter (Relational Schema)...
[2026-06-22T08:31:42.799+0700] {logging_mixin.py:190} INFO - Mencari Tweet: UNSIKA...
[2026-06-22T08:33:49.105+0700] {logging_mixin.py:190} INFO -    ❌ Gagal simpan: (psycopg2.errors.UniqueViolation) duplicate key value violates unique constraint "tweets_raw_tweet_url_key"
DETAIL:  Key (tweet_url)=() already exists.

[SQL: INSERT INTO tweets_raw (keyword_id, full_text, username, tweet_url, likes, retweets, posted_at, scraped_at) VALUES (%(keyword_id)s, %(full_text)s, %(username)s, %(tweet_url)s, %(likes)s, %(retweets)s, %(posted_at)s, %(scraped_at)s)]
[parameters: ({'keyword_id': 1, 'full_text': '', 'username': 'unknown', 'tweet_url': '', 'likes': 0, 'retweets': 0, 'posted_at': None, 'scraped_at': datetime.datetime(2026, 6, 22, 8, 33, 48, 785956)}, {'keyword_id': 1, 'full_text': '', 'username': 'unknown', 'tweet_url': '', 'likes': 0, 'retweets': 0, 'posted_at': None, 'scraped_at': datetime.datetime(2026, 6, 22, 8, 33, 48, 785956)}, {'keyword_id': 1, 'full_text': '', 'username': 'unknown', 'tweet_url': '', 'likes': 0, 'retweets': 0, 'posted_at': None, 'scraped_at': datetime.datetime(2026, 6, 22, 8, 33, 48, 785956)}, {'keyword_id': 1, 'full_text': '', 'username': 'unknown', 'tweet_url': '', 'likes': 0, 'retweets': 0, 'posted_at': None, 'scraped_at': datetime.datetime(2026, 6, 22, 8, 33, 48, 785956)}, {'keyword_id': 1, 'full_text': '', 'username': 'unknown', 'tweet_url': '', 'likes': 0, 'retweets': 0, 'posted_at': None, 'scraped_at': datetime.datetime(2026, 6, 22, 8, 33, 48, 785956)}, {'keyword_id': 1, 'full_text': '', 'username': 'unknown', 'tweet_url': '', 'likes': 0, 'retweets': 0, 'posted_at': None, 'scraped_at': datetime.datetime(2026, 6, 22, 8, 33, 48, 785956)}, {'keyword_id': 1, 'full_text': '', 'username': 'unknown', 'tweet_url': '', 'likes': 0, 'retweets': 0, 'posted_at': None, 'scraped_at': datetime.datetime(2026, 6, 22, 8, 33, 48, 785956)}, {'keyword_id': 1, 'full_text': '', 'username': 'unknown', 'tweet_url': '', 'likes': 0, 'retweets': 0, 'posted_at': None, 'scraped_at': datetime.datetime(2026, 6, 22, 8, 33, 48, 785956)}  ... displaying 10 of 27 total bound parameter sets ...  {'keyword_id': 1, 'full_text': '', 'username': 'unknown', 'tweet_url': '', 'likes': 0, 'retweets': 0, 'posted_at': None, 'scraped_at': datetime.datetime(2026, 6, 22, 8, 33, 48, 785956)}, {'keyword_id': 1, 'full_text': '', 'username': 'unknown', 'tweet_url': '', 'likes': 0, 'retweets': 0, 'posted_at': None, 'scraped_at': datetime.datetime(2026, 6, 22, 8, 33, 48, 785956)})]
(Background on this error at: https://sqlalche.me/e/14/gkpj)
[2026-06-22T08:33:49.141+0700] {logging_mixin.py:190} INFO - Mencari Tweet: Universitas Singaperbangsa Karawang...
[2026-06-22T08:36:20.708+0700] {logging_mixin.py:190} INFO - Mencari Tweet: unsikuy...
[2026-06-22T08:38:43.745+0700] {logging_mixin.py:190} INFO - Job Twitter Selesai. Total 0 tweet baru tersimpan.
[2026-06-22T08:38:43.764+0700] {python.py:240} INFO - Done. Returned value was: None
[2026-06-22T08:38:44.096+0700] {taskinstance.py:340} INFO - ::group::Post task execution logs
[2026-06-22T08:38:44.108+0700] {taskinstance.py:352} INFO - Marking task as SUCCESS. dag_id=remosy_master_end_to_end, task_id=scrape_twitter, run_id=scheduled__2026-06-20T17:00:00+00:00, execution_date=20260620T170000, start_date=20260622T013127, end_date=20260622T013844
[2026-06-22T08:38:44.371+0700] {local_task_job_runner.py:261} INFO - Task exited with return code 0
[2026-06-22T08:38:44.520+0700] {local_task_job_runner.py:240} INFO - ::endgroup::
