[2026-05-30T10:17:40.248+0700] {local_task_job_runner.py:123} INFO - ::group::Pre task execution logs
[2026-05-30T10:17:40.291+0700] {taskinstance.py:2603} INFO - Dependencies all met for dep_context=non-requeueable deps ti=<TaskInstance: dag_scraping_daily.task_scrape_news scheduled__2026-05-25T05:00:00+00:00 [queued]>
[2026-05-30T10:17:40.314+0700] {taskinstance.py:2603} INFO - Dependencies all met for dep_context=requeueable deps ti=<TaskInstance: dag_scraping_daily.task_scrape_news scheduled__2026-05-25T05:00:00+00:00 [queued]>
[2026-05-30T10:17:40.327+0700] {taskinstance.py:2856} INFO - Starting attempt 1 of 2
[2026-05-30T10:17:40.368+0700] {taskinstance.py:2879} INFO - Executing <Task(PythonOperator): task_scrape_news> on 2026-05-25 05:00:00+00:00
[2026-05-30T10:17:40.394+0700] {logging_mixin.py:190} WARNING - /home/***/.local/lib/python3.12/site-packages/***/task/task_runner/standard_task_runner.py:70 DeprecationWarning: This process (pid=188) is multi-threaded, use of fork() may lead to deadlocks in the child.
[2026-05-30T10:17:40.402+0700] {standard_task_runner.py:72} INFO - Started process 196 to run task
[2026-05-30T10:17:40.398+0700] {standard_task_runner.py:104} INFO - Running: ['***', 'tasks', 'run', 'dag_scraping_daily', 'task_scrape_news', 'scheduled__2026-05-25T05:00:00+00:00', '--job-id', '341', '--raw', '--subdir', 'DAGS_FOLDER/dag_scraping_daily.py', '--cfg-path', '/tmp/tmpkjhvw512']
[2026-05-30T10:17:40.418+0700] {standard_task_runner.py:105} INFO - Job 341: Subtask task_scrape_news
[2026-05-30T10:17:40.475+0700] {logging_mixin.py:190} WARNING - /home/***/.local/lib/python3.12/site-packages/***/settings.py:209 DeprecationWarning: The sql_alchemy_conn option in [core] has been moved to the sql_alchemy_conn option in [database] - the old setting has been used, but please update your config.
[2026-05-30T10:17:40.647+0700] {task_command.py:467} INFO - Running <TaskInstance: dag_scraping_daily.task_scrape_news scheduled__2026-05-25T05:00:00+00:00 [running]> on host fd10d4ef5b00
[2026-05-30T10:17:40.670+0700] {logging_mixin.py:190} WARNING - /home/***/.local/lib/python3.12/site-packages/***/settings.py:449 DeprecationWarning: The sql_alchemy_conn option in [core] has been moved to the sql_alchemy_conn option in [database] - the old setting has been used, but please update your config.
[2026-05-30T10:17:41.083+0700] {taskinstance.py:3122} INFO - Exporting env vars: AIRFLOW_CTX_DAG_OWNER='remosy_admin' AIRFLOW_CTX_DAG_ID='dag_scraping_daily' AIRFLOW_CTX_TASK_ID='task_scrape_news' AIRFLOW_CTX_EXECUTION_DATE='2026-05-25T05:00:00+00:00' AIRFLOW_CTX_TRY_NUMBER='1' AIRFLOW_CTX_DAG_RUN_ID='scheduled__2026-05-25T05:00:00+00:00'
[2026-05-30T10:17:41.086+0700] {taskinstance.py:731} INFO - ::endgroup::
[2026-05-30T10:17:50.403+0700] {logging_mixin.py:190} INFO - 🚀 Memulai Job Scraping Google News (Mode Dinamis via Database)...
[2026-05-30T10:17:50.531+0700] {logging_mixin.py:190} INFO - 📋 Menggunakan 4 Kata Kunci dari Database: ['UNSIKA', 'Universitas Singaperbangsa Karawang', 'Unsika', 'Rektor UNSIKA']
[2026-05-30T10:17:50.549+0700] {logging_mixin.py:190} INFO - 📚 Database memiliki 426 berita lama.
[2026-05-30T10:17:50.550+0700] {logging_mixin.py:190} INFO - 🔎 Sedang mencari: 'UNSIKA'...
[2026-05-30T10:17:51.377+0700] {logging_mixin.py:190} INFO -    ✅ Menyimpan 11 berita BARU.
[2026-05-30T10:17:51.378+0700] {logging_mixin.py:190} INFO - 🔎 Sedang mencari: 'Universitas Singaperbangsa Karawang'...
[2026-05-30T10:17:52.234+0700] {logging_mixin.py:190} INFO -    ✅ Menyimpan 6 berita BARU.
[2026-05-30T10:17:52.236+0700] {logging_mixin.py:190} INFO - 🔎 Sedang mencari: 'Unsika'...
[2026-05-30T10:17:52.810+0700] {logging_mixin.py:190} INFO -    ℹ️  Dapat berita, tapi semuanya duplikat (Skip).
[2026-05-30T10:17:52.811+0700] {logging_mixin.py:190} INFO - 🔎 Sedang mencari: 'Rektor UNSIKA'...
[2026-05-30T10:17:53.494+0700] {logging_mixin.py:190} INFO -    ✅ Menyimpan 14 berita BARU.
[2026-05-30T10:17:53.497+0700] {logging_mixin.py:190} INFO - 🏁 Job Selesai. Total 31 berita baru ditambahkan hari ini.
[2026-05-30T10:17:53.500+0700] {python.py:240} INFO - Done. Returned value was: None
[2026-05-30T10:17:53.523+0700] {taskinstance.py:340} INFO - ::group::Post task execution logs
[2026-05-30T10:17:53.525+0700] {taskinstance.py:352} INFO - Marking task as SUCCESS. dag_id=dag_scraping_daily, task_id=task_scrape_news, run_id=scheduled__2026-05-25T05:00:00+00:00, execution_date=20260525T050000, start_date=20260530T031740, end_date=20260530T031753
[2026-05-30T10:17:53.599+0700] {local_task_job_runner.py:261} INFO - Task exited with return code 0
[2026-05-30T10:17:53.644+0700] {taskinstance.py:3891} INFO - 1 downstream tasks scheduled from follow-on schedule check
[2026-05-30T10:17:53.661+0700] {local_task_job_runner.py:240} INFO - ::endgroup::
