[2026-03-27T14:12:48.695+0700] {local_task_job_runner.py:123} INFO - ::group::Pre task execution logs
[2026-03-27T14:12:48.852+0700] {taskinstance.py:2603} INFO - Dependencies all met for dep_context=non-requeueable deps ti=<TaskInstance: dag_scraping_twitter.task_scrape_twitter scheduled__2026-03-07T23:00:00+00:00 [queued]>
[2026-03-27T14:12:48.900+0700] {taskinstance.py:2603} INFO - Dependencies all met for dep_context=requeueable deps ti=<TaskInstance: dag_scraping_twitter.task_scrape_twitter scheduled__2026-03-07T23:00:00+00:00 [queued]>
[2026-03-27T14:12:48.916+0700] {taskinstance.py:2856} INFO - Starting attempt 1 of 1
[2026-03-27T14:12:49.027+0700] {taskinstance.py:2879} INFO - Executing <Task(PythonOperator): task_scrape_twitter> on 2026-03-07 23:00:00+00:00
[2026-03-27T14:12:49.062+0700] {logging_mixin.py:190} WARNING - /home/***/.local/lib/python3.12/site-packages/***/task/task_runner/standard_task_runner.py:70 DeprecationWarning: This process (pid=188) is multi-threaded, use of fork() may lead to deadlocks in the child.
[2026-03-27T14:12:49.058+0700] {standard_task_runner.py:104} INFO - Running: ['***', 'tasks', 'run', 'dag_scraping_twitter', 'task_scrape_twitter', 'scheduled__2026-03-07T23:00:00+00:00', '--job-id', '213', '--raw', '--subdir', 'DAGS_FOLDER/dag_scraping_twitter.py', '--cfg-path', '/tmp/tmpw26_86jx']
[2026-03-27T14:12:49.073+0700] {standard_task_runner.py:105} INFO - Job 213: Subtask task_scrape_twitter
[2026-03-27T14:12:49.078+0700] {standard_task_runner.py:72} INFO - Started process 196 to run task
[2026-03-27T14:12:49.293+0700] {logging_mixin.py:190} WARNING - /home/***/.local/lib/python3.12/site-packages/***/settings.py:209 DeprecationWarning: The sql_alchemy_conn option in [core] has been moved to the sql_alchemy_conn option in [database] - the old setting has been used, but please update your config.
[2026-03-27T14:12:49.565+0700] {task_command.py:467} INFO - Running <TaskInstance: dag_scraping_twitter.task_scrape_twitter scheduled__2026-03-07T23:00:00+00:00 [running]> on host 3d4a04637ed2
[2026-03-27T14:12:49.570+0700] {logging_mixin.py:190} WARNING - /home/***/.local/lib/python3.12/site-packages/***/settings.py:449 DeprecationWarning: The sql_alchemy_conn option in [core] has been moved to the sql_alchemy_conn option in [database] - the old setting has been used, but please update your config.
[2026-03-27T14:12:49.990+0700] {taskinstance.py:3122} INFO - Exporting env vars: AIRFLOW_CTX_DAG_OWNER='remosy_admin' AIRFLOW_CTX_DAG_ID='dag_scraping_twitter' AIRFLOW_CTX_TASK_ID='task_scrape_twitter' AIRFLOW_CTX_EXECUTION_DATE='2026-03-07T23:00:00+00:00' AIRFLOW_CTX_TRY_NUMBER='1' AIRFLOW_CTX_DAG_RUN_ID='scheduled__2026-03-07T23:00:00+00:00'
[2026-03-27T14:12:49.993+0700] {taskinstance.py:731} INFO - ::endgroup::
[2026-03-27T14:13:02.537+0700] {logging_mixin.py:190} INFO - Memulai Job Scraping Twitter (Mode Cerdas)...
[2026-03-27T14:13:02.899+0700] {logging_mixin.py:190} INFO - Database saat ini memiliki 143 tweet.
[2026-03-27T14:13:02.903+0700] {logging_mixin.py:190} INFO - Mencari Tweet: unsika...
[2026-03-27T14:16:11.956+0700] {logging_mixin.py:190} INFO - Mencari Tweet: universitas singaperbangsa karawang...
[2026-03-27T14:16:18.952+0700] {logging_mixin.py:190} INFO - Mencari Tweet: mahasiswa unsika...
[2026-03-27T14:17:27.693+0700] {logging_mixin.py:190} INFO - Job Twitter Selesai. Total 0 tweet baru tersimpan.
[2026-03-27T14:17:27.697+0700] {python.py:240} INFO - Done. Returned value was: None
[2026-03-27T14:17:27.797+0700] {taskinstance.py:340} INFO - ::group::Post task execution logs
[2026-03-27T14:17:27.800+0700] {taskinstance.py:352} INFO - Marking task as SUCCESS. dag_id=dag_scraping_twitter, task_id=task_scrape_twitter, run_id=scheduled__2026-03-07T23:00:00+00:00, execution_date=20260307T230000, start_date=20260327T071248, end_date=20260327T071727
[2026-03-27T14:17:27.888+0700] {local_task_job_runner.py:261} INFO - Task exited with return code 0
[2026-03-27T14:17:27.978+0700] {taskinstance.py:3891} INFO - 1 downstream tasks scheduled from follow-on schedule check
[2026-03-27T14:17:27.982+0700] {local_task_job_runner.py:240} INFO - ::endgroup::
