[2026-06-21T08:26:39.844+0700] {local_task_job_runner.py:123} INFO - ::group::Pre task execution logs
[2026-06-21T08:26:39.926+0700] {taskinstance.py:2603} INFO - Dependencies all met for dep_context=non-requeueable deps ti=<TaskInstance: remosy_master_end_to_end.process_news scheduled__2026-06-20T05:00:00+00:00 [queued]>
[2026-06-21T08:26:39.984+0700] {taskinstance.py:2603} INFO - Dependencies all met for dep_context=requeueable deps ti=<TaskInstance: remosy_master_end_to_end.process_news scheduled__2026-06-20T05:00:00+00:00 [queued]>
[2026-06-21T08:26:39.994+0700] {taskinstance.py:2856} INFO - Starting attempt 1 of 1
[2026-06-21T08:26:40.155+0700] {taskinstance.py:2879} INFO - Executing <Task(PythonOperator): process_news> on 2026-06-20 05:00:00+00:00
[2026-06-21T08:26:40.189+0700] {logging_mixin.py:190} WARNING - /home/***/.local/lib/python3.12/site-packages/***/task/task_runner/standard_task_runner.py:70 DeprecationWarning: This process (pid=34343) is multi-threaded, use of fork() may lead to deadlocks in the child.
[2026-06-21T08:26:40.185+0700] {standard_task_runner.py:104} INFO - Running: ['***', 'tasks', 'run', 'remosy_master_end_to_end', 'process_news', 'scheduled__2026-06-20T05:00:00+00:00', '--job-id', '555', '--raw', '--subdir', 'DAGS_FOLDER/dag_remosy_master.py', '--cfg-path', '/tmp/tmpsafv3dn_']
[2026-06-21T08:26:40.199+0700] {standard_task_runner.py:72} INFO - Started process 34344 to run task
[2026-06-21T08:26:40.206+0700] {standard_task_runner.py:105} INFO - Job 555: Subtask process_news
[2026-06-21T08:26:40.390+0700] {logging_mixin.py:190} WARNING - /home/***/.local/lib/python3.12/site-packages/***/settings.py:209 DeprecationWarning: The sql_alchemy_conn option in [core] has been moved to the sql_alchemy_conn option in [database] - the old setting has been used, but please update your config.
[2026-06-21T08:26:40.502+0700] {task_command.py:467} INFO - Running <TaskInstance: remosy_master_end_to_end.process_news scheduled__2026-06-20T05:00:00+00:00 [running]> on host 3780bd30d91f
[2026-06-21T08:26:40.505+0700] {logging_mixin.py:190} WARNING - /home/***/.local/lib/python3.12/site-packages/***/settings.py:449 DeprecationWarning: The sql_alchemy_conn option in [core] has been moved to the sql_alchemy_conn option in [database] - the old setting has been used, but please update your config.
[2026-06-21T08:26:40.903+0700] {taskinstance.py:3122} INFO - Exporting env vars: AIRFLOW_CTX_DAG_OWNER='remosy' AIRFLOW_CTX_DAG_ID='remosy_master_end_to_end' AIRFLOW_CTX_TASK_ID='process_news' AIRFLOW_CTX_EXECUTION_DATE='2026-06-20T05:00:00+00:00' AIRFLOW_CTX_TRY_NUMBER='1' AIRFLOW_CTX_DAG_RUN_ID='scheduled__2026-06-20T05:00:00+00:00'
[2026-06-21T08:26:40.905+0700] {taskinstance.py:731} INFO - ::endgroup::
[2026-06-21T08:27:31.266+0700] {local_task_job_runner.py:127} ERROR - Received SIGTERM. Terminating subprocesses
[2026-06-21T08:27:30.613+0700] {process_utils.py:132} INFO - Sending 15 to group 34344. PIDs of all processes in the group: [34344]
[2026-06-21T08:27:30.626+0700] {process_utils.py:87} INFO - Sending the signal 15 to group 34344
[2026-06-21T08:27:30.656+0700] {taskinstance.py:3083} ERROR - Received SIGTERM. Terminating subprocesses.
[2026-06-21T08:27:30.693+0700] {taskinstance.py:3301} ERROR - Task failed with exception
Traceback (most recent call last):
  File "/home/airflow/.local/lib/python3.12/site-packages/airflow/models/taskinstance.py", line 767, in _execute_task
    result = _execute_callable(context=context, **execute_callable_kwargs)
             ^^^^^^^^^^^^^^^^^^^^^^^^^^^^^^^^^^^^^^^^^^^^^^^^^^^^^^^^^^^^^
  File "/home/airflow/.local/lib/python3.12/site-packages/airflow/models/taskinstance.py", line 733, in _execute_callable
    return ExecutionCallableRunner(
           ^^^^^^^^^^^^^^^^^^^^^^^^
  File "/home/airflow/.local/lib/python3.12/site-packages/airflow/utils/operator_helpers.py", line 252, in run
    return self.func(*args, **kwargs)
           ^^^^^^^^^^^^^^^^^^^^^^^^^^
  File "/home/airflow/.local/lib/python3.12/site-packages/airflow/models/baseoperator.py", line 406, in wrapper
    return func(self, *args, **kwargs)
           ^^^^^^^^^^^^^^^^^^^^^^^^^^^
  File "/home/airflow/.local/lib/python3.12/site-packages/airflow/operators/python.py", line 238, in execute
    return_value = self.execute_callable()
                   ^^^^^^^^^^^^^^^^^^^^^^^
  File "/home/airflow/.local/lib/python3.12/site-packages/airflow/operators/python.py", line 256, in execute_callable
    return runner.run(*self.op_args, **self.op_kwargs)
           ^^^^^^^^^^^^^^^^^^^^^^^^^^^^^^^^^^^^^^^^^^^
  File "/home/airflow/.local/lib/python3.12/site-packages/airflow/utils/operator_helpers.py", line 252, in run
    return self.func(*args, **kwargs)
           ^^^^^^^^^^^^^^^^^^^^^^^^^^
  File "/opt/airflow/dags/dag_remosy_master.py", line 19, in process_news
    from processing.process_news import run_news_processing
  File "/opt/airflow/src/processing/process_news.py", line 5, in <module>
    from transformers import pipeline
  File "<frozen importlib._bootstrap>", line 1412, in _handle_fromlist
  File "/home/airflow/.local/lib/python3.12/site-packages/transformers/utils/import_utils.py", line 2262, in __getattr__
    module = self._get_module(self._class_to_module[name])
             ^^^^^^^^^^^^^^^^^^^^^^^^^^^^^^^^^^^^^^^^^^^^^
  File "/home/airflow/.local/lib/python3.12/site-packages/transformers/utils/import_utils.py", line 2494, in _get_module
    return importlib.import_module("." + module_name, self.__name__)
           ^^^^^^^^^^^^^^^^^^^^^^^^^^^^^^^^^^^^^^^^^^^^^^^^^^^^^^^^^
  File "/usr/local/lib/python3.12/importlib/__init__.py", line 90, in import_module
    return _bootstrap._gcd_import(name[level:], package, level)
           ^^^^^^^^^^^^^^^^^^^^^^^^^^^^^^^^^^^^^^^^^^^^^^^^^^^^
  File "/home/airflow/.local/lib/python3.12/site-packages/transformers/pipelines/__init__.py", line 29, in <module>
    from ..models.auto.feature_extraction_auto import FEATURE_EXTRACTOR_MAPPING, AutoFeatureExtractor
  File "/home/airflow/.local/lib/python3.12/site-packages/transformers/models/auto/feature_extraction_auto.py", line 25, in <module>
    from .auto_factory import _LazyAutoMapping
  File "/home/airflow/.local/lib/python3.12/site-packages/transformers/models/auto/auto_factory.py", line 42, in <module>
    from ...generation import GenerationMixin
  File "<frozen importlib._bootstrap>", line 1412, in _handle_fromlist
  File "/home/airflow/.local/lib/python3.12/site-packages/transformers/utils/import_utils.py", line 2262, in __getattr__
    module = self._get_module(self._class_to_module[name])
             ^^^^^^^^^^^^^^^^^^^^^^^^^^^^^^^^^^^^^^^^^^^^^
  File "/home/airflow/.local/lib/python3.12/site-packages/transformers/utils/import_utils.py", line 2494, in _get_module
    return importlib.import_module("." + module_name, self.__name__)
           ^^^^^^^^^^^^^^^^^^^^^^^^^^^^^^^^^^^^^^^^^^^^^^^^^^^^^^^^^
  File "/usr/local/lib/python3.12/importlib/__init__.py", line 90, in import_module
    return _bootstrap._gcd_import(name[level:], package, level)
           ^^^^^^^^^^^^^^^^^^^^^^^^^^^^^^^^^^^^^^^^^^^^^^^^^^^^
  File "/home/airflow/.local/lib/python3.12/site-packages/transformers/generation/utils.py", line 53, in <module>
    from .candidate_generator import (
  File "/home/airflow/.local/lib/python3.12/site-packages/transformers/generation/candidate_generator.py", line 31, in <module>
    from sklearn.metrics import roc_curve
  File "/home/airflow/.local/lib/python3.12/site-packages/sklearn/__init__.py", line 70, in <module>
    from sklearn.base import clone  # noqa: E402
    ^^^^^^^^^^^^^^^^^^^^^^^^^^^^^^
  File "/home/airflow/.local/lib/python3.12/site-packages/sklearn/base.py", line 20, in <module>
    from sklearn.utils._metadata_requests import _MetadataRequester, _routing_enabled
  File "/home/airflow/.local/lib/python3.12/site-packages/sklearn/utils/__init__.py", line 9, in <module>
    from sklearn.utils._chunking import gen_batches, gen_even_slices
  File "/home/airflow/.local/lib/python3.12/site-packages/sklearn/utils/_chunking.py", line 11, in <module>
    from sklearn.utils._param_validation import Interval, validate_params
  File "/home/airflow/.local/lib/python3.12/site-packages/sklearn/utils/_param_validation.py", line 17, in <module>
    from sklearn.utils.validation import _is_arraylike_not_scalar
  File "/home/airflow/.local/lib/python3.12/site-packages/sklearn/utils/validation.py", line 24, in <module>
    from sklearn.utils._array_api import (
  File "/home/airflow/.local/lib/python3.12/site-packages/sklearn/utils/_array_api.py", line 23, in <module>
    from sklearn.utils.fixes import parse_version
  File "/home/airflow/.local/lib/python3.12/site-packages/sklearn/utils/fixes.py", line 16, in <module>
    import scipy.stats
  File "/home/airflow/.local/lib/python3.12/site-packages/scipy/stats/__init__.py", line 628, in <module>
    from ._stats_py import *
  File "/home/airflow/.local/lib/python3.12/site-packages/scipy/stats/_stats_py.py", line 5748, in <module>
    @xp_capabilities(np_only=True)
     ^^^^^^^^^^^^^^^^^^^^^^^^^^^^^
  File "/home/airflow/.local/lib/python3.12/site-packages/scipy/_lib/_array_api.py", line 845, in decorator
    doc = FunctionDoc(f)
          ^^^^^^^^^^^^^^
  File "/home/airflow/.local/lib/python3.12/site-packages/scipy/_lib/_docscrape.py", line 589, in __init__
    NumpyDocString.__init__(self, doc, config)
  File "/home/airflow/.local/lib/python3.12/site-packages/scipy/_lib/_docscrape.py", line 148, in __init__
    self._parse()
  File "/home/airflow/.local/lib/python3.12/site-packages/scipy/_lib/_docscrape.py", line 392, in _parse
    sections = list(self._read_sections())
               ^^^^^^^^^^^^^^^^^^^^^^^^^^^
  File "/home/airflow/.local/lib/python3.12/site-packages/scipy/_lib/_docscrape.py", line 222, in _read_sections
    yield name, self._strip(data[2:])
                ^^^^^^^^^^^^^^^^^^^^^
  File "/home/airflow/.local/lib/python3.12/site-packages/scipy/_lib/_docscrape.py", line 188, in _strip
    def _strip(self, doc):
    
  File "/home/airflow/.local/lib/python3.12/site-packages/airflow/models/taskinstance.py", line 3085, in signal_handler
    raise AirflowTaskTerminated("Task received SIGTERM signal")
airflow.exceptions.AirflowTaskTerminated: Task received SIGTERM signal
[2026-06-21T08:27:30.267+0700] {taskinstance.py:1225} INFO - Marking task as FAILED. dag_id=remosy_master_end_to_end, task_id=process_news, run_id=scheduled__2026-06-20T05:00:00+00:00, execution_date=20260620T050000, start_date=20260621T012639, end_date=20260621T012730
[2026-06-21T08:27:30.487+0700] {taskinstance.py:340} INFO - ::group::Post task execution logs
[2026-06-21T08:27:30.741+0700] {process_utils.py:80} INFO - Process psutil.Process(pid=34344, status='terminated', exitcode=2, started='08:26:39') (34344) terminated with exit code 2
[2026-06-21T08:27:30.757+0700] {local_task_job_runner.py:261} INFO - Task exited with return code 143
[2026-06-21T08:27:31.064+0700] {taskinstance.py:3891} INFO - 0 downstream tasks scheduled from follow-on schedule check
[2026-06-21T08:27:31.378+0700] {local_task_job_runner.py:240} INFO - ::endgroup::
