[2026-02-03T15:43:05.306+0700] {local_task_job_runner.py:123} INFO - ::group::Pre task execution logs
[2026-02-03T15:43:05.386+0700] {taskinstance.py:2603} INFO - Dependencies all met for dep_context=non-requeueable deps ti=<TaskInstance: dag_scraping_twitter.task_scrape_twitter scheduled__2026-02-01T05:00:00+00:00 [queued]>
[2026-02-03T15:43:05.406+0700] {taskinstance.py:2603} INFO - Dependencies all met for dep_context=requeueable deps ti=<TaskInstance: dag_scraping_twitter.task_scrape_twitter scheduled__2026-02-01T05:00:00+00:00 [queued]>
[2026-02-03T15:43:05.407+0700] {taskinstance.py:2856} INFO - Starting attempt 1 of 1
[2026-02-03T15:43:05.431+0700] {taskinstance.py:2879} INFO - Executing <Task(PythonOperator): task_scrape_twitter> on 2026-02-01 05:00:00+00:00
[2026-02-03T15:43:05.450+0700] {logging_mixin.py:190} WARNING - /home/***/.local/lib/python3.12/site-packages/***/task/task_runner/standard_task_runner.py:70 DeprecationWarning: This process (pid=165) is multi-threaded, use of fork() may lead to deadlocks in the child.
[2026-02-03T15:43:05.457+0700] {standard_task_runner.py:72} INFO - Started process 183 to run task
[2026-02-03T15:43:05.453+0700] {standard_task_runner.py:104} INFO - Running: ['***', 'tasks', 'run', 'dag_scraping_twitter', 'task_scrape_twitter', 'scheduled__2026-02-01T05:00:00+00:00', '--job-id', '27', '--raw', '--subdir', 'DAGS_FOLDER/dag_scraping_twitter.py', '--cfg-path', '/tmp/tmpi0h8a5qa']
[2026-02-03T15:43:05.465+0700] {standard_task_runner.py:105} INFO - Job 27: Subtask task_scrape_twitter
[2026-02-03T15:43:05.509+0700] {logging_mixin.py:190} WARNING - /home/***/.local/lib/python3.12/site-packages/***/settings.py:209 DeprecationWarning: The sql_alchemy_conn option in [core] has been moved to the sql_alchemy_conn option in [database] - the old setting has been used, but please update your config.
[2026-02-03T15:43:05.642+0700] {task_command.py:467} INFO - Running <TaskInstance: dag_scraping_twitter.task_scrape_twitter scheduled__2026-02-01T05:00:00+00:00 [running]> on host 8c31f61980db
[2026-02-03T15:43:05.646+0700] {logging_mixin.py:190} WARNING - /home/***/.local/lib/python3.12/site-packages/***/settings.py:449 DeprecationWarning: The sql_alchemy_conn option in [core] has been moved to the sql_alchemy_conn option in [database] - the old setting has been used, but please update your config.
[2026-02-03T15:43:05.827+0700] {taskinstance.py:3122} INFO - Exporting env vars: AIRFLOW_CTX_DAG_OWNER='remosy_admin' AIRFLOW_CTX_DAG_ID='dag_scraping_twitter' AIRFLOW_CTX_TASK_ID='task_scrape_twitter' AIRFLOW_CTX_EXECUTION_DATE='2026-02-01T05:00:00+00:00' AIRFLOW_CTX_TRY_NUMBER='1' AIRFLOW_CTX_DAG_RUN_ID='scheduled__2026-02-01T05:00:00+00:00'
[2026-02-03T15:43:05.831+0700] {taskinstance.py:731} INFO - ::endgroup::
[2026-02-03T15:43:05.893+0700] {logging_mixin.py:190} INFO -  Memulai Job Scraping Twitter
[2026-02-03T15:43:05.935+0700] {logging_mixin.py:190} INFO -  Target: ['Universitas Singaperbangsa Karawang', 'UNSIKA', 'Rektor UNSIKA']
[2026-02-03T15:43:05.937+0700] {logging_mixin.py:190} INFO -  Istirahat 6.49 detik...
[2026-02-03T15:43:12.432+0700] {logging_mixin.py:190} INFO -  Memulai Tweet-Harvest untuk: Universitas Singaperbangsa Karawang...
[2026-02-03T15:43:12.433+0700] {logging_mixin.py:190} INFO -  Filter: Mengambil tweet hanya sejak 2025-10-06
[2026-02-03T15:46:52.343+0700] {logging_mixin.py:190} INFO -  File output tidak ditemukan. (Mungkin tidak ada tweet dalam 4 bulan terakhir)
[2026-02-03T15:46:52.385+0700] {logging_mixin.py:190} INFO -  Istirahat 5.90 detik...
[2026-02-03T15:46:58.282+0700] {logging_mixin.py:190} INFO -  Memulai Tweet-Harvest untuk: UNSIKA...
[2026-02-03T15:46:58.283+0700] {logging_mixin.py:190} INFO -  Filter: Mengambil tweet hanya sejak 2025-10-06
[2026-02-03T15:47:19.495+0700] {logging_mixin.py:190} INFO -  File ditemukan: tweets-data/UNSIKA_tweets.csv
[2026-02-03T15:47:19.549+0700] {logging_mixin.py:190} INFO -  Exception saat scraping: 'str' object has no attribute 'astype'
[2026-02-03T15:47:19.551+0700] {logging_mixin.py:190} INFO -  Istirahat 5.21 detik...
[2026-02-03T15:47:24.762+0700] {logging_mixin.py:190} INFO -  Memulai Tweet-Harvest untuk: Rektor UNSIKA...
[2026-02-03T15:47:24.763+0700] {logging_mixin.py:190} INFO -  Filter: Mengambil tweet hanya sejak 2025-10-06
[2026-02-03T15:49:45.563+0700] {logging_mixin.py:190} INFO -  File ditemukan: tweets-data/RektorUNSIKA_tweets.csv
[2026-02-03T15:49:45.566+0700] {logging_mixin.py:190} INFO -  Exception saat scraping: No columns to parse from file
[2026-02-03T15:49:45.569+0700] {logging_mixin.py:190} INFO -  Tidak ada tweet baru didapatkan.
[2026-02-03T15:49:45.570+0700] {python.py:240} INFO - Done. Returned value was: None
[2026-02-03T15:49:45.612+0700] {taskinstance.py:340} INFO - ::group::Post task execution logs
[2026-02-03T15:49:45.613+0700] {taskinstance.py:352} INFO - Marking task as SUCCESS. dag_id=dag_scraping_twitter, task_id=task_scrape_twitter, run_id=scheduled__2026-02-01T05:00:00+00:00, execution_date=20260201T050000, start_date=20260203T084305, end_date=20260203T084945
[2026-02-03T15:49:45.695+0700] {local_task_job_runner.py:261} INFO - Task exited with return code 0
[2026-02-03T15:49:45.729+0700] {taskinstance.py:3891} INFO - 0 downstream tasks scheduled from follow-on schedule check
[2026-02-03T15:49:45.732+0700] {local_task_job_runner.py:240} INFO - ::endgroup::
