[2026-06-14T10:54:40.769+0700] {local_task_job_runner.py:123} INFO - ::group::Pre task execution logs
[2026-06-14T10:54:40.793+0700] {taskinstance.py:2603} INFO - Dependencies all met for dep_context=non-requeueable deps ti=<TaskInstance: remosy_master_end_to_end.scrape_news scheduled__2026-06-11T17:00:00+00:00 [queued]>
[2026-06-14T10:54:40.804+0700] {taskinstance.py:2603} INFO - Dependencies all met for dep_context=requeueable deps ti=<TaskInstance: remosy_master_end_to_end.scrape_news scheduled__2026-06-11T17:00:00+00:00 [queued]>
[2026-06-14T10:54:40.810+0700] {taskinstance.py:2856} INFO - Starting attempt 1 of 1
[2026-06-14T10:54:40.833+0700] {taskinstance.py:2879} INFO - Executing <Task(PythonOperator): scrape_news> on 2026-06-11 17:00:00+00:00
[2026-06-14T10:54:40.850+0700] {logging_mixin.py:190} WARNING - /home/***/.local/lib/python3.12/site-packages/***/task/task_runner/standard_task_runner.py:70 DeprecationWarning: This process (pid=173) is multi-threaded, use of fork() may lead to deadlocks in the child.
[2026-06-14T10:54:40.851+0700] {standard_task_runner.py:72} INFO - Started process 181 to run task
[2026-06-14T10:54:40.850+0700] {standard_task_runner.py:104} INFO - Running: ['***', 'tasks', 'run', 'remosy_master_end_to_end', 'scrape_news', 'scheduled__2026-06-11T17:00:00+00:00', '--job-id', '442', '--raw', '--subdir', 'DAGS_FOLDER/dag_remosy_master.py', '--cfg-path', '/tmp/tmp2snoy_ro']
[2026-06-14T10:54:40.854+0700] {standard_task_runner.py:105} INFO - Job 442: Subtask scrape_news
[2026-06-14T10:54:40.872+0700] {logging_mixin.py:190} WARNING - /home/***/.local/lib/python3.12/site-packages/***/settings.py:209 DeprecationWarning: The sql_alchemy_conn option in [core] has been moved to the sql_alchemy_conn option in [database] - the old setting has been used, but please update your config.
[2026-06-14T10:54:40.916+0700] {task_command.py:467} INFO - Running <TaskInstance: remosy_master_end_to_end.scrape_news scheduled__2026-06-11T17:00:00+00:00 [running]> on host 6b105ef65571
[2026-06-14T10:54:40.918+0700] {logging_mixin.py:190} WARNING - /home/***/.local/lib/python3.12/site-packages/***/settings.py:449 DeprecationWarning: The sql_alchemy_conn option in [core] has been moved to the sql_alchemy_conn option in [database] - the old setting has been used, but please update your config.
[2026-06-14T10:54:41.016+0700] {taskinstance.py:3122} INFO - Exporting env vars: AIRFLOW_CTX_DAG_OWNER='remosy' AIRFLOW_CTX_DAG_ID='remosy_master_end_to_end' AIRFLOW_CTX_TASK_ID='scrape_news' AIRFLOW_CTX_EXECUTION_DATE='2026-06-11T17:00:00+00:00' AIRFLOW_CTX_TRY_NUMBER='1' AIRFLOW_CTX_DAG_RUN_ID='scheduled__2026-06-11T17:00:00+00:00'
[2026-06-14T10:54:41.020+0700] {taskinstance.py:731} INFO - ::endgroup::
[2026-06-14T10:54:43.748+0700] {logging_mixin.py:190} INFO - 🚀 Memulai Job Scraping Google News (Mode Dinamis via Database)...
[2026-06-14T10:54:43.772+0700] {logging_mixin.py:190} INFO - ⚠️ Gagal membaca keywords (Error: (psycopg2.errors.UndefinedTable) relation "keywords" does not exist
LINE 1: SELECT keyword FROM keywords WHERE source IN ('news', 'all')
                            ^

[SQL: SELECT keyword FROM keywords WHERE source IN ('news', 'all')]
(Background on this error at: https://sqlalche.me/e/14/f405)). Menggunakan default.
[2026-06-14T10:54:43.774+0700] {logging_mixin.py:190} INFO - 📚 Database kosong atau tabel belum ada.
[2026-06-14T10:54:43.775+0700] {logging_mixin.py:190} INFO - 🔎 Sedang mencari: 'UNSIKA'...
[2026-06-14T10:54:44.548+0700] {logging_mixin.py:190} INFO -    ⚠️ Gagal menyimpan ke DB: (psycopg2.errors.UniqueViolation) duplicate key value violates unique constraint "pg_type_typname_nsp_index"
DETAIL:  Key (typname, typnamespace)=(news_raw, 2200) already exists.

[SQL: 
CREATE TABLE news_raw (
	scraped_at TIMESTAMP WITHOUT TIME ZONE, 
	keyword TEXT, 
	title TEXT, 
	source TEXT, 
	url TEXT, 
	published_date TEXT
)

]
(Background on this error at: https://sqlalche.me/e/14/gkpj)
[2026-06-14T10:54:44.548+0700] {logging_mixin.py:190} INFO - 🔎 Sedang mencari: 'Universitas Singaperbangsa Karawang'...
[2026-06-14T10:54:45.101+0700] {logging_mixin.py:190} INFO -    ✅ Menyimpan 50 berita BARU.
[2026-06-14T10:54:45.102+0700] {logging_mixin.py:190} INFO - 🏁 Job Selesai. Total 50 berita baru ditambahkan hari ini.
[2026-06-14T10:54:45.102+0700] {python.py:240} INFO - Done. Returned value was: None
[2026-06-14T10:54:45.114+0700] {taskinstance.py:340} INFO - ::group::Post task execution logs
[2026-06-14T10:54:45.114+0700] {taskinstance.py:352} INFO - Marking task as SUCCESS. dag_id=remosy_master_end_to_end, task_id=scrape_news, run_id=scheduled__2026-06-11T17:00:00+00:00, execution_date=20260611T170000, start_date=20260614T035440, end_date=20260614T035445
[2026-06-14T10:54:45.162+0700] {local_task_job_runner.py:261} INFO - Task exited with return code 0
[2026-06-14T10:54:45.193+0700] {taskinstance.py:3891} INFO - 1 downstream tasks scheduled from follow-on schedule check
[2026-06-14T10:54:45.196+0700] {local_task_job_runner.py:240} INFO - ::endgroup::
