[2026-06-24T13:45:42.690+0700] {local_task_job_runner.py:123} INFO - ::group::Pre task execution logs
[2026-06-24T13:45:42.738+0700] {taskinstance.py:2603} INFO - Dependencies all met for dep_context=non-requeueable deps ti=<TaskInstance: remosy_master_end_to_end.scrape_twitter scheduled__2026-06-23T05:00:00+00:00 [queued]>
[2026-06-24T13:45:42.782+0700] {taskinstance.py:2603} INFO - Dependencies all met for dep_context=requeueable deps ti=<TaskInstance: remosy_master_end_to_end.scrape_twitter scheduled__2026-06-23T05:00:00+00:00 [queued]>
[2026-06-24T13:45:42.789+0700] {taskinstance.py:2856} INFO - Starting attempt 1 of 1
[2026-06-24T13:45:42.846+0700] {taskinstance.py:2879} INFO - Executing <Task(PythonOperator): scrape_twitter> on 2026-06-23 05:00:00+00:00
[2026-06-24T13:45:42.890+0700] {logging_mixin.py:190} WARNING - /home/***/.local/lib/python3.12/site-packages/***/task/task_runner/standard_task_runner.py:70 DeprecationWarning: This process (pid=182) is multi-threaded, use of fork() may lead to deadlocks in the child.
[2026-06-24T13:45:42.911+0700] {standard_task_runner.py:72} INFO - Started process 188 to run task
[2026-06-24T13:45:42.926+0700] {standard_task_runner.py:104} INFO - Running: ['***', 'tasks', 'run', 'remosy_master_end_to_end', 'scrape_twitter', 'scheduled__2026-06-23T05:00:00+00:00', '--job-id', '610', '--raw', '--subdir', 'DAGS_FOLDER/dag_remosy_master.py', '--cfg-path', '/tmp/tmp6v5hxofc']
[2026-06-24T13:45:42.965+0700] {standard_task_runner.py:105} INFO - Job 610: Subtask scrape_twitter
[2026-06-24T13:45:43.086+0700] {logging_mixin.py:190} WARNING - /home/***/.local/lib/python3.12/site-packages/***/settings.py:209 DeprecationWarning: The sql_alchemy_conn option in [core] has been moved to the sql_alchemy_conn option in [database] - the old setting has been used, but please update your config.
[2026-06-24T13:45:43.277+0700] {task_command.py:467} INFO - Running <TaskInstance: remosy_master_end_to_end.scrape_twitter scheduled__2026-06-23T05:00:00+00:00 [running]> on host f651688c9edb
[2026-06-24T13:45:43.283+0700] {logging_mixin.py:190} WARNING - /home/***/.local/lib/python3.12/site-packages/***/settings.py:449 DeprecationWarning: The sql_alchemy_conn option in [core] has been moved to the sql_alchemy_conn option in [database] - the old setting has been used, but please update your config.
[2026-06-24T13:45:43.526+0700] {taskinstance.py:3122} INFO - Exporting env vars: AIRFLOW_CTX_DAG_OWNER='remosy' AIRFLOW_CTX_DAG_ID='remosy_master_end_to_end' AIRFLOW_CTX_TASK_ID='scrape_twitter' AIRFLOW_CTX_EXECUTION_DATE='2026-06-23T05:00:00+00:00' AIRFLOW_CTX_TRY_NUMBER='1' AIRFLOW_CTX_DAG_RUN_ID='scheduled__2026-06-23T05:00:00+00:00'
[2026-06-24T13:45:43.528+0700] {taskinstance.py:731} INFO - ::endgroup::
[2026-06-24T13:45:59.046+0700] {logging_mixin.py:190} INFO - Memulai Job Scraping Twitter (Relational Schema)...
[2026-06-24T13:45:59.160+0700] {logging_mixin.py:190} INFO - Mencari Tweet: UNSIKA...
[2026-06-24T14:01:28.282+0700] {job.py:229} INFO - Heartbeat recovered after 17.50 seconds
[2026-06-24T14:01:33.547+0700] {job.py:229} INFO - Heartbeat recovered after 16.56 seconds
[2026-06-24T14:10:37.436+0700] {logging_mixin.py:190} INFO - Mencari Tweet: Universitas Singaperbangsa Karawang...
[2026-06-24T14:13:15.303+0700] {logging_mixin.py:190} INFO - Mencari Tweet: unsikuy...
[2026-06-24T14:15:42.552+0700] {logging_mixin.py:190} INFO - Mencari Tweet: Fasilkom UNSIKA...
[2026-06-24T14:18:17.593+0700] {logging_mixin.py:190} INFO -    Error Tweet-Harvest: No columns to parse from file
[2026-06-24T14:18:17.598+0700] {logging_mixin.py:190} INFO - Job Twitter Selesai. Total 0 tweet baru tersimpan.
[2026-06-24T14:18:17.628+0700] {python.py:240} INFO - Done. Returned value was: None
[2026-06-24T14:18:18.223+0700] {taskinstance.py:340} INFO - ::group::Post task execution logs
[2026-06-24T14:18:18.227+0700] {taskinstance.py:352} INFO - Marking task as SUCCESS. dag_id=remosy_master_end_to_end, task_id=scrape_twitter, run_id=scheduled__2026-06-23T05:00:00+00:00, execution_date=20260623T050000, start_date=20260624T064542, end_date=20260624T071818
[2026-06-24T14:18:18.393+0700] {local_task_job_runner.py:261} INFO - Task exited with return code 0
[2026-06-24T14:18:18.576+0700] {taskinstance.py:3891} INFO - 1 downstream tasks scheduled from follow-on schedule check
[2026-06-24T14:18:18.580+0700] {local_task_job_runner.py:240} INFO - ::endgroup::
