[2026-05-07T14:58:15.798+0700] {local_task_job_runner.py:123} INFO - ::group::Pre task execution logs
[2026-05-07T14:58:15.833+0700] {taskinstance.py:2603} INFO - Dependencies all met for dep_context=non-requeueable deps ti=<TaskInstance: dag_scraping_twitter.task_scrape_twitter scheduled__2026-04-29T23:00:00+00:00 [queued]>
[2026-05-07T14:58:15.851+0700] {taskinstance.py:2603} INFO - Dependencies all met for dep_context=requeueable deps ti=<TaskInstance: dag_scraping_twitter.task_scrape_twitter scheduled__2026-04-29T23:00:00+00:00 [queued]>
[2026-05-07T14:58:15.853+0700] {taskinstance.py:2856} INFO - Starting attempt 1 of 1
[2026-05-07T14:58:15.889+0700] {taskinstance.py:2879} INFO - Executing <Task(PythonOperator): task_scrape_twitter> on 2026-04-29 23:00:00+00:00
[2026-05-07T14:58:15.910+0700] {logging_mixin.py:190} WARNING - /home/***/.local/lib/python3.12/site-packages/***/task/task_runner/standard_task_runner.py:70 DeprecationWarning: This process (pid=181) is multi-threaded, use of fork() may lead to deadlocks in the child.
[2026-05-07T14:58:15.919+0700] {standard_task_runner.py:72} INFO - Started process 193 to run task
[2026-05-07T14:58:15.926+0700] {standard_task_runner.py:104} INFO - Running: ['***', 'tasks', 'run', 'dag_scraping_twitter', 'task_scrape_twitter', 'scheduled__2026-04-29T23:00:00+00:00', '--job-id', '289', '--raw', '--subdir', 'DAGS_FOLDER/dag_scraping_twitter.py', '--cfg-path', '/tmp/tmp_ui91bro']
[2026-05-07T14:58:15.941+0700] {standard_task_runner.py:105} INFO - Job 289: Subtask task_scrape_twitter
[2026-05-07T14:58:15.984+0700] {logging_mixin.py:190} WARNING - /home/***/.local/lib/python3.12/site-packages/***/settings.py:209 DeprecationWarning: The sql_alchemy_conn option in [core] has been moved to the sql_alchemy_conn option in [database] - the old setting has been used, but please update your config.
[2026-05-07T14:58:16.052+0700] {task_command.py:467} INFO - Running <TaskInstance: dag_scraping_twitter.task_scrape_twitter scheduled__2026-04-29T23:00:00+00:00 [running]> on host 3b76dc97b072
[2026-05-07T14:58:16.054+0700] {logging_mixin.py:190} WARNING - /home/***/.local/lib/python3.12/site-packages/***/settings.py:449 DeprecationWarning: The sql_alchemy_conn option in [core] has been moved to the sql_alchemy_conn option in [database] - the old setting has been used, but please update your config.
[2026-05-07T14:58:16.437+0700] {taskinstance.py:3122} INFO - Exporting env vars: AIRFLOW_CTX_DAG_OWNER='remosy_admin' AIRFLOW_CTX_DAG_ID='dag_scraping_twitter' AIRFLOW_CTX_TASK_ID='task_scrape_twitter' AIRFLOW_CTX_EXECUTION_DATE='2026-04-29T23:00:00+00:00' AIRFLOW_CTX_TRY_NUMBER='1' AIRFLOW_CTX_DAG_RUN_ID='scheduled__2026-04-29T23:00:00+00:00'
[2026-05-07T14:58:16.441+0700] {taskinstance.py:731} INFO - ::endgroup::
[2026-05-07T14:58:26.457+0700] {logging_mixin.py:190} INFO - Memulai Job Scraping Twitter (Mode Cerdas)...
[2026-05-07T14:58:26.558+0700] {logging_mixin.py:190} INFO - Database saat ini memiliki 137 tweet.
[2026-05-07T14:58:26.559+0700] {logging_mixin.py:190} INFO - Mencari Tweet: unsika...
[2026-05-07T15:03:46.773+0700] {job.py:229} INFO - Heartbeat recovered after 124.48 seconds
[2026-05-07T15:06:50.741+0700] {job.py:229} INFO - Heartbeat recovered after 96.84 seconds
[2026-05-07T15:06:52.146+0700] {logging_mixin.py:190} INFO - Mencari Tweet: universitas singaperbangsa karawang...
[2026-05-07T15:10:52.941+0700] {logging_mixin.py:190} INFO - Mencari Tweet: mahasiswa unsika...
[2026-05-07T15:17:15.813+0700] {logging_mixin.py:190} INFO - Job Twitter Selesai. Total 0 tweet baru tersimpan.
[2026-05-07T15:17:15.859+0700] {python.py:240} INFO - Done. Returned value was: None
[2026-05-07T15:17:16.436+0700] {taskinstance.py:340} INFO - ::group::Post task execution logs
[2026-05-07T15:17:16.447+0700] {taskinstance.py:352} INFO - Marking task as SUCCESS. dag_id=dag_scraping_twitter, task_id=task_scrape_twitter, run_id=scheduled__2026-04-29T23:00:00+00:00, execution_date=20260429T230000, start_date=20260507T075815, end_date=20260507T081716
[2026-05-07T15:17:16.680+0700] {local_task_job_runner.py:261} INFO - Task exited with return code 0
[2026-05-07T15:17:16.900+0700] {taskinstance.py:3891} INFO - 1 downstream tasks scheduled from follow-on schedule check
[2026-05-07T15:17:16.906+0700] {local_task_job_runner.py:240} INFO - ::endgroup::
