[2026-06-02T09:12:50.392+0700] {local_task_job_runner.py:123} INFO - ::group::Pre task execution logs
[2026-06-02T09:12:50.415+0700] {taskinstance.py:2603} INFO - Dependencies all met for dep_context=non-requeueable deps ti=<TaskInstance: dag_scraping_daily.task_scrape_news scheduled__2026-06-01T05:00:00+00:00 [queued]>
[2026-06-02T09:12:50.427+0700] {taskinstance.py:2603} INFO - Dependencies all met for dep_context=requeueable deps ti=<TaskInstance: dag_scraping_daily.task_scrape_news scheduled__2026-06-01T05:00:00+00:00 [queued]>
[2026-06-02T09:12:50.428+0700] {taskinstance.py:2856} INFO - Starting attempt 1 of 2
[2026-06-02T09:12:50.447+0700] {taskinstance.py:2879} INFO - Executing <Task(PythonOperator): task_scrape_news> on 2026-06-01 05:00:00+00:00
[2026-06-02T09:12:50.465+0700] {logging_mixin.py:190} WARNING - /home/***/.local/lib/python3.12/site-packages/***/task/task_runner/standard_task_runner.py:70 DeprecationWarning: This process (pid=189) is multi-threaded, use of fork() may lead to deadlocks in the child.
[2026-06-02T09:12:50.463+0700] {standard_task_runner.py:104} INFO - Running: ['***', 'tasks', 'run', 'dag_scraping_daily', 'task_scrape_news', 'scheduled__2026-06-01T05:00:00+00:00', '--job-id', '368', '--raw', '--subdir', 'DAGS_FOLDER/dag_scraping_daily.py', '--cfg-path', '/tmp/tmp86mpd61w']
[2026-06-02T09:12:50.472+0700] {standard_task_runner.py:72} INFO - Started process 196 to run task
[2026-06-02T09:12:50.472+0700] {standard_task_runner.py:105} INFO - Job 368: Subtask task_scrape_news
[2026-06-02T09:12:50.501+0700] {logging_mixin.py:190} WARNING - /home/***/.local/lib/python3.12/site-packages/***/settings.py:209 DeprecationWarning: The sql_alchemy_conn option in [core] has been moved to the sql_alchemy_conn option in [database] - the old setting has been used, but please update your config.
[2026-06-02T09:12:50.570+0700] {task_command.py:467} INFO - Running <TaskInstance: dag_scraping_daily.task_scrape_news scheduled__2026-06-01T05:00:00+00:00 [running]> on host aebac9d8a9bd
[2026-06-02T09:12:50.572+0700] {logging_mixin.py:190} WARNING - /home/***/.local/lib/python3.12/site-packages/***/settings.py:449 DeprecationWarning: The sql_alchemy_conn option in [core] has been moved to the sql_alchemy_conn option in [database] - the old setting has been used, but please update your config.
[2026-06-02T09:12:50.736+0700] {taskinstance.py:3122} INFO - Exporting env vars: AIRFLOW_CTX_DAG_OWNER='remosy_admin' AIRFLOW_CTX_DAG_ID='dag_scraping_daily' AIRFLOW_CTX_TASK_ID='task_scrape_news' AIRFLOW_CTX_EXECUTION_DATE='2026-06-01T05:00:00+00:00' AIRFLOW_CTX_TRY_NUMBER='1' AIRFLOW_CTX_DAG_RUN_ID='scheduled__2026-06-01T05:00:00+00:00'
[2026-06-02T09:12:50.737+0700] {taskinstance.py:731} INFO - ::endgroup::
[2026-06-02T09:12:54.996+0700] {logging_mixin.py:190} INFO - 🚀 Memulai Job Scraping Google News (Mode Dinamis via Database)...
[2026-06-02T09:12:55.037+0700] {logging_mixin.py:190} INFO - 📋 Menggunakan 4 Kata Kunci dari Database: ['UNSIKA', 'Universitas Singaperbangsa Karawang', 'Unsika', 'Rektor UNSIKA']
[2026-06-02T09:12:55.058+0700] {logging_mixin.py:190} INFO - 📚 Database memiliki 458 berita lama.
[2026-06-02T09:12:55.059+0700] {logging_mixin.py:190} INFO - 🔎 Sedang mencari: 'UNSIKA'...
[2026-06-02T09:12:56.285+0700] {logging_mixin.py:190} INFO -    ✅ Menyimpan 5 berita BARU.
[2026-06-02T09:12:56.286+0700] {logging_mixin.py:190} INFO - 🔎 Sedang mencari: 'Universitas Singaperbangsa Karawang'...
[2026-06-02T09:12:57.544+0700] {logging_mixin.py:190} INFO -    ✅ Menyimpan 3 berita BARU.
[2026-06-02T09:12:57.547+0700] {logging_mixin.py:190} INFO - 🔎 Sedang mencari: 'Unsika'...
[2026-06-02T09:12:58.531+0700] {logging_mixin.py:190} INFO -    ✅ Menyimpan 2 berita BARU.
[2026-06-02T09:12:58.532+0700] {logging_mixin.py:190} INFO - 🔎 Sedang mencari: 'Rektor UNSIKA'...
[2026-06-02T09:12:59.420+0700] {logging_mixin.py:190} INFO -    ✅ Menyimpan 2 berita BARU.
[2026-06-02T09:12:59.421+0700] {logging_mixin.py:190} INFO - 🏁 Job Selesai. Total 12 berita baru ditambahkan hari ini.
[2026-06-02T09:12:59.422+0700] {python.py:240} INFO - Done. Returned value was: None
[2026-06-02T09:12:59.435+0700] {taskinstance.py:340} INFO - ::group::Post task execution logs
[2026-06-02T09:12:59.436+0700] {taskinstance.py:352} INFO - Marking task as SUCCESS. dag_id=dag_scraping_daily, task_id=task_scrape_news, run_id=scheduled__2026-06-01T05:00:00+00:00, execution_date=20260601T050000, start_date=20260602T021250, end_date=20260602T021259
[2026-06-02T09:12:59.478+0700] {local_task_job_runner.py:261} INFO - Task exited with return code 0
[2026-06-02T09:12:59.517+0700] {taskinstance.py:3891} INFO - 1 downstream tasks scheduled from follow-on schedule check
[2026-06-02T09:12:59.523+0700] {local_task_job_runner.py:240} INFO - ::endgroup::
