[2026-06-25T12:03:23.100+0700] {local_task_job_runner.py:123} INFO - ::group::Pre task execution logs
[2026-06-25T12:03:23.197+0700] {taskinstance.py:2603} INFO - Dependencies all met for dep_context=non-requeueable deps ti=<TaskInstance: remosy_master_end_to_end.scrape_news scheduled__2026-06-24T17:00:00+00:00 [queued]>
[2026-06-25T12:03:23.252+0700] {taskinstance.py:2603} INFO - Dependencies all met for dep_context=requeueable deps ti=<TaskInstance: remosy_master_end_to_end.scrape_news scheduled__2026-06-24T17:00:00+00:00 [queued]>
[2026-06-25T12:03:23.253+0700] {taskinstance.py:2856} INFO - Starting attempt 1 of 1
[2026-06-25T12:03:23.347+0700] {taskinstance.py:2879} INFO - Executing <Task(PythonOperator): scrape_news> on 2026-06-24 17:00:00+00:00
[2026-06-25T12:03:23.447+0700] {logging_mixin.py:190} WARNING - /home/***/.local/lib/python3.12/site-packages/***/task/task_runner/standard_task_runner.py:70 DeprecationWarning: This process (pid=29613) is multi-threaded, use of fork() may lead to deadlocks in the child.
[2026-06-25T12:03:23.450+0700] {standard_task_runner.py:72} INFO - Started process 29621 to run task
[2026-06-25T12:03:23.445+0700] {standard_task_runner.py:104} INFO - Running: ['***', 'tasks', 'run', 'remosy_master_end_to_end', 'scrape_news', 'scheduled__2026-06-24T17:00:00+00:00', '--job-id', '657', '--raw', '--subdir', 'DAGS_FOLDER/dag_remosy_master.py', '--cfg-path', '/tmp/tmpqkvqdf_v']
[2026-06-25T12:03:23.452+0700] {standard_task_runner.py:105} INFO - Job 657: Subtask scrape_news
[2026-06-25T12:03:23.503+0700] {logging_mixin.py:190} WARNING - /home/***/.local/lib/python3.12/site-packages/***/settings.py:209 DeprecationWarning: The sql_alchemy_conn option in [core] has been moved to the sql_alchemy_conn option in [database] - the old setting has been used, but please update your config.
[2026-06-25T12:03:23.640+0700] {task_command.py:467} INFO - Running <TaskInstance: remosy_master_end_to_end.scrape_news scheduled__2026-06-24T17:00:00+00:00 [running]> on host 6737c8fa3ad3
[2026-06-25T12:03:23.644+0700] {logging_mixin.py:190} WARNING - /home/***/.local/lib/python3.12/site-packages/***/settings.py:449 DeprecationWarning: The sql_alchemy_conn option in [core] has been moved to the sql_alchemy_conn option in [database] - the old setting has been used, but please update your config.
[2026-06-25T12:03:24.289+0700] {taskinstance.py:3122} INFO - Exporting env vars: AIRFLOW_CTX_DAG_OWNER='remosy' AIRFLOW_CTX_DAG_ID='remosy_master_end_to_end' AIRFLOW_CTX_TASK_ID='scrape_news' AIRFLOW_CTX_EXECUTION_DATE='2026-06-24T17:00:00+00:00' AIRFLOW_CTX_TRY_NUMBER='1' AIRFLOW_CTX_DAG_RUN_ID='scheduled__2026-06-24T17:00:00+00:00'
[2026-06-25T12:03:24.294+0700] {taskinstance.py:731} INFO - ::endgroup::
[2026-06-25T12:03:31.652+0700] {logging_mixin.py:190} INFO - 🚀 Memulai Job Scraping Google News (Relational Schema)...
[2026-06-25T12:03:31.809+0700] {logging_mixin.py:190} INFO - 🔎 Sedang mencari: 'UNSIKA' (ID: 1)...
[2026-06-25T12:03:31.928+0700] {logging_mixin.py:190} INFO -    ❌ Error scraping 'UNSIKA': HTTPSConnectionPool(host='news.google.com', port=443): Max retries exceeded with url: /rss/search?q=UNSIKA&hl=id-ID&gl=ID&ceid=ID%3Aid (Caused by NameResolutionError("<urllib3.connection.HTTPSConnection object at 0x72dc8c5d0740>: Failed to resolve 'news.google.com' ([Errno -2] Name or service not known)"))
[2026-06-25T12:03:31.941+0700] {logging_mixin.py:190} INFO -    ⚠️ Tidak ditemukan berita.
[2026-06-25T12:03:31.942+0700] {logging_mixin.py:190} INFO - 🔎 Sedang mencari: 'Universitas Singaperbangsa Karawang' (ID: 2)...
[2026-06-25T12:03:31.949+0700] {logging_mixin.py:190} INFO -    ❌ Error scraping 'Universitas Singaperbangsa Karawang': HTTPSConnectionPool(host='news.google.com', port=443): Max retries exceeded with url: /rss/search?q=Universitas%20Singaperbangsa%20Karawang&hl=id-ID&gl=ID&ceid=ID%3Aid (Caused by NameResolutionError("<urllib3.connection.HTTPSConnection object at 0x72dc86ba10d0>: Failed to resolve 'news.google.com' ([Errno -2] Name or service not known)"))
[2026-06-25T12:03:31.950+0700] {logging_mixin.py:190} INFO -    ⚠️ Tidak ditemukan berita.
[2026-06-25T12:03:31.952+0700] {logging_mixin.py:190} INFO - 🔎 Sedang mencari: 'unsikuy' (ID: 3)...
[2026-06-25T12:03:31.961+0700] {logging_mixin.py:190} INFO -    ❌ Error scraping 'unsikuy': HTTPSConnectionPool(host='news.google.com', port=443): Max retries exceeded with url: /rss/search?q=unsikuy&hl=id-ID&gl=ID&ceid=ID%3Aid (Caused by NameResolutionError("<urllib3.connection.HTTPSConnection object at 0x72dc86ba1b50>: Failed to resolve 'news.google.com' ([Errno -2] Name or service not known)"))
[2026-06-25T12:03:31.962+0700] {logging_mixin.py:190} INFO -    ⚠️ Tidak ditemukan berita.
[2026-06-25T12:03:31.964+0700] {logging_mixin.py:190} INFO - 🔎 Sedang mencari: 'Fasilkom UNSIKA' (ID: 4)...
[2026-06-25T12:03:31.972+0700] {logging_mixin.py:190} INFO -    ❌ Error scraping 'Fasilkom UNSIKA': HTTPSConnectionPool(host='news.google.com', port=443): Max retries exceeded with url: /rss/search?q=Fasilkom%20UNSIKA&hl=id-ID&gl=ID&ceid=ID%3Aid (Caused by NameResolutionError("<urllib3.connection.HTTPSConnection object at 0x72dc86ba0c50>: Failed to resolve 'news.google.com' ([Errno -2] Name or service not known)"))
[2026-06-25T12:03:31.974+0700] {logging_mixin.py:190} INFO -    ⚠️ Tidak ditemukan berita.
[2026-06-25T12:03:31.974+0700] {logging_mixin.py:190} INFO - 🏁 Job Selesai. Total 0 berita baru.
[2026-06-25T12:03:31.975+0700] {python.py:240} INFO - Done. Returned value was: None
[2026-06-25T12:03:31.988+0700] {taskinstance.py:340} INFO - ::group::Post task execution logs
[2026-06-25T12:03:31.990+0700] {taskinstance.py:352} INFO - Marking task as SUCCESS. dag_id=remosy_master_end_to_end, task_id=scrape_news, run_id=scheduled__2026-06-24T17:00:00+00:00, execution_date=20260624T170000, start_date=20260625T050323, end_date=20260625T050331
[2026-06-25T12:03:32.072+0700] {local_task_job_runner.py:261} INFO - Task exited with return code 0
[2026-06-25T12:03:32.106+0700] {taskinstance.py:3891} INFO - 1 downstream tasks scheduled from follow-on schedule check
[2026-06-25T12:03:32.109+0700] {local_task_job_runner.py:240} INFO - ::endgroup::
