[2026-06-22T08:54:56.041+0700] {local_task_job_runner.py:123} INFO - ::group::Pre task execution logs
[2026-06-22T08:54:56.059+0700] {taskinstance.py:2603} INFO - Dependencies all met for dep_context=non-requeueable deps ti=<TaskInstance: remosy_master_end_to_end.scrape_twitter manual__2026-06-22T01:54:55.464106+00:00 [queued]>
[2026-06-22T08:54:56.071+0700] {taskinstance.py:2603} INFO - Dependencies all met for dep_context=requeueable deps ti=<TaskInstance: remosy_master_end_to_end.scrape_twitter manual__2026-06-22T01:54:55.464106+00:00 [queued]>
[2026-06-22T08:54:56.072+0700] {taskinstance.py:2856} INFO - Starting attempt 1 of 1
[2026-06-22T08:54:56.087+0700] {taskinstance.py:2879} INFO - Executing <Task(PythonOperator): scrape_twitter> on 2026-06-22 01:54:55.464106+00:00
[2026-06-22T08:54:56.100+0700] {logging_mixin.py:190} WARNING - /home/***/.local/lib/python3.12/site-packages/***/task/task_runner/standard_task_runner.py:70 DeprecationWarning: This process (pid=3287) is multi-threaded, use of fork() may lead to deadlocks in the child.
[2026-06-22T08:54:56.102+0700] {standard_task_runner.py:72} INFO - Started process 3289 to run task
[2026-06-22T08:54:56.101+0700] {standard_task_runner.py:104} INFO - Running: ['***', 'tasks', 'run', 'remosy_master_end_to_end', 'scrape_twitter', 'manual__2026-06-22T01:54:55.464106+00:00', '--job-id', '584', '--raw', '--subdir', 'DAGS_FOLDER/dag_remosy_master.py', '--cfg-path', '/tmp/tmpmfh_mu6h']
[2026-06-22T08:54:56.104+0700] {standard_task_runner.py:105} INFO - Job 584: Subtask scrape_twitter
[2026-06-22T08:54:56.121+0700] {logging_mixin.py:190} WARNING - /home/***/.local/lib/python3.12/site-packages/***/settings.py:209 DeprecationWarning: The sql_alchemy_conn option in [core] has been moved to the sql_alchemy_conn option in [database] - the old setting has been used, but please update your config.
[2026-06-22T08:54:56.163+0700] {task_command.py:467} INFO - Running <TaskInstance: remosy_master_end_to_end.scrape_twitter manual__2026-06-22T01:54:55.464106+00:00 [running]> on host df0dddc984af
[2026-06-22T08:54:56.267+0700] {taskinstance.py:3122} INFO - Exporting env vars: AIRFLOW_CTX_DAG_OWNER='remosy' AIRFLOW_CTX_DAG_ID='remosy_master_end_to_end' AIRFLOW_CTX_TASK_ID='scrape_twitter' AIRFLOW_CTX_EXECUTION_DATE='2026-06-22T01:54:55.464106+00:00' AIRFLOW_CTX_TRY_NUMBER='1' AIRFLOW_CTX_DAG_RUN_ID='manual__2026-06-22T01:54:55.464106+00:00'
[2026-06-22T08:54:56.269+0700] {taskinstance.py:731} INFO - ::endgroup::
[2026-06-22T08:54:57.683+0700] {logging_mixin.py:190} INFO - Memulai Job Scraping Twitter (Relational Schema)...
[2026-06-22T08:54:57.724+0700] {logging_mixin.py:190} INFO - Mencari Tweet: UNSIKA...
[2026-06-22T08:55:18.343+0700] {logging_mixin.py:190} INFO - Mencari Tweet: Universitas Singaperbangsa Karawang...
[2026-06-22T08:57:45.787+0700] {logging_mixin.py:190} INFO - Mencari Tweet: unsikuy...
[2026-06-22T08:57:51.939+0700] {logging_mixin.py:190} INFO - Job Twitter Selesai. Total 0 tweet baru tersimpan.
[2026-06-22T08:57:51.941+0700] {python.py:240} INFO - Done. Returned value was: None
[2026-06-22T08:57:51.960+0700] {taskinstance.py:340} INFO - ::group::Post task execution logs
[2026-06-22T08:57:51.961+0700] {taskinstance.py:352} INFO - Marking task as SUCCESS. dag_id=remosy_master_end_to_end, task_id=scrape_twitter, run_id=manual__2026-06-22T01:54:55.464106+00:00, execution_date=20260622T015455, start_date=20260622T015456, end_date=20260622T015751
[2026-06-22T08:57:52.028+0700] {local_task_job_runner.py:261} INFO - Task exited with return code 0
[2026-06-22T08:57:52.087+0700] {taskinstance.py:3891} INFO - 1 downstream tasks scheduled from follow-on schedule check
[2026-06-22T08:57:52.091+0700] {local_task_job_runner.py:240} INFO - ::endgroup::
