[2026-06-22T08:31:26.891+0700] {local_task_job_runner.py:123} INFO - ::group::Pre task execution logs
[2026-06-22T08:31:26.969+0700] {taskinstance.py:2603} INFO - Dependencies all met for dep_context=non-requeueable deps ti=<TaskInstance: remosy_master_end_to_end.scrape_news scheduled__2026-06-20T17:00:00+00:00 [queued]>
[2026-06-22T08:31:26.990+0700] {taskinstance.py:2603} INFO - Dependencies all met for dep_context=requeueable deps ti=<TaskInstance: remosy_master_end_to_end.scrape_news scheduled__2026-06-20T17:00:00+00:00 [queued]>
[2026-06-22T08:31:26.994+0700] {taskinstance.py:2856} INFO - Starting attempt 1 of 1
[2026-06-22T08:31:27.050+0700] {taskinstance.py:2879} INFO - Executing <Task(PythonOperator): scrape_news> on 2026-06-20 17:00:00+00:00
[2026-06-22T08:31:27.092+0700] {standard_task_runner.py:104} INFO - Running: ['***', 'tasks', 'run', 'remosy_master_end_to_end', 'scrape_news', 'scheduled__2026-06-20T17:00:00+00:00', '--job-id', '557', '--raw', '--subdir', 'DAGS_FOLDER/dag_remosy_master.py', '--cfg-path', '/tmp/tmpewzupf_e']
[2026-06-22T08:31:27.115+0700] {standard_task_runner.py:105} INFO - Job 557: Subtask scrape_news
[2026-06-22T08:31:27.104+0700] {logging_mixin.py:190} WARNING - /home/***/.local/lib/python3.12/site-packages/***/task/task_runner/standard_task_runner.py:70 DeprecationWarning: This process (pid=192) is multi-threaded, use of fork() may lead to deadlocks in the child.
[2026-06-22T08:31:27.119+0700] {standard_task_runner.py:72} INFO - Started process 197 to run task
[2026-06-22T08:31:27.173+0700] {logging_mixin.py:190} WARNING - /home/***/.local/lib/python3.12/site-packages/***/settings.py:209 DeprecationWarning: The sql_alchemy_conn option in [core] has been moved to the sql_alchemy_conn option in [database] - the old setting has been used, but please update your config.
[2026-06-22T08:31:27.403+0700] {task_command.py:467} INFO - Running <TaskInstance: remosy_master_end_to_end.scrape_news scheduled__2026-06-20T17:00:00+00:00 [running]> on host df0dddc984af
[2026-06-22T08:31:27.404+0700] {logging_mixin.py:190} WARNING - /home/***/.local/lib/python3.12/site-packages/***/settings.py:449 DeprecationWarning: The sql_alchemy_conn option in [core] has been moved to the sql_alchemy_conn option in [database] - the old setting has been used, but please update your config.
[2026-06-22T08:31:28.214+0700] {taskinstance.py:3122} INFO - Exporting env vars: AIRFLOW_CTX_DAG_OWNER='remosy' AIRFLOW_CTX_DAG_ID='remosy_master_end_to_end' AIRFLOW_CTX_TASK_ID='scrape_news' AIRFLOW_CTX_EXECUTION_DATE='2026-06-20T17:00:00+00:00' AIRFLOW_CTX_TRY_NUMBER='1' AIRFLOW_CTX_DAG_RUN_ID='scheduled__2026-06-20T17:00:00+00:00'
[2026-06-22T08:31:28.217+0700] {taskinstance.py:731} INFO - ::endgroup::
[2026-06-22T08:31:42.709+0700] {logging_mixin.py:190} INFO - 🚀 Memulai Job Scraping Google News (Relational Schema)...
[2026-06-22T08:31:42.802+0700] {logging_mixin.py:190} INFO - 🔎 Sedang mencari: 'UNSIKA' (ID: 1)...
[2026-06-22T08:31:43.540+0700] {logging_mixin.py:190} INFO -    ⚠️ Gagal menyimpan ke DB: (psycopg2.errors.UniqueViolation) duplicate key value violates unique constraint "news_raw_url_key"
DETAIL:  Key (url)=(https://news.google.com/rss/articles/CBMi0AFBVV95cUxNVDR1QVpsd0owZWpZLUZ3WkROcEtUbnBVVmRVeEFtT0JDNnZYR0l2Y3JyMS1EV2otVks4STJ6ZldiR3lRdW1oMXRBbjRvWmJxTF9RYzljYlBKYmxQTmZ5R3pHLXlRR1YxZXIyMFJfWUtWWVQzcjNJckFXUXo0ejZnUWpkdmVScnJ6ZDJFWlNfSXhIUlVmUXJjZTNtRlR4VXNGb25na2JETFltZEFZOXA3YWVTdHNJUEhHTDdJTGpmc2sza05CdHhoblhqV1pkT2ha?oc=5) already exists.

[SQL: INSERT INTO news_raw (keyword_id, title, source, url, published_date, scraped_at) VALUES (%(keyword_id)s, %(title)s, %(source)s, %(url)s, %(published_date)s, %(scraped_at)s)]
[parameters: ({'keyword_id': 1, 'title': 'Sinergitas TNI-POLRI bersama Poktan dan Mahasiswa Unsika Melaksanakan Penanaman Pohon di Desa Karanganyar - jurnalpolisi.co.id', 'source': 'jurnalpolisi.co.id', 'url': 'https://news.google.com/rss/articles/CBMi0AFBVV95cUxNVDR1QVpsd0owZWpZLUZ3WkROcEtUbnBVVmRVeEFtT0JDNnZYR0l2Y3JyMS1EV2otVks4STJ6ZldiR3lRdW1oMXRBbjRvWmJx ... (28 characters truncated) ... R1YxZXIyMFJfWUtWWVQzcjNJckFXUXo0ejZnUWpkdmVScnJ6ZDJFWlNfSXhIUlVmUXJjZTNtRlR4VXNGb25na2JETFltZEFZOXA3YWVTdHNJUEhHTDdJTGpmc2sza05CdHhoblhqV1pkT2ha?oc=5', 'published_date': 'Sun, 21 Jun 2026 11:57:14 GMT', 'scraped_at': datetime.datetime(2026, 6, 22, 8, 31, 43, 497955)}, {'keyword_id': 1, 'title': 'Dukung Program Kampus Sehat, FIKES UNSIKA Gelar Turnamen Tenis Antar Pegawai - iNews.ID', 'source': 'iNews.ID', 'url': 'https://news.google.com/rss/articles/CBMiswFBVV95cUxPc1hMOVBjZ3NHcjN1NnBncDFnTk1yRExfZGt4Z2VkNkRZUi1GQUwwaURUdTdPS1JsZWNNUDNkZnlVdElLb0U0c2xaZjN4NkU5 ... (232 characters truncated) ... cGVBVmJuczdZeWIxa3NOc1o3WTNwTUdDdHJFaGRFa0xjN2hGSEk4d1VhZy1fVkQ0YjhfYkJVbUx0S29VcUFCWm11VVItZlA1eVloMUotMUVySWs4Y1JMQ0FHRDdXUTYwSnFHQkVOM0E2TFVR?oc=5', 'published_date': 'Sun, 21 Jun 2026 05:10:09 GMT', 'scraped_at': datetime.datetime(2026, 6, 22, 8, 31, 43, 498116)}, {'keyword_id': 1, 'title': 'Unsika Gelar Seminar Internasional BKS PTN Barat, Bahas PPG dan Literasi Lintas Budaya - iNews.ID', 'source': 'iNews.ID', 'url': 'https://news.google.com/rss/articles/CBMiwAFBVV95cUxOLWtwNFBDV3ZiajBUUUxhYm1IUE9kR1NDX0hYM0gyMnVZZldIc3h0QWZBa29manNRQ1JQa09sRzVwNHdHZlhiYUJ4anZWZXRZ ... (267 characters truncated) ... TckRVN3MwaUpCUi1CSnk3VlhzeWNkd1RkdktqbE1xNVJrMV9VU3FIRVBNM05IRHlUSTlUUndfWGN2NDNmZWpVWGxpeEhvR3V5T1FoLU44NENWMjFnMk1vRU5NWGlWSFZ5VkpiVFprU3dYams?oc=5', 'published_date': 'Fri, 19 Jun 2026 07:46:14 GMT', 'scraped_at': datetime.datetime(2026, 6, 22, 8, 31, 43, 498677)})]
(Background on this error at: https://sqlalche.me/e/14/gkpj)
[2026-06-22T08:31:43.541+0700] {logging_mixin.py:190} INFO - 🔎 Sedang mencari: 'Universitas Singaperbangsa Karawang' (ID: 2)...
[2026-06-22T08:31:44.237+0700] {logging_mixin.py:190} INFO -    ✅ Menyimpan 1 berita BARU (Relasi ID: 2).
[2026-06-22T08:31:44.238+0700] {logging_mixin.py:190} INFO - 🔎 Sedang mencari: 'unsikuy' (ID: 3)...
[2026-06-22T08:31:44.616+0700] {logging_mixin.py:190} INFO -    ⚠️ Tidak ditemukan berita.
[2026-06-22T08:31:44.617+0700] {logging_mixin.py:190} INFO - 🏁 Job Selesai. Total 1 berita baru.
[2026-06-22T08:31:44.619+0700] {python.py:240} INFO - Done. Returned value was: None
[2026-06-22T08:31:44.642+0700] {taskinstance.py:340} INFO - ::group::Post task execution logs
[2026-06-22T08:31:44.643+0700] {taskinstance.py:352} INFO - Marking task as SUCCESS. dag_id=remosy_master_end_to_end, task_id=scrape_news, run_id=scheduled__2026-06-20T17:00:00+00:00, execution_date=20260620T170000, start_date=20260622T013126, end_date=20260622T013144
[2026-06-22T08:31:44.717+0700] {local_task_job_runner.py:261} INFO - Task exited with return code 0
[2026-06-22T08:31:44.781+0700] {taskinstance.py:3891} INFO - 1 downstream tasks scheduled from follow-on schedule check
[2026-06-22T08:31:44.797+0700] {local_task_job_runner.py:240} INFO - ::endgroup::
