[2026-06-22T08:42:08.968+0700] {local_task_job_runner.py:123} INFO - ::group::Pre task execution logs
[2026-06-22T08:42:08.990+0700] {taskinstance.py:2603} INFO - Dependencies all met for dep_context=non-requeueable deps ti=<TaskInstance: remosy_master_end_to_end.scrape_news scheduled__2026-06-20T17:00:00+00:00 [queued]>
[2026-06-22T08:42:09.003+0700] {taskinstance.py:2603} INFO - Dependencies all met for dep_context=requeueable deps ti=<TaskInstance: remosy_master_end_to_end.scrape_news scheduled__2026-06-20T17:00:00+00:00 [queued]>
[2026-06-22T08:42:09.003+0700] {taskinstance.py:2856} INFO - Starting attempt 2 of 2
[2026-06-22T08:42:09.020+0700] {taskinstance.py:2879} INFO - Executing <Task(PythonOperator): scrape_news> on 2026-06-20 17:00:00+00:00
[2026-06-22T08:42:09.033+0700] {logging_mixin.py:190} WARNING - /home/***/.local/lib/python3.12/site-packages/***/task/task_runner/standard_task_runner.py:70 DeprecationWarning: This process (pid=1695) is multi-threaded, use of fork() may lead to deadlocks in the child.
[2026-06-22T08:42:09.035+0700] {standard_task_runner.py:72} INFO - Started process 1697 to run task
[2026-06-22T08:42:09.033+0700] {standard_task_runner.py:104} INFO - Running: ['***', 'tasks', 'run', 'remosy_master_end_to_end', 'scrape_news', 'scheduled__2026-06-20T17:00:00+00:00', '--job-id', '568', '--raw', '--subdir', 'DAGS_FOLDER/dag_remosy_master.py', '--cfg-path', '/tmp/tmps6yirbbo']
[2026-06-22T08:42:09.036+0700] {standard_task_runner.py:105} INFO - Job 568: Subtask scrape_news
[2026-06-22T08:42:09.063+0700] {logging_mixin.py:190} WARNING - /home/***/.local/lib/python3.12/site-packages/***/settings.py:209 DeprecationWarning: The sql_alchemy_conn option in [core] has been moved to the sql_alchemy_conn option in [database] - the old setting has been used, but please update your config.
[2026-06-22T08:42:09.115+0700] {task_command.py:467} INFO - Running <TaskInstance: remosy_master_end_to_end.scrape_news scheduled__2026-06-20T17:00:00+00:00 [running]> on host df0dddc984af
[2026-06-22T08:42:09.117+0700] {logging_mixin.py:190} WARNING - /home/***/.local/lib/python3.12/site-packages/***/settings.py:449 DeprecationWarning: The sql_alchemy_conn option in [core] has been moved to the sql_alchemy_conn option in [database] - the old setting has been used, but please update your config.
[2026-06-22T08:42:09.249+0700] {taskinstance.py:3122} INFO - Exporting env vars: AIRFLOW_CTX_DAG_OWNER='remosy' AIRFLOW_CTX_DAG_ID='remosy_master_end_to_end' AIRFLOW_CTX_TASK_ID='scrape_news' AIRFLOW_CTX_EXECUTION_DATE='2026-06-20T17:00:00+00:00' AIRFLOW_CTX_TRY_NUMBER='2' AIRFLOW_CTX_DAG_RUN_ID='scheduled__2026-06-20T17:00:00+00:00'
[2026-06-22T08:42:09.252+0700] {taskinstance.py:731} INFO - ::endgroup::
[2026-06-22T08:42:10.840+0700] {logging_mixin.py:190} INFO - 🚀 Memulai Job Scraping Google News (Relational Schema)...
[2026-06-22T08:42:11.023+0700] {logging_mixin.py:190} INFO - 🔎 Sedang mencari: 'UNSIKA' (ID: 1)...
[2026-06-22T08:42:12.919+0700] {logging_mixin.py:190} INFO -    ℹ️  Dapat berita, tapi semuanya duplikat.
[2026-06-22T08:42:12.921+0700] {logging_mixin.py:190} INFO - 🔎 Sedang mencari: 'Universitas Singaperbangsa Karawang' (ID: 2)...
[2026-06-22T08:42:13.668+0700] {logging_mixin.py:190} INFO -    ℹ️  Dapat berita, tapi semuanya duplikat.
[2026-06-22T08:42:13.675+0700] {logging_mixin.py:190} INFO - 🔎 Sedang mencari: 'unsikuy' (ID: 3)...
[2026-06-22T08:42:14.179+0700] {logging_mixin.py:190} INFO -    ⚠️ Tidak ditemukan berita.
[2026-06-22T08:42:14.181+0700] {logging_mixin.py:190} INFO - 🏁 Job Selesai. Total 0 berita baru.
[2026-06-22T08:42:14.182+0700] {python.py:240} INFO - Done. Returned value was: None
[2026-06-22T08:42:14.195+0700] {taskinstance.py:340} INFO - ::group::Post task execution logs
[2026-06-22T08:42:14.196+0700] {taskinstance.py:352} INFO - Marking task as SUCCESS. dag_id=remosy_master_end_to_end, task_id=scrape_news, run_id=scheduled__2026-06-20T17:00:00+00:00, execution_date=20260620T170000, start_date=20260622T014208, end_date=20260622T014214
[2026-06-22T08:42:14.609+0700] {local_task_job_runner.py:261} INFO - Task exited with return code 0
[2026-06-22T08:42:14.641+0700] {taskinstance.py:3891} INFO - 1 downstream tasks scheduled from follow-on schedule check
[2026-06-22T08:42:14.880+0700] {local_task_job_runner.py:240} INFO - ::endgroup::
