[2026-06-15T12:00:01.696+0700] {local_task_job_runner.py:123} INFO - ::group::Pre task execution logs
[2026-06-15T12:00:01.722+0700] {taskinstance.py:2603} INFO - Dependencies all met for dep_context=non-requeueable deps ti=<TaskInstance: remosy_master_end_to_end.scrape_twitter scheduled__2026-06-14T17:00:00+00:00 [queued]>
[2026-06-15T12:00:01.737+0700] {taskinstance.py:2603} INFO - Dependencies all met for dep_context=requeueable deps ti=<TaskInstance: remosy_master_end_to_end.scrape_twitter scheduled__2026-06-14T17:00:00+00:00 [queued]>
[2026-06-15T12:00:01.737+0700] {taskinstance.py:2856} INFO - Starting attempt 1 of 1
[2026-06-15T12:00:01.758+0700] {taskinstance.py:2879} INFO - Executing <Task(PythonOperator): scrape_twitter> on 2026-06-14 17:00:00+00:00
[2026-06-15T12:00:01.770+0700] {logging_mixin.py:190} WARNING - /home/***/.local/lib/python3.12/site-packages/***/task/task_runner/standard_task_runner.py:70 DeprecationWarning: This process (pid=38145) is multi-threaded, use of fork() may lead to deadlocks in the child.
[2026-06-15T12:00:01.770+0700] {standard_task_runner.py:104} INFO - Running: ['***', 'tasks', 'run', 'remosy_master_end_to_end', 'scrape_twitter', 'scheduled__2026-06-14T17:00:00+00:00', '--job-id', '483', '--raw', '--subdir', 'DAGS_FOLDER/dag_remosy_master.py', '--cfg-path', '/tmp/tmpoe75ivgd']
[2026-06-15T12:00:01.772+0700] {standard_task_runner.py:72} INFO - Started process 38147 to run task
[2026-06-15T12:00:01.772+0700] {standard_task_runner.py:105} INFO - Job 483: Subtask scrape_twitter
[2026-06-15T12:00:01.794+0700] {logging_mixin.py:190} WARNING - /home/***/.local/lib/python3.12/site-packages/***/settings.py:209 DeprecationWarning: The sql_alchemy_conn option in [core] has been moved to the sql_alchemy_conn option in [database] - the old setting has been used, but please update your config.
[2026-06-15T12:00:01.842+0700] {task_command.py:467} INFO - Running <TaskInstance: remosy_master_end_to_end.scrape_twitter scheduled__2026-06-14T17:00:00+00:00 [running]> on host ed381b175d5e
[2026-06-15T12:00:01.844+0700] {logging_mixin.py:190} WARNING - /home/***/.local/lib/python3.12/site-packages/***/settings.py:449 DeprecationWarning: The sql_alchemy_conn option in [core] has been moved to the sql_alchemy_conn option in [database] - the old setting has been used, but please update your config.
[2026-06-15T12:00:01.971+0700] {taskinstance.py:3122} INFO - Exporting env vars: AIRFLOW_CTX_DAG_OWNER='remosy' AIRFLOW_CTX_DAG_ID='remosy_master_end_to_end' AIRFLOW_CTX_TASK_ID='scrape_twitter' AIRFLOW_CTX_EXECUTION_DATE='2026-06-14T17:00:00+00:00' AIRFLOW_CTX_TRY_NUMBER='1' AIRFLOW_CTX_DAG_RUN_ID='scheduled__2026-06-14T17:00:00+00:00'
[2026-06-15T12:00:01.973+0700] {taskinstance.py:731} INFO - ::endgroup::
[2026-06-15T12:00:04.723+0700] {logging_mixin.py:190} INFO - Memulai Job Scraping Twitter (Relational Schema)...
[2026-06-15T12:00:04.821+0700] {logging_mixin.py:190} INFO - Mencari Tweet: UNSIKA...
[2026-06-15T12:00:37.705+0700] {logging_mixin.py:190} WARNING - /opt/***/src/scrapers/twitter_scraper.py:53 UserWarning: Could not infer format, so each element will be parsed individually, falling back to `dateutil`. To ensure parsing is consistent and as-expected, please specify a format.
[2026-06-15T12:00:37.744+0700] {logging_mixin.py:190} INFO -    ✅ Menyimpan 2 tweet BARU (Relasi ID: 1).
[2026-06-15T12:00:37.745+0700] {logging_mixin.py:190} INFO - Mencari Tweet: Universitas Singaperbangsa Karawang...
[2026-06-15T12:03:02.205+0700] {logging_mixin.py:190} WARNING - /opt/***/src/scrapers/twitter_scraper.py:53 UserWarning: Could not infer format, so each element will be parsed individually, falling back to `dateutil`. To ensure parsing is consistent and as-expected, please specify a format.
[2026-06-15T12:03:02.223+0700] {logging_mixin.py:190} INFO -    ✅ Menyimpan 3 tweet BARU (Relasi ID: 2).
[2026-06-15T12:03:02.224+0700] {logging_mixin.py:190} INFO - Mencari Tweet: unsikuy...
[2026-06-15T12:03:08.406+0700] {logging_mixin.py:190} WARNING - /opt/***/src/scrapers/twitter_scraper.py:53 UserWarning: Could not infer format, so each element will be parsed individually, falling back to `dateutil`. To ensure parsing is consistent and as-expected, please specify a format.
[2026-06-15T12:03:08.418+0700] {logging_mixin.py:190} INFO -    ✅ Menyimpan 4 tweet BARU (Relasi ID: 3).
[2026-06-15T12:03:08.420+0700] {logging_mixin.py:190} INFO - Job Twitter Selesai. Total 9 tweet baru tersimpan.
[2026-06-15T12:03:08.423+0700] {python.py:240} INFO - Done. Returned value was: None
[2026-06-15T12:03:08.466+0700] {taskinstance.py:340} INFO - ::group::Post task execution logs
[2026-06-15T12:03:08.468+0700] {taskinstance.py:352} INFO - Marking task as SUCCESS. dag_id=remosy_master_end_to_end, task_id=scrape_twitter, run_id=scheduled__2026-06-14T17:00:00+00:00, execution_date=20260614T170000, start_date=20260615T050001, end_date=20260615T050308
[2026-06-15T12:03:08.513+0700] {local_task_job_runner.py:261} INFO - Task exited with return code 0
[2026-06-15T12:03:08.576+0700] {taskinstance.py:3891} INFO - 1 downstream tasks scheduled from follow-on schedule check
[2026-06-15T12:03:08.579+0700] {local_task_job_runner.py:240} INFO - ::endgroup::
