[2026-06-14T12:01:01.031+0700] {local_task_job_runner.py:123} INFO - ::group::Pre task execution logs
[2026-06-14T12:01:01.044+0700] {taskinstance.py:2603} INFO - Dependencies all met for dep_context=non-requeueable deps ti=<TaskInstance: remosy_master_end_to_end.update_vector_db scheduled__2026-06-13T17:00:00+00:00 [queued]>
[2026-06-14T12:01:01.053+0700] {taskinstance.py:2603} INFO - Dependencies all met for dep_context=requeueable deps ti=<TaskInstance: remosy_master_end_to_end.update_vector_db scheduled__2026-06-13T17:00:00+00:00 [queued]>
[2026-06-14T12:01:01.054+0700] {taskinstance.py:2856} INFO - Starting attempt 1 of 1
[2026-06-14T12:01:01.066+0700] {taskinstance.py:2879} INFO - Executing <Task(PythonOperator): update_vector_db> on 2026-06-13 17:00:00+00:00
[2026-06-14T12:01:01.072+0700] {logging_mixin.py:190} WARNING - /home/***/.local/lib/python3.12/site-packages/***/task/task_runner/standard_task_runner.py:70 DeprecationWarning: This process (pid=284) is multi-threaded, use of fork() may lead to deadlocks in the child.
[2026-06-14T12:01:01.073+0700] {standard_task_runner.py:72} INFO - Started process 285 to run task
[2026-06-14T12:01:01.072+0700] {standard_task_runner.py:104} INFO - Running: ['***', 'tasks', 'run', 'remosy_master_end_to_end', 'update_vector_db', 'scheduled__2026-06-13T17:00:00+00:00', '--job-id', '460', '--raw', '--subdir', 'DAGS_FOLDER/dag_remosy_master.py', '--cfg-path', '/tmp/tmpge38a815']
[2026-06-14T12:01:01.074+0700] {standard_task_runner.py:105} INFO - Job 460: Subtask update_vector_db
[2026-06-14T12:01:01.086+0700] {logging_mixin.py:190} WARNING - /home/***/.local/lib/python3.12/site-packages/***/settings.py:209 DeprecationWarning: The sql_alchemy_conn option in [core] has been moved to the sql_alchemy_conn option in [database] - the old setting has been used, but please update your config.
[2026-06-14T12:01:01.114+0700] {task_command.py:467} INFO - Running <TaskInstance: remosy_master_end_to_end.update_vector_db scheduled__2026-06-13T17:00:00+00:00 [running]> on host d8c9575f30dc
[2026-06-14T12:01:01.115+0700] {logging_mixin.py:190} WARNING - /home/***/.local/lib/python3.12/site-packages/***/settings.py:449 DeprecationWarning: The sql_alchemy_conn option in [core] has been moved to the sql_alchemy_conn option in [database] - the old setting has been used, but please update your config.
[2026-06-14T12:01:01.179+0700] {taskinstance.py:3122} INFO - Exporting env vars: AIRFLOW_CTX_DAG_OWNER='remosy' AIRFLOW_CTX_DAG_ID='remosy_master_end_to_end' AIRFLOW_CTX_TASK_ID='update_vector_db' AIRFLOW_CTX_EXECUTION_DATE='2026-06-13T17:00:00+00:00' AIRFLOW_CTX_TRY_NUMBER='1' AIRFLOW_CTX_DAG_RUN_ID='scheduled__2026-06-13T17:00:00+00:00'
[2026-06-14T12:01:01.179+0700] {taskinstance.py:731} INFO - ::endgroup::
[2026-06-14T12:01:04.603+0700] {logging_mixin.py:190} INFO - ⏳ Menyiapkan koneksi ke PostgreSQL Vector Database...
[2026-06-14T12:01:04.626+0700] {logging_mixin.py:190} INFO - ❌ Semua data kosong! Vector DB batal dibuat.
[2026-06-14T12:01:04.627+0700] {python.py:240} INFO - Done. Returned value was: None
[2026-06-14T12:01:04.634+0700] {taskinstance.py:340} INFO - ::group::Post task execution logs
[2026-06-14T12:01:04.635+0700] {taskinstance.py:352} INFO - Marking task as SUCCESS. dag_id=remosy_master_end_to_end, task_id=update_vector_db, run_id=scheduled__2026-06-13T17:00:00+00:00, execution_date=20260613T170000, start_date=20260614T050101, end_date=20260614T050104
[2026-06-14T12:01:04.698+0700] {local_task_job_runner.py:261} INFO - Task exited with return code 0
[2026-06-14T12:01:04.715+0700] {taskinstance.py:3891} INFO - 1 downstream tasks scheduled from follow-on schedule check
[2026-06-14T12:01:04.719+0700] {local_task_job_runner.py:240} INFO - ::endgroup::
