[2026-06-11T15:13:02.282+0700] {local_task_job_runner.py:123} INFO - ::group::Pre task execution logs
[2026-06-11T15:13:02.309+0700] {taskinstance.py:2603} INFO - Dependencies all met for dep_context=non-requeueable deps ti=<TaskInstance: remosy_master_end_to_end.scrape_twitter manual__2026-06-11T08:13:00.071319+00:00 [queued]>
[2026-06-11T15:13:02.332+0700] {taskinstance.py:2603} INFO - Dependencies all met for dep_context=requeueable deps ti=<TaskInstance: remosy_master_end_to_end.scrape_twitter manual__2026-06-11T08:13:00.071319+00:00 [queued]>
[2026-06-11T15:13:02.333+0700] {taskinstance.py:2856} INFO - Starting attempt 1 of 1
[2026-06-11T15:13:02.357+0700] {taskinstance.py:2879} INFO - Executing <Task(PythonOperator): scrape_twitter> on 2026-06-11 08:13:00.071319+00:00
[2026-06-11T15:13:02.378+0700] {logging_mixin.py:190} WARNING - /home/***/.local/lib/python3.12/site-packages/***/task/task_runner/standard_task_runner.py:70 DeprecationWarning: This process (pid=1434) is multi-threaded, use of fork() may lead to deadlocks in the child.
[2026-06-11T15:13:02.385+0700] {standard_task_runner.py:72} INFO - Started process 1442 to run task
[2026-06-11T15:13:02.382+0700] {standard_task_runner.py:104} INFO - Running: ['***', 'tasks', 'run', 'remosy_master_end_to_end', 'scrape_twitter', 'manual__2026-06-11T08:13:00.071319+00:00', '--job-id', '431', '--raw', '--subdir', 'DAGS_FOLDER/dag_remosy_master.py', '--cfg-path', '/tmp/tmpg77yu0v2']
[2026-06-11T15:13:02.389+0700] {standard_task_runner.py:105} INFO - Job 431: Subtask scrape_twitter
[2026-06-11T15:13:02.413+0700] {logging_mixin.py:190} WARNING - /home/***/.local/lib/python3.12/site-packages/***/settings.py:209 DeprecationWarning: The sql_alchemy_conn option in [core] has been moved to the sql_alchemy_conn option in [database] - the old setting has been used, but please update your config.
[2026-06-11T15:13:02.472+0700] {task_command.py:467} INFO - Running <TaskInstance: remosy_master_end_to_end.scrape_twitter manual__2026-06-11T08:13:00.071319+00:00 [running]> on host a1d14841ea5b
[2026-06-11T15:13:02.616+0700] {taskinstance.py:3122} INFO - Exporting env vars: AIRFLOW_CTX_DAG_OWNER='remosy' AIRFLOW_CTX_DAG_ID='remosy_master_end_to_end' AIRFLOW_CTX_TASK_ID='scrape_twitter' AIRFLOW_CTX_EXECUTION_DATE='2026-06-11T08:13:00.071319+00:00' AIRFLOW_CTX_TRY_NUMBER='1' AIRFLOW_CTX_DAG_RUN_ID='manual__2026-06-11T08:13:00.071319+00:00'
[2026-06-11T15:13:02.617+0700] {taskinstance.py:731} INFO - ::endgroup::
[2026-06-11T15:13:05.922+0700] {logging_mixin.py:190} INFO - Memulai Job Scraping Twitter (Mode Cerdas)...
[2026-06-11T15:13:06.036+0700] {logging_mixin.py:190} INFO - Database saat ini memiliki 345 tweet.
[2026-06-11T15:13:06.036+0700] {logging_mixin.py:190} INFO - Mencari Tweet: unsika...
[2026-06-11T15:20:53.180+0700] {logging_mixin.py:190} INFO -    -> Berhasil menarik 0 tweet mentah dari X.
[2026-06-11T15:20:53.189+0700] {logging_mixin.py:190} INFO - Mencari Tweet: universitas singaperbangsa karawang...
[2026-06-11T15:27:21.252+0700] {local_task_job_runner.py:127} ERROR - Received SIGTERM. Terminating subprocesses
[2026-06-11T15:27:21.377+0700] {process_utils.py:132} INFO - Sending 15 to group 1442. PIDs of all processes in the group: [1915, 1916, 1938, 1939, 1950, 1951, 1979, 1442]
[2026-06-11T15:27:21.400+0700] {process_utils.py:87} INFO - Sending the signal 15 to group 1442
[2026-06-11T15:27:21.454+0700] {process_utils.py:80} INFO - Process psutil.Process(pid=1951, status='terminated', started='15:21:34') (1951) terminated with exit code None
[2026-06-11T15:27:21.506+0700] {process_utils.py:80} INFO - Process psutil.Process(pid=1938, status='terminated', started='15:21:33') (1938) terminated with exit code None
[2026-06-11T15:27:21.469+0700] {taskinstance.py:3083} ERROR - Received SIGTERM. Terminating subprocesses.
[2026-06-11T15:27:21.658+0700] {process_utils.py:80} INFO - Process psutil.Process(pid=1939, status='terminated', started='15:21:33') (1939) terminated with exit code None
[2026-06-11T15:27:21.663+0700] {process_utils.py:80} INFO - Process psutil.Process(pid=1979, status='terminated', started='15:21:46') (1979) terminated with exit code None
[2026-06-11T15:27:21.748+0700] {taskinstance.py:3301} ERROR - Task failed with exception
Traceback (most recent call last):
  File "/home/airflow/.local/lib/python3.12/site-packages/airflow/models/taskinstance.py", line 767, in _execute_task
    result = _execute_callable(context=context, **execute_callable_kwargs)
             ^^^^^^^^^^^^^^^^^^^^^^^^^^^^^^^^^^^^^^^^^^^^^^^^^^^^^^^^^^^^^
  File "/home/airflow/.local/lib/python3.12/site-packages/airflow/models/taskinstance.py", line 733, in _execute_callable
    return ExecutionCallableRunner(
           ^^^^^^^^^^^^^^^^^^^^^^^^
  File "/home/airflow/.local/lib/python3.12/site-packages/airflow/utils/operator_helpers.py", line 252, in run
    return self.func(*args, **kwargs)
           ^^^^^^^^^^^^^^^^^^^^^^^^^^
  File "/home/airflow/.local/lib/python3.12/site-packages/airflow/models/baseoperator.py", line 406, in wrapper
    return func(self, *args, **kwargs)
           ^^^^^^^^^^^^^^^^^^^^^^^^^^^
  File "/home/airflow/.local/lib/python3.12/site-packages/airflow/operators/python.py", line 238, in execute
    return_value = self.execute_callable()
                   ^^^^^^^^^^^^^^^^^^^^^^^
  File "/home/airflow/.local/lib/python3.12/site-packages/airflow/operators/python.py", line 256, in execute_callable
    return runner.run(*self.op_args, **self.op_kwargs)
           ^^^^^^^^^^^^^^^^^^^^^^^^^^^^^^^^^^^^^^^^^^^
  File "/home/airflow/.local/lib/python3.12/site-packages/airflow/utils/operator_helpers.py", line 252, in run
    return self.func(*args, **kwargs)
           ^^^^^^^^^^^^^^^^^^^^^^^^^^
  File "/opt/airflow/dags/dag_remosy_master.py", line 15, in scrape_twitter
    run_twitter_scraping_job()
  File "/opt/airflow/src/scrapers/twitter_scraper.py", line 108, in run_twitter_scraping_job
    df = scraper.scrape(keyword, max_items=50)
         ^^^^^^^^^^^^^^^^^^^^^^^^^^^^^^^^^^^^^
  File "/opt/airflow/src/scrapers/twitter_scraper.py", line 40, in scrape
    process = subprocess.run(command, shell=True, capture_output=True, text=True)
              ^^^^^^^^^^^^^^^^^^^^^^^^^^^^^^^^^^^^^^^^^^^^^^^^^^^^^^^^^^^^^^^^^^^
  File "/usr/local/lib/python3.12/subprocess.py", line 550, in run
    stdout, stderr = process.communicate(input, timeout=timeout)
                     ^^^^^^^^^^^^^^^^^^^^^^^^^^^^^^^^^^^^^^^^^^^
  File "/usr/local/lib/python3.12/subprocess.py", line 1209, in communicate
    stdout, stderr = self._communicate(input, endtime, timeout)
                     ^^^^^^^^^^^^^^^^^^^^^^^^^^^^^^^^^^^^^^^^^^
  File "/usr/local/lib/python3.12/subprocess.py", line 2115, in _communicate
    ready = selector.select(timeout)
            ^^^^^^^^^^^^^^^^^^^^^^^^
  File "/usr/local/lib/python3.12/selectors.py", line 415, in select
    fd_event_list = self._selector.poll(timeout)
                    ^^^^^^^^^^^^^^^^^^^^^^^^^^^^
  File "/home/airflow/.local/lib/python3.12/site-packages/airflow/models/taskinstance.py", line 3085, in signal_handler
    raise AirflowTaskTerminated("Task received SIGTERM signal")
airflow.exceptions.AirflowTaskTerminated: Task received SIGTERM signal
[2026-06-11T15:27:21.816+0700] {process_utils.py:80} INFO - Process psutil.Process(pid=1915, status='terminated', started='15:21:20') (1915) terminated with exit code None
[2026-06-11T15:27:21.822+0700] {taskinstance.py:1225} INFO - Marking task as FAILED. dag_id=remosy_master_end_to_end, task_id=scrape_twitter, run_id=manual__2026-06-11T08:13:00.071319+00:00, execution_date=20260611T081300, start_date=20260611T081302, end_date=20260611T082721
[2026-06-11T15:27:21.897+0700] {taskinstance.py:340} INFO - ::group::Post task execution logs
[2026-06-11T15:27:20.672+0700] {process_utils.py:80} INFO - Process psutil.Process(pid=1442, status='terminated', exitcode=2, started='15:13:01') (1442) terminated with exit code 2
[2026-06-11T15:27:20.674+0700] {process_utils.py:80} INFO - Process psutil.Process(pid=1950, status='terminated', started='15:21:34') (1950) terminated with exit code None
[2026-06-11T15:27:20.779+0700] {process_utils.py:80} INFO - Process psutil.Process(pid=1916, status='terminated', started='15:21:20') (1916) terminated with exit code None
[2026-06-11T15:27:20.781+0700] {local_task_job_runner.py:261} INFO - Task exited with return code 143
[2026-06-11T15:27:20.895+0700] {taskinstance.py:3891} INFO - 0 downstream tasks scheduled from follow-on schedule check
[2026-06-11T15:27:21.793+0700] {local_task_job_runner.py:240} INFO - ::endgroup::
