[2026-06-14T13:04:48.939+0700] {local_task_job_runner.py:123} INFO - ::group::Pre task execution logs
[2026-06-14T13:04:48.969+0700] {taskinstance.py:2603} INFO - Dependencies all met for dep_context=non-requeueable deps ti=<TaskInstance: remosy_master_end_to_end.scrape_news manual__2026-06-14T06:04:48.262881+00:00 [queued]>
[2026-06-14T13:04:49.001+0700] {taskinstance.py:2603} INFO - Dependencies all met for dep_context=requeueable deps ti=<TaskInstance: remosy_master_end_to_end.scrape_news manual__2026-06-14T06:04:48.262881+00:00 [queued]>
[2026-06-14T13:04:49.002+0700] {taskinstance.py:2856} INFO - Starting attempt 1 of 1
[2026-06-14T13:04:49.033+0700] {taskinstance.py:2879} INFO - Executing <Task(PythonOperator): scrape_news> on 2026-06-14 06:04:48.262881+00:00
[2026-06-14T13:04:49.054+0700] {logging_mixin.py:190} WARNING - /home/***/.local/lib/python3.12/site-packages/***/task/task_runner/standard_task_runner.py:70 DeprecationWarning: This process (pid=3551) is multi-threaded, use of fork() may lead to deadlocks in the child.
[2026-06-14T13:04:49.056+0700] {standard_task_runner.py:72} INFO - Started process 3552 to run task
[2026-06-14T13:04:49.048+0700] {standard_task_runner.py:104} INFO - Running: ['***', 'tasks', 'run', 'remosy_master_end_to_end', 'scrape_news', 'manual__2026-06-14T06:04:48.262881+00:00', '--job-id', '470', '--raw', '--subdir', 'DAGS_FOLDER/dag_remosy_master.py', '--cfg-path', '/tmp/tmp7zo2tjpx']
[2026-06-14T13:04:49.058+0700] {standard_task_runner.py:105} INFO - Job 470: Subtask scrape_news
[2026-06-14T13:04:49.081+0700] {logging_mixin.py:190} WARNING - /home/***/.local/lib/python3.12/site-packages/***/settings.py:209 DeprecationWarning: The sql_alchemy_conn option in [core] has been moved to the sql_alchemy_conn option in [database] - the old setting has been used, but please update your config.
[2026-06-14T13:04:49.170+0700] {task_command.py:467} INFO - Running <TaskInstance: remosy_master_end_to_end.scrape_news manual__2026-06-14T06:04:48.262881+00:00 [running]> on host d8c9575f30dc
[2026-06-14T13:04:49.343+0700] {taskinstance.py:3122} INFO - Exporting env vars: AIRFLOW_CTX_DAG_OWNER='remosy' AIRFLOW_CTX_DAG_ID='remosy_master_end_to_end' AIRFLOW_CTX_TASK_ID='scrape_news' AIRFLOW_CTX_EXECUTION_DATE='2026-06-14T06:04:48.262881+00:00' AIRFLOW_CTX_TRY_NUMBER='1' AIRFLOW_CTX_DAG_RUN_ID='manual__2026-06-14T06:04:48.262881+00:00'
[2026-06-14T13:04:49.349+0700] {taskinstance.py:731} INFO - ::endgroup::
[2026-06-14T13:04:50.524+0700] {logging_mixin.py:190} INFO - 🚀 Memulai Job Scraping Google News (Relational Schema)...
[2026-06-14T13:04:50.548+0700] {logging_mixin.py:190} INFO - 🔎 Sedang mencari: 'UNSIKA' (ID: 1)...
[2026-06-14T13:04:51.321+0700] {logging_mixin.py:190} INFO -    ✅ Menyimpan 2 berita BARU (Relasi ID: 1).
[2026-06-14T13:04:51.322+0700] {logging_mixin.py:190} INFO - 🔎 Sedang mencari: 'Universitas Singaperbangsa Karawang' (ID: 2)...
[2026-06-14T13:04:51.805+0700] {logging_mixin.py:190} INFO -    ℹ️  Dapat berita, tapi semuanya duplikat.
[2026-06-14T13:04:51.806+0700] {logging_mixin.py:190} INFO - 🔎 Sedang mencari: 'unsikuy' (ID: 3)...
[2026-06-14T13:04:52.125+0700] {logging_mixin.py:190} INFO -    ⚠️ Tidak ditemukan berita.
[2026-06-14T13:04:52.127+0700] {logging_mixin.py:190} INFO - 🏁 Job Selesai. Total 2 berita baru.
[2026-06-14T13:04:52.128+0700] {python.py:240} INFO - Done. Returned value was: None
[2026-06-14T13:04:52.144+0700] {taskinstance.py:340} INFO - ::group::Post task execution logs
[2026-06-14T13:04:52.145+0700] {taskinstance.py:352} INFO - Marking task as SUCCESS. dag_id=remosy_master_end_to_end, task_id=scrape_news, run_id=manual__2026-06-14T06:04:48.262881+00:00, execution_date=20260614T060448, start_date=20260614T060448, end_date=20260614T060452
[2026-06-14T13:04:52.208+0700] {local_task_job_runner.py:261} INFO - Task exited with return code 0
[2026-06-14T13:04:52.236+0700] {taskinstance.py:3891} INFO - 1 downstream tasks scheduled from follow-on schedule check
[2026-06-14T13:04:52.244+0700] {local_task_job_runner.py:240} INFO - ::endgroup::
