[2026-06-06T12:00:01.247+0700] {local_task_job_runner.py:123} INFO - ::group::Pre task execution logs
[2026-06-06T12:00:01.274+0700] {taskinstance.py:2603} INFO - Dependencies all met for dep_context=non-requeueable deps ti=<TaskInstance: dag_scraping_daily.task_scrape_news scheduled__2026-06-05T17:00:00+00:00 [queued]>
[2026-06-06T12:00:01.291+0700] {taskinstance.py:2603} INFO - Dependencies all met for dep_context=requeueable deps ti=<TaskInstance: dag_scraping_daily.task_scrape_news scheduled__2026-06-05T17:00:00+00:00 [queued]>
[2026-06-06T12:00:01.292+0700] {taskinstance.py:2856} INFO - Starting attempt 1 of 2
[2026-06-06T12:00:01.311+0700] {taskinstance.py:2879} INFO - Executing <Task(PythonOperator): task_scrape_news> on 2026-06-05 17:00:00+00:00
[2026-06-06T12:00:01.324+0700] {standard_task_runner.py:104} INFO - Running: ['***', 'tasks', 'run', 'dag_scraping_daily', 'task_scrape_news', 'scheduled__2026-06-05T17:00:00+00:00', '--job-id', '400', '--raw', '--subdir', 'DAGS_FOLDER/dag_scraping_daily.py', '--cfg-path', '/tmp/tmp1urvmnzy']
[2026-06-06T12:00:01.327+0700] {logging_mixin.py:190} WARNING - /home/***/.local/lib/python3.12/site-packages/***/task/task_runner/standard_task_runner.py:70 DeprecationWarning: This process (pid=9024) is multi-threaded, use of fork() may lead to deadlocks in the child.
[2026-06-06T12:00:01.330+0700] {standard_task_runner.py:105} INFO - Job 400: Subtask task_scrape_news
[2026-06-06T12:00:01.330+0700] {standard_task_runner.py:72} INFO - Started process 9025 to run task
[2026-06-06T12:00:01.362+0700] {logging_mixin.py:190} WARNING - /home/***/.local/lib/python3.12/site-packages/***/settings.py:209 DeprecationWarning: The sql_alchemy_conn option in [core] has been moved to the sql_alchemy_conn option in [database] - the old setting has been used, but please update your config.
[2026-06-06T12:00:01.417+0700] {task_command.py:467} INFO - Running <TaskInstance: dag_scraping_daily.task_scrape_news scheduled__2026-06-05T17:00:00+00:00 [running]> on host 858b456a679e
[2026-06-06T12:00:01.419+0700] {logging_mixin.py:190} WARNING - /home/***/.local/lib/python3.12/site-packages/***/settings.py:449 DeprecationWarning: The sql_alchemy_conn option in [core] has been moved to the sql_alchemy_conn option in [database] - the old setting has been used, but please update your config.
[2026-06-06T12:00:01.560+0700] {taskinstance.py:3122} INFO - Exporting env vars: AIRFLOW_CTX_DAG_OWNER='remosy_admin' AIRFLOW_CTX_DAG_ID='dag_scraping_daily' AIRFLOW_CTX_TASK_ID='task_scrape_news' AIRFLOW_CTX_EXECUTION_DATE='2026-06-05T17:00:00+00:00' AIRFLOW_CTX_TRY_NUMBER='1' AIRFLOW_CTX_DAG_RUN_ID='scheduled__2026-06-05T17:00:00+00:00'
[2026-06-06T12:00:01.563+0700] {taskinstance.py:731} INFO - ::endgroup::
[2026-06-06T12:00:04.450+0700] {logging_mixin.py:190} INFO - 🚀 Memulai Job Scraping Google News (Mode Dinamis via Database)...
[2026-06-06T12:00:04.486+0700] {logging_mixin.py:190} INFO - 📋 Menggunakan 4 Kata Kunci dari Database: ['UNSIKA', 'Universitas Singaperbangsa Karawang', 'Unsika', 'Rektor UNSIKA']
[2026-06-06T12:00:04.495+0700] {logging_mixin.py:190} INFO - 📚 Database memiliki 481 berita lama.
[2026-06-06T12:00:04.495+0700] {logging_mixin.py:190} INFO - 🔎 Sedang mencari: 'UNSIKA'...
[2026-06-06T12:00:05.592+0700] {logging_mixin.py:190} INFO -    ℹ️  Dapat berita, tapi semuanya duplikat (Skip).
[2026-06-06T12:00:05.596+0700] {logging_mixin.py:190} INFO - 🔎 Sedang mencari: 'Universitas Singaperbangsa Karawang'...
[2026-06-06T12:00:06.445+0700] {logging_mixin.py:190} INFO -    ✅ Menyimpan 3 berita BARU.
[2026-06-06T12:00:06.447+0700] {logging_mixin.py:190} INFO - 🔎 Sedang mencari: 'Unsika'...
[2026-06-06T12:00:07.100+0700] {logging_mixin.py:190} INFO -    ℹ️  Dapat berita, tapi semuanya duplikat (Skip).
[2026-06-06T12:00:07.101+0700] {logging_mixin.py:190} INFO - 🔎 Sedang mencari: 'Rektor UNSIKA'...
[2026-06-06T12:00:07.680+0700] {logging_mixin.py:190} INFO -    ✅ Menyimpan 1 berita BARU.
[2026-06-06T12:00:07.681+0700] {logging_mixin.py:190} INFO - 🏁 Job Selesai. Total 4 berita baru ditambahkan hari ini.
[2026-06-06T12:00:07.682+0700] {python.py:240} INFO - Done. Returned value was: None
[2026-06-06T12:00:07.695+0700] {taskinstance.py:340} INFO - ::group::Post task execution logs
[2026-06-06T12:00:07.696+0700] {taskinstance.py:352} INFO - Marking task as SUCCESS. dag_id=dag_scraping_daily, task_id=task_scrape_news, run_id=scheduled__2026-06-05T17:00:00+00:00, execution_date=20260605T170000, start_date=20260606T050001, end_date=20260606T050007
[2026-06-06T12:00:07.741+0700] {local_task_job_runner.py:261} INFO - Task exited with return code 0
[2026-06-06T12:00:07.767+0700] {taskinstance.py:3891} INFO - 1 downstream tasks scheduled from follow-on schedule check
[2026-06-06T12:00:07.770+0700] {local_task_job_runner.py:240} INFO - ::endgroup::
