[2026-06-06T09:11:36.959+0700] {local_task_job_runner.py:123} INFO - ::group::Pre task execution logs
[2026-06-06T09:11:36.983+0700] {taskinstance.py:2603} INFO - Dependencies all met for dep_context=non-requeueable deps ti=<TaskInstance: dag_scraping_twitter.task_scrape_twitter scheduled__2026-06-05T11:00:00+00:00 [queued]>
[2026-06-06T09:11:36.999+0700] {taskinstance.py:2603} INFO - Dependencies all met for dep_context=requeueable deps ti=<TaskInstance: dag_scraping_twitter.task_scrape_twitter scheduled__2026-06-05T11:00:00+00:00 [queued]>
[2026-06-06T09:11:37.000+0700] {taskinstance.py:2856} INFO - Starting attempt 1 of 1
[2026-06-06T09:11:37.024+0700] {taskinstance.py:2879} INFO - Executing <Task(PythonOperator): task_scrape_twitter> on 2026-06-05 11:00:00+00:00
[2026-06-06T09:11:37.038+0700] {logging_mixin.py:190} WARNING - /home/***/.local/lib/python3.12/site-packages/***/task/task_runner/standard_task_runner.py:70 DeprecationWarning: This process (pid=195) is multi-threaded, use of fork() may lead to deadlocks in the child.
[2026-06-06T09:11:37.040+0700] {standard_task_runner.py:72} INFO - Started process 201 to run task
[2026-06-06T09:11:37.041+0700] {standard_task_runner.py:104} INFO - Running: ['***', 'tasks', 'run', 'dag_scraping_twitter', 'task_scrape_twitter', 'scheduled__2026-06-05T11:00:00+00:00', '--job-id', '394', '--raw', '--subdir', 'DAGS_FOLDER/dag_scraping_twitter.py', '--cfg-path', '/tmp/tmpsoeepanl']
[2026-06-06T09:11:37.046+0700] {standard_task_runner.py:105} INFO - Job 394: Subtask task_scrape_twitter
[2026-06-06T09:11:37.069+0700] {logging_mixin.py:190} WARNING - /home/***/.local/lib/python3.12/site-packages/***/settings.py:209 DeprecationWarning: The sql_alchemy_conn option in [core] has been moved to the sql_alchemy_conn option in [database] - the old setting has been used, but please update your config.
[2026-06-06T09:11:37.124+0700] {task_command.py:467} INFO - Running <TaskInstance: dag_scraping_twitter.task_scrape_twitter scheduled__2026-06-05T11:00:00+00:00 [running]> on host af68be27e225
[2026-06-06T09:11:37.126+0700] {logging_mixin.py:190} WARNING - /home/***/.local/lib/python3.12/site-packages/***/settings.py:449 DeprecationWarning: The sql_alchemy_conn option in [core] has been moved to the sql_alchemy_conn option in [database] - the old setting has been used, but please update your config.
[2026-06-06T09:11:37.243+0700] {taskinstance.py:3122} INFO - Exporting env vars: AIRFLOW_CTX_DAG_OWNER='remosy_admin' AIRFLOW_CTX_DAG_ID='dag_scraping_twitter' AIRFLOW_CTX_TASK_ID='task_scrape_twitter' AIRFLOW_CTX_EXECUTION_DATE='2026-06-05T11:00:00+00:00' AIRFLOW_CTX_TRY_NUMBER='1' AIRFLOW_CTX_DAG_RUN_ID='scheduled__2026-06-05T11:00:00+00:00'
[2026-06-06T09:11:37.244+0700] {taskinstance.py:731} INFO - ::endgroup::
[2026-06-06T09:11:39.822+0700] {logging_mixin.py:190} INFO - Memulai Job Scraping Twitter (Mode Cerdas)...
[2026-06-06T09:11:39.874+0700] {logging_mixin.py:190} INFO - Database saat ini memiliki 304 tweet.
[2026-06-06T09:11:39.874+0700] {logging_mixin.py:190} INFO - Mencari Tweet: unsika...
[2026-06-06T09:13:20.997+0700] {local_task_job_runner.py:127} ERROR - Received SIGTERM. Terminating subprocesses
[2026-06-06T09:13:21.036+0700] {process_utils.py:132} INFO - Sending 15 to group 201. PIDs of all processes in the group: [208, 210, 587, 588, 605, 607, 608, 627, 659, 624, 201]
[2026-06-06T09:13:21.041+0700] {process_utils.py:87} INFO - Sending the signal 15 to group 201
[2026-06-06T09:13:21.082+0700] {taskinstance.py:3083} ERROR - Received SIGTERM. Terminating subprocesses.
[2026-06-06T09:13:21.182+0700] {taskinstance.py:3301} ERROR - Task failed with exception
Traceback (most recent call last):
  File "/home/airflow/.local/lib/python3.12/site-packages/airflow/models/taskinstance.py", line 767, in _execute_task
    result = _execute_callable(context=context, **execute_callable_kwargs)
             ^^^^^^^^^^^^^^^^^^^^^^^^^^^^^^^^^^^^^^^^^^^^^^^^^^^^^^^^^^^^^
  File "/home/airflow/.local/lib/python3.12/site-packages/airflow/models/taskinstance.py", line 733, in _execute_callable
    return ExecutionCallableRunner(
           ^^^^^^^^^^^^^^^^^^^^^^^^
  File "/home/airflow/.local/lib/python3.12/site-packages/airflow/utils/operator_helpers.py", line 252, in run
    return self.func(*args, **kwargs)
           ^^^^^^^^^^^^^^^^^^^^^^^^^^
  File "/home/airflow/.local/lib/python3.12/site-packages/airflow/models/baseoperator.py", line 406, in wrapper
    return func(self, *args, **kwargs)
           ^^^^^^^^^^^^^^^^^^^^^^^^^^^
  File "/home/airflow/.local/lib/python3.12/site-packages/airflow/operators/python.py", line 238, in execute
    return_value = self.execute_callable()
                   ^^^^^^^^^^^^^^^^^^^^^^^
  File "/home/airflow/.local/lib/python3.12/site-packages/airflow/operators/python.py", line 256, in execute_callable
    return runner.run(*self.op_args, **self.op_kwargs)
           ^^^^^^^^^^^^^^^^^^^^^^^^^^^^^^^^^^^^^^^^^^^
  File "/home/airflow/.local/lib/python3.12/site-packages/airflow/utils/operator_helpers.py", line 252, in run
    return self.func(*args, **kwargs)
           ^^^^^^^^^^^^^^^^^^^^^^^^^^
  File "/opt/airflow/dags/dag_scraping_twitter.py", line 12, in scrape_twitter_wrapper
    run_twitter_scraping_job()
  File "/opt/airflow/src/scrapers/twitter_scraper.py", line 108, in run_twitter_scraping_job
    df = scraper.scrape(keyword, max_items=50)
         ^^^^^^^^^^^^^^^^^^^^^^^^^^^^^^^^^^^^^
  File "/opt/airflow/src/scrapers/twitter_scraper.py", line 40, in scrape
    process = subprocess.run(command, shell=True, capture_output=True, text=True)
              ^^^^^^^^^^^^^^^^^^^^^^^^^^^^^^^^^^^^^^^^^^^^^^^^^^^^^^^^^^^^^^^^^^^
  File "/usr/local/lib/python3.12/subprocess.py", line 550, in run
    stdout, stderr = process.communicate(input, timeout=timeout)
                     ^^^^^^^^^^^^^^^^^^^^^^^^^^^^^^^^^^^^^^^^^^^
  File "/usr/local/lib/python3.12/subprocess.py", line 1209, in communicate
    stdout, stderr = self._communicate(input, endtime, timeout)
                     ^^^^^^^^^^^^^^^^^^^^^^^^^^^^^^^^^^^^^^^^^^
  File "/usr/local/lib/python3.12/subprocess.py", line 2115, in _communicate
    ready = selector.select(timeout)
            ^^^^^^^^^^^^^^^^^^^^^^^^
  File "/usr/local/lib/python3.12/selectors.py", line 415, in select
    fd_event_list = self._selector.poll(timeout)
                    ^^^^^^^^^^^^^^^^^^^^^^^^^^^^
  File "/home/airflow/.local/lib/python3.12/site-packages/airflow/models/taskinstance.py", line 3085, in signal_handler
    raise AirflowTaskTerminated("Task received SIGTERM signal")
airflow.exceptions.AirflowTaskTerminated: Task received SIGTERM signal
[2026-06-06T09:13:21.277+0700] {taskinstance.py:1225} INFO - Marking task as FAILED. dag_id=dag_scraping_twitter, task_id=task_scrape_twitter, run_id=scheduled__2026-06-05T11:00:00+00:00, execution_date=20260605T110000, start_date=20260606T021136, end_date=20260606T021321
[2026-06-06T09:13:21.399+0700] {process_utils.py:80} INFO - Process psutil.Process(pid=607, status='terminated', started='09:13:17') (607) terminated with exit code None
[2026-06-06T09:13:21.402+0700] {process_utils.py:80} INFO - Process psutil.Process(pid=624, status='terminated', started='09:13:17') (624) terminated with exit code None
[2026-06-06T09:13:21.405+0700] {process_utils.py:80} INFO - Process psutil.Process(pid=587, status='terminated', started='09:13:15') (587) terminated with exit code None
[2026-06-06T09:13:21.423+0700] {process_utils.py:80} INFO - Process psutil.Process(pid=208, status='terminated', started='09:11:38') (208) terminated with exit code None
[2026-06-06T09:13:21.439+0700] {process_utils.py:80} INFO - Process psutil.Process(pid=588, status='terminated', started='09:13:15') (588) terminated with exit code None
[2026-06-06T09:13:21.440+0700] {process_utils.py:80} INFO - Process psutil.Process(pid=627, status='terminated', started='09:13:17') (627) terminated with exit code None
[2026-06-06T09:13:21.442+0700] {process_utils.py:80} INFO - Process psutil.Process(pid=210, status='terminated', started='09:11:38') (210) terminated with exit code None
[2026-06-06T09:13:21.443+0700] {process_utils.py:80} INFO - Process psutil.Process(pid=608, status='terminated', started='09:13:17') (608) terminated with exit code None
[2026-06-06T09:13:21.444+0700] {process_utils.py:80} INFO - Process psutil.Process(pid=659, status='terminated', started='09:13:17') (659) terminated with exit code None
[2026-06-06T09:13:21.445+0700] {process_utils.py:80} INFO - Process psutil.Process(pid=605, status='terminated', started='09:13:17') (605) terminated with exit code None
[2026-06-06T09:13:21.434+0700] {taskinstance.py:340} INFO - ::group::Post task execution logs
[2026-06-06T09:13:21.506+0700] {process_utils.py:80} INFO - Process psutil.Process(pid=201, status='terminated', exitcode=2, started='09:11:36') (201) terminated with exit code 2
[2026-06-06T09:13:21.507+0700] {local_task_job_runner.py:261} INFO - Task exited with return code 143
[2026-06-06T09:13:21.587+0700] {taskinstance.py:3891} INFO - 0 downstream tasks scheduled from follow-on schedule check
[2026-06-06T09:13:22.034+0700] {standard_task_runner.py:217} INFO - Process not found (most likely exited), stop collecting metrics
[2026-06-06T09:13:23.056+0700] {local_task_job_runner.py:240} INFO - ::endgroup::
