[2026-05-25T12:00:01.218+0700] {local_task_job_runner.py:123} INFO - ::group::Pre task execution logs
[2026-05-25T12:00:01.235+0700] {taskinstance.py:2603} INFO - Dependencies all met for dep_context=non-requeueable deps ti=<TaskInstance: dag_scraping_daily.task_scrape_news scheduled__2026-05-24T17:00:00+00:00 [queued]>
[2026-05-25T12:00:01.243+0700] {taskinstance.py:2603} INFO - Dependencies all met for dep_context=requeueable deps ti=<TaskInstance: dag_scraping_daily.task_scrape_news scheduled__2026-05-24T17:00:00+00:00 [queued]>
[2026-05-25T12:00:01.243+0700] {taskinstance.py:2856} INFO - Starting attempt 1 of 2
[2026-05-25T12:00:01.257+0700] {taskinstance.py:2879} INFO - Executing <Task(PythonOperator): task_scrape_news> on 2026-05-24 17:00:00+00:00
[2026-05-25T12:00:01.264+0700] {logging_mixin.py:190} WARNING - /home/***/.local/lib/python3.12/site-packages/***/task/task_runner/standard_task_runner.py:70 DeprecationWarning: This process (pid=9967) is multi-threaded, use of fork() may lead to deadlocks in the child.
[2026-05-25T12:00:01.266+0700] {standard_task_runner.py:72} INFO - Started process 9968 to run task
[2026-05-25T12:00:01.265+0700] {standard_task_runner.py:104} INFO - Running: ['***', 'tasks', 'run', 'dag_scraping_daily', 'task_scrape_news', 'scheduled__2026-05-24T17:00:00+00:00', '--job-id', '338', '--raw', '--subdir', 'DAGS_FOLDER/dag_scraping_daily.py', '--cfg-path', '/tmp/tmp9tddjdau']
[2026-05-25T12:00:01.267+0700] {standard_task_runner.py:105} INFO - Job 338: Subtask task_scrape_news
[2026-05-25T12:00:01.281+0700] {logging_mixin.py:190} WARNING - /home/***/.local/lib/python3.12/site-packages/***/settings.py:209 DeprecationWarning: The sql_alchemy_conn option in [core] has been moved to the sql_alchemy_conn option in [database] - the old setting has been used, but please update your config.
[2026-05-25T12:00:01.315+0700] {task_command.py:467} INFO - Running <TaskInstance: dag_scraping_daily.task_scrape_news scheduled__2026-05-24T17:00:00+00:00 [running]> on host f0fa06ac8ddd
[2026-05-25T12:00:01.316+0700] {logging_mixin.py:190} WARNING - /home/***/.local/lib/python3.12/site-packages/***/settings.py:449 DeprecationWarning: The sql_alchemy_conn option in [core] has been moved to the sql_alchemy_conn option in [database] - the old setting has been used, but please update your config.
[2026-05-25T12:00:01.649+0700] {taskinstance.py:3122} INFO - Exporting env vars: AIRFLOW_CTX_DAG_OWNER='remosy_admin' AIRFLOW_CTX_DAG_ID='dag_scraping_daily' AIRFLOW_CTX_TASK_ID='task_scrape_news' AIRFLOW_CTX_EXECUTION_DATE='2026-05-24T17:00:00+00:00' AIRFLOW_CTX_TRY_NUMBER='1' AIRFLOW_CTX_DAG_RUN_ID='scheduled__2026-05-24T17:00:00+00:00'
[2026-05-25T12:00:01.649+0700] {taskinstance.py:731} INFO - ::endgroup::
[2026-05-25T12:00:02.139+0700] {logging_mixin.py:190} INFO - 🚀 Memulai Job Scraping Google News (Mode Dinamis via Database)...
[2026-05-25T12:00:02.154+0700] {logging_mixin.py:190} INFO - 📋 Menggunakan 4 Kata Kunci dari Database: ['UNSIKA', 'Universitas Singaperbangsa Karawang', 'Unsika', 'Rektor UNSIKA']
[2026-05-25T12:00:02.159+0700] {logging_mixin.py:190} INFO - 📚 Database memiliki 426 berita lama.
[2026-05-25T12:00:02.159+0700] {logging_mixin.py:190} INFO - 🔎 Sedang mencari: 'UNSIKA'...
[2026-05-25T12:00:02.171+0700] {logging_mixin.py:190} INFO -    ❌ Error scraping 'UNSIKA': HTTPSConnectionPool(host='news.google.com', port=443): Max retries exceeded with url: /rss/search?q=UNSIKA&hl=id-ID&gl=ID&ceid=ID%3Aid (Caused by NameResolutionError("<urllib3.connection.HTTPSConnection object at 0x7ced023c6de0>: Failed to resolve 'news.google.com' ([Errno -2] Name or service not known)"))
[2026-05-25T12:00:02.173+0700] {logging_mixin.py:190} INFO -    ⚠️ Tidak ditemukan berita di Google.
[2026-05-25T12:00:02.173+0700] {logging_mixin.py:190} INFO - 🔎 Sedang mencari: 'Universitas Singaperbangsa Karawang'...
[2026-05-25T12:00:02.176+0700] {logging_mixin.py:190} INFO -    ❌ Error scraping 'Universitas Singaperbangsa Karawang': HTTPSConnectionPool(host='news.google.com', port=443): Max retries exceeded with url: /rss/search?q=Universitas%20Singaperbangsa%20Karawang&hl=id-ID&gl=ID&ceid=ID%3Aid (Caused by NameResolutionError("<urllib3.connection.HTTPSConnection object at 0x7ced01c49e50>: Failed to resolve 'news.google.com' ([Errno -2] Name or service not known)"))
[2026-05-25T12:00:02.177+0700] {logging_mixin.py:190} INFO -    ⚠️ Tidak ditemukan berita di Google.
[2026-05-25T12:00:02.178+0700] {logging_mixin.py:190} INFO - 🔎 Sedang mencari: 'Unsika'...
[2026-05-25T12:00:02.181+0700] {logging_mixin.py:190} INFO -    ❌ Error scraping 'Unsika': HTTPSConnectionPool(host='news.google.com', port=443): Max retries exceeded with url: /rss/search?q=Unsika&hl=id-ID&gl=ID&ceid=ID%3Aid (Caused by NameResolutionError("<urllib3.connection.HTTPSConnection object at 0x7ced01c4ac00>: Failed to resolve 'news.google.com' ([Errno -2] Name or service not known)"))
[2026-05-25T12:00:02.183+0700] {logging_mixin.py:190} INFO -    ⚠️ Tidak ditemukan berita di Google.
[2026-05-25T12:00:02.183+0700] {logging_mixin.py:190} INFO - 🔎 Sedang mencari: 'Rektor UNSIKA'...
[2026-05-25T12:00:02.187+0700] {logging_mixin.py:190} INFO -    ❌ Error scraping 'Rektor UNSIKA': HTTPSConnectionPool(host='news.google.com', port=443): Max retries exceeded with url: /rss/search?q=Rektor%20UNSIKA&hl=id-ID&gl=ID&ceid=ID%3Aid (Caused by NameResolutionError("<urllib3.connection.HTTPSConnection object at 0x7ced01c4a000>: Failed to resolve 'news.google.com' ([Errno -2] Name or service not known)"))
[2026-05-25T12:00:02.188+0700] {logging_mixin.py:190} INFO -    ⚠️ Tidak ditemukan berita di Google.
[2026-05-25T12:00:02.188+0700] {logging_mixin.py:190} INFO - 🏁 Job Selesai. Total 0 berita baru ditambahkan hari ini.
[2026-05-25T12:00:02.189+0700] {python.py:240} INFO - Done. Returned value was: None
[2026-05-25T12:00:02.197+0700] {taskinstance.py:340} INFO - ::group::Post task execution logs
[2026-05-25T12:00:02.198+0700] {taskinstance.py:352} INFO - Marking task as SUCCESS. dag_id=dag_scraping_daily, task_id=task_scrape_news, run_id=scheduled__2026-05-24T17:00:00+00:00, execution_date=20260524T170000, start_date=20260525T050001, end_date=20260525T050002
[2026-05-25T12:00:02.246+0700] {local_task_job_runner.py:261} INFO - Task exited with return code 0
[2026-05-25T12:00:02.261+0700] {taskinstance.py:3891} INFO - 1 downstream tasks scheduled from follow-on schedule check
[2026-05-25T12:00:02.264+0700] {local_task_job_runner.py:240} INFO - ::endgroup::
