[2026-07-02T09:43:26.897+0700] {local_task_job_runner.py:123} INFO - ::group::Pre task execution logs
[2026-07-02T09:43:26.916+0700] {taskinstance.py:2603} INFO - Dependencies all met for dep_context=non-requeueable deps ti=<TaskInstance: remosy_master_end_to_end.process_news scheduled__2026-06-25T05:00:00+00:00 [queued]>
[2026-07-02T09:43:26.929+0700] {taskinstance.py:2603} INFO - Dependencies all met for dep_context=requeueable deps ti=<TaskInstance: remosy_master_end_to_end.process_news scheduled__2026-06-25T05:00:00+00:00 [queued]>
[2026-07-02T09:43:26.930+0700] {taskinstance.py:2856} INFO - Starting attempt 1 of 1
[2026-07-02T09:43:26.947+0700] {taskinstance.py:2879} INFO - Executing <Task(PythonOperator): process_news> on 2026-06-25 05:00:00+00:00
[2026-07-02T09:43:26.957+0700] {logging_mixin.py:190} WARNING - /home/***/.local/lib/python3.12/site-packages/***/task/task_runner/standard_task_runner.py:70 DeprecationWarning: This process (pid=222) is multi-threaded, use of fork() may lead to deadlocks in the child.
[2026-07-02T09:43:26.957+0700] {standard_task_runner.py:104} INFO - Running: ['***', 'tasks', 'run', 'remosy_master_end_to_end', 'process_news', 'scheduled__2026-06-25T05:00:00+00:00', '--job-id', '675', '--raw', '--subdir', 'DAGS_FOLDER/dag_remosy_master.py', '--cfg-path', '/tmp/tmpfofklhqo']
[2026-07-02T09:43:26.959+0700] {standard_task_runner.py:72} INFO - Started process 223 to run task
[2026-07-02T09:43:26.960+0700] {standard_task_runner.py:105} INFO - Job 675: Subtask process_news
[2026-07-02T09:43:26.985+0700] {logging_mixin.py:190} WARNING - /home/***/.local/lib/python3.12/site-packages/***/settings.py:209 DeprecationWarning: The sql_alchemy_conn option in [core] has been moved to the sql_alchemy_conn option in [database] - the old setting has been used, but please update your config.
[2026-07-02T09:43:27.036+0700] {task_command.py:467} INFO - Running <TaskInstance: remosy_master_end_to_end.process_news scheduled__2026-06-25T05:00:00+00:00 [running]> on host 79260bda3a39
[2026-07-02T09:43:27.038+0700] {logging_mixin.py:190} WARNING - /home/***/.local/lib/python3.12/site-packages/***/settings.py:449 DeprecationWarning: The sql_alchemy_conn option in [core] has been moved to the sql_alchemy_conn option in [database] - the old setting has been used, but please update your config.
[2026-07-02T09:43:27.126+0700] {taskinstance.py:3122} INFO - Exporting env vars: AIRFLOW_CTX_DAG_OWNER='remosy' AIRFLOW_CTX_DAG_ID='remosy_master_end_to_end' AIRFLOW_CTX_TASK_ID='process_news' AIRFLOW_CTX_EXECUTION_DATE='2026-06-25T05:00:00+00:00' AIRFLOW_CTX_TRY_NUMBER='1' AIRFLOW_CTX_DAG_RUN_ID='scheduled__2026-06-25T05:00:00+00:00'
[2026-07-02T09:43:27.127+0700] {taskinstance.py:731} INFO - ::endgroup::
[2026-07-02T09:43:41.669+0700] {logging_mixin.py:190} INFO - 🚀 Memulai Job Pemrosesan Berita (Cleaning + Sentiment)...
[2026-07-02T09:43:41.686+0700] {logging_mixin.py:190} INFO - 📦 Ditemukan 16 berita baru. Memuat model NLP...
[2026-07-02T09:43:42.898+0700] {_client.py:1025} INFO - HTTP Request: GET https://huggingface.co/api/agent-harnesses "HTTP/1.1 200 OK"
[2026-07-02T09:43:43.390+0700] {_client.py:1025} INFO - HTTP Request: HEAD https://huggingface.co/w11wo/indonesian-roberta-base-sentiment-classifier/resolve/main/config.json "HTTP/1.1 307 Temporary Redirect"
[2026-07-02T09:43:43.392+0700] {logging_mixin.py:190} WARNING - Warning: You are sending unauthenticated requests to the HF Hub. Please set a HF_TOKEN to enable higher rate limits and faster downloads.
[2026-07-02T09:43:43.392+0700] {_http.py:904} WARNING - Warning: You are sending unauthenticated requests to the HF Hub. Please set a HF_TOKEN to enable higher rate limits and faster downloads.
[2026-07-02T09:43:43.449+0700] {_client.py:1025} INFO - HTTP Request: HEAD https://huggingface.co/api/resolve-cache/models/w11wo/indonesian-roberta-base-sentiment-classifier/ac452dcb0f4966130bba44f4ee0013bb5d52c282/config.json "HTTP/1.1 200 OK"
[2026-07-02T09:43:43.829+0700] {_client.py:1025} INFO - HTTP Request: GET https://huggingface.co/api/resolve-cache/models/w11wo/indonesian-roberta-base-sentiment-classifier/ac452dcb0f4966130bba44f4ee0013bb5d52c282/config.json "HTTP/1.1 200 OK"
[2026-07-02T09:43:44.441+0700] {_client.py:1025} INFO - HTTP Request: HEAD https://huggingface.co/w11wo/indonesian-roberta-base-sentiment-classifier/resolve/main/model.safetensors "HTTP/1.1 302 Found"
[2026-07-02T09:49:48.101+0700] {logging_mixin.py:190} WARNING - Loading weights:   0%|          | 0/201 [00:00<?, ?it/s]
[2026-07-02T09:49:48.214+0700] {logging_mixin.py:190} WARNING - Loading weights:  89%|########9 | 179/201 [00:00<00:00, 1774.35it/s]
[2026-07-02T09:49:48.221+0700] {logging_mixin.py:190} WARNING - Loading weights: 100%|##########| 201/201 [00:00<00:00, 1864.88it/s]
[2026-07-02T09:49:49.334+0700] {_client.py:1025} INFO - HTTP Request: HEAD https://huggingface.co/w11wo/indonesian-roberta-base-sentiment-classifier/resolve/main/tokenizer_config.json "HTTP/1.1 307 Temporary Redirect"
[2026-07-02T09:49:49.490+0700] {_client.py:1025} INFO - HTTP Request: HEAD https://huggingface.co/api/resolve-cache/models/w11wo/indonesian-roberta-base-sentiment-classifier/ac452dcb0f4966130bba44f4ee0013bb5d52c282/tokenizer_config.json "HTTP/1.1 200 OK"
[2026-07-02T09:49:49.621+0700] {_client.py:1025} INFO - HTTP Request: GET https://huggingface.co/api/resolve-cache/models/w11wo/indonesian-roberta-base-sentiment-classifier/ac452dcb0f4966130bba44f4ee0013bb5d52c282/tokenizer_config.json "HTTP/1.1 200 OK"
[2026-07-02T09:49:49.971+0700] {_client.py:1025} INFO - HTTP Request: GET https://huggingface.co/api/models/w11wo/indonesian-roberta-base-sentiment-classifier/tree/main/additional_chat_templates?recursive=false&expand=false "HTTP/1.1 404 Not Found"
[2026-07-02T09:49:50.363+0700] {_client.py:1025} INFO - HTTP Request: GET https://huggingface.co/api/models/w11wo/indonesian-roberta-base-sentiment-classifier/tree/main?recursive=true&expand=false "HTTP/1.1 200 OK"
[2026-07-02T09:49:50.967+0700] {_client.py:1025} INFO - HTTP Request: HEAD https://huggingface.co/w11wo/indonesian-roberta-base-sentiment-classifier/resolve/main/vocab.json "HTTP/1.1 307 Temporary Redirect"
[2026-07-02T09:49:51.167+0700] {_client.py:1025} INFO - HTTP Request: HEAD https://huggingface.co/api/resolve-cache/models/w11wo/indonesian-roberta-base-sentiment-classifier/ac452dcb0f4966130bba44f4ee0013bb5d52c282/vocab.json "HTTP/1.1 200 OK"
[2026-07-02T09:49:53.253+0700] {_client.py:1025} INFO - HTTP Request: HEAD https://huggingface.co/w11wo/indonesian-roberta-base-sentiment-classifier/resolve/main/merges.txt "HTTP/1.1 307 Temporary Redirect"
[2026-07-02T09:49:53.488+0700] {_client.py:1025} INFO - HTTP Request: HEAD https://huggingface.co/api/resolve-cache/models/w11wo/indonesian-roberta-base-sentiment-classifier/ac452dcb0f4966130bba44f4ee0013bb5d52c282/merges.txt "HTTP/1.1 200 OK"
[2026-07-02T09:49:55.157+0700] {_client.py:1025} INFO - HTTP Request: HEAD https://huggingface.co/w11wo/indonesian-roberta-base-sentiment-classifier/resolve/main/tokenizer.json "HTTP/1.1 307 Temporary Redirect"
[2026-07-02T09:49:55.493+0700] {_client.py:1025} INFO - HTTP Request: HEAD https://huggingface.co/api/resolve-cache/models/w11wo/indonesian-roberta-base-sentiment-classifier/ac452dcb0f4966130bba44f4ee0013bb5d52c282/tokenizer.json "HTTP/1.1 200 OK"
[2026-07-02T09:49:57.741+0700] {_client.py:1025} INFO - HTTP Request: HEAD https://huggingface.co/w11wo/indonesian-roberta-base-sentiment-classifier/resolve/main/added_tokens.json "HTTP/1.1 404 Not Found"
[2026-07-02T09:49:58.398+0700] {_client.py:1025} INFO - HTTP Request: HEAD https://huggingface.co/w11wo/indonesian-roberta-base-sentiment-classifier/resolve/main/special_tokens_map.json "HTTP/1.1 307 Temporary Redirect"
[2026-07-02T09:49:58.640+0700] {_client.py:1025} INFO - HTTP Request: HEAD https://huggingface.co/api/resolve-cache/models/w11wo/indonesian-roberta-base-sentiment-classifier/ac452dcb0f4966130bba44f4ee0013bb5d52c282/special_tokens_map.json "HTTP/1.1 200 OK"
[2026-07-02T09:49:59.284+0700] {_client.py:1025} INFO - HTTP Request: HEAD https://huggingface.co/w11wo/indonesian-roberta-base-sentiment-classifier/resolve/main/chat_template.jinja "HTTP/1.1 404 Not Found"
[2026-07-02T09:50:00.312+0700] {_client.py:1025} INFO - HTTP Request: HEAD https://huggingface.co/w11wo/indonesian-roberta-base-sentiment-classifier/resolve/main/processor_config.json "HTTP/1.1 404 Not Found"
[2026-07-02T09:50:00.715+0700] {_client.py:1025} INFO - HTTP Request: HEAD https://huggingface.co/w11wo/indonesian-roberta-base-sentiment-classifier/resolve/main/video_preprocessor_config.json "HTTP/1.1 404 Not Found"
[2026-07-02T09:50:01.343+0700] {_client.py:1025} INFO - HTTP Request: HEAD https://huggingface.co/w11wo/indonesian-roberta-base-sentiment-classifier/resolve/main/preprocessor_config.json "HTTP/1.1 404 Not Found"
[2026-07-02T09:50:01.642+0700] {logging_mixin.py:190} INFO -    ✨ FIX: 'KKN UNSIKA 2026 Dimulai, 1.250...' | AI: Neutral -> SMART: Positive
[2026-07-02T09:50:01.734+0700] {logging_mixin.py:190} INFO -    Process: 'Atasi Keterbatasan Ruang Kulia...' -> Neutral
[2026-07-02T09:50:01.928+0700] {logging_mixin.py:190} INFO -    ✨ FIX: '1.250 Mahasiswa UNSIKA Diterju...' | AI: Neutral -> SMART: Positive
[2026-07-02T09:50:01.965+0700] {logging_mixin.py:190} INFO -    🗑️ HAPUS (Berita Nyasar): 'Dukung Penguatan Pendidikan Tinggi di Karawan...'
[2026-07-02T09:50:02.059+0700] {logging_mixin.py:190} INFO -    ✨ FIX: 'Menanam Harapan untuk Masa Dep...' | AI: Neutral -> SMART: Positive
[2026-07-02T09:50:02.186+0700] {logging_mixin.py:190} INFO -    ✨ FIX: 'KKN UNSIKA 2026 Dorong Kemandi...' | AI: Neutral -> SMART: Positive
[2026-07-02T09:50:02.722+0700] {logging_mixin.py:190} INFO -    Process: 'Tanam 50 Bibit Pohon di Desa P...' -> Positive
[2026-07-02T09:50:02.884+0700] {logging_mixin.py:190} INFO -    ✨ FIX: 'Unsika Gelar Wisuda, 594 Lulus...' | AI: Neutral -> SMART: Positive
[2026-07-02T09:50:02.891+0700] {logging_mixin.py:190} INFO -    🗑️ HAPUS (Berita Nyasar): 'Dukung Penguatan Pendidikan Tinggi di Karawan...'
[2026-07-02T09:50:03.047+0700] {logging_mixin.py:190} INFO -    ✨ FIX: 'Mahasiswi Raih UNSIKA Award Be...' | AI: Neutral -> SMART: Positive
[2026-07-02T09:50:03.173+0700] {logging_mixin.py:190} INFO -    ✨ FIX: 'Wisuda UNSIKA: 1571 Lulusan Si...' | AI: Neutral -> SMART: Positive
[2026-07-02T09:50:03.175+0700] {logging_mixin.py:190} INFO -    🗑️ HAPUS (Berita Nyasar): 'Mengabdi Puluhan Tahun, Masih Belum Nikmati T...'
[2026-07-02T09:50:03.439+0700] {logging_mixin.py:190} INFO -    ✨ FIX: 'Program Bupati Karawang: Anak ...' | AI: Neutral -> SMART: Positive
[2026-07-02T09:50:03.608+0700] {logging_mixin.py:190} INFO -    Process: 'Galian Tanpa Izin Diduga Pasok...' -> Neutral
[2026-07-02T09:50:03.690+0700] {logging_mixin.py:190} INFO -    ✨ FIX: 'Raih Juara Dukung Program Kamp...' | AI: Neutral -> SMART: Positive
[2026-07-02T09:50:03.758+0700] {logging_mixin.py:190} INFO -    ✨ FIX: 'UNSIKA Terjunkan 1.250 Mahasis...' | AI: Neutral -> SMART: Positive
[2026-07-02T09:50:03.797+0700] {logging_mixin.py:190} INFO - ✅ SUKSES! 13 berita berhasil diproses dan disimpan.
[2026-07-02T09:50:03.831+0700] {python.py:240} INFO - Done. Returned value was: None
[2026-07-02T09:50:03.878+0700] {taskinstance.py:340} INFO - ::group::Post task execution logs
[2026-07-02T09:50:03.881+0700] {taskinstance.py:352} INFO - Marking task as SUCCESS. dag_id=remosy_master_end_to_end, task_id=process_news, run_id=scheduled__2026-06-25T05:00:00+00:00, execution_date=20260625T050000, start_date=20260702T024326, end_date=20260702T025003
[2026-07-02T09:50:04.007+0700] {local_task_job_runner.py:261} INFO - Task exited with return code 0
[2026-07-02T09:50:04.081+0700] {taskinstance.py:3891} INFO - 0 downstream tasks scheduled from follow-on schedule check
[2026-07-02T09:50:04.084+0700] {local_task_job_runner.py:240} INFO - ::endgroup::
