[2026-02-01T10:44:00.814+0000] {local_task_job_runner.py:123} INFO - ::group::Pre task execution logs
[2026-02-01T10:44:00.841+0000] {taskinstance.py:2603} INFO - Dependencies all met for dep_context=non-requeueable deps ti=<TaskInstance: dag_scraping_daily.task_scrape_news manual__2026-02-01T10:43:58.595256+00:00 [queued]>
[2026-02-01T10:44:00.858+0000] {taskinstance.py:2603} INFO - Dependencies all met for dep_context=requeueable deps ti=<TaskInstance: dag_scraping_daily.task_scrape_news manual__2026-02-01T10:43:58.595256+00:00 [queued]>
[2026-02-01T10:44:00.859+0000] {taskinstance.py:2856} INFO - Starting attempt 1 of 2
[2026-02-01T10:44:00.878+0000] {taskinstance.py:2879} INFO - Executing <Task(PythonOperator): task_scrape_news> on 2026-02-01 10:43:58.595256+00:00
[2026-02-01T10:44:00.888+0000] {logging_mixin.py:190} WARNING - /home/***/.local/lib/python3.12/site-packages/***/task/task_runner/standard_task_runner.py:70 DeprecationWarning: This process (pid=238) is multi-threaded, use of fork() may lead to deadlocks in the child.
[2026-02-01T10:44:00.889+0000] {standard_task_runner.py:72} INFO - Started process 240 to run task
[2026-02-01T10:44:00.888+0000] {standard_task_runner.py:104} INFO - Running: ['***', 'tasks', 'run', 'dag_scraping_daily', 'task_scrape_news', 'manual__2026-02-01T10:43:58.595256+00:00', '--job-id', '11', '--raw', '--subdir', 'DAGS_FOLDER/dag_scraping_daily.py', '--cfg-path', '/tmp/tmpas9dqpvr']
[2026-02-01T10:44:00.890+0000] {standard_task_runner.py:105} INFO - Job 11: Subtask task_scrape_news
[2026-02-01T10:44:00.909+0000] {logging_mixin.py:190} WARNING - /home/***/.local/lib/python3.12/site-packages/***/settings.py:209 DeprecationWarning: The sql_alchemy_conn option in [core] has been moved to the sql_alchemy_conn option in [database] - the old setting has been used, but please update your config.
[2026-02-01T10:44:00.968+0000] {task_command.py:467} INFO - Running <TaskInstance: dag_scraping_daily.task_scrape_news manual__2026-02-01T10:43:58.595256+00:00 [running]> on host 85db8ecaf4c2
[2026-02-01T10:44:01.080+0000] {taskinstance.py:3122} INFO - Exporting env vars: AIRFLOW_CTX_DAG_OWNER='remosy_admin' AIRFLOW_CTX_DAG_ID='dag_scraping_daily' AIRFLOW_CTX_TASK_ID='task_scrape_news' AIRFLOW_CTX_EXECUTION_DATE='2026-02-01T10:43:58.595256+00:00' AIRFLOW_CTX_TRY_NUMBER='1' AIRFLOW_CTX_DAG_RUN_ID='manual__2026-02-01T10:43:58.595256+00:00'
[2026-02-01T10:44:01.082+0000] {taskinstance.py:731} INFO - ::endgroup::
[2026-02-01T10:44:01.099+0000] {logging_mixin.py:190} INFO -  Memulai Job Scraping Harian...
[2026-02-01T10:44:01.100+0000] {logging_mixin.py:190} INFO -  Koneksi DB berhasil.
[2026-02-01T10:44:01.101+0000] {logging_mixin.py:190} INFO -  Membaca konfigurasi kata kunci...
[2026-02-01T10:44:01.123+0000] {logging_mixin.py:190} INFO -  Target (3): ['Universitas Singaperbangsa Karawang', 'UNSIKA', 'Rektor UNSIKA']
[2026-02-01T10:44:01.124+0000] {logging_mixin.py:190} INFO -  Scraping: Universitas Singaperbangsa Karawang
[2026-02-01T10:44:01.125+0000] {logging_mixin.py:190} INFO - 🔍 Mengambil berita untuk: Universitas Singaperbangsa Karawang...
[2026-02-01T10:44:01.943+0000] {logging_mixin.py:190} INFO -  Berhasil mengambil 50 berita.
[2026-02-01T10:44:01.947+0000] {logging_mixin.py:190} INFO -  Scraping: UNSIKA
[2026-02-01T10:44:01.948+0000] {logging_mixin.py:190} INFO - 🔍 Mengambil berita untuk: UNSIKA...
[2026-02-01T10:44:02.475+0000] {logging_mixin.py:190} INFO -  Berhasil mengambil 50 berita.
[2026-02-01T10:44:02.480+0000] {logging_mixin.py:190} INFO -  Scraping: Rektor UNSIKA
[2026-02-01T10:44:02.481+0000] {logging_mixin.py:190} INFO - 🔍 Mengambil berita untuk: Rektor UNSIKA...
[2026-02-01T10:44:03.078+0000] {logging_mixin.py:190} INFO -  Berhasil mengambil 50 berita.
[2026-02-01T10:44:03.084+0000] {logging_mixin.py:190} INFO -  Total mentah: 150 berita.
[2026-02-01T10:44:03.086+0000] {logging_mixin.py:190} INFO -  Total bersih: 126 berita unik.
[2026-02-01T10:44:03.117+0000] {logging_mixin.py:190} INFO -  SUKSES! Data tersimpan di Database.
[2026-02-01T10:44:03.118+0000] {python.py:240} INFO - Done. Returned value was: None
[2026-02-01T10:44:03.130+0000] {taskinstance.py:340} INFO - ::group::Post task execution logs
[2026-02-01T10:44:03.131+0000] {taskinstance.py:352} INFO - Marking task as SUCCESS. dag_id=dag_scraping_daily, task_id=task_scrape_news, run_id=manual__2026-02-01T10:43:58.595256+00:00, execution_date=20260201T104358, start_date=20260201T104400, end_date=20260201T104403
[2026-02-01T10:44:03.154+0000] {local_task_job_runner.py:261} INFO - Task exited with return code 0
[2026-02-01T10:44:03.171+0000] {taskinstance.py:3891} INFO - 0 downstream tasks scheduled from follow-on schedule check
[2026-02-01T10:44:03.173+0000] {local_task_job_runner.py:240} INFO - ::endgroup::
