[2026-07-03T21:34:56.014+0700] {local_task_job_runner.py:123} INFO - ::group::Pre task execution logs
[2026-07-03T21:34:56.040+0700] {taskinstance.py:2603} INFO - Dependencies all met for dep_context=non-requeueable deps ti=<TaskInstance: remosy_master_end_to_end.scrape_news scheduled__2026-07-02T05:00:00+00:00 [queued]>
[2026-07-03T21:34:56.058+0700] {taskinstance.py:2603} INFO - Dependencies all met for dep_context=requeueable deps ti=<TaskInstance: remosy_master_end_to_end.scrape_news scheduled__2026-07-02T05:00:00+00:00 [queued]>
[2026-07-03T21:34:56.059+0700] {taskinstance.py:2856} INFO - Starting attempt 1 of 1
[2026-07-03T21:34:56.081+0700] {taskinstance.py:2879} INFO - Executing <Task(PythonOperator): scrape_news> on 2026-07-02 05:00:00+00:00
[2026-07-03T21:34:56.093+0700] {standard_task_runner.py:104} INFO - Running: ['***', 'tasks', 'run', 'remosy_master_end_to_end', 'scrape_news', 'scheduled__2026-07-02T05:00:00+00:00', '--job-id', '688', '--raw', '--subdir', 'DAGS_FOLDER/dag_remosy_master.py', '--cfg-path', '/tmp/tmpvx7mxpn2']
[2026-07-03T21:34:56.094+0700] {logging_mixin.py:190} WARNING - /home/***/.local/lib/python3.12/site-packages/***/task/task_runner/standard_task_runner.py:70 DeprecationWarning: This process (pid=180) is multi-threaded, use of fork() may lead to deadlocks in the child.
[2026-07-03T21:34:56.097+0700] {standard_task_runner.py:105} INFO - Job 688: Subtask scrape_news
[2026-07-03T21:34:56.097+0700] {standard_task_runner.py:72} INFO - Started process 185 to run task
[2026-07-03T21:34:56.123+0700] {logging_mixin.py:190} WARNING - /home/***/.local/lib/python3.12/site-packages/***/settings.py:209 DeprecationWarning: The sql_alchemy_conn option in [core] has been moved to the sql_alchemy_conn option in [database] - the old setting has been used, but please update your config.
[2026-07-03T21:34:56.202+0700] {task_command.py:467} INFO - Running <TaskInstance: remosy_master_end_to_end.scrape_news scheduled__2026-07-02T05:00:00+00:00 [running]> on host 37b076cbf58f
[2026-07-03T21:34:56.205+0700] {logging_mixin.py:190} WARNING - /home/***/.local/lib/python3.12/site-packages/***/settings.py:449 DeprecationWarning: The sql_alchemy_conn option in [core] has been moved to the sql_alchemy_conn option in [database] - the old setting has been used, but please update your config.
[2026-07-03T21:34:56.378+0700] {taskinstance.py:3122} INFO - Exporting env vars: AIRFLOW_CTX_DAG_OWNER='remosy' AIRFLOW_CTX_DAG_ID='remosy_master_end_to_end' AIRFLOW_CTX_TASK_ID='scrape_news' AIRFLOW_CTX_EXECUTION_DATE='2026-07-02T05:00:00+00:00' AIRFLOW_CTX_TRY_NUMBER='1' AIRFLOW_CTX_DAG_RUN_ID='scheduled__2026-07-02T05:00:00+00:00'
[2026-07-03T21:34:56.379+0700] {taskinstance.py:731} INFO - ::endgroup::
[2026-07-03T21:34:59.073+0700] {logging_mixin.py:190} INFO - 🚀 Memulai Job Scraping Google News (Relational Schema)...
[2026-07-03T21:34:59.151+0700] {logging_mixin.py:190} INFO - 🔎 Sedang mencari: 'UNSIKA' (ID: 1)...
[2026-07-03T21:35:00.156+0700] {logging_mixin.py:190} INFO -    ⚠️ Gagal menyimpan ke DB: (psycopg2.errors.UniqueViolation) duplicate key value violates unique constraint "news_raw_url_key"
DETAIL:  Key (url)=(https://news.google.com/rss/articles/CBMibkFVX3lxTE9rNWRObDZKN3NOS2lJcnZ5bjdyX0FXRGgzME94TERreHdrcWhMU3VTTGRFZHJFNnBpZzlGS3ZUeWM4S0NYVmhQc3RVSFVfTmt4QXpHUldkU0NXS0Q2cjF1NnUyTURDSnpucGpaWnBR?oc=5) already exists.

[SQL: INSERT INTO news_raw (keyword_id, title, source, url, published_date, scraped_at) VALUES (%(keyword_id)s, %(title)s, %(source)s, %(url)s, %(published_date)s, %(scraped_at)s)]
[parameters: ({'keyword_id': 1, 'title': 'UNSIKA Bangun Gedung Serbaguna di Kampus 2 - infoka.id', 'source': 'infoka.id', 'url': 'https://news.google.com/rss/articles/CBMibkFVX3lxTE9rNWRObDZKN3NOS2lJcnZ5bjdyX0FXRGgzME94TERreHdrcWhMU3VTTGRFZHJFNnBpZzlGS3ZUeWM4S0NYVmhQc3RVSFVfTmt4QXpHUldkU0NXS0Q2cjF1NnUyTURDSnpucGpaWnBR?oc=5', 'published_date': 'Tue, 30 Jun 2026 17:42:12 GMT', 'scraped_at': datetime.datetime(2026, 7, 3, 21, 35, 0, 114619)}, {'keyword_id': 1, 'title': 'Sinergitas TNI-POLRI bersama Poktan dan Mahasiswa Unsika Melaksanakan Penanaman Pohon di Desa Karanganyar \u200e - DIVISI HUMAS POLRI', 'source': 'DIVISI HUMAS POLRI', 'url': 'https://news.google.com/rss/articles/CBMi7AFBVV95cUxQM2IxWnM1cTZqQmVocFNZY0xOODFaSEJOOTFBMkdmRE40WV9ZRjhlS2ZKeVRVN2pkbFh6b0NYdFRmSlI2akQyZU5FenFuSlBq ... (66 characters truncated) ... RqNWtGUHZoMEJ6aXZQajVLSWFIU2I2TkNkZjJ2d2t5SFFfT0VFN0Z3bkM3SXRsVTdmS1VkcVM0aU1yUy1KdFBMRHpNT2g4aFpKZzZycDdicHN4RDJhd3JnOGlDeTRRWk52eTZFMTZrSGF6Wg?oc=5', 'published_date': 'Fri, 19 Jun 2026 07:00:00 GMT', 'scraped_at': datetime.datetime(2026, 7, 3, 21, 35, 0, 115142)}, {'keyword_id': 1, 'title': 'MIN 2 Karawang Terima Kunjungan Mahasiswa UNSIKA, Lakukan Observasi Kelas Mapel Quran Hadist - jabar.kemenag.go.id', 'source': 'jabar.kemenag.go.id', 'url': 'https://news.google.com/rss/articles/CBMizgFBVV95cUxQclJSaVdqc0FaTXVxSDVVUlpQSUJKM0FyZU1DNVhWWEFqVWJQeW9uSkE3ZWxwN0NLN3hWanQ3Tlh1ekV2aTJLWEhBVEpWeG56 ... (26 characters truncated) ... 5qVURBdVVFd1FYRFlSU1FRR1E0Y0ZSbkktZFYtNVJsSk00RU1PaWlGQS1palE0cUd1Q3RLZDZ1REpqZE50LXIwaWpvMHlMVFFack1wWGUzS2hZdmNPak1rV1dMSXp0cHd2bzI2ZWJ6Y2JpUQ?oc=5', 'published_date': 'Wed, 29 Oct 2025 07:00:00 GMT', 'scraped_at': datetime.datetime(2026, 7, 3, 21, 35, 0, 117804)}, {'keyword_id': 1, 'title': 'Mahasiswa KKN Unsika di Desa Sumurlaban Ubah Sampah Dapur Jadi Eco-Enzyme, Apa Manfaatnya? - Kompasiana.com - Kompasiana.com', 'source': 'Kompasiana.com', 'url': 'https://news.google.com/rss/articles/CBMi7wFBVV95cUxPZDZMdVdlVUVacVU1WVQ1TWpJQ0w2TWVRUEItMHlhTERxbVFRVG5qVlh5dXp2NFhLSlFkMWtSdThPZzZxT0pYb2VkUEZHQUNR ... (400 characters truncated) ... SkREWDZHMGNiLTZyekpRLXJQZWpJS2plUzIzVmVoMmttRUpmWnZJMXNhNkZxS3RZeG1XSVMwMWNRbzhNY2hZX0dyYWtjZDFnbFRNSmx1Si1zbDl0LWRwQVJXclR3aHE2dnB3MWdHLUM5TFJz?oc=5', 'published_date': 'Sun, 01 Feb 2026 08:00:00 GMT', 'scraped_at': datetime.datetime(2026, 7, 3, 21, 35, 0, 118263)}, {'keyword_id': 1, 'title': 'Cara Unsika Cegah Praktik Curang Joki UTBK SNBT 2026 - Kompas.com', 'source': 'Kompas.com', 'url': 'https://news.google.com/rss/articles/CBMiqAFBVV95cUxPUU50dXlkUzAyMlpHZ09VWV9zMkhiMVJHcDBVM2RUblV4VVZSRjJMQkdrYmFYSDZNdXR5UHJ5eU1KVG1LcXM5dnluWkQteHVIbFIydFNhY2M0ZGJWWFNIaldwN1NJSmw0bmNnaWxiTXRQMmk3c25vNEdBRVhZSGpmS2I4VHVjTExzSnp5dF9fOFIwN1BsTGdweTJaN0FJdmYyeFVrUDRVUzM?oc=5', 'published_date': 'Fri, 24 Apr 2026 07:00:00 GMT', 'scraped_at': datetime.datetime(2026, 7, 3, 21, 35, 0, 121430)})]
(Background on this error at: https://sqlalche.me/e/14/gkpj)
[2026-07-03T21:35:00.158+0700] {logging_mixin.py:190} INFO - 🔎 Sedang mencari: 'Universitas Singaperbangsa Karawang' (ID: 2)...
[2026-07-03T21:35:01.115+0700] {logging_mixin.py:190} INFO -    ✅ Menyimpan 3 berita BARU (Relasi ID: 2).
[2026-07-03T21:35:01.116+0700] {logging_mixin.py:190} INFO - 🔎 Sedang mencari: 'unsikuy' (ID: 3)...
[2026-07-03T21:35:01.499+0700] {logging_mixin.py:190} INFO -    ⚠️ Tidak ditemukan berita.
[2026-07-03T21:35:01.502+0700] {logging_mixin.py:190} INFO - 🔎 Sedang mencari: 'Fasilkom UNSIKA' (ID: 4)...
[2026-07-03T21:35:02.212+0700] {logging_mixin.py:190} INFO -    ℹ️  Dapat berita, tapi semuanya duplikat.
[2026-07-03T21:35:02.213+0700] {logging_mixin.py:190} INFO - 🏁 Job Selesai. Total 3 berita baru.
[2026-07-03T21:35:02.213+0700] {python.py:240} INFO - Done. Returned value was: None
[2026-07-03T21:35:02.225+0700] {taskinstance.py:340} INFO - ::group::Post task execution logs
[2026-07-03T21:35:02.226+0700] {taskinstance.py:352} INFO - Marking task as SUCCESS. dag_id=remosy_master_end_to_end, task_id=scrape_news, run_id=scheduled__2026-07-02T05:00:00+00:00, execution_date=20260702T050000, start_date=20260703T143456, end_date=20260703T143502
[2026-07-03T21:35:02.306+0700] {local_task_job_runner.py:261} INFO - Task exited with return code 0
[2026-07-03T21:35:02.331+0700] {taskinstance.py:3891} INFO - 1 downstream tasks scheduled from follow-on schedule check
[2026-07-03T21:35:02.333+0700] {local_task_job_runner.py:240} INFO - ::endgroup::
