[2026-06-24T14:15:01.926+0700] {local_task_job_runner.py:123} INFO - ::group::Pre task execution logs
[2026-06-24T14:15:01.946+0700] {taskinstance.py:2603} INFO - Dependencies all met for dep_context=non-requeueable deps ti=<TaskInstance: remosy_master_end_to_end.process_twitter scheduled__2026-06-23T17:00:00+00:00 [queued]>
[2026-06-24T14:15:01.959+0700] {taskinstance.py:2603} INFO - Dependencies all met for dep_context=requeueable deps ti=<TaskInstance: remosy_master_end_to_end.process_twitter scheduled__2026-06-23T17:00:00+00:00 [queued]>
[2026-06-24T14:15:01.960+0700] {taskinstance.py:2856} INFO - Starting attempt 1 of 1
[2026-06-24T14:15:01.975+0700] {taskinstance.py:2879} INFO - Executing <Task(PythonOperator): process_twitter> on 2026-06-23 17:00:00+00:00
[2026-06-24T14:15:01.985+0700] {standard_task_runner.py:104} INFO - Running: ['***', 'tasks', 'run', 'remosy_master_end_to_end', 'process_twitter', 'scheduled__2026-06-23T17:00:00+00:00', '--job-id', '622', '--raw', '--subdir', 'DAGS_FOLDER/dag_remosy_master.py', '--cfg-path', '/tmp/tmp4o3po102']
[2026-06-24T14:15:01.985+0700] {logging_mixin.py:190} WARNING - /home/***/.local/lib/python3.12/site-packages/***/task/task_runner/standard_task_runner.py:70 DeprecationWarning: This process (pid=2496) is multi-threaded, use of fork() may lead to deadlocks in the child.
[2026-06-24T14:15:01.987+0700] {standard_task_runner.py:105} INFO - Job 622: Subtask process_twitter
[2026-06-24T14:15:01.987+0700] {standard_task_runner.py:72} INFO - Started process 2497 to run task
[2026-06-24T14:15:02.004+0700] {logging_mixin.py:190} WARNING - /home/***/.local/lib/python3.12/site-packages/***/settings.py:209 DeprecationWarning: The sql_alchemy_conn option in [core] has been moved to the sql_alchemy_conn option in [database] - the old setting has been used, but please update your config.
[2026-06-24T14:15:02.051+0700] {task_command.py:467} INFO - Running <TaskInstance: remosy_master_end_to_end.process_twitter scheduled__2026-06-23T17:00:00+00:00 [running]> on host f651688c9edb
[2026-06-24T14:15:02.053+0700] {logging_mixin.py:190} WARNING - /home/***/.local/lib/python3.12/site-packages/***/settings.py:449 DeprecationWarning: The sql_alchemy_conn option in [core] has been moved to the sql_alchemy_conn option in [database] - the old setting has been used, but please update your config.
[2026-06-24T14:15:02.167+0700] {taskinstance.py:3122} INFO - Exporting env vars: AIRFLOW_CTX_DAG_OWNER='remosy' AIRFLOW_CTX_DAG_ID='remosy_master_end_to_end' AIRFLOW_CTX_TASK_ID='process_twitter' AIRFLOW_CTX_EXECUTION_DATE='2026-06-23T17:00:00+00:00' AIRFLOW_CTX_TRY_NUMBER='1' AIRFLOW_CTX_DAG_RUN_ID='scheduled__2026-06-23T17:00:00+00:00'
[2026-06-24T14:15:02.169+0700] {taskinstance.py:731} INFO - ::endgroup::
[2026-06-24T14:15:39.023+0700] {logging_mixin.py:190} INFO -  Sedang memuat model AI (IndoBERT)...
[2026-06-24T14:15:39.641+0700] {_client.py:1025} INFO - HTTP Request: HEAD https://huggingface.co/w11wo/indonesian-roberta-base-sentiment-classifier/resolve/main/config.json "HTTP/1.1 307 Temporary Redirect"
[2026-06-24T14:15:39.642+0700] {logging_mixin.py:190} WARNING - Warning: You are sending unauthenticated requests to the HF Hub. Please set a HF_TOKEN to enable higher rate limits and faster downloads.
[2026-06-24T14:15:39.642+0700] {_http.py:904} WARNING - Warning: You are sending unauthenticated requests to the HF Hub. Please set a HF_TOKEN to enable higher rate limits and faster downloads.
[2026-06-24T14:15:39.682+0700] {_client.py:1025} INFO - HTTP Request: HEAD https://huggingface.co/api/resolve-cache/models/w11wo/indonesian-roberta-base-sentiment-classifier/ac452dcb0f4966130bba44f4ee0013bb5d52c282/config.json "HTTP/1.1 200 OK"
[2026-06-24T14:15:40.019+0700] {logging_mixin.py:190} WARNING - Loading weights:   0%|          | 0/201 [00:00<?, ?it/s]
[2026-06-24T14:15:40.138+0700] {logging_mixin.py:190} WARNING - Loading weights:   9%|9         | 19/201 [00:00<00:00, 188.94it/s]
[2026-06-24T14:15:40.239+0700] {logging_mixin.py:190} WARNING - Loading weights:  50%|####9     | 100/201 [00:00<00:00, 548.32it/s]
[2026-06-24T14:15:40.342+0700] {logging_mixin.py:190} WARNING - Loading weights:  89%|########8 | 178/201 [00:00<00:00, 645.75it/s]
[2026-06-24T14:15:40.364+0700] {logging_mixin.py:190} WARNING - Loading weights: 100%|##########| 201/201 [00:00<00:00, 614.84it/s]
[2026-06-24T14:15:40.741+0700] {_client.py:1025} INFO - HTTP Request: GET https://huggingface.co/api/models/w11wo/indonesian-roberta-base-sentiment-classifier/tree/main/additional_chat_templates?recursive=false&expand=false "HTTP/1.1 404 Not Found"
[2026-06-24T14:15:41.207+0700] {_client.py:1025} INFO - HTTP Request: GET https://huggingface.co/api/models/w11wo/indonesian-roberta-base-sentiment-classifier/tree/main?recursive=true&expand=false "HTTP/1.1 200 OK"
[2026-06-24T14:15:41.913+0700] {_client.py:1025} INFO - HTTP Request: HEAD https://huggingface.co/w11wo/indonesian-roberta-base-sentiment-classifier/resolve/main/processor_config.json "HTTP/1.1 404 Not Found"
[2026-06-24T14:15:42.224+0700] {_client.py:1025} INFO - HTTP Request: HEAD https://huggingface.co/w11wo/indonesian-roberta-base-sentiment-classifier/resolve/main/video_preprocessor_config.json "HTTP/1.1 404 Not Found"
[2026-06-24T14:15:42.574+0700] {_client.py:1025} INFO - HTTP Request: HEAD https://huggingface.co/w11wo/indonesian-roberta-base-sentiment-classifier/resolve/main/preprocessor_config.json "HTTP/1.1 404 Not Found"
[2026-06-24T14:15:42.582+0700] {logging_mixin.py:190} INFO -  Model AI siap digunakan!
[2026-06-24T14:15:42.582+0700] {logging_mixin.py:190} INFO - 🚀 Memulai Job Pemrosesan Twitter (Cleaning + Sentiment + Relevance Filter)...
[2026-06-24T14:15:42.647+0700] {logging_mixin.py:190} INFO - ✅ Tidak ada tweet baru untuk diproses.
[2026-06-24T14:15:42.650+0700] {python.py:240} INFO - Done. Returned value was: None
[2026-06-24T14:15:42.666+0700] {taskinstance.py:340} INFO - ::group::Post task execution logs
[2026-06-24T14:15:42.667+0700] {taskinstance.py:352} INFO - Marking task as SUCCESS. dag_id=remosy_master_end_to_end, task_id=process_twitter, run_id=scheduled__2026-06-23T17:00:00+00:00, execution_date=20260623T170000, start_date=20260624T071501, end_date=20260624T071542
[2026-06-24T14:15:42.826+0700] {local_task_job_runner.py:261} INFO - Task exited with return code 0
[2026-06-24T14:15:42.868+0700] {taskinstance.py:3891} INFO - 1 downstream tasks scheduled from follow-on schedule check
[2026-06-24T14:15:42.874+0700] {local_task_job_runner.py:240} INFO - ::endgroup::
