[2026-06-24T13:47:24.706+0700] {local_task_job_runner.py:123} INFO - ::group::Pre task execution logs
[2026-06-24T13:47:24.754+0700] {taskinstance.py:2603} INFO - Dependencies all met for dep_context=non-requeueable deps ti=<TaskInstance: remosy_master_end_to_end.process_twitter scheduled__2026-06-22T17:00:00+00:00 [queued]>
[2026-06-24T13:47:24.786+0700] {taskinstance.py:2603} INFO - Dependencies all met for dep_context=requeueable deps ti=<TaskInstance: remosy_master_end_to_end.process_twitter scheduled__2026-06-22T17:00:00+00:00 [queued]>
[2026-06-24T13:47:24.797+0700] {taskinstance.py:2856} INFO - Starting attempt 1 of 1
[2026-06-24T13:47:24.833+0700] {taskinstance.py:2879} INFO - Executing <Task(PythonOperator): process_twitter> on 2026-06-22 17:00:00+00:00
[2026-06-24T13:47:24.863+0700] {logging_mixin.py:190} WARNING - /home/***/.local/lib/python3.12/site-packages/***/task/task_runner/standard_task_runner.py:70 DeprecationWarning: This process (pid=481) is multi-threaded, use of fork() may lead to deadlocks in the child.
[2026-06-24T13:47:24.865+0700] {standard_task_runner.py:72} INFO - Started process 482 to run task
[2026-06-24T13:47:24.863+0700] {standard_task_runner.py:104} INFO - Running: ['***', 'tasks', 'run', 'remosy_master_end_to_end', 'process_twitter', 'scheduled__2026-06-22T17:00:00+00:00', '--job-id', '619', '--raw', '--subdir', 'DAGS_FOLDER/dag_remosy_master.py', '--cfg-path', '/tmp/tmpq0v3xpop']
[2026-06-24T13:47:24.871+0700] {standard_task_runner.py:105} INFO - Job 619: Subtask process_twitter
[2026-06-24T13:47:24.910+0700] {logging_mixin.py:190} WARNING - /home/***/.local/lib/python3.12/site-packages/***/settings.py:209 DeprecationWarning: The sql_alchemy_conn option in [core] has been moved to the sql_alchemy_conn option in [database] - the old setting has been used, but please update your config.
[2026-06-24T13:47:25.005+0700] {task_command.py:467} INFO - Running <TaskInstance: remosy_master_end_to_end.process_twitter scheduled__2026-06-22T17:00:00+00:00 [running]> on host f651688c9edb
[2026-06-24T13:47:25.008+0700] {logging_mixin.py:190} WARNING - /home/***/.local/lib/python3.12/site-packages/***/settings.py:449 DeprecationWarning: The sql_alchemy_conn option in [core] has been moved to the sql_alchemy_conn option in [database] - the old setting has been used, but please update your config.
[2026-06-24T13:47:25.174+0700] {taskinstance.py:3122} INFO - Exporting env vars: AIRFLOW_CTX_DAG_OWNER='remosy' AIRFLOW_CTX_DAG_ID='remosy_master_end_to_end' AIRFLOW_CTX_TASK_ID='process_twitter' AIRFLOW_CTX_EXECUTION_DATE='2026-06-22T17:00:00+00:00' AIRFLOW_CTX_TRY_NUMBER='1' AIRFLOW_CTX_DAG_RUN_ID='scheduled__2026-06-22T17:00:00+00:00'
[2026-06-24T13:47:25.180+0700] {taskinstance.py:731} INFO - ::endgroup::
[2026-06-24T13:47:33.900+0700] {logging_mixin.py:190} INFO -  Sedang memuat model AI (IndoBERT)...
[2026-06-24T13:47:36.404+0700] {_client.py:1025} INFO - HTTP Request: GET https://huggingface.co/api/agent-harnesses "HTTP/1.1 200 OK"
[2026-06-24T13:47:37.108+0700] {_client.py:1025} INFO - HTTP Request: HEAD https://huggingface.co/w11wo/indonesian-roberta-base-sentiment-classifier/resolve/main/config.json "HTTP/1.1 307 Temporary Redirect"
[2026-06-24T13:47:37.170+0700] {logging_mixin.py:190} WARNING - Warning: You are sending unauthenticated requests to the HF Hub. Please set a HF_TOKEN to enable higher rate limits and faster downloads.
[2026-06-24T13:47:37.169+0700] {_http.py:904} WARNING - Warning: You are sending unauthenticated requests to the HF Hub. Please set a HF_TOKEN to enable higher rate limits and faster downloads.
[2026-06-24T13:47:37.576+0700] {_client.py:1025} INFO - HTTP Request: HEAD https://huggingface.co/api/resolve-cache/models/w11wo/indonesian-roberta-base-sentiment-classifier/ac452dcb0f4966130bba44f4ee0013bb5d52c282/config.json "HTTP/1.1 200 OK"
[2026-06-24T13:47:37.770+0700] {_client.py:1025} INFO - HTTP Request: GET https://huggingface.co/api/resolve-cache/models/w11wo/indonesian-roberta-base-sentiment-classifier/ac452dcb0f4966130bba44f4ee0013bb5d52c282/config.json "HTTP/1.1 200 OK"
[2026-06-24T13:47:39.859+0700] {_client.py:1025} INFO - HTTP Request: HEAD https://huggingface.co/w11wo/indonesian-roberta-base-sentiment-classifier/resolve/main/model.safetensors "HTTP/1.1 302 Found"
[2026-06-24T13:59:55.706+0700] {logging_mixin.py:190} WARNING - Loading weights:   0%|          | 0/201 [00:00<?, ?it/s]
[2026-06-24T13:59:55.821+0700] {logging_mixin.py:190} WARNING - Loading weights:  88%|########8 | 177/201 [00:00<00:00, 1767.76it/s]
[2026-06-24T13:59:55.824+0700] {logging_mixin.py:190} WARNING - Loading weights: 100%|##########| 201/201 [00:00<00:00, 1947.54it/s]
[2026-06-24T13:59:57.379+0700] {_client.py:1025} INFO - HTTP Request: HEAD https://huggingface.co/w11wo/indonesian-roberta-base-sentiment-classifier/resolve/main/tokenizer_config.json "HTTP/1.1 307 Temporary Redirect"
[2026-06-24T13:59:57.470+0700] {_client.py:1025} INFO - HTTP Request: HEAD https://huggingface.co/api/resolve-cache/models/w11wo/indonesian-roberta-base-sentiment-classifier/ac452dcb0f4966130bba44f4ee0013bb5d52c282/tokenizer_config.json "HTTP/1.1 200 OK"
[2026-06-24T13:59:57.776+0700] {_client.py:1025} INFO - HTTP Request: GET https://huggingface.co/api/resolve-cache/models/w11wo/indonesian-roberta-base-sentiment-classifier/ac452dcb0f4966130bba44f4ee0013bb5d52c282/tokenizer_config.json "HTTP/1.1 200 OK"
[2026-06-24T13:59:58.343+0700] {_client.py:1025} INFO - HTTP Request: GET https://huggingface.co/api/models/w11wo/indonesian-roberta-base-sentiment-classifier/tree/main/additional_chat_templates?recursive=false&expand=false "HTTP/1.1 404 Not Found"
[2026-06-24T13:59:58.900+0700] {_client.py:1025} INFO - HTTP Request: GET https://huggingface.co/api/models/w11wo/indonesian-roberta-base-sentiment-classifier/tree/main?recursive=true&expand=false "HTTP/1.1 200 OK"
[2026-06-24T13:59:59.943+0700] {_client.py:1025} INFO - HTTP Request: HEAD https://huggingface.co/w11wo/indonesian-roberta-base-sentiment-classifier/resolve/main/vocab.json "HTTP/1.1 307 Temporary Redirect"
[2026-06-24T14:00:04.585+0700] {_client.py:1025} INFO - HTTP Request: HEAD https://huggingface.co/api/resolve-cache/models/w11wo/indonesian-roberta-base-sentiment-classifier/ac452dcb0f4966130bba44f4ee0013bb5d52c282/vocab.json "HTTP/1.1 200 OK"
[2026-06-24T14:00:04.665+0700] {_client.py:1025} INFO - HTTP Request: GET https://huggingface.co/api/resolve-cache/models/w11wo/indonesian-roberta-base-sentiment-classifier/ac452dcb0f4966130bba44f4ee0013bb5d52c282/vocab.json "HTTP/1.1 200 OK"
[2026-06-24T14:00:06.483+0700] {_client.py:1025} INFO - HTTP Request: HEAD https://huggingface.co/w11wo/indonesian-roberta-base-sentiment-classifier/resolve/main/merges.txt "HTTP/1.1 307 Temporary Redirect"
[2026-06-24T14:00:06.981+0700] {_client.py:1025} INFO - HTTP Request: HEAD https://huggingface.co/api/resolve-cache/models/w11wo/indonesian-roberta-base-sentiment-classifier/ac452dcb0f4966130bba44f4ee0013bb5d52c282/merges.txt "HTTP/1.1 200 OK"
[2026-06-24T14:00:07.745+0700] {_client.py:1025} INFO - HTTP Request: GET https://huggingface.co/api/resolve-cache/models/w11wo/indonesian-roberta-base-sentiment-classifier/ac452dcb0f4966130bba44f4ee0013bb5d52c282/merges.txt "HTTP/1.1 200 OK"
[2026-06-24T14:00:08.685+0700] {_client.py:1025} INFO - HTTP Request: HEAD https://huggingface.co/w11wo/indonesian-roberta-base-sentiment-classifier/resolve/main/tokenizer.json "HTTP/1.1 307 Temporary Redirect"
[2026-06-24T14:00:09.014+0700] {_client.py:1025} INFO - HTTP Request: HEAD https://huggingface.co/api/resolve-cache/models/w11wo/indonesian-roberta-base-sentiment-classifier/ac452dcb0f4966130bba44f4ee0013bb5d52c282/tokenizer.json "HTTP/1.1 200 OK"
[2026-06-24T14:00:09.271+0700] {_client.py:1025} INFO - HTTP Request: GET https://huggingface.co/api/resolve-cache/models/w11wo/indonesian-roberta-base-sentiment-classifier/ac452dcb0f4966130bba44f4ee0013bb5d52c282/tokenizer.json "HTTP/1.1 200 OK"
[2026-06-24T14:00:10.935+0700] {_client.py:1025} INFO - HTTP Request: HEAD https://huggingface.co/w11wo/indonesian-roberta-base-sentiment-classifier/resolve/main/added_tokens.json "HTTP/1.1 404 Not Found"
[2026-06-24T14:00:11.392+0700] {_client.py:1025} INFO - HTTP Request: HEAD https://huggingface.co/w11wo/indonesian-roberta-base-sentiment-classifier/resolve/main/special_tokens_map.json "HTTP/1.1 307 Temporary Redirect"
[2026-06-24T14:00:11.470+0700] {_client.py:1025} INFO - HTTP Request: HEAD https://huggingface.co/api/resolve-cache/models/w11wo/indonesian-roberta-base-sentiment-classifier/ac452dcb0f4966130bba44f4ee0013bb5d52c282/special_tokens_map.json "HTTP/1.1 200 OK"
[2026-06-24T14:00:12.001+0700] {_client.py:1025} INFO - HTTP Request: GET https://huggingface.co/api/resolve-cache/models/w11wo/indonesian-roberta-base-sentiment-classifier/ac452dcb0f4966130bba44f4ee0013bb5d52c282/special_tokens_map.json "HTTP/1.1 200 OK"
[2026-06-24T14:00:12.580+0700] {_client.py:1025} INFO - HTTP Request: HEAD https://huggingface.co/w11wo/indonesian-roberta-base-sentiment-classifier/resolve/main/chat_template.jinja "HTTP/1.1 404 Not Found"
[2026-06-24T14:00:13.497+0700] {_client.py:1025} INFO - HTTP Request: HEAD https://huggingface.co/w11wo/indonesian-roberta-base-sentiment-classifier/resolve/main/processor_config.json "HTTP/1.1 404 Not Found"
[2026-06-24T14:00:13.810+0700] {_client.py:1025} INFO - HTTP Request: HEAD https://huggingface.co/w11wo/indonesian-roberta-base-sentiment-classifier/resolve/main/video_preprocessor_config.json "HTTP/1.1 404 Not Found"
[2026-06-24T14:00:14.206+0700] {_client.py:1025} INFO - HTTP Request: HEAD https://huggingface.co/w11wo/indonesian-roberta-base-sentiment-classifier/resolve/main/preprocessor_config.json "HTTP/1.1 404 Not Found"
[2026-06-24T14:00:14.227+0700] {logging_mixin.py:190} INFO -  Model AI siap digunakan!
[2026-06-24T14:00:14.235+0700] {logging_mixin.py:190} INFO - 🚀 Memulai Job Pemrosesan Twitter (Cleaning + Sentiment + Relevance Filter)...
[2026-06-24T14:00:14.605+0700] {logging_mixin.py:190} INFO - ✅ Tidak ada tweet baru untuk diproses.
[2026-06-24T14:00:14.610+0700] {python.py:240} INFO - Done. Returned value was: None
[2026-06-24T14:00:14.746+0700] {taskinstance.py:340} INFO - ::group::Post task execution logs
[2026-06-24T14:00:14.750+0700] {taskinstance.py:352} INFO - Marking task as SUCCESS. dag_id=remosy_master_end_to_end, task_id=process_twitter, run_id=scheduled__2026-06-22T17:00:00+00:00, execution_date=20260622T170000, start_date=20260624T064724, end_date=20260624T070014
[2026-06-24T14:00:14.954+0700] {local_task_job_runner.py:261} INFO - Task exited with return code 0
[2026-06-24T14:00:15.139+0700] {taskinstance.py:3891} INFO - 1 downstream tasks scheduled from follow-on schedule check
[2026-06-24T14:00:15.141+0700] {local_task_job_runner.py:240} INFO - ::endgroup::
