[2026-02-13T23:08:02.394+0700] {local_task_job_runner.py:123} INFO - ::group::Pre task execution logs
[2026-02-13T23:08:02.423+0700] {taskinstance.py:2603} INFO - Dependencies all met for dep_context=non-requeueable deps ti=<TaskInstance: dag_scraping_twitter.task_scrape_twitter scheduled__2026-02-12T11:00:00+00:00 [queued]>
[2026-02-13T23:08:02.439+0700] {taskinstance.py:2603} INFO - Dependencies all met for dep_context=requeueable deps ti=<TaskInstance: dag_scraping_twitter.task_scrape_twitter scheduled__2026-02-12T11:00:00+00:00 [queued]>
[2026-02-13T23:08:02.440+0700] {taskinstance.py:2856} INFO - Starting attempt 1 of 1
[2026-02-13T23:08:02.460+0700] {taskinstance.py:2879} INFO - Executing <Task(PythonOperator): task_scrape_twitter> on 2026-02-12 11:00:00+00:00
[2026-02-13T23:08:02.479+0700] {standard_task_runner.py:104} INFO - Running: ['***', 'tasks', 'run', 'dag_scraping_twitter', 'task_scrape_twitter', 'scheduled__2026-02-12T11:00:00+00:00', '--job-id', '118', '--raw', '--subdir', 'DAGS_FOLDER/dag_scraping_twitter.py', '--cfg-path', '/tmp/tmp614pcs6d']
[2026-02-13T23:08:02.483+0700] {logging_mixin.py:190} WARNING - /home/***/.local/lib/python3.12/site-packages/***/task/task_runner/standard_task_runner.py:70 DeprecationWarning: This process (pid=165) is multi-threaded, use of fork() may lead to deadlocks in the child.
[2026-02-13T23:08:02.484+0700] {standard_task_runner.py:105} INFO - Job 118: Subtask task_scrape_twitter
[2026-02-13T23:08:02.484+0700] {standard_task_runner.py:72} INFO - Started process 179 to run task
[2026-02-13T23:08:02.508+0700] {logging_mixin.py:190} WARNING - /home/***/.local/lib/python3.12/site-packages/***/settings.py:209 DeprecationWarning: The sql_alchemy_conn option in [core] has been moved to the sql_alchemy_conn option in [database] - the old setting has been used, but please update your config.
[2026-02-13T23:08:02.581+0700] {task_command.py:467} INFO - Running <TaskInstance: dag_scraping_twitter.task_scrape_twitter scheduled__2026-02-12T11:00:00+00:00 [running]> on host af387e7c2811
[2026-02-13T23:08:02.586+0700] {logging_mixin.py:190} WARNING - /home/***/.local/lib/python3.12/site-packages/***/settings.py:449 DeprecationWarning: The sql_alchemy_conn option in [core] has been moved to the sql_alchemy_conn option in [database] - the old setting has been used, but please update your config.
[2026-02-13T23:08:02.760+0700] {taskinstance.py:3122} INFO - Exporting env vars: AIRFLOW_CTX_DAG_OWNER='remosy_admin' AIRFLOW_CTX_DAG_ID='dag_scraping_twitter' AIRFLOW_CTX_TASK_ID='task_scrape_twitter' AIRFLOW_CTX_EXECUTION_DATE='2026-02-12T11:00:00+00:00' AIRFLOW_CTX_TRY_NUMBER='1' AIRFLOW_CTX_DAG_RUN_ID='scheduled__2026-02-12T11:00:00+00:00'
[2026-02-13T23:08:02.762+0700] {taskinstance.py:731} INFO - ::endgroup::
[2026-02-13T23:08:05.374+0700] {logging_mixin.py:190} INFO - Memulai Job Scraping Twitter (Mode Cerdas)...
[2026-02-13T23:08:05.476+0700] {logging_mixin.py:190} INFO - Database saat ini memiliki 109 tweet.
[2026-02-13T23:08:05.477+0700] {logging_mixin.py:190} INFO - Mencari Tweet: unsika...
[2026-02-13T23:10:05.308+0700] {logging_mixin.py:190} INFO - Mencari Tweet: universitas singaperbangsa karawang...
[2026-02-13T23:12:31.778+0700] {logging_mixin.py:190} INFO - Mencari Tweet: mahasiswa unsika...
[2026-02-13T23:15:02.564+0700] {logging_mixin.py:190} INFO - Job Twitter Selesai. Total 0 tweet baru tersimpan.
[2026-02-13T23:15:02.567+0700] {python.py:240} INFO - Done. Returned value was: None
[2026-02-13T23:15:02.649+0700] {taskinstance.py:340} INFO - ::group::Post task execution logs
[2026-02-13T23:15:02.652+0700] {taskinstance.py:352} INFO - Marking task as SUCCESS. dag_id=dag_scraping_twitter, task_id=task_scrape_twitter, run_id=scheduled__2026-02-12T11:00:00+00:00, execution_date=20260212T110000, start_date=20260213T160802, end_date=20260213T161502
[2026-02-13T23:15:02.720+0700] {local_task_job_runner.py:261} INFO - Task exited with return code 0
[2026-02-13T23:15:02.779+0700] {taskinstance.py:3891} INFO - 1 downstream tasks scheduled from follow-on schedule check
[2026-02-13T23:15:02.782+0700] {local_task_job_runner.py:240} INFO - ::endgroup::
[2026-02-13T23:15:02.794+0700] {standard_task_runner.py:217} INFO - Process not found (most likely exited), stop collecting metrics
