[2026-06-16T12:00:01.316+0700] {local_task_job_runner.py:123} INFO - ::group::Pre task execution logs
[2026-06-16T12:00:01.336+0700] {taskinstance.py:2603} INFO - Dependencies all met for dep_context=non-requeueable deps ti=<TaskInstance: remosy_master_end_to_end.scrape_news scheduled__2026-06-15T17:00:00+00:00 [queued]>
[2026-06-16T12:00:01.351+0700] {taskinstance.py:2603} INFO - Dependencies all met for dep_context=requeueable deps ti=<TaskInstance: remosy_master_end_to_end.scrape_news scheduled__2026-06-15T17:00:00+00:00 [queued]>
[2026-06-16T12:00:01.352+0700] {taskinstance.py:2856} INFO - Starting attempt 1 of 1
[2026-06-16T12:00:01.369+0700] {taskinstance.py:2879} INFO - Executing <Task(PythonOperator): scrape_news> on 2026-06-15 17:00:00+00:00
[2026-06-16T12:00:01.379+0700] {standard_task_runner.py:104} INFO - Running: ['***', 'tasks', 'run', 'remosy_master_end_to_end', 'scrape_news', 'scheduled__2026-06-15T17:00:00+00:00', '--job-id', '497', '--raw', '--subdir', 'DAGS_FOLDER/dag_remosy_master.py', '--cfg-path', '/tmp/tmp2araf40m']
[2026-06-16T12:00:01.379+0700] {logging_mixin.py:190} WARNING - /home/***/.local/lib/python3.12/site-packages/***/task/task_runner/standard_task_runner.py:70 DeprecationWarning: This process (pid=12100) is multi-threaded, use of fork() may lead to deadlocks in the child.
[2026-06-16T12:00:01.382+0700] {standard_task_runner.py:105} INFO - Job 497: Subtask scrape_news
[2026-06-16T12:00:01.382+0700] {standard_task_runner.py:72} INFO - Started process 12102 to run task
[2026-06-16T12:00:01.401+0700] {logging_mixin.py:190} WARNING - /home/***/.local/lib/python3.12/site-packages/***/settings.py:209 DeprecationWarning: The sql_alchemy_conn option in [core] has been moved to the sql_alchemy_conn option in [database] - the old setting has been used, but please update your config.
[2026-06-16T12:00:01.451+0700] {task_command.py:467} INFO - Running <TaskInstance: remosy_master_end_to_end.scrape_news scheduled__2026-06-15T17:00:00+00:00 [running]> on host 61dfca9b63ac
[2026-06-16T12:00:01.454+0700] {logging_mixin.py:190} WARNING - /home/***/.local/lib/python3.12/site-packages/***/settings.py:449 DeprecationWarning: The sql_alchemy_conn option in [core] has been moved to the sql_alchemy_conn option in [database] - the old setting has been used, but please update your config.
[2026-06-16T12:00:01.572+0700] {taskinstance.py:3122} INFO - Exporting env vars: AIRFLOW_CTX_DAG_OWNER='remosy' AIRFLOW_CTX_DAG_ID='remosy_master_end_to_end' AIRFLOW_CTX_TASK_ID='scrape_news' AIRFLOW_CTX_EXECUTION_DATE='2026-06-15T17:00:00+00:00' AIRFLOW_CTX_TRY_NUMBER='1' AIRFLOW_CTX_DAG_RUN_ID='scheduled__2026-06-15T17:00:00+00:00'
[2026-06-16T12:00:01.574+0700] {taskinstance.py:731} INFO - ::endgroup::
[2026-06-16T12:00:03.377+0700] {logging_mixin.py:190} INFO - 🚀 Memulai Job Scraping Google News (Relational Schema)...
[2026-06-16T12:00:03.427+0700] {logging_mixin.py:190} INFO - 🔎 Sedang mencari: 'UNSIKA' (ID: 1)...
[2026-06-16T12:00:07.172+0700] {logging_mixin.py:190} INFO -    ℹ️  Dapat berita, tapi semuanya duplikat.
[2026-06-16T12:00:07.173+0700] {logging_mixin.py:190} INFO - 🔎 Sedang mencari: 'Universitas Singaperbangsa Karawang' (ID: 2)...
[2026-06-16T12:00:07.911+0700] {logging_mixin.py:190} INFO -    ✅ Menyimpan 3 berita BARU (Relasi ID: 2).
[2026-06-16T12:00:07.912+0700] {logging_mixin.py:190} INFO - 🔎 Sedang mencari: 'unsikuy' (ID: 3)...
[2026-06-16T12:00:08.277+0700] {logging_mixin.py:190} INFO -    ⚠️ Tidak ditemukan berita.
[2026-06-16T12:00:08.279+0700] {logging_mixin.py:190} INFO - 🏁 Job Selesai. Total 3 berita baru.
[2026-06-16T12:00:08.280+0700] {python.py:240} INFO - Done. Returned value was: None
[2026-06-16T12:00:08.296+0700] {taskinstance.py:340} INFO - ::group::Post task execution logs
[2026-06-16T12:00:08.297+0700] {taskinstance.py:352} INFO - Marking task as SUCCESS. dag_id=remosy_master_end_to_end, task_id=scrape_news, run_id=scheduled__2026-06-15T17:00:00+00:00, execution_date=20260615T170000, start_date=20260616T050001, end_date=20260616T050008
[2026-06-16T12:00:08.349+0700] {local_task_job_runner.py:261} INFO - Task exited with return code 0
[2026-06-16T12:00:08.370+0700] {taskinstance.py:3891} INFO - 1 downstream tasks scheduled from follow-on schedule check
[2026-06-16T12:00:08.372+0700] {local_task_job_runner.py:240} INFO - ::endgroup::
