[2026-06-15T12:03:09.552+0700] {local_task_job_runner.py:123} INFO - ::group::Pre task execution logs
[2026-06-15T12:03:09.573+0700] {taskinstance.py:2603} INFO - Dependencies all met for dep_context=non-requeueable deps ti=<TaskInstance: remosy_master_end_to_end.process_twitter scheduled__2026-06-14T17:00:00+00:00 [queued]>
[2026-06-15T12:03:09.589+0700] {taskinstance.py:2603} INFO - Dependencies all met for dep_context=requeueable deps ti=<TaskInstance: remosy_master_end_to_end.process_twitter scheduled__2026-06-14T17:00:00+00:00 [queued]>
[2026-06-15T12:03:09.590+0700] {taskinstance.py:2856} INFO - Starting attempt 1 of 1
[2026-06-15T12:03:09.607+0700] {taskinstance.py:2879} INFO - Executing <Task(PythonOperator): process_twitter> on 2026-06-14 17:00:00+00:00
[2026-06-15T12:03:09.616+0700] {logging_mixin.py:190} WARNING - /home/***/.local/lib/python3.12/site-packages/***/task/task_runner/standard_task_runner.py:70 DeprecationWarning: This process (pid=38681) is multi-threaded, use of fork() may lead to deadlocks in the child.
[2026-06-15T12:03:09.615+0700] {standard_task_runner.py:104} INFO - Running: ['***', 'tasks', 'run', 'remosy_master_end_to_end', 'process_twitter', 'scheduled__2026-06-14T17:00:00+00:00', '--job-id', '486', '--raw', '--subdir', 'DAGS_FOLDER/dag_remosy_master.py', '--cfg-path', '/tmp/tmpp1a6g7r5']
[2026-06-15T12:03:09.618+0700] {standard_task_runner.py:72} INFO - Started process 38682 to run task
[2026-06-15T12:03:09.618+0700] {standard_task_runner.py:105} INFO - Job 486: Subtask process_twitter
[2026-06-15T12:03:09.635+0700] {logging_mixin.py:190} WARNING - /home/***/.local/lib/python3.12/site-packages/***/settings.py:209 DeprecationWarning: The sql_alchemy_conn option in [core] has been moved to the sql_alchemy_conn option in [database] - the old setting has been used, but please update your config.
[2026-06-15T12:03:09.673+0700] {task_command.py:467} INFO - Running <TaskInstance: remosy_master_end_to_end.process_twitter scheduled__2026-06-14T17:00:00+00:00 [running]> on host ed381b175d5e
[2026-06-15T12:03:09.675+0700] {logging_mixin.py:190} WARNING - /home/***/.local/lib/python3.12/site-packages/***/settings.py:449 DeprecationWarning: The sql_alchemy_conn option in [core] has been moved to the sql_alchemy_conn option in [database] - the old setting has been used, but please update your config.
[2026-06-15T12:03:09.774+0700] {taskinstance.py:3122} INFO - Exporting env vars: AIRFLOW_CTX_DAG_OWNER='remosy' AIRFLOW_CTX_DAG_ID='remosy_master_end_to_end' AIRFLOW_CTX_TASK_ID='process_twitter' AIRFLOW_CTX_EXECUTION_DATE='2026-06-14T17:00:00+00:00' AIRFLOW_CTX_TRY_NUMBER='1' AIRFLOW_CTX_DAG_RUN_ID='scheduled__2026-06-14T17:00:00+00:00'
[2026-06-15T12:03:09.776+0700] {taskinstance.py:731} INFO - ::endgroup::
[2026-06-15T12:03:16.993+0700] {logging_mixin.py:190} INFO -  Sedang memuat model AI (IndoBERT)...
[2026-06-15T12:03:17.318+0700] {_client.py:1025} INFO - HTTP Request: HEAD https://huggingface.co/w11wo/indonesian-roberta-base-sentiment-classifier/resolve/main/config.json "HTTP/1.1 307 Temporary Redirect"
[2026-06-15T12:03:17.334+0700] {_client.py:1025} INFO - HTTP Request: HEAD https://huggingface.co/api/resolve-cache/models/w11wo/indonesian-roberta-base-sentiment-classifier/ac452dcb0f4966130bba44f4ee0013bb5d52c282/config.json "HTTP/1.1 200 OK"
[2026-06-15T12:03:17.474+0700] {logging_mixin.py:190} WARNING - Loading weights:   0%|          | 0/201 [00:00<?, ?it/s]
[2026-06-15T12:03:17.568+0700] {logging_mixin.py:190} WARNING - Loading weights: 100%|##########| 201/201 [00:00<00:00, 2169.80it/s]
[2026-06-15T12:03:17.858+0700] {_client.py:1025} INFO - HTTP Request: GET https://huggingface.co/api/models/w11wo/indonesian-roberta-base-sentiment-classifier/tree/main/additional_chat_templates?recursive=false&expand=false "HTTP/1.1 404 Not Found"
[2026-06-15T12:03:18.134+0700] {_client.py:1025} INFO - HTTP Request: GET https://huggingface.co/api/models/w11wo/indonesian-roberta-base-sentiment-classifier/tree/main?recursive=true&expand=false "HTTP/1.1 200 OK"
[2026-06-15T12:03:18.518+0700] {_client.py:1025} INFO - HTTP Request: HEAD https://huggingface.co/w11wo/indonesian-roberta-base-sentiment-classifier/resolve/main/processor_config.json "HTTP/1.1 404 Not Found"
[2026-06-15T12:03:18.519+0700] {logging_mixin.py:190} WARNING - Warning: You are sending unauthenticated requests to the HF Hub. Please set a HF_TOKEN to enable higher rate limits and faster downloads.
[2026-06-15T12:03:18.519+0700] {_http.py:904} WARNING - Warning: You are sending unauthenticated requests to the HF Hub. Please set a HF_TOKEN to enable higher rate limits and faster downloads.
[2026-06-15T12:03:18.792+0700] {_client.py:1025} INFO - HTTP Request: HEAD https://huggingface.co/w11wo/indonesian-roberta-base-sentiment-classifier/resolve/main/video_preprocessor_config.json "HTTP/1.1 404 Not Found"
[2026-06-15T12:03:19.066+0700] {_client.py:1025} INFO - HTTP Request: HEAD https://huggingface.co/w11wo/indonesian-roberta-base-sentiment-classifier/resolve/main/preprocessor_config.json "HTTP/1.1 404 Not Found"
[2026-06-15T12:03:19.071+0700] {logging_mixin.py:190} INFO -  Model AI siap digunakan!
[2026-06-15T12:03:19.072+0700] {logging_mixin.py:190} INFO - 🚀 Memulai Job Pemrosesan Twitter (Cleaning + Sentiment + Relevance Filter)...
[2026-06-15T12:03:19.089+0700] {logging_mixin.py:190} INFO - 📦 Ditemukan 9 tweet baru. Sedang memproses...
[2026-06-15T12:03:19.398+0700] {logging_mixin.py:190} INFO -    🗑️ HAPUS (Tweet Nyasar): 'Kalau saya tidak salah ingat. Menolak jadi PT...'
[2026-06-15T12:03:19.401+0700] {logging_mixin.py:190} INFO -    🗑️ HAPUS (Tweet Nyasar): 'MK menggelar sidang lanjutan pengujian materi...'
[2026-06-15T12:03:19.403+0700] {logging_mixin.py:190} INFO -    🗑️ HAPUS (Tweet Nyasar): 'MK menggelar sidang lanjutan pengujian materi...'
[2026-06-15T12:03:19.405+0700] {logging_mixin.py:190} INFO -    🗑️ HAPUS (Tweet Nyasar): '@araiiseven loveee meskipun kita dapat nya un...'
[2026-06-15T12:03:19.407+0700] {logging_mixin.py:190} INFO -    🗑️ HAPUS (Tweet Nyasar): 'anak unsikuy atau ubp tuh...'
[2026-06-15T12:03:19.410+0700] {logging_mixin.py:190} INFO -    🗑️ HAPUS (Tweet Nyasar): '@ruilistic apakah km anak unsikuy?...'
[2026-06-15T12:03:19.412+0700] {logging_mixin.py:190} INFO -    🗑️ HAPUS (Tweet Nyasar): '@idiskitten bjirr unsikuy pergaulan bebas mul...'
[2026-06-15T12:03:19.420+0700] {logging_mixin.py:190} INFO - ✅ SUKSES! 2 tweet berhasil dianalisis dengan otak hibrida baru.
[2026-06-15T12:03:19.421+0700] {python.py:240} INFO - Done. Returned value was: None
[2026-06-15T12:03:19.429+0700] {taskinstance.py:340} INFO - ::group::Post task execution logs
[2026-06-15T12:03:19.430+0700] {taskinstance.py:352} INFO - Marking task as SUCCESS. dag_id=remosy_master_end_to_end, task_id=process_twitter, run_id=scheduled__2026-06-14T17:00:00+00:00, execution_date=20260614T170000, start_date=20260615T050309, end_date=20260615T050319
[2026-06-15T12:03:19.510+0700] {local_task_job_runner.py:261} INFO - Task exited with return code 0
[2026-06-15T12:03:19.532+0700] {taskinstance.py:3891} INFO - 1 downstream tasks scheduled from follow-on schedule check
[2026-06-15T12:03:19.535+0700] {local_task_job_runner.py:240} INFO - ::endgroup::
