[2026-06-24T13:45:42.695+0700] {local_task_job_runner.py:123} INFO - ::group::Pre task execution logs
[2026-06-24T13:45:42.765+0700] {taskinstance.py:2603} INFO - Dependencies all met for dep_context=non-requeueable deps ti=<TaskInstance: remosy_master_end_to_end.scrape_twitter scheduled__2026-06-22T17:00:00+00:00 [queued]>
[2026-06-24T13:45:42.800+0700] {taskinstance.py:2603} INFO - Dependencies all met for dep_context=requeueable deps ti=<TaskInstance: remosy_master_end_to_end.scrape_twitter scheduled__2026-06-22T17:00:00+00:00 [queued]>
[2026-06-24T13:45:42.807+0700] {taskinstance.py:2856} INFO - Starting attempt 2 of 1
[2026-06-24T13:45:42.880+0700] {taskinstance.py:2879} INFO - Executing <Task(PythonOperator): scrape_twitter> on 2026-06-22 17:00:00+00:00
[2026-06-24T13:45:42.904+0700] {logging_mixin.py:190} WARNING - /home/***/.local/lib/python3.12/site-packages/***/task/task_runner/standard_task_runner.py:70 DeprecationWarning: This process (pid=180) is multi-threaded, use of fork() may lead to deadlocks in the child.
[2026-06-24T13:45:42.918+0700] {standard_task_runner.py:72} INFO - Started process 190 to run task
[2026-06-24T13:45:42.944+0700] {standard_task_runner.py:104} INFO - Running: ['***', 'tasks', 'run', 'remosy_master_end_to_end', 'scrape_twitter', 'scheduled__2026-06-22T17:00:00+00:00', '--job-id', '613', '--raw', '--subdir', 'DAGS_FOLDER/dag_remosy_master.py', '--cfg-path', '/tmp/tmpyom5jl__']
[2026-06-24T13:45:42.965+0700] {standard_task_runner.py:105} INFO - Job 613: Subtask scrape_twitter
[2026-06-24T13:45:43.080+0700] {logging_mixin.py:190} WARNING - /home/***/.local/lib/python3.12/site-packages/***/settings.py:209 DeprecationWarning: The sql_alchemy_conn option in [core] has been moved to the sql_alchemy_conn option in [database] - the old setting has been used, but please update your config.
[2026-06-24T13:45:43.271+0700] {task_command.py:467} INFO - Running <TaskInstance: remosy_master_end_to_end.scrape_twitter scheduled__2026-06-22T17:00:00+00:00 [running]> on host f651688c9edb
[2026-06-24T13:45:43.274+0700] {logging_mixin.py:190} WARNING - /home/***/.local/lib/python3.12/site-packages/***/settings.py:449 DeprecationWarning: The sql_alchemy_conn option in [core] has been moved to the sql_alchemy_conn option in [database] - the old setting has been used, but please update your config.
[2026-06-24T13:45:43.538+0700] {taskinstance.py:3122} INFO - Exporting env vars: AIRFLOW_CTX_DAG_OWNER='remosy' AIRFLOW_CTX_DAG_ID='remosy_master_end_to_end' AIRFLOW_CTX_TASK_ID='scrape_twitter' AIRFLOW_CTX_EXECUTION_DATE='2026-06-22T17:00:00+00:00' AIRFLOW_CTX_TRY_NUMBER='2' AIRFLOW_CTX_DAG_RUN_ID='scheduled__2026-06-22T17:00:00+00:00'
[2026-06-24T13:45:43.543+0700] {taskinstance.py:731} INFO - ::endgroup::
[2026-06-24T13:45:59.074+0700] {logging_mixin.py:190} INFO - Memulai Job Scraping Twitter (Relational Schema)...
[2026-06-24T13:45:59.160+0700] {logging_mixin.py:190} INFO - Mencari Tweet: UNSIKA...
[2026-06-24T13:47:12.415+0700] {logging_mixin.py:190} INFO - Mencari Tweet: Universitas Singaperbangsa Karawang...
[2026-06-24T13:47:15.173+0700] {logging_mixin.py:190} INFO - Mencari Tweet: unsikuy...
[2026-06-24T13:47:17.635+0700] {logging_mixin.py:190} INFO - Mencari Tweet: Fasilkom UNSIKA...
[2026-06-24T13:47:22.200+0700] {logging_mixin.py:190} INFO - Job Twitter Selesai. Total 0 tweet baru tersimpan.
[2026-06-24T13:47:22.615+0700] {python.py:240} INFO - Done. Returned value was: None
[2026-06-24T13:47:22.825+0700] {taskinstance.py:340} INFO - ::group::Post task execution logs
[2026-06-24T13:47:22.826+0700] {taskinstance.py:352} INFO - Marking task as SUCCESS. dag_id=remosy_master_end_to_end, task_id=scrape_twitter, run_id=scheduled__2026-06-22T17:00:00+00:00, execution_date=20260622T170000, start_date=20260624T064542, end_date=20260624T064722
[2026-06-24T13:47:23.583+0700] {local_task_job_runner.py:261} INFO - Task exited with return code 0
[2026-06-24T13:47:23.747+0700] {standard_task_runner.py:217} INFO - Process not found (most likely exited), stop collecting metrics
[2026-06-24T13:47:23.873+0700] {taskinstance.py:3891} INFO - 0 downstream tasks scheduled from follow-on schedule check
[2026-06-24T13:47:23.945+0700] {local_task_job_runner.py:240} INFO - ::endgroup::
