[2026-04-10T16:30:51.869+0700] {local_task_job_runner.py:123} INFO - ::group::Pre task execution logs
[2026-04-10T16:30:51.887+0700] {taskinstance.py:2603} INFO - Dependencies all met for dep_context=non-requeueable deps ti=<TaskInstance: dag_scraping_daily.task_process_sentiment scheduled__2026-03-29T05:00:00+00:00 [queued]>
[2026-04-10T16:30:51.898+0700] {taskinstance.py:2603} INFO - Dependencies all met for dep_context=requeueable deps ti=<TaskInstance: dag_scraping_daily.task_process_sentiment scheduled__2026-03-29T05:00:00+00:00 [queued]>
[2026-04-10T16:30:51.899+0700] {taskinstance.py:2856} INFO - Starting attempt 1 of 2
[2026-04-10T16:30:51.922+0700] {taskinstance.py:2879} INFO - Executing <Task(PythonOperator): task_process_sentiment> on 2026-03-29 05:00:00+00:00
[2026-04-10T16:30:51.930+0700] {logging_mixin.py:190} WARNING - /home/***/.local/lib/python3.12/site-packages/***/task/task_runner/standard_task_runner.py:70 DeprecationWarning: This process (pid=244) is multi-threaded, use of fork() may lead to deadlocks in the child.
[2026-04-10T16:30:51.931+0700] {standard_task_runner.py:72} INFO - Started process 245 to run task
[2026-04-10T16:30:51.930+0700] {standard_task_runner.py:104} INFO - Running: ['***', 'tasks', 'run', 'dag_scraping_daily', 'task_process_sentiment', 'scheduled__2026-03-29T05:00:00+00:00', '--job-id', '255', '--raw', '--subdir', 'DAGS_FOLDER/dag_scraping_daily.py', '--cfg-path', '/tmp/tmpm6uayf0h']
[2026-04-10T16:30:51.932+0700] {standard_task_runner.py:105} INFO - Job 255: Subtask task_process_sentiment
[2026-04-10T16:30:51.948+0700] {logging_mixin.py:190} WARNING - /home/***/.local/lib/python3.12/site-packages/***/settings.py:209 DeprecationWarning: The sql_alchemy_conn option in [core] has been moved to the sql_alchemy_conn option in [database] - the old setting has been used, but please update your config.
[2026-04-10T16:30:51.998+0700] {task_command.py:467} INFO - Running <TaskInstance: dag_scraping_daily.task_process_sentiment scheduled__2026-03-29T05:00:00+00:00 [running]> on host 97661983fdcf
[2026-04-10T16:30:52.000+0700] {logging_mixin.py:190} WARNING - /home/***/.local/lib/python3.12/site-packages/***/settings.py:449 DeprecationWarning: The sql_alchemy_conn option in [core] has been moved to the sql_alchemy_conn option in [database] - the old setting has been used, but please update your config.
[2026-04-10T16:30:52.090+0700] {taskinstance.py:3122} INFO - Exporting env vars: AIRFLOW_CTX_DAG_OWNER='remosy_admin' AIRFLOW_CTX_DAG_ID='dag_scraping_daily' AIRFLOW_CTX_TASK_ID='task_process_sentiment' AIRFLOW_CTX_EXECUTION_DATE='2026-03-29T05:00:00+00:00' AIRFLOW_CTX_TRY_NUMBER='1' AIRFLOW_CTX_DAG_RUN_ID='scheduled__2026-03-29T05:00:00+00:00'
[2026-04-10T16:30:52.092+0700] {taskinstance.py:731} INFO - ::endgroup::
[2026-04-10T16:31:02.785+0700] {logging_mixin.py:190} INFO - 🚀 Memulai Job Pemrosesan Berita (Smart Sentiment & Relevance Filter)...
[2026-04-10T16:31:02.801+0700] {logging_mixin.py:190} INFO -    📦 Memproses 5 berita baru...
[2026-04-10T16:31:02.802+0700] {logging_mixin.py:190} INFO -    🤖 Sedang memuat model AI (IndoBERT)...
[2026-04-10T16:31:04.038+0700] {_client.py:1025} INFO - HTTP Request: HEAD https://huggingface.co/w11wo/indonesian-roberta-base-sentiment-classifier/resolve/main/config.json "HTTP/1.1 307 Temporary Redirect"
[2026-04-10T16:31:04.195+0700] {_client.py:1025} INFO - HTTP Request: HEAD https://huggingface.co/api/resolve-cache/models/w11wo/indonesian-roberta-base-sentiment-classifier/ac452dcb0f4966130bba44f4ee0013bb5d52c282/config.json "HTTP/1.1 200 OK"
[2026-04-10T16:31:04.421+0700] {_client.py:1025} INFO - HTTP Request: GET https://huggingface.co/api/resolve-cache/models/w11wo/indonesian-roberta-base-sentiment-classifier/ac452dcb0f4966130bba44f4ee0013bb5d52c282/config.json "HTTP/1.1 200 OK"
[2026-04-10T16:31:05.157+0700] {_client.py:1025} INFO - HTTP Request: HEAD https://huggingface.co/w11wo/indonesian-roberta-base-sentiment-classifier/resolve/main/model.safetensors "HTTP/1.1 302 Found"
[2026-04-10T16:31:05.608+0700] {_client.py:1025} INFO - HTTP Request: GET https://huggingface.co/api/models/w11wo/indonesian-roberta-base-sentiment-classifier/xet-read-token/ac452dcb0f4966130bba44f4ee0013bb5d52c282 "HTTP/1.1 200 OK"
[2026-04-10T16:47:37.887+0700] {logging_mixin.py:190} WARNING - '[Errno -2] Name or service not known' thrown while requesting HEAD https://huggingface.co/w11wo/indonesian-roberta-base-sentiment-classifier/resolve/main/model.safetensors
[2026-04-10T16:47:37.877+0700] {_http.py:420} WARNING - '[Errno -2] Name or service not known' thrown while requesting HEAD https://huggingface.co/w11wo/indonesian-roberta-base-sentiment-classifier/resolve/main/model.safetensors
[2026-04-10T16:47:37.915+0700] {logging_mixin.py:190} WARNING - Retrying in 1s [Retry 1/5].
[2026-04-10T16:47:37.914+0700] {_http.py:433} WARNING - Retrying in 1s [Retry 1/5].
[2026-04-10T16:47:39.072+0700] {logging_mixin.py:190} WARNING - '[Errno -2] Name or service not known' thrown while requesting HEAD https://huggingface.co/w11wo/indonesian-roberta-base-sentiment-classifier/resolve/main/model.safetensors
[2026-04-10T16:47:39.072+0700] {_http.py:420} WARNING - '[Errno -2] Name or service not known' thrown while requesting HEAD https://huggingface.co/w11wo/indonesian-roberta-base-sentiment-classifier/resolve/main/model.safetensors
[2026-04-10T16:47:39.077+0700] {logging_mixin.py:190} WARNING - Retrying in 1s [Retry 1/5].
[2026-04-10T16:47:39.077+0700] {_http.py:433} WARNING - Retrying in 1s [Retry 1/5].
[2026-04-10T16:47:40.126+0700] {logging_mixin.py:190} WARNING - '[Errno -2] Name or service not known' thrown while requesting HEAD https://huggingface.co/w11wo/indonesian-roberta-base-sentiment-classifier/resolve/main/model.safetensors
[2026-04-10T16:47:40.125+0700] {_http.py:420} WARNING - '[Errno -2] Name or service not known' thrown while requesting HEAD https://huggingface.co/w11wo/indonesian-roberta-base-sentiment-classifier/resolve/main/model.safetensors
[2026-04-10T16:47:40.131+0700] {logging_mixin.py:190} WARNING - Retrying in 1s [Retry 1/5].
[2026-04-10T16:47:40.131+0700] {_http.py:433} WARNING - Retrying in 1s [Retry 1/5].
[2026-04-10T16:47:41.193+0700] {taskinstance.py:3301} ERROR - Task failed with exception
Traceback (most recent call last):
  File "/home/airflow/.local/lib/python3.12/site-packages/airflow/models/taskinstance.py", line 767, in _execute_task
    result = _execute_callable(context=context, **execute_callable_kwargs)
             ^^^^^^^^^^^^^^^^^^^^^^^^^^^^^^^^^^^^^^^^^^^^^^^^^^^^^^^^^^^^^
  File "/home/airflow/.local/lib/python3.12/site-packages/airflow/models/taskinstance.py", line 733, in _execute_callable
    return ExecutionCallableRunner(
           ^^^^^^^^^^^^^^^^^^^^^^^^
  File "/home/airflow/.local/lib/python3.12/site-packages/airflow/utils/operator_helpers.py", line 252, in run
    return self.func(*args, **kwargs)
           ^^^^^^^^^^^^^^^^^^^^^^^^^^
  File "/home/airflow/.local/lib/python3.12/site-packages/airflow/models/baseoperator.py", line 406, in wrapper
    return func(self, *args, **kwargs)
           ^^^^^^^^^^^^^^^^^^^^^^^^^^^
  File "/home/airflow/.local/lib/python3.12/site-packages/airflow/operators/python.py", line 238, in execute
    return_value = self.execute_callable()
                   ^^^^^^^^^^^^^^^^^^^^^^^
  File "/home/airflow/.local/lib/python3.12/site-packages/airflow/operators/python.py", line 256, in execute_callable
    return runner.run(*self.op_args, **self.op_kwargs)
           ^^^^^^^^^^^^^^^^^^^^^^^^^^^^^^^^^^^^^^^^^^^
  File "/home/airflow/.local/lib/python3.12/site-packages/airflow/utils/operator_helpers.py", line 252, in run
    return self.func(*args, **kwargs)
           ^^^^^^^^^^^^^^^^^^^^^^^^^^
  File "/opt/airflow/dags/dag_scraping_daily.py", line 21, in process_news_wrapper
    run_news_processing()
  File "/opt/airflow/src/processing/process_news.py", line 107, in run_news_processing
    sentiment_pipeline = pipeline(
                         ^^^^^^^^^
  File "/home/airflow/.local/lib/python3.12/site-packages/transformers/pipelines/__init__.py", line 836, in pipeline
    model = load_model(
            ^^^^^^^^^^^
  File "/home/airflow/.local/lib/python3.12/site-packages/transformers/pipelines/base.py", line 268, in load_model
    raise ValueError(
ValueError: Could not load model w11wo/indonesian-roberta-base-sentiment-classifier with any of the following classes: (<class 'transformers.models.auto.modeling_auto.AutoModelForSequenceClassification'>, <class 'transformers.models.roberta.modeling_roberta.RobertaForSequenceClassification'>). See the original errors:

while loading with AutoModelForSequenceClassification, an error is thrown:
Traceback (most recent call last):
  File "/home/***/.local/lib/python3.12/site-packages/transformers/modeling_utils.py", line 619, in _get_resolved_checkpoint_files
    resolved_archive_file = cached_file(pretrained_model_name_or_path, filename, **cached_file_kwargs)
                            ^^^^^^^^^^^^^^^^^^^^^^^^^^^^^^^^^^^^^^^^^^^^^^^^^^^^^^^^^^^^^^^^^^^^^^^^^^
  File "/home/***/.local/lib/python3.12/site-packages/transformers/utils/hub.py", line 276, in cached_file
    file = cached_files(path_or_repo_id=path_or_repo_id, filenames=[filename], **kwargs)
           ^^^^^^^^^^^^^^^^^^^^^^^^^^^^^^^^^^^^^^^^^^^^^^^^^^^^^^^^^^^^^^^^^^^^^^^^^^^^^
  File "/home/***/.local/lib/python3.12/site-packages/transformers/utils/hub.py", line 507, in cached_files
    raise e
  File "/home/***/.local/lib/python3.12/site-packages/transformers/utils/hub.py", line 419, in cached_files
    hf_hub_download(
  File "/home/***/.local/lib/python3.12/site-packages/huggingface_hub/utils/_validators.py", line 89, in _inner_fn
    return fn(*args, **kwargs)
           ^^^^^^^^^^^^^^^^^^^
  File "/home/***/.local/lib/python3.12/site-packages/huggingface_hub/file_download.py", line 1032, in hf_hub_download
    return _hf_hub_download_to_cache_dir(
           ^^^^^^^^^^^^^^^^^^^^^^^^^^^^^^
  File "/home/***/.local/lib/python3.12/site-packages/huggingface_hub/file_download.py", line 1248, in _hf_hub_download_to_cache_dir
    _download_to_tmp_and_move(
  File "/home/***/.local/lib/python3.12/site-packages/huggingface_hub/file_download.py", line 1872, in _download_to_tmp_and_move
    xet_get(
  File "/home/***/.local/lib/python3.12/site-packages/huggingface_hub/file_download.py", line 596, in xet_get
    download_files(
RuntimeError: Data processing error: CAS service error : ReqwestMiddleware Error: Request failed after 5 retries

The above exception was the direct cause of the following exception:

Traceback (most recent call last):
  File "/home/***/.local/lib/python3.12/site-packages/transformers/pipelines/base.py", line 232, in load_model
    model = model_class.from_pretrained(model, **kwargs)
            ^^^^^^^^^^^^^^^^^^^^^^^^^^^^^^^^^^^^^^^^^^^^
  File "/home/***/.local/lib/python3.12/site-packages/transformers/models/auto/auto_factory.py", line 374, in from_pretrained
    return model_class.from_pretrained(
           ^^^^^^^^^^^^^^^^^^^^^^^^^^^^
  File "/home/***/.local/lib/python3.12/site-packages/transformers/modeling_utils.py", line 3996, in from_pretrained
    checkpoint_files, sharded_metadata = _get_resolved_checkpoint_files(
                                         ^^^^^^^^^^^^^^^^^^^^^^^^^^^^^^^
  File "/home/***/.local/lib/python3.12/site-packages/transformers/modeling_utils.py", line 699, in _get_resolved_checkpoint_files
    raise OSError(
OSError: Can't load the model for 'w11wo/indonesian-roberta-base-sentiment-classifier'. If you were trying to load it from 'https://huggingface.co/models', make sure you don't have a local directory with the same name. Otherwise, make sure 'w11wo/indonesian-roberta-base-sentiment-classifier' is the correct path to a directory containing a file named pytorch_model.bin.

During handling of the above exception, another exception occurred:

Traceback (most recent call last):
  File "/home/***/.local/lib/python3.12/site-packages/transformers/modeling_utils.py", line 619, in _get_resolved_checkpoint_files
    resolved_archive_file = cached_file(pretrained_model_name_or_path, filename, **cached_file_kwargs)
                            ^^^^^^^^^^^^^^^^^^^^^^^^^^^^^^^^^^^^^^^^^^^^^^^^^^^^^^^^^^^^^^^^^^^^^^^^^^
  File "/home/***/.local/lib/python3.12/site-packages/transformers/utils/hub.py", line 276, in cached_file
    file = cached_files(path_or_repo_id=path_or_repo_id, filenames=[filename], **kwargs)
           ^^^^^^^^^^^^^^^^^^^^^^^^^^^^^^^^^^^^^^^^^^^^^^^^^^^^^^^^^^^^^^^^^^^^^^^^^^^^^
  File "/home/***/.local/lib/python3.12/site-packages/transformers/utils/hub.py", line 507, in cached_files
    raise e
  File "/home/***/.local/lib/python3.12/site-packages/transformers/utils/hub.py", line 419, in cached_files
    hf_hub_download(
  File "/home/***/.local/lib/python3.12/site-packages/huggingface_hub/utils/_validators.py", line 89, in _inner_fn
    return fn(*args, **kwargs)
           ^^^^^^^^^^^^^^^^^^^
  File "/home/***/.local/lib/python3.12/site-packages/huggingface_hub/file_download.py", line 1032, in hf_hub_download
    return _hf_hub_download_to_cache_dir(
           ^^^^^^^^^^^^^^^^^^^^^^^^^^^^^^
  File "/home/***/.local/lib/python3.12/site-packages/huggingface_hub/file_download.py", line 1165, in _hf_hub_download_to_cache_dir
    _get_metadata_or_catch_error(
  File "/home/***/.local/lib/python3.12/site-packages/huggingface_hub/file_download.py", line 1699, in _get_metadata_or_catch_error
    metadata = get_hf_file_metadata(
               ^^^^^^^^^^^^^^^^^^^^^
  File "/home/***/.local/lib/python3.12/site-packages/huggingface_hub/utils/_validators.py", line 89, in _inner_fn
    return fn(*args, **kwargs)
           ^^^^^^^^^^^^^^^^^^^
  File "/home/***/.local/lib/python3.12/site-packages/huggingface_hub/file_download.py", line 1622, in get_hf_file_metadata
    response = _httpx_follow_relative_redirects(
               ^^^^^^^^^^^^^^^^^^^^^^^^^^^^^^^^^
  File "/home/***/.local/lib/python3.12/site-packages/huggingface_hub/file_download.py", line 302, in _httpx_follow_relative_redirects
    response = http_backoff(
               ^^^^^^^^^^^^^
  File "/home/***/.local/lib/python3.12/site-packages/huggingface_hub/utils/_http.py", line 506, in http_backoff
    return next(
           ^^^^^
  File "/home/***/.local/lib/python3.12/site-packages/huggingface_hub/utils/_http.py", line 414, in _http_backoff_base
    response = client.request(method=method, url=url, **kwargs)
               ^^^^^^^^^^^^^^^^^^^^^^^^^^^^^^^^^^^^^^^^^^^^^^^^
  File "/home/***/.local/lib/python3.12/site-packages/httpx/_client.py", line 825, in request
    return self.send(request, auth=auth, follow_redirects=follow_redirects)
           ^^^^^^^^^^^^^^^^^^^^^^^^^^^^^^^^^^^^^^^^^^^^^^^^^^^^^^^^^^^^^^^^
  File "/home/***/.local/lib/python3.12/site-packages/httpx/_client.py", line 901, in send
    raise RuntimeError("Cannot send a request, as the client has been closed.")
RuntimeError: Cannot send a request, as the client has been closed.

The above exception was the direct cause of the following exception:

Traceback (most recent call last):
  File "/home/***/.local/lib/python3.12/site-packages/transformers/pipelines/base.py", line 248, in load_model
    model = model_class.from_pretrained(model, **fp32_kwargs)
            ^^^^^^^^^^^^^^^^^^^^^^^^^^^^^^^^^^^^^^^^^^^^^^^^^
  File "/home/***/.local/lib/python3.12/site-packages/transformers/models/auto/auto_factory.py", line 374, in from_pretrained
    return model_class.from_pretrained(
           ^^^^^^^^^^^^^^^^^^^^^^^^^^^^
  File "/home/***/.local/lib/python3.12/site-packages/transformers/modeling_utils.py", line 3996, in from_pretrained
    checkpoint_files, sharded_metadata = _get_resolved_checkpoint_files(
                                         ^^^^^^^^^^^^^^^^^^^^^^^^^^^^^^^
  File "/home/***/.local/lib/python3.12/site-packages/transformers/modeling_utils.py", line 699, in _get_resolved_checkpoint_files
    raise OSError(
OSError: Can't load the model for 'w11wo/indonesian-roberta-base-sentiment-classifier'. If you were trying to load it from 'https://huggingface.co/models', make sure you don't have a local directory with the same name. Otherwise, make sure 'w11wo/indonesian-roberta-base-sentiment-classifier' is the correct path to a directory containing a file named pytorch_model.bin.

while loading with RobertaForSequenceClassification, an error is thrown:
Traceback (most recent call last):
  File "/home/***/.local/lib/python3.12/site-packages/transformers/modeling_utils.py", line 619, in _get_resolved_checkpoint_files
    resolved_archive_file = cached_file(pretrained_model_name_or_path, filename, **cached_file_kwargs)
                            ^^^^^^^^^^^^^^^^^^^^^^^^^^^^^^^^^^^^^^^^^^^^^^^^^^^^^^^^^^^^^^^^^^^^^^^^^^
  File "/home/***/.local/lib/python3.12/site-packages/transformers/utils/hub.py", line 276, in cached_file
    file = cached_files(path_or_repo_id=path_or_repo_id, filenames=[filename], **kwargs)
           ^^^^^^^^^^^^^^^^^^^^^^^^^^^^^^^^^^^^^^^^^^^^^^^^^^^^^^^^^^^^^^^^^^^^^^^^^^^^^
  File "/home/***/.local/lib/python3.12/site-packages/transformers/utils/hub.py", line 507, in cached_files
    raise e
  File "/home/***/.local/lib/python3.12/site-packages/transformers/utils/hub.py", line 419, in cached_files
    hf_hub_download(
  File "/home/***/.local/lib/python3.12/site-packages/huggingface_hub/utils/_validators.py", line 89, in _inner_fn
    return fn(*args, **kwargs)
           ^^^^^^^^^^^^^^^^^^^
  File "/home/***/.local/lib/python3.12/site-packages/huggingface_hub/file_download.py", line 1032, in hf_hub_download
    return _hf_hub_download_to_cache_dir(
           ^^^^^^^^^^^^^^^^^^^^^^^^^^^^^^
  File "/home/***/.local/lib/python3.12/site-packages/huggingface_hub/file_download.py", line 1165, in _hf_hub_download_to_cache_dir
    _get_metadata_or_catch_error(
  File "/home/***/.local/lib/python3.12/site-packages/huggingface_hub/file_download.py", line 1699, in _get_metadata_or_catch_error
    metadata = get_hf_file_metadata(
               ^^^^^^^^^^^^^^^^^^^^^
  File "/home/***/.local/lib/python3.12/site-packages/huggingface_hub/utils/_validators.py", line 89, in _inner_fn
    return fn(*args, **kwargs)
           ^^^^^^^^^^^^^^^^^^^
  File "/home/***/.local/lib/python3.12/site-packages/huggingface_hub/file_download.py", line 1622, in get_hf_file_metadata
    response = _httpx_follow_relative_redirects(
               ^^^^^^^^^^^^^^^^^^^^^^^^^^^^^^^^^
  File "/home/***/.local/lib/python3.12/site-packages/huggingface_hub/file_download.py", line 302, in _httpx_follow_relative_redirects
    response = http_backoff(
               ^^^^^^^^^^^^^
  File "/home/***/.local/lib/python3.12/site-packages/huggingface_hub/utils/_http.py", line 506, in http_backoff
    return next(
           ^^^^^
  File "/home/***/.local/lib/python3.12/site-packages/huggingface_hub/utils/_http.py", line 414, in _http_backoff_base
    response = client.request(method=method, url=url, **kwargs)
               ^^^^^^^^^^^^^^^^^^^^^^^^^^^^^^^^^^^^^^^^^^^^^^^^
  File "/home/***/.local/lib/python3.12/site-packages/httpx/_client.py", line 825, in request
    return self.send(request, auth=auth, follow_redirects=follow_redirects)
           ^^^^^^^^^^^^^^^^^^^^^^^^^^^^^^^^^^^^^^^^^^^^^^^^^^^^^^^^^^^^^^^^
  File "/home/***/.local/lib/python3.12/site-packages/httpx/_client.py", line 901, in send
    raise RuntimeError("Cannot send a request, as the client has been closed.")
RuntimeError: Cannot send a request, as the client has been closed.

The above exception was the direct cause of the following exception:

Traceback (most recent call last):
  File "/home/***/.local/lib/python3.12/site-packages/transformers/pipelines/base.py", line 232, in load_model
    model = model_class.from_pretrained(model, **kwargs)
            ^^^^^^^^^^^^^^^^^^^^^^^^^^^^^^^^^^^^^^^^^^^^
  File "/home/***/.local/lib/python3.12/site-packages/transformers/modeling_utils.py", line 3996, in from_pretrained
    checkpoint_files, sharded_metadata = _get_resolved_checkpoint_files(
                                         ^^^^^^^^^^^^^^^^^^^^^^^^^^^^^^^
  File "/home/***/.local/lib/python3.12/site-packages/transformers/modeling_utils.py", line 699, in _get_resolved_checkpoint_files
    raise OSError(
OSError: Can't load the model for 'w11wo/indonesian-roberta-base-sentiment-classifier'. If you were trying to load it from 'https://huggingface.co/models', make sure you don't have a local directory with the same name. Otherwise, make sure 'w11wo/indonesian-roberta-base-sentiment-classifier' is the correct path to a directory containing a file named pytorch_model.bin.

During handling of the above exception, another exception occurred:

Traceback (most recent call last):
  File "/home/***/.local/lib/python3.12/site-packages/transformers/modeling_utils.py", line 619, in _get_resolved_checkpoint_files
    resolved_archive_file = cached_file(pretrained_model_name_or_path, filename, **cached_file_kwargs)
                            ^^^^^^^^^^^^^^^^^^^^^^^^^^^^^^^^^^^^^^^^^^^^^^^^^^^^^^^^^^^^^^^^^^^^^^^^^^
  File "/home/***/.local/lib/python3.12/site-packages/transformers/utils/hub.py", line 276, in cached_file
    file = cached_files(path_or_repo_id=path_or_repo_id, filenames=[filename], **kwargs)
           ^^^^^^^^^^^^^^^^^^^^^^^^^^^^^^^^^^^^^^^^^^^^^^^^^^^^^^^^^^^^^^^^^^^^^^^^^^^^^
  File "/home/***/.local/lib/python3.12/site-packages/transformers/utils/hub.py", line 507, in cached_files
    raise e
  File "/home/***/.local/lib/python3.12/site-packages/transformers/utils/hub.py", line 419, in cached_files
    hf_hub_download(
  File "/home/***/.local/lib/python3.12/site-packages/huggingface_hub/utils/_validators.py", line 89, in _inner_fn
    return fn(*args, **kwargs)
           ^^^^^^^^^^^^^^^^^^^
  File "/home/***/.local/lib/python3.12/site-packages/huggingface_hub/file_download.py", line 1032, in hf_hub_download
    return _hf_hub_download_to_cache_dir(
           ^^^^^^^^^^^^^^^^^^^^^^^^^^^^^^
  File "/home/***/.local/lib/python3.12/site-packages/huggingface_hub/file_download.py", line 1165, in _hf_hub_download_to_cache_dir
    _get_metadata_or_catch_error(
  File "/home/***/.local/lib/python3.12/site-packages/huggingface_hub/file_download.py", line 1699, in _get_metadata_or_catch_error
    metadata = get_hf_file_metadata(
               ^^^^^^^^^^^^^^^^^^^^^
  File "/home/***/.local/lib/python3.12/site-packages/huggingface_hub/utils/_validators.py", line 89, in _inner_fn
    return fn(*args, **kwargs)
           ^^^^^^^^^^^^^^^^^^^
  File "/home/***/.local/lib/python3.12/site-packages/huggingface_hub/file_download.py", line 1622, in get_hf_file_metadata
    response = _httpx_follow_relative_redirects(
               ^^^^^^^^^^^^^^^^^^^^^^^^^^^^^^^^^
  File "/home/***/.local/lib/python3.12/site-packages/huggingface_hub/file_download.py", line 302, in _httpx_follow_relative_redirects
    response = http_backoff(
               ^^^^^^^^^^^^^
  File "/home/***/.local/lib/python3.12/site-packages/huggingface_hub/utils/_http.py", line 506, in http_backoff
    return next(
           ^^^^^
  File "/home/***/.local/lib/python3.12/site-packages/huggingface_hub/utils/_http.py", line 414, in _http_backoff_base
    response = client.request(method=method, url=url, **kwargs)
               ^^^^^^^^^^^^^^^^^^^^^^^^^^^^^^^^^^^^^^^^^^^^^^^^
  File "/home/***/.local/lib/python3.12/site-packages/httpx/_client.py", line 825, in request
    return self.send(request, auth=auth, follow_redirects=follow_redirects)
           ^^^^^^^^^^^^^^^^^^^^^^^^^^^^^^^^^^^^^^^^^^^^^^^^^^^^^^^^^^^^^^^^
  File "/home/***/.local/lib/python3.12/site-packages/httpx/_client.py", line 901, in send
    raise RuntimeError("Cannot send a request, as the client has been closed.")
RuntimeError: Cannot send a request, as the client has been closed.

The above exception was the direct cause of the following exception:

Traceback (most recent call last):
  File "/home/***/.local/lib/python3.12/site-packages/transformers/pipelines/base.py", line 248, in load_model
    model = model_class.from_pretrained(model, **fp32_kwargs)
            ^^^^^^^^^^^^^^^^^^^^^^^^^^^^^^^^^^^^^^^^^^^^^^^^^
  File "/home/***/.local/lib/python3.12/site-packages/transformers/modeling_utils.py", line 3996, in from_pretrained
    checkpoint_files, sharded_metadata = _get_resolved_checkpoint_files(
                                         ^^^^^^^^^^^^^^^^^^^^^^^^^^^^^^^
  File "/home/***/.local/lib/python3.12/site-packages/transformers/modeling_utils.py", line 699, in _get_resolved_checkpoint_files
    raise OSError(
OSError: Can't load the model for 'w11wo/indonesian-roberta-base-sentiment-classifier'. If you were trying to load it from 'https://huggingface.co/models', make sure you don't have a local directory with the same name. Otherwise, make sure 'w11wo/indonesian-roberta-base-sentiment-classifier' is the correct path to a directory containing a file named pytorch_model.bin.



[2026-04-10T16:47:41.404+0700] {taskinstance.py:1225} INFO - Marking task as UP_FOR_RETRY. dag_id=dag_scraping_daily, task_id=task_process_sentiment, run_id=scheduled__2026-03-29T05:00:00+00:00, execution_date=20260329T050000, start_date=20260410T093051, end_date=20260410T094741
[2026-04-10T16:47:41.523+0700] {taskinstance.py:340} INFO - ::group::Post task execution logs
[2026-04-10T16:47:41.536+0700] {standard_task_runner.py:124} ERROR - Failed to execute job 255 for task task_process_sentiment (Could not load model w11wo/indonesian-roberta-base-sentiment-classifier with any of the following classes: (<class 'transformers.models.auto.modeling_auto.AutoModelForSequenceClassification'>, <class 'transformers.models.roberta.modeling_roberta.RobertaForSequenceClassification'>). See the original errors:

while loading with AutoModelForSequenceClassification, an error is thrown:
Traceback (most recent call last):
  File "/home/***/.local/lib/python3.12/site-packages/transformers/modeling_utils.py", line 619, in _get_resolved_checkpoint_files
    resolved_archive_file = cached_file(pretrained_model_name_or_path, filename, **cached_file_kwargs)
                            ^^^^^^^^^^^^^^^^^^^^^^^^^^^^^^^^^^^^^^^^^^^^^^^^^^^^^^^^^^^^^^^^^^^^^^^^^^
  File "/home/***/.local/lib/python3.12/site-packages/transformers/utils/hub.py", line 276, in cached_file
    file = cached_files(path_or_repo_id=path_or_repo_id, filenames=[filename], **kwargs)
           ^^^^^^^^^^^^^^^^^^^^^^^^^^^^^^^^^^^^^^^^^^^^^^^^^^^^^^^^^^^^^^^^^^^^^^^^^^^^^
  File "/home/***/.local/lib/python3.12/site-packages/transformers/utils/hub.py", line 507, in cached_files
    raise e
  File "/home/***/.local/lib/python3.12/site-packages/transformers/utils/hub.py", line 419, in cached_files
    hf_hub_download(
  File "/home/***/.local/lib/python3.12/site-packages/huggingface_hub/utils/_validators.py", line 89, in _inner_fn
    return fn(*args, **kwargs)
           ^^^^^^^^^^^^^^^^^^^
  File "/home/***/.local/lib/python3.12/site-packages/huggingface_hub/file_download.py", line 1032, in hf_hub_download
    return _hf_hub_download_to_cache_dir(
           ^^^^^^^^^^^^^^^^^^^^^^^^^^^^^^
  File "/home/***/.local/lib/python3.12/site-packages/huggingface_hub/file_download.py", line 1248, in _hf_hub_download_to_cache_dir
    _download_to_tmp_and_move(
  File "/home/***/.local/lib/python3.12/site-packages/huggingface_hub/file_download.py", line 1872, in _download_to_tmp_and_move
    xet_get(
  File "/home/***/.local/lib/python3.12/site-packages/huggingface_hub/file_download.py", line 596, in xet_get
    download_files(
RuntimeError: Data processing error: CAS service error : ReqwestMiddleware Error: Request failed after 5 retries

The above exception was the direct cause of the following exception:

Traceback (most recent call last):
  File "/home/***/.local/lib/python3.12/site-packages/transformers/pipelines/base.py", line 232, in load_model
    model = model_class.from_pretrained(model, **kwargs)
            ^^^^^^^^^^^^^^^^^^^^^^^^^^^^^^^^^^^^^^^^^^^^
  File "/home/***/.local/lib/python3.12/site-packages/transformers/models/auto/auto_factory.py", line 374, in from_pretrained
    return model_class.from_pretrained(
           ^^^^^^^^^^^^^^^^^^^^^^^^^^^^
  File "/home/***/.local/lib/python3.12/site-packages/transformers/modeling_utils.py", line 3996, in from_pretrained
    checkpoint_files, sharded_metadata = _get_resolved_checkpoint_files(
                                         ^^^^^^^^^^^^^^^^^^^^^^^^^^^^^^^
  File "/home/***/.local/lib/python3.12/site-packages/transformers/modeling_utils.py", line 699, in _get_resolved_checkpoint_files
    raise OSError(
OSError: Can't load the model for 'w11wo/indonesian-roberta-base-sentiment-classifier'. If you were trying to load it from 'https://huggingface.co/models', make sure you don't have a local directory with the same name. Otherwise, make sure 'w11wo/indonesian-roberta-base-sentiment-classifier' is the correct path to a directory containing a file named pytorch_model.bin.

During handling of the above exception, another exception occurred:

Traceback (most recent call last):
  File "/home/***/.local/lib/python3.12/site-packages/transformers/modeling_utils.py", line 619, in _get_resolved_checkpoint_files
    resolved_archive_file = cached_file(pretrained_model_name_or_path, filename, **cached_file_kwargs)
                            ^^^^^^^^^^^^^^^^^^^^^^^^^^^^^^^^^^^^^^^^^^^^^^^^^^^^^^^^^^^^^^^^^^^^^^^^^^
  File "/home/***/.local/lib/python3.12/site-packages/transformers/utils/hub.py", line 276, in cached_file
    file = cached_files(path_or_repo_id=path_or_repo_id, filenames=[filename], **kwargs)
           ^^^^^^^^^^^^^^^^^^^^^^^^^^^^^^^^^^^^^^^^^^^^^^^^^^^^^^^^^^^^^^^^^^^^^^^^^^^^^
  File "/home/***/.local/lib/python3.12/site-packages/transformers/utils/hub.py", line 507, in cached_files
    raise e
  File "/home/***/.local/lib/python3.12/site-packages/transformers/utils/hub.py", line 419, in cached_files
    hf_hub_download(
  File "/home/***/.local/lib/python3.12/site-packages/huggingface_hub/utils/_validators.py", line 89, in _inner_fn
    return fn(*args, **kwargs)
           ^^^^^^^^^^^^^^^^^^^
  File "/home/***/.local/lib/python3.12/site-packages/huggingface_hub/file_download.py", line 1032, in hf_hub_download
    return _hf_hub_download_to_cache_dir(
           ^^^^^^^^^^^^^^^^^^^^^^^^^^^^^^
  File "/home/***/.local/lib/python3.12/site-packages/huggingface_hub/file_download.py", line 1165, in _hf_hub_download_to_cache_dir
    _get_metadata_or_catch_error(
  File "/home/***/.local/lib/python3.12/site-packages/huggingface_hub/file_download.py", line 1699, in _get_metadata_or_catch_error
    metadata = get_hf_file_metadata(
               ^^^^^^^^^^^^^^^^^^^^^
  File "/home/***/.local/lib/python3.12/site-packages/huggingface_hub/utils/_validators.py", line 89, in _inner_fn
    return fn(*args, **kwargs)
           ^^^^^^^^^^^^^^^^^^^
  File "/home/***/.local/lib/python3.12/site-packages/huggingface_hub/file_download.py", line 1622, in get_hf_file_metadata
    response = _httpx_follow_relative_redirects(
               ^^^^^^^^^^^^^^^^^^^^^^^^^^^^^^^^^
  File "/home/***/.local/lib/python3.12/site-packages/huggingface_hub/file_download.py", line 302, in _httpx_follow_relative_redirects
    response = http_backoff(
               ^^^^^^^^^^^^^
  File "/home/***/.local/lib/python3.12/site-packages/huggingface_hub/utils/_http.py", line 506, in http_backoff
    return next(
           ^^^^^
  File "/home/***/.local/lib/python3.12/site-packages/huggingface_hub/utils/_http.py", line 414, in _http_backoff_base
    response = client.request(method=method, url=url, **kwargs)
               ^^^^^^^^^^^^^^^^^^^^^^^^^^^^^^^^^^^^^^^^^^^^^^^^
  File "/home/***/.local/lib/python3.12/site-packages/httpx/_client.py", line 825, in request
    return self.send(request, auth=auth, follow_redirects=follow_redirects)
           ^^^^^^^^^^^^^^^^^^^^^^^^^^^^^^^^^^^^^^^^^^^^^^^^^^^^^^^^^^^^^^^^
  File "/home/***/.local/lib/python3.12/site-packages/httpx/_client.py", line 901, in send
    raise RuntimeError("Cannot send a request, as the client has been closed.")
RuntimeError: Cannot send a request, as the client has been closed.

The above exception was the direct cause of the following exception:

Traceback (most recent call last):
  File "/home/***/.local/lib/python3.12/site-packages/transformers/pipelines/base.py", line 248, in load_model
    model = model_class.from_pretrained(model, **fp32_kwargs)
            ^^^^^^^^^^^^^^^^^^^^^^^^^^^^^^^^^^^^^^^^^^^^^^^^^
  File "/home/***/.local/lib/python3.12/site-packages/transformers/models/auto/auto_factory.py", line 374, in from_pretrained
    return model_class.from_pretrained(
           ^^^^^^^^^^^^^^^^^^^^^^^^^^^^
  File "/home/***/.local/lib/python3.12/site-packages/transformers/modeling_utils.py", line 3996, in from_pretrained
    checkpoint_files, sharded_metadata = _get_resolved_checkpoint_files(
                                         ^^^^^^^^^^^^^^^^^^^^^^^^^^^^^^^
  File "/home/***/.local/lib/python3.12/site-packages/transformers/modeling_utils.py", line 699, in _get_resolved_checkpoint_files
    raise OSError(
OSError: Can't load the model for 'w11wo/indonesian-roberta-base-sentiment-classifier'. If you were trying to load it from 'https://huggingface.co/models', make sure you don't have a local directory with the same name. Otherwise, make sure 'w11wo/indonesian-roberta-base-sentiment-classifier' is the correct path to a directory containing a file named pytorch_model.bin.

while loading with RobertaForSequenceClassification, an error is thrown:
Traceback (most recent call last):
  File "/home/***/.local/lib/python3.12/site-packages/transformers/modeling_utils.py", line 619, in _get_resolved_checkpoint_files
    resolved_archive_file = cached_file(pretrained_model_name_or_path, filename, **cached_file_kwargs)
                            ^^^^^^^^^^^^^^^^^^^^^^^^^^^^^^^^^^^^^^^^^^^^^^^^^^^^^^^^^^^^^^^^^^^^^^^^^^
  File "/home/***/.local/lib/python3.12/site-packages/transformers/utils/hub.py", line 276, in cached_file
    file = cached_files(path_or_repo_id=path_or_repo_id, filenames=[filename], **kwargs)
           ^^^^^^^^^^^^^^^^^^^^^^^^^^^^^^^^^^^^^^^^^^^^^^^^^^^^^^^^^^^^^^^^^^^^^^^^^^^^^
  File "/home/***/.local/lib/python3.12/site-packages/transformers/utils/hub.py", line 507, in cached_files
    raise e
  File "/home/***/.local/lib/python3.12/site-packages/transformers/utils/hub.py", line 419, in cached_files
    hf_hub_download(
  File "/home/***/.local/lib/python3.12/site-packages/huggingface_hub/utils/_validators.py", line 89, in _inner_fn
    return fn(*args, **kwargs)
           ^^^^^^^^^^^^^^^^^^^
  File "/home/***/.local/lib/python3.12/site-packages/huggingface_hub/file_download.py", line 1032, in hf_hub_download
    return _hf_hub_download_to_cache_dir(
           ^^^^^^^^^^^^^^^^^^^^^^^^^^^^^^
  File "/home/***/.local/lib/python3.12/site-packages/huggingface_hub/file_download.py", line 1165, in _hf_hub_download_to_cache_dir
    _get_metadata_or_catch_error(
  File "/home/***/.local/lib/python3.12/site-packages/huggingface_hub/file_download.py", line 1699, in _get_metadata_or_catch_error
    metadata = get_hf_file_metadata(
               ^^^^^^^^^^^^^^^^^^^^^
  File "/home/***/.local/lib/python3.12/site-packages/huggingface_hub/utils/_validators.py", line 89, in _inner_fn
    return fn(*args, **kwargs)
           ^^^^^^^^^^^^^^^^^^^
  File "/home/***/.local/lib/python3.12/site-packages/huggingface_hub/file_download.py", line 1622, in get_hf_file_metadata
    response = _httpx_follow_relative_redirects(
               ^^^^^^^^^^^^^^^^^^^^^^^^^^^^^^^^^
  File "/home/***/.local/lib/python3.12/site-packages/huggingface_hub/file_download.py", line 302, in _httpx_follow_relative_redirects
    response = http_backoff(
               ^^^^^^^^^^^^^
  File "/home/***/.local/lib/python3.12/site-packages/huggingface_hub/utils/_http.py", line 506, in http_backoff
    return next(
           ^^^^^
  File "/home/***/.local/lib/python3.12/site-packages/huggingface_hub/utils/_http.py", line 414, in _http_backoff_base
    response = client.request(method=method, url=url, **kwargs)
               ^^^^^^^^^^^^^^^^^^^^^^^^^^^^^^^^^^^^^^^^^^^^^^^^
  File "/home/***/.local/lib/python3.12/site-packages/httpx/_client.py", line 825, in request
    return self.send(request, auth=auth, follow_redirects=follow_redirects)
           ^^^^^^^^^^^^^^^^^^^^^^^^^^^^^^^^^^^^^^^^^^^^^^^^^^^^^^^^^^^^^^^^
  File "/home/***/.local/lib/python3.12/site-packages/httpx/_client.py", line 901, in send
    raise RuntimeError("Cannot send a request, as the client has been closed.")
RuntimeError: Cannot send a request, as the client has been closed.

The above exception was the direct cause of the following exception:

Traceback (most recent call last):
  File "/home/***/.local/lib/python3.12/site-packages/transformers/pipelines/base.py", line 232, in load_model
    model = model_class.from_pretrained(model, **kwargs)
            ^^^^^^^^^^^^^^^^^^^^^^^^^^^^^^^^^^^^^^^^^^^^
  File "/home/***/.local/lib/python3.12/site-packages/transformers/modeling_utils.py", line 3996, in from_pretrained
    checkpoint_files, sharded_metadata = _get_resolved_checkpoint_files(
                                         ^^^^^^^^^^^^^^^^^^^^^^^^^^^^^^^
  File "/home/***/.local/lib/python3.12/site-packages/transformers/modeling_utils.py", line 699, in _get_resolved_checkpoint_files
    raise OSError(
OSError: Can't load the model for 'w11wo/indonesian-roberta-base-sentiment-classifier'. If you were trying to load it from 'https://huggingface.co/models', make sure you don't have a local directory with the same name. Otherwise, make sure 'w11wo/indonesian-roberta-base-sentiment-classifier' is the correct path to a directory containing a file named pytorch_model.bin.

During handling of the above exception, another exception occurred:

Traceback (most recent call last):
  File "/home/***/.local/lib/python3.12/site-packages/transformers/modeling_utils.py", line 619, in _get_resolved_checkpoint_files
    resolved_archive_file = cached_file(pretrained_model_name_or_path, filename, **cached_file_kwargs)
                            ^^^^^^^^^^^^^^^^^^^^^^^^^^^^^^^^^^^^^^^^^^^^^^^^^^^^^^^^^^^^^^^^^^^^^^^^^^
  File "/home/***/.local/lib/python3.12/site-packages/transformers/utils/hub.py", line 276, in cached_file
    file = cached_files(path_or_repo_id=path_or_repo_id, filenames=[filename], **kwargs)
           ^^^^^^^^^^^^^^^^^^^^^^^^^^^^^^^^^^^^^^^^^^^^^^^^^^^^^^^^^^^^^^^^^^^^^^^^^^^^^
  File "/home/***/.local/lib/python3.12/site-packages/transformers/utils/hub.py", line 507, in cached_files
    raise e
  File "/home/***/.local/lib/python3.12/site-packages/transformers/utils/hub.py", line 419, in cached_files
    hf_hub_download(
  File "/home/***/.local/lib/python3.12/site-packages/huggingface_hub/utils/_validators.py", line 89, in _inner_fn
    return fn(*args, **kwargs)
           ^^^^^^^^^^^^^^^^^^^
  File "/home/***/.local/lib/python3.12/site-packages/huggingface_hub/file_download.py", line 1032, in hf_hub_download
    return _hf_hub_download_to_cache_dir(
           ^^^^^^^^^^^^^^^^^^^^^^^^^^^^^^
  File "/home/***/.local/lib/python3.12/site-packages/huggingface_hub/file_download.py", line 1165, in _hf_hub_download_to_cache_dir
    _get_metadata_or_catch_error(
  File "/home/***/.local/lib/python3.12/site-packages/huggingface_hub/file_download.py", line 1699, in _get_metadata_or_catch_error
    metadata = get_hf_file_metadata(
               ^^^^^^^^^^^^^^^^^^^^^
  File "/home/***/.local/lib/python3.12/site-packages/huggingface_hub/utils/_validators.py", line 89, in _inner_fn
    return fn(*args, **kwargs)
           ^^^^^^^^^^^^^^^^^^^
  File "/home/***/.local/lib/python3.12/site-packages/huggingface_hub/file_download.py", line 1622, in get_hf_file_metadata
    response = _httpx_follow_relative_redirects(
               ^^^^^^^^^^^^^^^^^^^^^^^^^^^^^^^^^
  File "/home/***/.local/lib/python3.12/site-packages/huggingface_hub/file_download.py", line 302, in _httpx_follow_relative_redirects
    response = http_backoff(
               ^^^^^^^^^^^^^
  File "/home/***/.local/lib/python3.12/site-packages/huggingface_hub/utils/_http.py", line 506, in http_backoff
    return next(
           ^^^^^
  File "/home/***/.local/lib/python3.12/site-packages/huggingface_hub/utils/_http.py", line 414, in _http_backoff_base
    response = client.request(method=method, url=url, **kwargs)
               ^^^^^^^^^^^^^^^^^^^^^^^^^^^^^^^^^^^^^^^^^^^^^^^^
  File "/home/***/.local/lib/python3.12/site-packages/httpx/_client.py", line 825, in request
    return self.send(request, auth=auth, follow_redirects=follow_redirects)
           ^^^^^^^^^^^^^^^^^^^^^^^^^^^^^^^^^^^^^^^^^^^^^^^^^^^^^^^^^^^^^^^^
  File "/home/***/.local/lib/python3.12/site-packages/httpx/_client.py", line 901, in send
    raise RuntimeError("Cannot send a request, as the client has been closed.")
RuntimeError: Cannot send a request, as the client has been closed.

The above exception was the direct cause of the following exception:

Traceback (most recent call last):
  File "/home/***/.local/lib/python3.12/site-packages/transformers/pipelines/base.py", line 248, in load_model
    model = model_class.from_pretrained(model, **fp32_kwargs)
            ^^^^^^^^^^^^^^^^^^^^^^^^^^^^^^^^^^^^^^^^^^^^^^^^^
  File "/home/***/.local/lib/python3.12/site-packages/transformers/modeling_utils.py", line 3996, in from_pretrained
    checkpoint_files, sharded_metadata = _get_resolved_checkpoint_files(
                                         ^^^^^^^^^^^^^^^^^^^^^^^^^^^^^^^
  File "/home/***/.local/lib/python3.12/site-packages/transformers/modeling_utils.py", line 699, in _get_resolved_checkpoint_files
    raise OSError(
OSError: Can't load the model for 'w11wo/indonesian-roberta-base-sentiment-classifier'. If you were trying to load it from 'https://huggingface.co/models', make sure you don't have a local directory with the same name. Otherwise, make sure 'w11wo/indonesian-roberta-base-sentiment-classifier' is the correct path to a directory containing a file named pytorch_model.bin.


; 245)
Traceback (most recent call last):
  File "/home/airflow/.local/lib/python3.12/site-packages/airflow/task/task_runner/standard_task_runner.py", line 117, in _start_by_fork
    ret = args.func(args, dag=self.dag)
          ^^^^^^^^^^^^^^^^^^^^^^^^^^^^^
  File "/home/airflow/.local/lib/python3.12/site-packages/airflow/cli/cli_config.py", line 49, in command
    return func(*args, **kwargs)
           ^^^^^^^^^^^^^^^^^^^^^
  File "/home/airflow/.local/lib/python3.12/site-packages/airflow/utils/cli.py", line 115, in wrapper
    return f(*args, **kwargs)
           ^^^^^^^^^^^^^^^^^^
  File "/home/airflow/.local/lib/python3.12/site-packages/airflow/cli/commands/task_command.py", line 483, in task_run
    task_return_code = _run_task_by_selected_method(args, _dag, ti)
                       ^^^^^^^^^^^^^^^^^^^^^^^^^^^^^^^^^^^^^^^^^^^^
  File "/home/airflow/.local/lib/python3.12/site-packages/airflow/cli/commands/task_command.py", line 256, in _run_task_by_selected_method
    return _run_raw_task(args, ti)
           ^^^^^^^^^^^^^^^^^^^^^^^
  File "/home/airflow/.local/lib/python3.12/site-packages/airflow/cli/commands/task_command.py", line 341, in _run_raw_task
    return ti._run_raw_task(
           ^^^^^^^^^^^^^^^^^
  File "/home/airflow/.local/lib/python3.12/site-packages/airflow/utils/session.py", line 97, in wrapper
    return func(*args, session=session, **kwargs)
           ^^^^^^^^^^^^^^^^^^^^^^^^^^^^^^^^^^^^^^
  File "/home/airflow/.local/lib/python3.12/site-packages/airflow/models/taskinstance.py", line 2995, in _run_raw_task
    return _run_raw_task(
           ^^^^^^^^^^^^^^
  File "/home/airflow/.local/lib/python3.12/site-packages/airflow/models/taskinstance.py", line 273, in _run_raw_task
    TaskInstance._execute_task_with_callbacks(
  File "/home/airflow/.local/lib/python3.12/site-packages/airflow/models/taskinstance.py", line 3149, in _execute_task_with_callbacks
    result = self._execute_task(context, task_orig)
             ^^^^^^^^^^^^^^^^^^^^^^^^^^^^^^^^^^^^^^
  File "/home/airflow/.local/lib/python3.12/site-packages/airflow/models/taskinstance.py", line 3173, in _execute_task
    return _execute_task(self, context, task_orig)
           ^^^^^^^^^^^^^^^^^^^^^^^^^^^^^^^^^^^^^^^
  File "/home/airflow/.local/lib/python3.12/site-packages/airflow/models/taskinstance.py", line 767, in _execute_task
    result = _execute_callable(context=context, **execute_callable_kwargs)
             ^^^^^^^^^^^^^^^^^^^^^^^^^^^^^^^^^^^^^^^^^^^^^^^^^^^^^^^^^^^^^
  File "/home/airflow/.local/lib/python3.12/site-packages/airflow/models/taskinstance.py", line 733, in _execute_callable
    return ExecutionCallableRunner(
           ^^^^^^^^^^^^^^^^^^^^^^^^
  File "/home/airflow/.local/lib/python3.12/site-packages/airflow/utils/operator_helpers.py", line 252, in run
    return self.func(*args, **kwargs)
           ^^^^^^^^^^^^^^^^^^^^^^^^^^
  File "/home/airflow/.local/lib/python3.12/site-packages/airflow/models/baseoperator.py", line 406, in wrapper
    return func(self, *args, **kwargs)
           ^^^^^^^^^^^^^^^^^^^^^^^^^^^
  File "/home/airflow/.local/lib/python3.12/site-packages/airflow/operators/python.py", line 238, in execute
    return_value = self.execute_callable()
                   ^^^^^^^^^^^^^^^^^^^^^^^
  File "/home/airflow/.local/lib/python3.12/site-packages/airflow/operators/python.py", line 256, in execute_callable
    return runner.run(*self.op_args, **self.op_kwargs)
           ^^^^^^^^^^^^^^^^^^^^^^^^^^^^^^^^^^^^^^^^^^^
  File "/home/airflow/.local/lib/python3.12/site-packages/airflow/utils/operator_helpers.py", line 252, in run
    return self.func(*args, **kwargs)
           ^^^^^^^^^^^^^^^^^^^^^^^^^^
  File "/opt/airflow/dags/dag_scraping_daily.py", line 21, in process_news_wrapper
    run_news_processing()
  File "/opt/airflow/src/processing/process_news.py", line 107, in run_news_processing
    sentiment_pipeline = pipeline(
                         ^^^^^^^^^
  File "/home/airflow/.local/lib/python3.12/site-packages/transformers/pipelines/__init__.py", line 836, in pipeline
    model = load_model(
            ^^^^^^^^^^^
  File "/home/airflow/.local/lib/python3.12/site-packages/transformers/pipelines/base.py", line 268, in load_model
    raise ValueError(
ValueError: Could not load model w11wo/indonesian-roberta-base-sentiment-classifier with any of the following classes: (<class 'transformers.models.auto.modeling_auto.AutoModelForSequenceClassification'>, <class 'transformers.models.roberta.modeling_roberta.RobertaForSequenceClassification'>). See the original errors:

while loading with AutoModelForSequenceClassification, an error is thrown:
Traceback (most recent call last):
  File "/home/***/.local/lib/python3.12/site-packages/transformers/modeling_utils.py", line 619, in _get_resolved_checkpoint_files
    resolved_archive_file = cached_file(pretrained_model_name_or_path, filename, **cached_file_kwargs)
                            ^^^^^^^^^^^^^^^^^^^^^^^^^^^^^^^^^^^^^^^^^^^^^^^^^^^^^^^^^^^^^^^^^^^^^^^^^^
  File "/home/***/.local/lib/python3.12/site-packages/transformers/utils/hub.py", line 276, in cached_file
    file = cached_files(path_or_repo_id=path_or_repo_id, filenames=[filename], **kwargs)
           ^^^^^^^^^^^^^^^^^^^^^^^^^^^^^^^^^^^^^^^^^^^^^^^^^^^^^^^^^^^^^^^^^^^^^^^^^^^^^
  File "/home/***/.local/lib/python3.12/site-packages/transformers/utils/hub.py", line 507, in cached_files
    raise e
  File "/home/***/.local/lib/python3.12/site-packages/transformers/utils/hub.py", line 419, in cached_files
    hf_hub_download(
  File "/home/***/.local/lib/python3.12/site-packages/huggingface_hub/utils/_validators.py", line 89, in _inner_fn
    return fn(*args, **kwargs)
           ^^^^^^^^^^^^^^^^^^^
  File "/home/***/.local/lib/python3.12/site-packages/huggingface_hub/file_download.py", line 1032, in hf_hub_download
    return _hf_hub_download_to_cache_dir(
           ^^^^^^^^^^^^^^^^^^^^^^^^^^^^^^
  File "/home/***/.local/lib/python3.12/site-packages/huggingface_hub/file_download.py", line 1248, in _hf_hub_download_to_cache_dir
    _download_to_tmp_and_move(
  File "/home/***/.local/lib/python3.12/site-packages/huggingface_hub/file_download.py", line 1872, in _download_to_tmp_and_move
    xet_get(
  File "/home/***/.local/lib/python3.12/site-packages/huggingface_hub/file_download.py", line 596, in xet_get
    download_files(
RuntimeError: Data processing error: CAS service error : ReqwestMiddleware Error: Request failed after 5 retries

The above exception was the direct cause of the following exception:

Traceback (most recent call last):
  File "/home/***/.local/lib/python3.12/site-packages/transformers/pipelines/base.py", line 232, in load_model
    model = model_class.from_pretrained(model, **kwargs)
            ^^^^^^^^^^^^^^^^^^^^^^^^^^^^^^^^^^^^^^^^^^^^
  File "/home/***/.local/lib/python3.12/site-packages/transformers/models/auto/auto_factory.py", line 374, in from_pretrained
    return model_class.from_pretrained(
           ^^^^^^^^^^^^^^^^^^^^^^^^^^^^
  File "/home/***/.local/lib/python3.12/site-packages/transformers/modeling_utils.py", line 3996, in from_pretrained
    checkpoint_files, sharded_metadata = _get_resolved_checkpoint_files(
                                         ^^^^^^^^^^^^^^^^^^^^^^^^^^^^^^^
  File "/home/***/.local/lib/python3.12/site-packages/transformers/modeling_utils.py", line 699, in _get_resolved_checkpoint_files
    raise OSError(
OSError: Can't load the model for 'w11wo/indonesian-roberta-base-sentiment-classifier'. If you were trying to load it from 'https://huggingface.co/models', make sure you don't have a local directory with the same name. Otherwise, make sure 'w11wo/indonesian-roberta-base-sentiment-classifier' is the correct path to a directory containing a file named pytorch_model.bin.

During handling of the above exception, another exception occurred:

Traceback (most recent call last):
  File "/home/***/.local/lib/python3.12/site-packages/transformers/modeling_utils.py", line 619, in _get_resolved_checkpoint_files
    resolved_archive_file = cached_file(pretrained_model_name_or_path, filename, **cached_file_kwargs)
                            ^^^^^^^^^^^^^^^^^^^^^^^^^^^^^^^^^^^^^^^^^^^^^^^^^^^^^^^^^^^^^^^^^^^^^^^^^^
  File "/home/***/.local/lib/python3.12/site-packages/transformers/utils/hub.py", line 276, in cached_file
    file = cached_files(path_or_repo_id=path_or_repo_id, filenames=[filename], **kwargs)
           ^^^^^^^^^^^^^^^^^^^^^^^^^^^^^^^^^^^^^^^^^^^^^^^^^^^^^^^^^^^^^^^^^^^^^^^^^^^^^
  File "/home/***/.local/lib/python3.12/site-packages/transformers/utils/hub.py", line 507, in cached_files
    raise e
  File "/home/***/.local/lib/python3.12/site-packages/transformers/utils/hub.py", line 419, in cached_files
    hf_hub_download(
  File "/home/***/.local/lib/python3.12/site-packages/huggingface_hub/utils/_validators.py", line 89, in _inner_fn
    return fn(*args, **kwargs)
           ^^^^^^^^^^^^^^^^^^^
  File "/home/***/.local/lib/python3.12/site-packages/huggingface_hub/file_download.py", line 1032, in hf_hub_download
    return _hf_hub_download_to_cache_dir(
           ^^^^^^^^^^^^^^^^^^^^^^^^^^^^^^
  File "/home/***/.local/lib/python3.12/site-packages/huggingface_hub/file_download.py", line 1165, in _hf_hub_download_to_cache_dir
    _get_metadata_or_catch_error(
  File "/home/***/.local/lib/python3.12/site-packages/huggingface_hub/file_download.py", line 1699, in _get_metadata_or_catch_error
    metadata = get_hf_file_metadata(
               ^^^^^^^^^^^^^^^^^^^^^
  File "/home/***/.local/lib/python3.12/site-packages/huggingface_hub/utils/_validators.py", line 89, in _inner_fn
    return fn(*args, **kwargs)
           ^^^^^^^^^^^^^^^^^^^
  File "/home/***/.local/lib/python3.12/site-packages/huggingface_hub/file_download.py", line 1622, in get_hf_file_metadata
    response = _httpx_follow_relative_redirects(
               ^^^^^^^^^^^^^^^^^^^^^^^^^^^^^^^^^
  File "/home/***/.local/lib/python3.12/site-packages/huggingface_hub/file_download.py", line 302, in _httpx_follow_relative_redirects
    response = http_backoff(
               ^^^^^^^^^^^^^
  File "/home/***/.local/lib/python3.12/site-packages/huggingface_hub/utils/_http.py", line 506, in http_backoff
    return next(
           ^^^^^
  File "/home/***/.local/lib/python3.12/site-packages/huggingface_hub/utils/_http.py", line 414, in _http_backoff_base
    response = client.request(method=method, url=url, **kwargs)
               ^^^^^^^^^^^^^^^^^^^^^^^^^^^^^^^^^^^^^^^^^^^^^^^^
  File "/home/***/.local/lib/python3.12/site-packages/httpx/_client.py", line 825, in request
    return self.send(request, auth=auth, follow_redirects=follow_redirects)
           ^^^^^^^^^^^^^^^^^^^^^^^^^^^^^^^^^^^^^^^^^^^^^^^^^^^^^^^^^^^^^^^^
  File "/home/***/.local/lib/python3.12/site-packages/httpx/_client.py", line 901, in send
    raise RuntimeError("Cannot send a request, as the client has been closed.")
RuntimeError: Cannot send a request, as the client has been closed.

The above exception was the direct cause of the following exception:

Traceback (most recent call last):
  File "/home/***/.local/lib/python3.12/site-packages/transformers/pipelines/base.py", line 248, in load_model
    model = model_class.from_pretrained(model, **fp32_kwargs)
            ^^^^^^^^^^^^^^^^^^^^^^^^^^^^^^^^^^^^^^^^^^^^^^^^^
  File "/home/***/.local/lib/python3.12/site-packages/transformers/models/auto/auto_factory.py", line 374, in from_pretrained
    return model_class.from_pretrained(
           ^^^^^^^^^^^^^^^^^^^^^^^^^^^^
  File "/home/***/.local/lib/python3.12/site-packages/transformers/modeling_utils.py", line 3996, in from_pretrained
    checkpoint_files, sharded_metadata = _get_resolved_checkpoint_files(
                                         ^^^^^^^^^^^^^^^^^^^^^^^^^^^^^^^
  File "/home/***/.local/lib/python3.12/site-packages/transformers/modeling_utils.py", line 699, in _get_resolved_checkpoint_files
    raise OSError(
OSError: Can't load the model for 'w11wo/indonesian-roberta-base-sentiment-classifier'. If you were trying to load it from 'https://huggingface.co/models', make sure you don't have a local directory with the same name. Otherwise, make sure 'w11wo/indonesian-roberta-base-sentiment-classifier' is the correct path to a directory containing a file named pytorch_model.bin.

while loading with RobertaForSequenceClassification, an error is thrown:
Traceback (most recent call last):
  File "/home/***/.local/lib/python3.12/site-packages/transformers/modeling_utils.py", line 619, in _get_resolved_checkpoint_files
    resolved_archive_file = cached_file(pretrained_model_name_or_path, filename, **cached_file_kwargs)
                            ^^^^^^^^^^^^^^^^^^^^^^^^^^^^^^^^^^^^^^^^^^^^^^^^^^^^^^^^^^^^^^^^^^^^^^^^^^
  File "/home/***/.local/lib/python3.12/site-packages/transformers/utils/hub.py", line 276, in cached_file
    file = cached_files(path_or_repo_id=path_or_repo_id, filenames=[filename], **kwargs)
           ^^^^^^^^^^^^^^^^^^^^^^^^^^^^^^^^^^^^^^^^^^^^^^^^^^^^^^^^^^^^^^^^^^^^^^^^^^^^^
  File "/home/***/.local/lib/python3.12/site-packages/transformers/utils/hub.py", line 507, in cached_files
    raise e
  File "/home/***/.local/lib/python3.12/site-packages/transformers/utils/hub.py", line 419, in cached_files
    hf_hub_download(
  File "/home/***/.local/lib/python3.12/site-packages/huggingface_hub/utils/_validators.py", line 89, in _inner_fn
    return fn(*args, **kwargs)
           ^^^^^^^^^^^^^^^^^^^
  File "/home/***/.local/lib/python3.12/site-packages/huggingface_hub/file_download.py", line 1032, in hf_hub_download
    return _hf_hub_download_to_cache_dir(
           ^^^^^^^^^^^^^^^^^^^^^^^^^^^^^^
  File "/home/***/.local/lib/python3.12/site-packages/huggingface_hub/file_download.py", line 1165, in _hf_hub_download_to_cache_dir
    _get_metadata_or_catch_error(
  File "/home/***/.local/lib/python3.12/site-packages/huggingface_hub/file_download.py", line 1699, in _get_metadata_or_catch_error
    metadata = get_hf_file_metadata(
               ^^^^^^^^^^^^^^^^^^^^^
  File "/home/***/.local/lib/python3.12/site-packages/huggingface_hub/utils/_validators.py", line 89, in _inner_fn
    return fn(*args, **kwargs)
           ^^^^^^^^^^^^^^^^^^^
  File "/home/***/.local/lib/python3.12/site-packages/huggingface_hub/file_download.py", line 1622, in get_hf_file_metadata
    response = _httpx_follow_relative_redirects(
               ^^^^^^^^^^^^^^^^^^^^^^^^^^^^^^^^^
  File "/home/***/.local/lib/python3.12/site-packages/huggingface_hub/file_download.py", line 302, in _httpx_follow_relative_redirects
    response = http_backoff(
               ^^^^^^^^^^^^^
  File "/home/***/.local/lib/python3.12/site-packages/huggingface_hub/utils/_http.py", line 506, in http_backoff
    return next(
           ^^^^^
  File "/home/***/.local/lib/python3.12/site-packages/huggingface_hub/utils/_http.py", line 414, in _http_backoff_base
    response = client.request(method=method, url=url, **kwargs)
               ^^^^^^^^^^^^^^^^^^^^^^^^^^^^^^^^^^^^^^^^^^^^^^^^
  File "/home/***/.local/lib/python3.12/site-packages/httpx/_client.py", line 825, in request
    return self.send(request, auth=auth, follow_redirects=follow_redirects)
           ^^^^^^^^^^^^^^^^^^^^^^^^^^^^^^^^^^^^^^^^^^^^^^^^^^^^^^^^^^^^^^^^
  File "/home/***/.local/lib/python3.12/site-packages/httpx/_client.py", line 901, in send
    raise RuntimeError("Cannot send a request, as the client has been closed.")
RuntimeError: Cannot send a request, as the client has been closed.

The above exception was the direct cause of the following exception:

Traceback (most recent call last):
  File "/home/***/.local/lib/python3.12/site-packages/transformers/pipelines/base.py", line 232, in load_model
    model = model_class.from_pretrained(model, **kwargs)
            ^^^^^^^^^^^^^^^^^^^^^^^^^^^^^^^^^^^^^^^^^^^^
  File "/home/***/.local/lib/python3.12/site-packages/transformers/modeling_utils.py", line 3996, in from_pretrained
    checkpoint_files, sharded_metadata = _get_resolved_checkpoint_files(
                                         ^^^^^^^^^^^^^^^^^^^^^^^^^^^^^^^
  File "/home/***/.local/lib/python3.12/site-packages/transformers/modeling_utils.py", line 699, in _get_resolved_checkpoint_files
    raise OSError(
OSError: Can't load the model for 'w11wo/indonesian-roberta-base-sentiment-classifier'. If you were trying to load it from 'https://huggingface.co/models', make sure you don't have a local directory with the same name. Otherwise, make sure 'w11wo/indonesian-roberta-base-sentiment-classifier' is the correct path to a directory containing a file named pytorch_model.bin.

During handling of the above exception, another exception occurred:

Traceback (most recent call last):
  File "/home/***/.local/lib/python3.12/site-packages/transformers/modeling_utils.py", line 619, in _get_resolved_checkpoint_files
    resolved_archive_file = cached_file(pretrained_model_name_or_path, filename, **cached_file_kwargs)
                            ^^^^^^^^^^^^^^^^^^^^^^^^^^^^^^^^^^^^^^^^^^^^^^^^^^^^^^^^^^^^^^^^^^^^^^^^^^
  File "/home/***/.local/lib/python3.12/site-packages/transformers/utils/hub.py", line 276, in cached_file
    file = cached_files(path_or_repo_id=path_or_repo_id, filenames=[filename], **kwargs)
           ^^^^^^^^^^^^^^^^^^^^^^^^^^^^^^^^^^^^^^^^^^^^^^^^^^^^^^^^^^^^^^^^^^^^^^^^^^^^^
  File "/home/***/.local/lib/python3.12/site-packages/transformers/utils/hub.py", line 507, in cached_files
    raise e
  File "/home/***/.local/lib/python3.12/site-packages/transformers/utils/hub.py", line 419, in cached_files
    hf_hub_download(
  File "/home/***/.local/lib/python3.12/site-packages/huggingface_hub/utils/_validators.py", line 89, in _inner_fn
    return fn(*args, **kwargs)
           ^^^^^^^^^^^^^^^^^^^
  File "/home/***/.local/lib/python3.12/site-packages/huggingface_hub/file_download.py", line 1032, in hf_hub_download
    return _hf_hub_download_to_cache_dir(
           ^^^^^^^^^^^^^^^^^^^^^^^^^^^^^^
  File "/home/***/.local/lib/python3.12/site-packages/huggingface_hub/file_download.py", line 1165, in _hf_hub_download_to_cache_dir
    _get_metadata_or_catch_error(
  File "/home/***/.local/lib/python3.12/site-packages/huggingface_hub/file_download.py", line 1699, in _get_metadata_or_catch_error
    metadata = get_hf_file_metadata(
               ^^^^^^^^^^^^^^^^^^^^^
  File "/home/***/.local/lib/python3.12/site-packages/huggingface_hub/utils/_validators.py", line 89, in _inner_fn
    return fn(*args, **kwargs)
           ^^^^^^^^^^^^^^^^^^^
  File "/home/***/.local/lib/python3.12/site-packages/huggingface_hub/file_download.py", line 1622, in get_hf_file_metadata
    response = _httpx_follow_relative_redirects(
               ^^^^^^^^^^^^^^^^^^^^^^^^^^^^^^^^^
  File "/home/***/.local/lib/python3.12/site-packages/huggingface_hub/file_download.py", line 302, in _httpx_follow_relative_redirects
    response = http_backoff(
               ^^^^^^^^^^^^^
  File "/home/***/.local/lib/python3.12/site-packages/huggingface_hub/utils/_http.py", line 506, in http_backoff
    return next(
           ^^^^^
  File "/home/***/.local/lib/python3.12/site-packages/huggingface_hub/utils/_http.py", line 414, in _http_backoff_base
    response = client.request(method=method, url=url, **kwargs)
               ^^^^^^^^^^^^^^^^^^^^^^^^^^^^^^^^^^^^^^^^^^^^^^^^
  File "/home/***/.local/lib/python3.12/site-packages/httpx/_client.py", line 825, in request
    return self.send(request, auth=auth, follow_redirects=follow_redirects)
           ^^^^^^^^^^^^^^^^^^^^^^^^^^^^^^^^^^^^^^^^^^^^^^^^^^^^^^^^^^^^^^^^
  File "/home/***/.local/lib/python3.12/site-packages/httpx/_client.py", line 901, in send
    raise RuntimeError("Cannot send a request, as the client has been closed.")
RuntimeError: Cannot send a request, as the client has been closed.

The above exception was the direct cause of the following exception:

Traceback (most recent call last):
  File "/home/***/.local/lib/python3.12/site-packages/transformers/pipelines/base.py", line 248, in load_model
    model = model_class.from_pretrained(model, **fp32_kwargs)
            ^^^^^^^^^^^^^^^^^^^^^^^^^^^^^^^^^^^^^^^^^^^^^^^^^
  File "/home/***/.local/lib/python3.12/site-packages/transformers/modeling_utils.py", line 3996, in from_pretrained
    checkpoint_files, sharded_metadata = _get_resolved_checkpoint_files(
                                         ^^^^^^^^^^^^^^^^^^^^^^^^^^^^^^^
  File "/home/***/.local/lib/python3.12/site-packages/transformers/modeling_utils.py", line 699, in _get_resolved_checkpoint_files
    raise OSError(
OSError: Can't load the model for 'w11wo/indonesian-roberta-base-sentiment-classifier'. If you were trying to load it from 'https://huggingface.co/models', make sure you don't have a local directory with the same name. Otherwise, make sure 'w11wo/indonesian-roberta-base-sentiment-classifier' is the correct path to a directory containing a file named pytorch_model.bin.



[2026-04-10T16:47:41.672+0700] {local_task_job_runner.py:261} INFO - Task exited with return code 1
[2026-04-10T16:47:41.741+0700] {local_task_job_runner.py:240} INFO - ::endgroup::
