[2026-02-06T12:00:01.149+0700] {local_task_job_runner.py:123} INFO - ::group::Pre task execution logs
[2026-02-06T12:00:01.164+0700] {taskinstance.py:2603} INFO - Dependencies all met for dep_context=non-requeueable deps ti=<TaskInstance: dag_scraping_daily.task_scrape_news scheduled__2026-02-05T17:00:00+00:00 [queued]>
[2026-02-06T12:00:01.171+0700] {taskinstance.py:2603} INFO - Dependencies all met for dep_context=requeueable deps ti=<TaskInstance: dag_scraping_daily.task_scrape_news scheduled__2026-02-05T17:00:00+00:00 [queued]>
[2026-02-06T12:00:01.172+0700] {taskinstance.py:2856} INFO - Starting attempt 1 of 2
[2026-02-06T12:00:01.184+0700] {taskinstance.py:2879} INFO - Executing <Task(PythonOperator): task_scrape_news> on 2026-02-05 17:00:00+00:00
[2026-02-06T12:00:01.193+0700] {logging_mixin.py:190} WARNING - /home/***/.local/lib/python3.12/site-packages/***/task/task_runner/standard_task_runner.py:70 DeprecationWarning: This process (pid=1603) is multi-threaded, use of fork() may lead to deadlocks in the child.
[2026-02-06T12:00:01.194+0700] {standard_task_runner.py:72} INFO - Started process 1604 to run task
[2026-02-06T12:00:01.192+0700] {standard_task_runner.py:104} INFO - Running: ['***', 'tasks', 'run', 'dag_scraping_daily', 'task_scrape_news', 'scheduled__2026-02-05T17:00:00+00:00', '--job-id', '10', '--raw', '--subdir', 'DAGS_FOLDER/dag_scraping_daily.py', '--cfg-path', '/tmp/tmpegp_8gl4']
[2026-02-06T12:00:01.196+0700] {standard_task_runner.py:105} INFO - Job 10: Subtask task_scrape_news
[2026-02-06T12:00:01.211+0700] {logging_mixin.py:190} WARNING - /home/***/.local/lib/python3.12/site-packages/***/settings.py:209 DeprecationWarning: The sql_alchemy_conn option in [core] has been moved to the sql_alchemy_conn option in [database] - the old setting has been used, but please update your config.
[2026-02-06T12:00:01.264+0700] {task_command.py:467} INFO - Running <TaskInstance: dag_scraping_daily.task_scrape_news scheduled__2026-02-05T17:00:00+00:00 [running]> on host 136a0e9a7f59
[2026-02-06T12:00:01.266+0700] {logging_mixin.py:190} WARNING - /home/***/.local/lib/python3.12/site-packages/***/settings.py:449 DeprecationWarning: The sql_alchemy_conn option in [core] has been moved to the sql_alchemy_conn option in [database] - the old setting has been used, but please update your config.
[2026-02-06T12:00:01.343+0700] {taskinstance.py:3122} INFO - Exporting env vars: AIRFLOW_CTX_DAG_OWNER='remosy_admin' AIRFLOW_CTX_DAG_ID='dag_scraping_daily' AIRFLOW_CTX_TASK_ID='task_scrape_news' AIRFLOW_CTX_EXECUTION_DATE='2026-02-05T17:00:00+00:00' AIRFLOW_CTX_TRY_NUMBER='1' AIRFLOW_CTX_DAG_RUN_ID='scheduled__2026-02-05T17:00:00+00:00'
[2026-02-06T12:00:01.344+0700] {taskinstance.py:731} INFO - ::endgroup::
[2026-02-06T12:00:01.864+0700] {logging_mixin.py:190} INFO - 🚀 Memulai Job Scraping Google News (Mode Dinamis via Database)...
[2026-02-06T12:00:01.879+0700] {logging_mixin.py:190} INFO - ⚠️ Gagal membaca keywords (Error: (psycopg2.errors.UndefinedTable) relation "keywords" does not exist
LINE 1: SELECT keyword FROM keywords WHERE source IN ('news', 'all')
                            ^

[SQL: SELECT keyword FROM keywords WHERE source IN ('news', 'all')]
(Background on this error at: https://sqlalche.me/e/14/f405)). Menggunakan default.
[2026-02-06T12:00:01.884+0700] {logging_mixin.py:190} INFO - 📚 Database memiliki 99 berita lama.
[2026-02-06T12:00:01.884+0700] {logging_mixin.py:190} INFO - 🔎 Sedang mencari: 'UNSIKA'...
[2026-02-06T12:00:02.605+0700] {logging_mixin.py:190} INFO -    ℹ️  Dapat berita, tapi semuanya duplikat (Skip).
[2026-02-06T12:00:02.606+0700] {logging_mixin.py:190} INFO - 🔎 Sedang mencari: 'Universitas Singaperbangsa Karawang'...
[2026-02-06T12:00:03.258+0700] {logging_mixin.py:190} INFO -    ℹ️  Dapat berita, tapi semuanya duplikat (Skip).
[2026-02-06T12:00:03.259+0700] {logging_mixin.py:190} INFO - 🏁 Job Selesai. Total 0 berita baru ditambahkan hari ini.
[2026-02-06T12:00:03.260+0700] {python.py:240} INFO - Done. Returned value was: None
[2026-02-06T12:00:03.271+0700] {taskinstance.py:340} INFO - ::group::Post task execution logs
[2026-02-06T12:00:03.272+0700] {taskinstance.py:352} INFO - Marking task as SUCCESS. dag_id=dag_scraping_daily, task_id=task_scrape_news, run_id=scheduled__2026-02-05T17:00:00+00:00, execution_date=20260205T170000, start_date=20260206T050001, end_date=20260206T050003
[2026-02-06T12:00:03.304+0700] {local_task_job_runner.py:261} INFO - Task exited with return code 0
[2026-02-06T12:00:03.328+0700] {taskinstance.py:3891} INFO - 1 downstream tasks scheduled from follow-on schedule check
[2026-02-06T12:00:03.330+0700] {local_task_job_runner.py:240} INFO - ::endgroup::
[2026-02-06T22:42:53.842+0700] {local_task_job_runner.py:123} INFO - ::group::Pre task execution logs
[2026-02-06T22:42:53.873+0700] {taskinstance.py:2603} INFO - Dependencies all met for dep_context=non-requeueable deps ti=<TaskInstance: dag_scraping_daily.task_scrape_news scheduled__2026-02-05T17:00:00+00:00 [queued]>
[2026-02-06T22:42:53.889+0700] {taskinstance.py:2603} INFO - Dependencies all met for dep_context=requeueable deps ti=<TaskInstance: dag_scraping_daily.task_scrape_news scheduled__2026-02-05T17:00:00+00:00 [queued]>
[2026-02-06T22:42:53.892+0700] {taskinstance.py:2856} INFO - Starting attempt 1 of 2
[2026-02-06T22:42:53.914+0700] {taskinstance.py:2879} INFO - Executing <Task(PythonOperator): task_scrape_news> on 2026-02-05 17:00:00+00:00
[2026-02-06T22:42:53.930+0700] {logging_mixin.py:190} WARNING - /home/***/.local/lib/python3.12/site-packages/***/task/task_runner/standard_task_runner.py:70 DeprecationWarning: This process (pid=173) is multi-threaded, use of fork() may lead to deadlocks in the child.
[2026-02-06T22:42:53.931+0700] {standard_task_runner.py:72} INFO - Started process 185 to run task
[2026-02-06T22:42:53.929+0700] {standard_task_runner.py:104} INFO - Running: ['***', 'tasks', 'run', 'dag_scraping_daily', 'task_scrape_news', 'scheduled__2026-02-05T17:00:00+00:00', '--job-id', '79', '--raw', '--subdir', 'DAGS_FOLDER/dag_scraping_daily.py', '--cfg-path', '/tmp/tmpwzvcksbi']
[2026-02-06T22:42:53.939+0700] {standard_task_runner.py:105} INFO - Job 79: Subtask task_scrape_news
[2026-02-06T22:42:53.967+0700] {logging_mixin.py:190} WARNING - /home/***/.local/lib/python3.12/site-packages/***/settings.py:209 DeprecationWarning: The sql_alchemy_conn option in [core] has been moved to the sql_alchemy_conn option in [database] - the old setting has been used, but please update your config.
[2026-02-06T22:42:54.080+0700] {task_command.py:467} INFO - Running <TaskInstance: dag_scraping_daily.task_scrape_news scheduled__2026-02-05T17:00:00+00:00 [running]> on host 3bdd3e38038c
[2026-02-06T22:42:54.083+0700] {logging_mixin.py:190} WARNING - /home/***/.local/lib/python3.12/site-packages/***/settings.py:449 DeprecationWarning: The sql_alchemy_conn option in [core] has been moved to the sql_alchemy_conn option in [database] - the old setting has been used, but please update your config.
[2026-02-06T22:42:54.252+0700] {taskinstance.py:3122} INFO - Exporting env vars: AIRFLOW_CTX_DAG_OWNER='remosy_admin' AIRFLOW_CTX_DAG_ID='dag_scraping_daily' AIRFLOW_CTX_TASK_ID='task_scrape_news' AIRFLOW_CTX_EXECUTION_DATE='2026-02-05T17:00:00+00:00' AIRFLOW_CTX_TRY_NUMBER='1' AIRFLOW_CTX_DAG_RUN_ID='scheduled__2026-02-05T17:00:00+00:00'
[2026-02-06T22:42:54.254+0700] {taskinstance.py:731} INFO - ::endgroup::
[2026-02-06T22:42:57.868+0700] {logging_mixin.py:190} INFO - 🚀 Memulai Job Scraping Google News (Mode Dinamis via Database)...
[2026-02-06T22:43:01.878+0700] {logging_mixin.py:190} INFO - ⚠️ Gagal membaca keywords (Error: (psycopg2.OperationalError) could not translate host name "postgres-dw" to address: No address associated with hostname

(Background on this error at: https://sqlalche.me/e/14/e3q8)). Menggunakan default.
[2026-02-06T22:43:05.882+0700] {logging_mixin.py:190} INFO - 📚 Database kosong atau tabel belum ada.
[2026-02-06T22:43:05.884+0700] {logging_mixin.py:190} INFO - 🔎 Sedang mencari: 'UNSIKA'...
[2026-02-06T22:43:10.716+0700] {logging_mixin.py:190} INFO -    ⚠️ Gagal menyimpan ke DB: (psycopg2.OperationalError) could not translate host name "postgres-dw" to address: No address associated with hostname

(Background on this error at: https://sqlalche.me/e/14/e3q8)
[2026-02-06T22:43:10.717+0700] {logging_mixin.py:190} INFO - 🔎 Sedang mencari: 'Universitas Singaperbangsa Karawang'...
[2026-02-06T22:43:15.441+0700] {logging_mixin.py:190} INFO -    ⚠️ Gagal menyimpan ke DB: (psycopg2.OperationalError) could not translate host name "postgres-dw" to address: Name or service not known

(Background on this error at: https://sqlalche.me/e/14/e3q8)
[2026-02-06T22:43:15.442+0700] {logging_mixin.py:190} INFO - 🏁 Job Selesai. Total 0 berita baru ditambahkan hari ini.
[2026-02-06T22:43:15.443+0700] {python.py:240} INFO - Done. Returned value was: None
[2026-02-06T22:43:15.453+0700] {taskinstance.py:340} INFO - ::group::Post task execution logs
[2026-02-06T22:43:15.454+0700] {taskinstance.py:352} INFO - Marking task as SUCCESS. dag_id=dag_scraping_daily, task_id=task_scrape_news, run_id=scheduled__2026-02-05T17:00:00+00:00, execution_date=20260205T170000, start_date=20260206T154253, end_date=20260206T154315
[2026-02-06T22:43:15.538+0700] {local_task_job_runner.py:261} INFO - Task exited with return code 0
[2026-02-06T22:43:15.569+0700] {taskinstance.py:3891} INFO - 1 downstream tasks scheduled from follow-on schedule check
[2026-02-06T22:43:15.571+0700] {local_task_job_runner.py:240} INFO - ::endgroup::
