[2026-06-15T00:00:01.090+0700] {local_task_job_runner.py:123} INFO - ::group::Pre task execution logs
[2026-06-15T00:00:01.109+0700] {taskinstance.py:2603} INFO - Dependencies all met for dep_context=non-requeueable deps ti=<TaskInstance: remosy_master_end_to_end.scrape_twitter scheduled__2026-06-14T05:00:00+00:00 [queued]>
[2026-06-15T00:00:01.121+0700] {taskinstance.py:2603} INFO - Dependencies all met for dep_context=requeueable deps ti=<TaskInstance: remosy_master_end_to_end.scrape_twitter scheduled__2026-06-14T05:00:00+00:00 [queued]>
[2026-06-15T00:00:01.121+0700] {taskinstance.py:2856} INFO - Starting attempt 1 of 1
[2026-06-15T00:00:01.135+0700] {taskinstance.py:2879} INFO - Executing <Task(PythonOperator): scrape_twitter> on 2026-06-14 05:00:00+00:00
[2026-06-15T00:00:01.144+0700] {logging_mixin.py:190} WARNING - /home/***/.local/lib/python3.12/site-packages/***/task/task_runner/standard_task_runner.py:70 DeprecationWarning: This process (pid=4451) is multi-threaded, use of fork() may lead to deadlocks in the child.
[2026-06-15T00:00:01.143+0700] {standard_task_runner.py:104} INFO - Running: ['***', 'tasks', 'run', 'remosy_master_end_to_end', 'scrape_twitter', 'scheduled__2026-06-14T05:00:00+00:00', '--job-id', '477', '--raw', '--subdir', 'DAGS_FOLDER/dag_remosy_master.py', '--cfg-path', '/tmp/tmp20ifny_o']
[2026-06-15T00:00:01.147+0700] {standard_task_runner.py:72} INFO - Started process 4454 to run task
[2026-06-15T00:00:01.147+0700] {standard_task_runner.py:105} INFO - Job 477: Subtask scrape_twitter
[2026-06-15T00:00:01.164+0700] {logging_mixin.py:190} WARNING - /home/***/.local/lib/python3.12/site-packages/***/settings.py:209 DeprecationWarning: The sql_alchemy_conn option in [core] has been moved to the sql_alchemy_conn option in [database] - the old setting has been used, but please update your config.
[2026-06-15T00:00:01.206+0700] {task_command.py:467} INFO - Running <TaskInstance: remosy_master_end_to_end.scrape_twitter scheduled__2026-06-14T05:00:00+00:00 [running]> on host ed381b175d5e
[2026-06-15T00:00:01.207+0700] {logging_mixin.py:190} WARNING - /home/***/.local/lib/python3.12/site-packages/***/settings.py:449 DeprecationWarning: The sql_alchemy_conn option in [core] has been moved to the sql_alchemy_conn option in [database] - the old setting has been used, but please update your config.
[2026-06-15T00:00:01.318+0700] {taskinstance.py:3122} INFO - Exporting env vars: AIRFLOW_CTX_DAG_OWNER='remosy' AIRFLOW_CTX_DAG_ID='remosy_master_end_to_end' AIRFLOW_CTX_TASK_ID='scrape_twitter' AIRFLOW_CTX_EXECUTION_DATE='2026-06-14T05:00:00+00:00' AIRFLOW_CTX_TRY_NUMBER='1' AIRFLOW_CTX_DAG_RUN_ID='scheduled__2026-06-14T05:00:00+00:00'
[2026-06-15T00:00:01.319+0700] {taskinstance.py:731} INFO - ::endgroup::
[2026-06-15T00:00:03.216+0700] {logging_mixin.py:190} INFO - Memulai Job Scraping Twitter (Relational Schema)...
[2026-06-15T00:00:03.261+0700] {logging_mixin.py:190} INFO - Mencari Tweet: UNSIKA...
[2026-06-15T00:01:42.478+0700] {logging_mixin.py:190} WARNING - /opt/***/src/scrapers/twitter_scraper.py:53 UserWarning: Could not infer format, so each element will be parsed individually, falling back to `dateutil`. To ensure parsing is consistent and as-expected, please specify a format.
[2026-06-15T00:01:42.497+0700] {logging_mixin.py:190} INFO -    ✅ Menyimpan 1 tweet BARU (Relasi ID: 1).
[2026-06-15T00:01:42.498+0700] {logging_mixin.py:190} INFO - Mencari Tweet: Universitas Singaperbangsa Karawang...
[2026-06-15T00:01:51.663+0700] {logging_mixin.py:190} WARNING - /opt/***/src/scrapers/twitter_scraper.py:53 UserWarning: Could not infer format, so each element will be parsed individually, falling back to `dateutil`. To ensure parsing is consistent and as-expected, please specify a format.
[2026-06-15T00:01:51.673+0700] {logging_mixin.py:190} INFO -    ✅ Menyimpan 3 tweet BARU (Relasi ID: 2).
[2026-06-15T00:01:51.674+0700] {logging_mixin.py:190} INFO - Mencari Tweet: unsikuy...
[2026-06-15T00:04:10.141+0700] {logging_mixin.py:190} WARNING - /opt/***/src/scrapers/twitter_scraper.py:53 UserWarning: Could not infer format, so each element will be parsed individually, falling back to `dateutil`. To ensure parsing is consistent and as-expected, please specify a format.
[2026-06-15T00:04:10.153+0700] {logging_mixin.py:190} INFO -    ✅ Menyimpan 6 tweet BARU (Relasi ID: 3).
[2026-06-15T00:04:10.154+0700] {logging_mixin.py:190} INFO - Job Twitter Selesai. Total 10 tweet baru tersimpan.
[2026-06-15T00:04:10.155+0700] {python.py:240} INFO - Done. Returned value was: None
[2026-06-15T00:04:10.165+0700] {taskinstance.py:340} INFO - ::group::Post task execution logs
[2026-06-15T00:04:10.166+0700] {taskinstance.py:352} INFO - Marking task as SUCCESS. dag_id=remosy_master_end_to_end, task_id=scrape_twitter, run_id=scheduled__2026-06-14T05:00:00+00:00, execution_date=20260614T050000, start_date=20260614T170001, end_date=20260614T170410
[2026-06-15T00:04:10.198+0700] {local_task_job_runner.py:261} INFO - Task exited with return code 0
[2026-06-15T00:04:10.221+0700] {taskinstance.py:3891} INFO - 1 downstream tasks scheduled from follow-on schedule check
[2026-06-15T00:04:10.224+0700] {local_task_job_runner.py:240} INFO - ::endgroup::
