[2026-03-29T17:04:45.856+0700] {local_task_job_runner.py:123} INFO - ::group::Pre task execution logs
[2026-03-29T17:04:45.882+0700] {taskinstance.py:2603} INFO - Dependencies all met for dep_context=non-requeueable deps ti=<TaskInstance: dag_scraping_twitter.task_scrape_twitter manual__2026-03-29T10:04:44.720489+00:00 [queued]>
[2026-03-29T17:04:45.894+0700] {taskinstance.py:2603} INFO - Dependencies all met for dep_context=requeueable deps ti=<TaskInstance: dag_scraping_twitter.task_scrape_twitter manual__2026-03-29T10:04:44.720489+00:00 [queued]>
[2026-03-29T17:04:45.894+0700] {taskinstance.py:2856} INFO - Starting attempt 1 of 1
[2026-03-29T17:04:45.916+0700] {taskinstance.py:2879} INFO - Executing <Task(PythonOperator): task_scrape_twitter> on 2026-03-29 10:04:44.720489+00:00
[2026-03-29T17:04:45.933+0700] {logging_mixin.py:190} WARNING - /home/***/.local/lib/python3.12/site-packages/***/task/task_runner/standard_task_runner.py:70 DeprecationWarning: This process (pid=1639) is multi-threaded, use of fork() may lead to deadlocks in the child.
[2026-03-29T17:04:45.938+0700] {standard_task_runner.py:72} INFO - Started process 1640 to run task
[2026-03-29T17:04:45.934+0700] {standard_task_runner.py:104} INFO - Running: ['***', 'tasks', 'run', 'dag_scraping_twitter', 'task_scrape_twitter', 'manual__2026-03-29T10:04:44.720489+00:00', '--job-id', '237', '--raw', '--subdir', 'DAGS_FOLDER/dag_scraping_twitter.py', '--cfg-path', '/tmp/tmp9as91ycv']
[2026-03-29T17:04:45.943+0700] {standard_task_runner.py:105} INFO - Job 237: Subtask task_scrape_twitter
[2026-03-29T17:04:45.973+0700] {logging_mixin.py:190} WARNING - /home/***/.local/lib/python3.12/site-packages/***/settings.py:209 DeprecationWarning: The sql_alchemy_conn option in [core] has been moved to the sql_alchemy_conn option in [database] - the old setting has been used, but please update your config.
[2026-03-29T17:04:46.052+0700] {task_command.py:467} INFO - Running <TaskInstance: dag_scraping_twitter.task_scrape_twitter manual__2026-03-29T10:04:44.720489+00:00 [running]> on host a32a3aef6157
[2026-03-29T17:04:46.199+0700] {taskinstance.py:3122} INFO - Exporting env vars: AIRFLOW_CTX_DAG_OWNER='remosy_admin' AIRFLOW_CTX_DAG_ID='dag_scraping_twitter' AIRFLOW_CTX_TASK_ID='task_scrape_twitter' AIRFLOW_CTX_EXECUTION_DATE='2026-03-29T10:04:44.720489+00:00' AIRFLOW_CTX_TRY_NUMBER='1' AIRFLOW_CTX_DAG_RUN_ID='manual__2026-03-29T10:04:44.720489+00:00'
[2026-03-29T17:04:46.204+0700] {taskinstance.py:731} INFO - ::endgroup::
[2026-03-29T17:04:46.946+0700] {logging_mixin.py:190} INFO - Memulai Job Scraping Twitter (Mode Cerdas)...
[2026-03-29T17:04:46.965+0700] {logging_mixin.py:190} INFO - Database saat ini memiliki 143 tweet.
[2026-03-29T17:04:46.966+0700] {logging_mixin.py:190} INFO - Mencari Tweet: unsika...
[2026-03-29T17:06:24.231+0700] {job.py:229} INFO - Heartbeat recovered after 17.49 seconds
[2026-03-29T17:06:30.094+0700] {job.py:229} INFO - Heartbeat recovered after 12.73 seconds
[2026-03-29T17:08:15.316+0700] {logging_mixin.py:190} INFO - Mencari Tweet: universitas singaperbangsa karawang...
[2026-03-29T17:09:26.203+0700] {logging_mixin.py:190} INFO - Mencari Tweet: mahasiswa unsika...
[2026-03-29T17:10:33.012+0700] {logging_mixin.py:190} INFO - Job Twitter Selesai. Total 0 tweet baru tersimpan.
[2026-03-29T17:10:33.013+0700] {python.py:240} INFO - Done. Returned value was: None
[2026-03-29T17:10:33.033+0700] {taskinstance.py:340} INFO - ::group::Post task execution logs
[2026-03-29T17:10:33.034+0700] {taskinstance.py:352} INFO - Marking task as SUCCESS. dag_id=dag_scraping_twitter, task_id=task_scrape_twitter, run_id=manual__2026-03-29T10:04:44.720489+00:00, execution_date=20260329T100444, start_date=20260329T100445, end_date=20260329T101033
[2026-03-29T17:10:33.087+0700] {local_task_job_runner.py:261} INFO - Task exited with return code 0
[2026-03-29T17:10:33.124+0700] {taskinstance.py:3891} INFO - 1 downstream tasks scheduled from follow-on schedule check
[2026-03-29T17:10:33.126+0700] {local_task_job_runner.py:240} INFO - ::endgroup::
