[2026-06-22T08:47:29.086+0700] {local_task_job_runner.py:123} INFO - ::group::Pre task execution logs
[2026-06-22T08:47:29.105+0700] {taskinstance.py:2603} INFO - Dependencies all met for dep_context=non-requeueable deps ti=<TaskInstance: remosy_master_end_to_end.scrape_news manual__2026-06-22T01:47:27.599227+00:00 [queued]>
[2026-06-22T08:47:29.118+0700] {taskinstance.py:2603} INFO - Dependencies all met for dep_context=requeueable deps ti=<TaskInstance: remosy_master_end_to_end.scrape_news manual__2026-06-22T01:47:27.599227+00:00 [queued]>
[2026-06-22T08:47:29.119+0700] {taskinstance.py:2856} INFO - Starting attempt 1 of 1
[2026-06-22T08:47:29.135+0700] {taskinstance.py:2879} INFO - Executing <Task(PythonOperator): scrape_news> on 2026-06-22 01:47:27.599227+00:00
[2026-06-22T08:47:29.148+0700] {logging_mixin.py:190} WARNING - /home/***/.local/lib/python3.12/site-packages/***/task/task_runner/standard_task_runner.py:70 DeprecationWarning: This process (pid=2522) is multi-threaded, use of fork() may lead to deadlocks in the child.
[2026-06-22T08:47:29.147+0700] {standard_task_runner.py:104} INFO - Running: ['***', 'tasks', 'run', 'remosy_master_end_to_end', 'scrape_news', 'manual__2026-06-22T01:47:27.599227+00:00', '--job-id', '578', '--raw', '--subdir', 'DAGS_FOLDER/dag_remosy_master.py', '--cfg-path', '/tmp/tmp8l30uqpq']
[2026-06-22T08:47:29.152+0700] {standard_task_runner.py:72} INFO - Started process 2523 to run task
[2026-06-22T08:47:29.153+0700] {standard_task_runner.py:105} INFO - Job 578: Subtask scrape_news
[2026-06-22T08:47:29.172+0700] {logging_mixin.py:190} WARNING - /home/***/.local/lib/python3.12/site-packages/***/settings.py:209 DeprecationWarning: The sql_alchemy_conn option in [core] has been moved to the sql_alchemy_conn option in [database] - the old setting has been used, but please update your config.
[2026-06-22T08:47:29.217+0700] {task_command.py:467} INFO - Running <TaskInstance: remosy_master_end_to_end.scrape_news manual__2026-06-22T01:47:27.599227+00:00 [running]> on host df0dddc984af
[2026-06-22T08:47:29.317+0700] {taskinstance.py:3122} INFO - Exporting env vars: AIRFLOW_CTX_DAG_OWNER='remosy' AIRFLOW_CTX_DAG_ID='remosy_master_end_to_end' AIRFLOW_CTX_TASK_ID='scrape_news' AIRFLOW_CTX_EXECUTION_DATE='2026-06-22T01:47:27.599227+00:00' AIRFLOW_CTX_TRY_NUMBER='1' AIRFLOW_CTX_DAG_RUN_ID='manual__2026-06-22T01:47:27.599227+00:00'
[2026-06-22T08:47:29.319+0700] {taskinstance.py:731} INFO - ::endgroup::
[2026-06-22T08:47:30.135+0700] {logging_mixin.py:190} INFO - 🚀 Memulai Job Scraping Google News (Relational Schema)...
[2026-06-22T08:47:30.160+0700] {logging_mixin.py:190} INFO - 🔎 Sedang mencari: 'UNSIKA' (ID: 1)...
[2026-06-22T08:47:31.001+0700] {logging_mixin.py:190} INFO -    ℹ️  Dapat berita, tapi semuanya duplikat.
[2026-06-22T08:47:31.002+0700] {logging_mixin.py:190} INFO - 🔎 Sedang mencari: 'Universitas Singaperbangsa Karawang' (ID: 2)...
[2026-06-22T08:47:31.559+0700] {logging_mixin.py:190} INFO -    ℹ️  Dapat berita, tapi semuanya duplikat.
[2026-06-22T08:47:31.560+0700] {logging_mixin.py:190} INFO - 🔎 Sedang mencari: 'unsikuy' (ID: 3)...
[2026-06-22T08:47:31.885+0700] {logging_mixin.py:190} INFO -    ⚠️ Tidak ditemukan berita.
[2026-06-22T08:47:31.887+0700] {logging_mixin.py:190} INFO - 🏁 Job Selesai. Total 0 berita baru.
[2026-06-22T08:47:31.888+0700] {python.py:240} INFO - Done. Returned value was: None
[2026-06-22T08:47:31.909+0700] {taskinstance.py:340} INFO - ::group::Post task execution logs
[2026-06-22T08:47:31.910+0700] {taskinstance.py:352} INFO - Marking task as SUCCESS. dag_id=remosy_master_end_to_end, task_id=scrape_news, run_id=manual__2026-06-22T01:47:27.599227+00:00, execution_date=20260622T014727, start_date=20260622T014729, end_date=20260622T014731
[2026-06-22T08:47:31.994+0700] {local_task_job_runner.py:261} INFO - Task exited with return code 0
[2026-06-22T08:47:32.023+0700] {taskinstance.py:3891} INFO - 1 downstream tasks scheduled from follow-on schedule check
[2026-06-22T08:47:32.028+0700] {local_task_job_runner.py:240} INFO - ::endgroup::
