[2026-02-19T18:00:01.454+0700] {local_task_job_runner.py:123} INFO - ::group::Pre task execution logs
[2026-02-19T18:00:01.470+0700] {taskinstance.py:2603} INFO - Dependencies all met for dep_context=non-requeueable deps ti=<TaskInstance: dag_scraping_twitter.task_scrape_twitter scheduled__2026-02-18T23:00:00+00:00 [queued]>
[2026-02-19T18:00:01.480+0700] {taskinstance.py:2603} INFO - Dependencies all met for dep_context=requeueable deps ti=<TaskInstance: dag_scraping_twitter.task_scrape_twitter scheduled__2026-02-18T23:00:00+00:00 [queued]>
[2026-02-19T18:00:01.481+0700] {taskinstance.py:2856} INFO - Starting attempt 1 of 1
[2026-02-19T18:00:01.495+0700] {taskinstance.py:2879} INFO - Executing <Task(PythonOperator): task_scrape_twitter> on 2026-02-18 23:00:00+00:00
[2026-02-19T18:00:01.503+0700] {logging_mixin.py:190} WARNING - /home/***/.local/lib/python3.12/site-packages/***/task/task_runner/standard_task_runner.py:70 DeprecationWarning: This process (pid=11743) is multi-threaded, use of fork() may lead to deadlocks in the child.
[2026-02-19T18:00:01.505+0700] {standard_task_runner.py:72} INFO - Started process 11744 to run task
[2026-02-19T18:00:01.503+0700] {standard_task_runner.py:104} INFO - Running: ['***', 'tasks', 'run', 'dag_scraping_twitter', 'task_scrape_twitter', 'scheduled__2026-02-18T23:00:00+00:00', '--job-id', '162', '--raw', '--subdir', 'DAGS_FOLDER/dag_scraping_twitter.py', '--cfg-path', '/tmp/tmpvqaedogm']
[2026-02-19T18:00:01.506+0700] {standard_task_runner.py:105} INFO - Job 162: Subtask task_scrape_twitter
[2026-02-19T18:00:01.522+0700] {logging_mixin.py:190} WARNING - /home/***/.local/lib/python3.12/site-packages/***/settings.py:209 DeprecationWarning: The sql_alchemy_conn option in [core] has been moved to the sql_alchemy_conn option in [database] - the old setting has been used, but please update your config.
[2026-02-19T18:00:01.571+0700] {task_command.py:467} INFO - Running <TaskInstance: dag_scraping_twitter.task_scrape_twitter scheduled__2026-02-18T23:00:00+00:00 [running]> on host 22f2f7482e4d
[2026-02-19T18:00:01.573+0700] {logging_mixin.py:190} WARNING - /home/***/.local/lib/python3.12/site-packages/***/settings.py:449 DeprecationWarning: The sql_alchemy_conn option in [core] has been moved to the sql_alchemy_conn option in [database] - the old setting has been used, but please update your config.
[2026-02-19T18:00:01.696+0700] {taskinstance.py:3122} INFO - Exporting env vars: AIRFLOW_CTX_DAG_OWNER='remosy_admin' AIRFLOW_CTX_DAG_ID='dag_scraping_twitter' AIRFLOW_CTX_TASK_ID='task_scrape_twitter' AIRFLOW_CTX_EXECUTION_DATE='2026-02-18T23:00:00+00:00' AIRFLOW_CTX_TRY_NUMBER='1' AIRFLOW_CTX_DAG_RUN_ID='scheduled__2026-02-18T23:00:00+00:00'
[2026-02-19T18:00:01.697+0700] {taskinstance.py:731} INFO - ::endgroup::
[2026-02-19T18:00:06.010+0700] {logging_mixin.py:190} INFO - Memulai Job Scraping Twitter (Mode Cerdas)...
[2026-02-19T18:00:06.032+0700] {logging_mixin.py:190} INFO - Database saat ini memiliki 131 tweet.
[2026-02-19T18:00:06.033+0700] {logging_mixin.py:190} INFO - Mencari Tweet: unsika...
[2026-02-19T18:07:38.270+0700] {logging_mixin.py:190} INFO -    info: Tidak ada tweet baru (semua duplikat).
[2026-02-19T18:07:38.271+0700] {logging_mixin.py:190} INFO - Mencari Tweet: universitas singaperbangsa karawang...
[2026-02-19T18:10:03.994+0700] {logging_mixin.py:190} INFO -    info: Tidak ada tweet baru (semua duplikat).
[2026-02-19T18:10:03.995+0700] {logging_mixin.py:190} INFO - Mencari Tweet: mahasiswa unsika...
[2026-02-19T18:12:27.659+0700] {logging_mixin.py:190} INFO -    info: Tidak ada tweet baru (semua duplikat).
[2026-02-19T18:12:27.660+0700] {logging_mixin.py:190} INFO - Job Twitter Selesai. Total 0 tweet baru tersimpan.
[2026-02-19T18:12:27.661+0700] {python.py:240} INFO - Done. Returned value was: None
[2026-02-19T18:12:27.675+0700] {taskinstance.py:340} INFO - ::group::Post task execution logs
[2026-02-19T18:12:27.676+0700] {taskinstance.py:352} INFO - Marking task as SUCCESS. dag_id=dag_scraping_twitter, task_id=task_scrape_twitter, run_id=scheduled__2026-02-18T23:00:00+00:00, execution_date=20260218T230000, start_date=20260219T110001, end_date=20260219T111227
[2026-02-19T18:12:27.707+0700] {local_task_job_runner.py:261} INFO - Task exited with return code 0
[2026-02-19T18:12:27.735+0700] {taskinstance.py:3891} INFO - 1 downstream tasks scheduled from follow-on schedule check
[2026-02-19T18:12:27.738+0700] {local_task_job_runner.py:240} INFO - ::endgroup::
