[2026-06-06T22:32:16.647+0700] {local_task_job_runner.py:123} INFO - ::group::Pre task execution logs
[2026-06-06T22:32:16.668+0700] {taskinstance.py:2603} INFO - Dependencies all met for dep_context=non-requeueable deps ti=<TaskInstance: dag_scraping_twitter.task_scrape_twitter scheduled__2026-06-05T23:00:00+00:00 [queued]>
[2026-06-06T22:32:16.682+0700] {taskinstance.py:2603} INFO - Dependencies all met for dep_context=requeueable deps ti=<TaskInstance: dag_scraping_twitter.task_scrape_twitter scheduled__2026-06-05T23:00:00+00:00 [queued]>
[2026-06-06T22:32:16.683+0700] {taskinstance.py:2856} INFO - Starting attempt 1 of 1
[2026-06-06T22:32:16.707+0700] {taskinstance.py:2879} INFO - Executing <Task(PythonOperator): task_scrape_twitter> on 2026-06-05 23:00:00+00:00
[2026-06-06T22:32:16.717+0700] {logging_mixin.py:190} WARNING - /home/***/.local/lib/python3.12/site-packages/***/task/task_runner/standard_task_runner.py:70 DeprecationWarning: This process (pid=182) is multi-threaded, use of fork() may lead to deadlocks in the child.
[2026-06-06T22:32:16.719+0700] {standard_task_runner.py:72} INFO - Started process 187 to run task
[2026-06-06T22:32:16.718+0700] {standard_task_runner.py:104} INFO - Running: ['***', 'tasks', 'run', 'dag_scraping_twitter', 'task_scrape_twitter', 'scheduled__2026-06-05T23:00:00+00:00', '--job-id', '403', '--raw', '--subdir', 'DAGS_FOLDER/dag_scraping_twitter.py', '--cfg-path', '/tmp/tmpw3ujfqgu']
[2026-06-06T22:32:16.721+0700] {standard_task_runner.py:105} INFO - Job 403: Subtask task_scrape_twitter
[2026-06-06T22:32:16.746+0700] {logging_mixin.py:190} WARNING - /home/***/.local/lib/python3.12/site-packages/***/settings.py:209 DeprecationWarning: The sql_alchemy_conn option in [core] has been moved to the sql_alchemy_conn option in [database] - the old setting has been used, but please update your config.
[2026-06-06T22:32:16.799+0700] {task_command.py:467} INFO - Running <TaskInstance: dag_scraping_twitter.task_scrape_twitter scheduled__2026-06-05T23:00:00+00:00 [running]> on host b1aa4bc46701
[2026-06-06T22:32:16.801+0700] {logging_mixin.py:190} WARNING - /home/***/.local/lib/python3.12/site-packages/***/settings.py:449 DeprecationWarning: The sql_alchemy_conn option in [core] has been moved to the sql_alchemy_conn option in [database] - the old setting has been used, but please update your config.
[2026-06-06T22:32:16.932+0700] {taskinstance.py:3122} INFO - Exporting env vars: AIRFLOW_CTX_DAG_OWNER='remosy_admin' AIRFLOW_CTX_DAG_ID='dag_scraping_twitter' AIRFLOW_CTX_TASK_ID='task_scrape_twitter' AIRFLOW_CTX_EXECUTION_DATE='2026-06-05T23:00:00+00:00' AIRFLOW_CTX_TRY_NUMBER='1' AIRFLOW_CTX_DAG_RUN_ID='scheduled__2026-06-05T23:00:00+00:00'
[2026-06-06T22:32:16.933+0700] {taskinstance.py:731} INFO - ::endgroup::
[2026-06-06T22:32:19.303+0700] {logging_mixin.py:190} INFO - Memulai Job Scraping Twitter (Mode Cerdas)...
[2026-06-06T22:32:19.344+0700] {logging_mixin.py:190} INFO - Database saat ini memiliki 304 tweet.
[2026-06-06T22:32:19.345+0700] {logging_mixin.py:190} INFO - Mencari Tweet: unsika...
[2026-06-06T22:33:56.758+0700] {logging_mixin.py:190} INFO -    -> Berhasil menarik 60 tweet mentah dari X.
[2026-06-06T22:33:56.776+0700] {logging_mixin.py:190} INFO -    ✅ Menyimpan 30 tweet BARU ke database.
[2026-06-06T22:33:56.777+0700] {logging_mixin.py:190} INFO - Mencari Tweet: universitas singaperbangsa karawang...
[2026-06-06T22:34:05.086+0700] {logging_mixin.py:190} INFO -    -> Berhasil menarik 5 tweet mentah dari X.
[2026-06-06T22:34:05.094+0700] {logging_mixin.py:190} INFO -    ✅ Menyimpan 3 tweet BARU ke database.
[2026-06-06T22:34:05.095+0700] {logging_mixin.py:190} INFO - Mencari Tweet: mahasiswa unsika...
[2026-06-06T22:36:31.956+0700] {logging_mixin.py:190} INFO -    -> Berhasil menarik 15 tweet mentah dari X.
[2026-06-06T22:36:31.957+0700] {logging_mixin.py:190} INFO -    ℹ️ Info: Tidak ada tweet baru (semua tweet sudah ada di database).
[2026-06-06T22:36:31.958+0700] {logging_mixin.py:190} INFO - Job Twitter Selesai. Total 33 tweet baru tersimpan.
[2026-06-06T22:36:31.961+0700] {python.py:240} INFO - Done. Returned value was: None
[2026-06-06T22:36:32.017+0700] {taskinstance.py:340} INFO - ::group::Post task execution logs
[2026-06-06T22:36:32.019+0700] {taskinstance.py:352} INFO - Marking task as SUCCESS. dag_id=dag_scraping_twitter, task_id=task_scrape_twitter, run_id=scheduled__2026-06-05T23:00:00+00:00, execution_date=20260605T230000, start_date=20260606T153216, end_date=20260606T153632
[2026-06-06T22:36:32.111+0700] {local_task_job_runner.py:261} INFO - Task exited with return code 0
[2026-06-06T22:36:32.163+0700] {taskinstance.py:3891} INFO - 1 downstream tasks scheduled from follow-on schedule check
[2026-06-06T22:36:32.166+0700] {local_task_job_runner.py:240} INFO - ::endgroup::
