[2026-02-06T12:00:03.600+0700] {local_task_job_runner.py:123} INFO - ::group::Pre task execution logs
[2026-02-06T12:00:03.614+0700] {taskinstance.py:2603} INFO - Dependencies all met for dep_context=non-requeueable deps ti=<TaskInstance: dag_scraping_daily.task_process_sentiment scheduled__2026-02-05T17:00:00+00:00 [queued]>
[2026-02-06T12:00:03.627+0700] {taskinstance.py:2603} INFO - Dependencies all met for dep_context=requeueable deps ti=<TaskInstance: dag_scraping_daily.task_process_sentiment scheduled__2026-02-05T17:00:00+00:00 [queued]>
[2026-02-06T12:00:03.628+0700] {taskinstance.py:2856} INFO - Starting attempt 1 of 2
[2026-02-06T12:00:03.641+0700] {taskinstance.py:2879} INFO - Executing <Task(PythonOperator): task_process_sentiment> on 2026-02-05 17:00:00+00:00
[2026-02-06T12:00:03.650+0700] {logging_mixin.py:190} WARNING - /home/***/.local/lib/python3.12/site-packages/***/task/task_runner/standard_task_runner.py:70 DeprecationWarning: This process (pid=1607) is multi-threaded, use of fork() may lead to deadlocks in the child.
[2026-02-06T12:00:03.652+0700] {standard_task_runner.py:72} INFO - Started process 1608 to run task
[2026-02-06T12:00:03.650+0700] {standard_task_runner.py:104} INFO - Running: ['***', 'tasks', 'run', 'dag_scraping_daily', 'task_process_sentiment', 'scheduled__2026-02-05T17:00:00+00:00', '--job-id', '11', '--raw', '--subdir', 'DAGS_FOLDER/dag_scraping_daily.py', '--cfg-path', '/tmp/tmp6b7yu_h8']
[2026-02-06T12:00:03.653+0700] {standard_task_runner.py:105} INFO - Job 11: Subtask task_process_sentiment
[2026-02-06T12:00:03.666+0700] {logging_mixin.py:190} WARNING - /home/***/.local/lib/python3.12/site-packages/***/settings.py:209 DeprecationWarning: The sql_alchemy_conn option in [core] has been moved to the sql_alchemy_conn option in [database] - the old setting has been used, but please update your config.
[2026-02-06T12:00:03.715+0700] {task_command.py:467} INFO - Running <TaskInstance: dag_scraping_daily.task_process_sentiment scheduled__2026-02-05T17:00:00+00:00 [running]> on host 136a0e9a7f59
[2026-02-06T12:00:03.716+0700] {logging_mixin.py:190} WARNING - /home/***/.local/lib/python3.12/site-packages/***/settings.py:449 DeprecationWarning: The sql_alchemy_conn option in [core] has been moved to the sql_alchemy_conn option in [database] - the old setting has been used, but please update your config.
[2026-02-06T12:00:03.790+0700] {taskinstance.py:3122} INFO - Exporting env vars: AIRFLOW_CTX_DAG_OWNER='remosy_admin' AIRFLOW_CTX_DAG_ID='dag_scraping_daily' AIRFLOW_CTX_TASK_ID='task_process_sentiment' AIRFLOW_CTX_EXECUTION_DATE='2026-02-05T17:00:00+00:00' AIRFLOW_CTX_TRY_NUMBER='1' AIRFLOW_CTX_DAG_RUN_ID='scheduled__2026-02-05T17:00:00+00:00'
[2026-02-06T12:00:03.791+0700] {taskinstance.py:731} INFO - ::endgroup::
[2026-02-06T12:00:09.018+0700] {logging_mixin.py:190} INFO - 🚀 Memulai Job Pemrosesan Berita (Smart Sentiment)...
[2026-02-06T12:00:09.030+0700] {logging_mixin.py:190} INFO -    ❌ Gagal baca DB: (psycopg2.errors.UndefinedColumn) column "id" does not exist
LINE 2:             SELECT id, title, source
                           ^

[SQL: 
            SELECT id, title, source
            FROM news_raw
            WHERE id NOT IN (SELECT news_id FROM news_processed)             ]
(Background on this error at: https://sqlalche.me/e/14/f405)
[2026-02-06T12:00:09.030+0700] {python.py:240} INFO - Done. Returned value was: None
[2026-02-06T12:00:09.040+0700] {taskinstance.py:340} INFO - ::group::Post task execution logs
[2026-02-06T12:00:09.040+0700] {taskinstance.py:352} INFO - Marking task as SUCCESS. dag_id=dag_scraping_daily, task_id=task_process_sentiment, run_id=scheduled__2026-02-05T17:00:00+00:00, execution_date=20260205T170000, start_date=20260206T050003, end_date=20260206T050009
[2026-02-06T12:00:09.082+0700] {local_task_job_runner.py:261} INFO - Task exited with return code 0
[2026-02-06T12:00:09.100+0700] {taskinstance.py:3891} INFO - 0 downstream tasks scheduled from follow-on schedule check
[2026-02-06T12:00:09.103+0700] {local_task_job_runner.py:240} INFO - ::endgroup::
[2026-02-06T22:43:16.166+0700] {local_task_job_runner.py:123} INFO - ::group::Pre task execution logs
[2026-02-06T22:43:16.196+0700] {taskinstance.py:2603} INFO - Dependencies all met for dep_context=non-requeueable deps ti=<TaskInstance: dag_scraping_daily.task_process_sentiment scheduled__2026-02-05T17:00:00+00:00 [queued]>
[2026-02-06T22:43:16.210+0700] {taskinstance.py:2603} INFO - Dependencies all met for dep_context=requeueable deps ti=<TaskInstance: dag_scraping_daily.task_process_sentiment scheduled__2026-02-05T17:00:00+00:00 [queued]>
[2026-02-06T22:43:16.211+0700] {taskinstance.py:2856} INFO - Starting attempt 1 of 2
[2026-02-06T22:43:16.233+0700] {taskinstance.py:2879} INFO - Executing <Task(PythonOperator): task_process_sentiment> on 2026-02-05 17:00:00+00:00
[2026-02-06T22:43:16.244+0700] {standard_task_runner.py:104} INFO - Running: ['***', 'tasks', 'run', 'dag_scraping_daily', 'task_process_sentiment', 'scheduled__2026-02-05T17:00:00+00:00', '--job-id', '81', '--raw', '--subdir', 'DAGS_FOLDER/dag_scraping_daily.py', '--cfg-path', '/tmp/tmpnbo3_cs2']
[2026-02-06T22:43:16.246+0700] {logging_mixin.py:190} WARNING - /home/***/.local/lib/python3.12/site-packages/***/task/task_runner/standard_task_runner.py:70 DeprecationWarning: This process (pid=256) is multi-threaded, use of fork() may lead to deadlocks in the child.
[2026-02-06T22:43:16.247+0700] {standard_task_runner.py:105} INFO - Job 81: Subtask task_process_sentiment
[2026-02-06T22:43:16.247+0700] {standard_task_runner.py:72} INFO - Started process 257 to run task
[2026-02-06T22:43:16.268+0700] {logging_mixin.py:190} WARNING - /home/***/.local/lib/python3.12/site-packages/***/settings.py:209 DeprecationWarning: The sql_alchemy_conn option in [core] has been moved to the sql_alchemy_conn option in [database] - the old setting has been used, but please update your config.
[2026-02-06T22:43:16.350+0700] {task_command.py:467} INFO - Running <TaskInstance: dag_scraping_daily.task_process_sentiment scheduled__2026-02-05T17:00:00+00:00 [running]> on host 3bdd3e38038c
[2026-02-06T22:43:16.352+0700] {logging_mixin.py:190} WARNING - /home/***/.local/lib/python3.12/site-packages/***/settings.py:449 DeprecationWarning: The sql_alchemy_conn option in [core] has been moved to the sql_alchemy_conn option in [database] - the old setting has been used, but please update your config.
[2026-02-06T22:43:16.469+0700] {taskinstance.py:3122} INFO - Exporting env vars: AIRFLOW_CTX_DAG_OWNER='remosy_admin' AIRFLOW_CTX_DAG_ID='dag_scraping_daily' AIRFLOW_CTX_TASK_ID='task_process_sentiment' AIRFLOW_CTX_EXECUTION_DATE='2026-02-05T17:00:00+00:00' AIRFLOW_CTX_TRY_NUMBER='1' AIRFLOW_CTX_DAG_RUN_ID='scheduled__2026-02-05T17:00:00+00:00'
[2026-02-06T22:43:16.472+0700] {taskinstance.py:731} INFO - ::endgroup::
[2026-02-06T22:43:30.743+0700] {logging_mixin.py:190} INFO - 🚀 Memulai Job Pemrosesan Berita (Smart Sentiment)...
[2026-02-06T22:43:34.776+0700] {logging_mixin.py:190} INFO -    ❌ Gagal baca DB: (psycopg2.OperationalError) could not translate host name "postgres-dw" to address: No address associated with hostname

(Background on this error at: https://sqlalche.me/e/14/e3q8)
[2026-02-06T22:43:34.843+0700] {python.py:240} INFO - Done. Returned value was: None
[2026-02-06T22:43:34.889+0700] {taskinstance.py:340} INFO - ::group::Post task execution logs
[2026-02-06T22:43:34.897+0700] {taskinstance.py:352} INFO - Marking task as SUCCESS. dag_id=dag_scraping_daily, task_id=task_process_sentiment, run_id=scheduled__2026-02-05T17:00:00+00:00, execution_date=20260205T170000, start_date=20260206T154316, end_date=20260206T154334
[2026-02-06T22:43:35.118+0700] {local_task_job_runner.py:261} INFO - Task exited with return code 0
[2026-02-06T22:43:35.158+0700] {taskinstance.py:3891} INFO - 0 downstream tasks scheduled from follow-on schedule check
[2026-02-06T22:43:35.165+0700] {local_task_job_runner.py:240} INFO - ::endgroup::
