[2026-03-29T12:24:58.957+0700] {local_task_job_runner.py:123} INFO - ::group::Pre task execution logs
[2026-03-29T12:24:58.973+0700] {taskinstance.py:2603} INFO - Dependencies all met for dep_context=non-requeueable deps ti=<TaskInstance: dag_scraping_daily.task_process_sentiment scheduled__2026-03-27T05:00:00+00:00 [queued]>
[2026-03-29T12:24:58.984+0700] {taskinstance.py:2603} INFO - Dependencies all met for dep_context=requeueable deps ti=<TaskInstance: dag_scraping_daily.task_process_sentiment scheduled__2026-03-27T05:00:00+00:00 [queued]>
[2026-03-29T12:24:58.985+0700] {taskinstance.py:2856} INFO - Starting attempt 2 of 2
[2026-03-29T12:24:58.997+0700] {taskinstance.py:2879} INFO - Executing <Task(PythonOperator): task_process_sentiment> on 2026-03-27 05:00:00+00:00
[2026-03-29T12:24:59.006+0700] {logging_mixin.py:190} WARNING - /home/***/.local/lib/python3.12/site-packages/***/task/task_runner/standard_task_runner.py:70 DeprecationWarning: This process (pid=1441) is multi-threaded, use of fork() may lead to deadlocks in the child.
[2026-03-29T12:24:59.008+0700] {standard_task_runner.py:72} INFO - Started process 1442 to run task
[2026-03-29T12:24:59.006+0700] {standard_task_runner.py:104} INFO - Running: ['***', 'tasks', 'run', 'dag_scraping_daily', 'task_process_sentiment', 'scheduled__2026-03-27T05:00:00+00:00', '--job-id', '230', '--raw', '--subdir', 'DAGS_FOLDER/dag_scraping_daily.py', '--cfg-path', '/tmp/tmpkgps2v_1']
[2026-03-29T12:24:59.009+0700] {standard_task_runner.py:105} INFO - Job 230: Subtask task_process_sentiment
[2026-03-29T12:24:59.023+0700] {logging_mixin.py:190} WARNING - /home/***/.local/lib/python3.12/site-packages/***/settings.py:209 DeprecationWarning: The sql_alchemy_conn option in [core] has been moved to the sql_alchemy_conn option in [database] - the old setting has been used, but please update your config.
[2026-03-29T12:24:59.076+0700] {task_command.py:467} INFO - Running <TaskInstance: dag_scraping_daily.task_process_sentiment scheduled__2026-03-27T05:00:00+00:00 [running]> on host fb1907ce8049
[2026-03-29T12:24:59.078+0700] {logging_mixin.py:190} WARNING - /home/***/.local/lib/python3.12/site-packages/***/settings.py:449 DeprecationWarning: The sql_alchemy_conn option in [core] has been moved to the sql_alchemy_conn option in [database] - the old setting has been used, but please update your config.
[2026-03-29T12:24:59.158+0700] {taskinstance.py:3122} INFO - Exporting env vars: AIRFLOW_CTX_DAG_OWNER='remosy_admin' AIRFLOW_CTX_DAG_ID='dag_scraping_daily' AIRFLOW_CTX_TASK_ID='task_process_sentiment' AIRFLOW_CTX_EXECUTION_DATE='2026-03-27T05:00:00+00:00' AIRFLOW_CTX_TRY_NUMBER='2' AIRFLOW_CTX_DAG_RUN_ID='scheduled__2026-03-27T05:00:00+00:00'
[2026-03-29T12:24:59.159+0700] {taskinstance.py:731} INFO - ::endgroup::
[2026-03-29T12:25:07.559+0700] {logging_mixin.py:190} INFO - 🚀 Memulai Job Pemrosesan Berita (Smart Sentiment)...
[2026-03-29T12:25:07.573+0700] {logging_mixin.py:190} INFO -    ✅ Tidak ada berita baru untuk diproses.
[2026-03-29T12:25:07.574+0700] {python.py:240} INFO - Done. Returned value was: None
[2026-03-29T12:25:07.584+0700] {taskinstance.py:340} INFO - ::group::Post task execution logs
[2026-03-29T12:25:07.585+0700] {taskinstance.py:352} INFO - Marking task as SUCCESS. dag_id=dag_scraping_daily, task_id=task_process_sentiment, run_id=scheduled__2026-03-27T05:00:00+00:00, execution_date=20260327T050000, start_date=20260329T052458, end_date=20260329T052507
[2026-03-29T12:25:07.642+0700] {local_task_job_runner.py:261} INFO - Task exited with return code 0
[2026-03-29T12:25:07.658+0700] {taskinstance.py:3891} INFO - 0 downstream tasks scheduled from follow-on schedule check
[2026-03-29T12:25:07.660+0700] {local_task_job_runner.py:240} INFO - ::endgroup::
