[2026-06-14T13:04:48.939+0700] {local_task_job_runner.py:123} INFO - ::group::Pre task execution logs
[2026-06-14T13:04:48.973+0700] {taskinstance.py:2603} INFO - Dependencies all met for dep_context=non-requeueable deps ti=<TaskInstance: remosy_master_end_to_end.scrape_twitter manual__2026-06-14T06:04:48.262881+00:00 [queued]>
[2026-06-14T13:04:49.002+0700] {taskinstance.py:2603} INFO - Dependencies all met for dep_context=requeueable deps ti=<TaskInstance: remosy_master_end_to_end.scrape_twitter manual__2026-06-14T06:04:48.262881+00:00 [queued]>
[2026-06-14T13:04:49.002+0700] {taskinstance.py:2856} INFO - Starting attempt 1 of 1
[2026-06-14T13:04:49.030+0700] {taskinstance.py:2879} INFO - Executing <Task(PythonOperator): scrape_twitter> on 2026-06-14 06:04:48.262881+00:00
[2026-06-14T13:04:49.053+0700] {standard_task_runner.py:104} INFO - Running: ['***', 'tasks', 'run', 'remosy_master_end_to_end', 'scrape_twitter', 'manual__2026-06-14T06:04:48.262881+00:00', '--job-id', '471', '--raw', '--subdir', 'DAGS_FOLDER/dag_remosy_master.py', '--cfg-path', '/tmp/tmp4qqudm0o']
[2026-06-14T13:04:49.054+0700] {logging_mixin.py:190} WARNING - /home/***/.local/lib/python3.12/site-packages/***/task/task_runner/standard_task_runner.py:70 DeprecationWarning: This process (pid=3550) is multi-threaded, use of fork() may lead to deadlocks in the child.
[2026-06-14T13:04:49.059+0700] {standard_task_runner.py:105} INFO - Job 471: Subtask scrape_twitter
[2026-06-14T13:04:49.059+0700] {standard_task_runner.py:72} INFO - Started process 3553 to run task
[2026-06-14T13:04:49.083+0700] {logging_mixin.py:190} WARNING - /home/***/.local/lib/python3.12/site-packages/***/settings.py:209 DeprecationWarning: The sql_alchemy_conn option in [core] has been moved to the sql_alchemy_conn option in [database] - the old setting has been used, but please update your config.
[2026-06-14T13:04:49.174+0700] {task_command.py:467} INFO - Running <TaskInstance: remosy_master_end_to_end.scrape_twitter manual__2026-06-14T06:04:48.262881+00:00 [running]> on host d8c9575f30dc
[2026-06-14T13:04:49.343+0700] {taskinstance.py:3122} INFO - Exporting env vars: AIRFLOW_CTX_DAG_OWNER='remosy' AIRFLOW_CTX_DAG_ID='remosy_master_end_to_end' AIRFLOW_CTX_TASK_ID='scrape_twitter' AIRFLOW_CTX_EXECUTION_DATE='2026-06-14T06:04:48.262881+00:00' AIRFLOW_CTX_TRY_NUMBER='1' AIRFLOW_CTX_DAG_RUN_ID='manual__2026-06-14T06:04:48.262881+00:00'
[2026-06-14T13:04:49.349+0700] {taskinstance.py:731} INFO - ::endgroup::
[2026-06-14T13:04:50.522+0700] {logging_mixin.py:190} INFO - Memulai Job Scraping Twitter (Relational Schema)...
[2026-06-14T13:04:50.548+0700] {logging_mixin.py:190} INFO - Mencari Tweet: UNSIKA...
[2026-06-14T13:05:19.219+0700] {logging_mixin.py:190} WARNING - /opt/***/src/scrapers/twitter_scraper.py:53 UserWarning: Could not infer format, so each element will be parsed individually, falling back to `dateutil`. To ensure parsing is consistent and as-expected, please specify a format.
[2026-06-14T13:05:19.238+0700] {logging_mixin.py:190} INFO - Mencari Tweet: Universitas Singaperbangsa Karawang...
[2026-06-14T13:08:04.668+0700] {logging_mixin.py:190} INFO - Mencari Tweet: unsikuy...
[2026-06-14T13:08:11.226+0700] {logging_mixin.py:190} WARNING - /opt/***/src/scrapers/twitter_scraper.py:53 UserWarning: Could not infer format, so each element will be parsed individually, falling back to `dateutil`. To ensure parsing is consistent and as-expected, please specify a format.
[2026-06-14T13:08:11.228+0700] {logging_mixin.py:190} INFO - Job Twitter Selesai. Total 0 tweet baru tersimpan.
[2026-06-14T13:08:11.229+0700] {python.py:240} INFO - Done. Returned value was: None
[2026-06-14T13:08:11.239+0700] {taskinstance.py:340} INFO - ::group::Post task execution logs
[2026-06-14T13:08:11.239+0700] {taskinstance.py:352} INFO - Marking task as SUCCESS. dag_id=remosy_master_end_to_end, task_id=scrape_twitter, run_id=manual__2026-06-14T06:04:48.262881+00:00, execution_date=20260614T060448, start_date=20260614T060448, end_date=20260614T060811
[2026-06-14T13:08:11.269+0700] {local_task_job_runner.py:261} INFO - Task exited with return code 0
[2026-06-14T13:08:11.292+0700] {taskinstance.py:3891} INFO - 1 downstream tasks scheduled from follow-on schedule check
[2026-06-14T13:08:11.294+0700] {local_task_job_runner.py:240} INFO - ::endgroup::
