[2026-02-21T10:25:07.373+0700] {local_task_job_runner.py:123} INFO - ::group::Pre task execution logs
[2026-02-21T10:25:07.426+0700] {taskinstance.py:2603} INFO - Dependencies all met for dep_context=non-requeueable deps ti=<TaskInstance: dag_scraping_twitter.task_scrape_twitter scheduled__2026-02-20T11:00:00+00:00 [queued]>
[2026-02-21T10:25:07.451+0700] {taskinstance.py:2603} INFO - Dependencies all met for dep_context=requeueable deps ti=<TaskInstance: dag_scraping_twitter.task_scrape_twitter scheduled__2026-02-20T11:00:00+00:00 [queued]>
[2026-02-21T10:25:07.454+0700] {taskinstance.py:2856} INFO - Starting attempt 1 of 1
[2026-02-21T10:25:07.518+0700] {taskinstance.py:2879} INFO - Executing <Task(PythonOperator): task_scrape_twitter> on 2026-02-20 11:00:00+00:00
[2026-02-21T10:25:07.540+0700] {logging_mixin.py:190} WARNING - /home/***/.local/lib/python3.12/site-packages/***/task/task_runner/standard_task_runner.py:70 DeprecationWarning: This process (pid=184) is multi-threaded, use of fork() may lead to deadlocks in the child.
[2026-02-21T10:25:07.548+0700] {standard_task_runner.py:72} INFO - Started process 202 to run task
[2026-02-21T10:25:07.546+0700] {standard_task_runner.py:104} INFO - Running: ['***', 'tasks', 'run', 'dag_scraping_twitter', 'task_scrape_twitter', 'scheduled__2026-02-20T11:00:00+00:00', '--job-id', '168', '--raw', '--subdir', 'DAGS_FOLDER/dag_scraping_twitter.py', '--cfg-path', '/tmp/tmp09a1s59x']
[2026-02-21T10:25:07.558+0700] {standard_task_runner.py:105} INFO - Job 168: Subtask task_scrape_twitter
[2026-02-21T10:25:07.592+0700] {logging_mixin.py:190} WARNING - /home/***/.local/lib/python3.12/site-packages/***/settings.py:209 DeprecationWarning: The sql_alchemy_conn option in [core] has been moved to the sql_alchemy_conn option in [database] - the old setting has been used, but please update your config.
[2026-02-21T10:25:07.719+0700] {task_command.py:467} INFO - Running <TaskInstance: dag_scraping_twitter.task_scrape_twitter scheduled__2026-02-20T11:00:00+00:00 [running]> on host 023472fad739
[2026-02-21T10:25:07.722+0700] {logging_mixin.py:190} WARNING - /home/***/.local/lib/python3.12/site-packages/***/settings.py:449 DeprecationWarning: The sql_alchemy_conn option in [core] has been moved to the sql_alchemy_conn option in [database] - the old setting has been used, but please update your config.
[2026-02-21T10:25:07.953+0700] {taskinstance.py:3122} INFO - Exporting env vars: AIRFLOW_CTX_DAG_OWNER='remosy_admin' AIRFLOW_CTX_DAG_ID='dag_scraping_twitter' AIRFLOW_CTX_TASK_ID='task_scrape_twitter' AIRFLOW_CTX_EXECUTION_DATE='2026-02-20T11:00:00+00:00' AIRFLOW_CTX_TRY_NUMBER='1' AIRFLOW_CTX_DAG_RUN_ID='scheduled__2026-02-20T11:00:00+00:00'
[2026-02-21T10:25:07.958+0700] {taskinstance.py:731} INFO - ::endgroup::
[2026-02-21T10:25:14.799+0700] {logging_mixin.py:190} INFO - Memulai Job Scraping Twitter (Mode Cerdas)...
[2026-02-21T10:25:14.864+0700] {logging_mixin.py:190} INFO - Database saat ini memiliki 131 tweet.
[2026-02-21T10:25:14.884+0700] {logging_mixin.py:190} INFO - Mencari Tweet: unsika...
[2026-02-21T10:27:58.415+0700] {logging_mixin.py:190} INFO -    Menyimpan 8 tweet BARU.
[2026-02-21T10:27:58.416+0700] {logging_mixin.py:190} INFO - Mencari Tweet: universitas singaperbangsa karawang...
[2026-02-21T10:30:29.696+0700] {logging_mixin.py:190} INFO -    info: Tidak ada tweet baru (semua duplikat).
[2026-02-21T10:30:29.698+0700] {logging_mixin.py:190} INFO - Mencari Tweet: mahasiswa unsika...
[2026-02-21T10:32:59.579+0700] {logging_mixin.py:190} INFO -    info: Tidak ada tweet baru (semua duplikat).
[2026-02-21T10:32:59.581+0700] {logging_mixin.py:190} INFO - Job Twitter Selesai. Total 8 tweet baru tersimpan.
[2026-02-21T10:32:59.599+0700] {python.py:240} INFO - Done. Returned value was: None
[2026-02-21T10:32:59.759+0700] {taskinstance.py:340} INFO - ::group::Post task execution logs
[2026-02-21T10:32:59.762+0700] {taskinstance.py:352} INFO - Marking task as SUCCESS. dag_id=dag_scraping_twitter, task_id=task_scrape_twitter, run_id=scheduled__2026-02-20T11:00:00+00:00, execution_date=20260220T110000, start_date=20260221T032507, end_date=20260221T033259
[2026-02-21T10:32:59.882+0700] {local_task_job_runner.py:261} INFO - Task exited with return code 0
[2026-02-21T10:33:00.026+0700] {taskinstance.py:3891} INFO - 1 downstream tasks scheduled from follow-on schedule check
[2026-02-21T10:33:00.030+0700] {local_task_job_runner.py:240} INFO - ::endgroup::
