[2026-06-14T10:54:40.922+0700] {local_task_job_runner.py:123} INFO - ::group::Pre task execution logs
[2026-06-14T10:54:40.943+0700] {taskinstance.py:2603} INFO - Dependencies all met for dep_context=non-requeueable deps ti=<TaskInstance: remosy_master_end_to_end.scrape_twitter scheduled__2026-06-13T05:00:00+00:00 [queued]>
[2026-06-14T10:54:40.952+0700] {taskinstance.py:2603} INFO - Dependencies all met for dep_context=requeueable deps ti=<TaskInstance: remosy_master_end_to_end.scrape_twitter scheduled__2026-06-13T05:00:00+00:00 [queued]>
[2026-06-14T10:54:40.953+0700] {taskinstance.py:2856} INFO - Starting attempt 1 of 1
[2026-06-14T10:54:40.973+0700] {taskinstance.py:2879} INFO - Executing <Task(PythonOperator): scrape_twitter> on 2026-06-13 05:00:00+00:00
[2026-06-14T10:54:40.984+0700] {logging_mixin.py:190} WARNING - /home/***/.local/lib/python3.12/site-packages/***/task/task_runner/standard_task_runner.py:70 DeprecationWarning: This process (pid=178) is multi-threaded, use of fork() may lead to deadlocks in the child.
[2026-06-14T10:54:40.984+0700] {standard_task_runner.py:104} INFO - Running: ['***', 'tasks', 'run', 'remosy_master_end_to_end', 'scrape_twitter', 'scheduled__2026-06-13T05:00:00+00:00', '--job-id', '444', '--raw', '--subdir', 'DAGS_FOLDER/dag_remosy_master.py', '--cfg-path', '/tmp/tmpekd7ko6j']
[2026-06-14T10:54:40.986+0700] {standard_task_runner.py:72} INFO - Started process 183 to run task
[2026-06-14T10:54:40.987+0700] {standard_task_runner.py:105} INFO - Job 444: Subtask scrape_twitter
[2026-06-14T10:54:41.009+0700] {logging_mixin.py:190} WARNING - /home/***/.local/lib/python3.12/site-packages/***/settings.py:209 DeprecationWarning: The sql_alchemy_conn option in [core] has been moved to the sql_alchemy_conn option in [database] - the old setting has been used, but please update your config.
[2026-06-14T10:54:41.058+0700] {task_command.py:467} INFO - Running <TaskInstance: remosy_master_end_to_end.scrape_twitter scheduled__2026-06-13T05:00:00+00:00 [running]> on host 6b105ef65571
[2026-06-14T10:54:41.060+0700] {logging_mixin.py:190} WARNING - /home/***/.local/lib/python3.12/site-packages/***/settings.py:449 DeprecationWarning: The sql_alchemy_conn option in [core] has been moved to the sql_alchemy_conn option in [database] - the old setting has been used, but please update your config.
[2026-06-14T10:54:41.150+0700] {taskinstance.py:3122} INFO - Exporting env vars: AIRFLOW_CTX_DAG_OWNER='remosy' AIRFLOW_CTX_DAG_ID='remosy_master_end_to_end' AIRFLOW_CTX_TASK_ID='scrape_twitter' AIRFLOW_CTX_EXECUTION_DATE='2026-06-13T05:00:00+00:00' AIRFLOW_CTX_TRY_NUMBER='1' AIRFLOW_CTX_DAG_RUN_ID='scheduled__2026-06-13T05:00:00+00:00'
[2026-06-14T10:54:41.152+0700] {taskinstance.py:731} INFO - ::endgroup::
[2026-06-14T10:54:43.748+0700] {logging_mixin.py:190} INFO - Memulai Job Scraping Twitter (Mode Cerdas)...
[2026-06-14T10:54:43.772+0700] {logging_mixin.py:190} INFO - Mencari Tweet: unsika...
[2026-06-14T10:56:46.931+0700] {logging_mixin.py:190} INFO -    -> Berhasil menarik 30 tweet mentah dari X.
[2026-06-14T10:56:46.947+0700] {logging_mixin.py:190} INFO -    ✅ Menyimpan 30 tweet BARU ke database.
[2026-06-14T10:56:46.947+0700] {logging_mixin.py:190} INFO - Mencari Tweet: universitas singaperbangsa karawang...
[2026-06-14T10:59:21.128+0700] {logging_mixin.py:190} INFO -    -> Berhasil menarik 11 tweet mentah dari X.
[2026-06-14T10:59:21.135+0700] {logging_mixin.py:190} INFO -    ✅ Menyimpan 9 tweet BARU ke database.
[2026-06-14T10:59:21.135+0700] {logging_mixin.py:190} INFO - Mencari Tweet: mahasiswa unsika...
[2026-06-14T11:01:57.061+0700] {logging_mixin.py:190} INFO -    -> Berhasil menarik 0 tweet mentah dari X.
[2026-06-14T11:01:57.062+0700] {logging_mixin.py:190} INFO - Job Twitter Selesai. Total 39 tweet baru tersimpan.
[2026-06-14T11:01:57.063+0700] {python.py:240} INFO - Done. Returned value was: None
[2026-06-14T11:01:57.075+0700] {taskinstance.py:340} INFO - ::group::Post task execution logs
[2026-06-14T11:01:57.076+0700] {taskinstance.py:352} INFO - Marking task as SUCCESS. dag_id=remosy_master_end_to_end, task_id=scrape_twitter, run_id=scheduled__2026-06-13T05:00:00+00:00, execution_date=20260613T050000, start_date=20260614T035440, end_date=20260614T040157
[2026-06-14T11:01:57.106+0700] {local_task_job_runner.py:261} INFO - Task exited with return code 0
[2026-06-14T11:01:57.132+0700] {taskinstance.py:3891} INFO - 1 downstream tasks scheduled from follow-on schedule check
[2026-06-14T11:01:57.134+0700] {local_task_job_runner.py:240} INFO - ::endgroup::
