[2026-02-18T17:18:51.507+0700] {local_task_job_runner.py:123} INFO - ::group::Pre task execution logs
[2026-02-18T17:18:51.540+0700] {taskinstance.py:2603} INFO - Dependencies all met for dep_context=non-requeueable deps ti=<TaskInstance: dag_scraping_twitter.task_scrape_twitter scheduled__2026-02-17T11:00:00+00:00 [queued]>
[2026-02-18T17:18:51.557+0700] {taskinstance.py:2603} INFO - Dependencies all met for dep_context=requeueable deps ti=<TaskInstance: dag_scraping_twitter.task_scrape_twitter scheduled__2026-02-17T11:00:00+00:00 [queued]>
[2026-02-18T17:18:51.558+0700] {taskinstance.py:2856} INFO - Starting attempt 1 of 1
[2026-02-18T17:18:51.590+0700] {taskinstance.py:2879} INFO - Executing <Task(PythonOperator): task_scrape_twitter> on 2026-02-17 11:00:00+00:00
[2026-02-18T17:18:51.608+0700] {logging_mixin.py:190} WARNING - /home/***/.local/lib/python3.12/site-packages/***/task/task_runner/standard_task_runner.py:70 DeprecationWarning: This process (pid=173) is multi-threaded, use of fork() may lead to deadlocks in the child.
[2026-02-18T17:18:51.611+0700] {standard_task_runner.py:72} INFO - Started process 182 to run task
[2026-02-18T17:18:51.608+0700] {standard_task_runner.py:104} INFO - Running: ['***', 'tasks', 'run', 'dag_scraping_twitter', 'task_scrape_twitter', 'scheduled__2026-02-17T11:00:00+00:00', '--job-id', '136', '--raw', '--subdir', 'DAGS_FOLDER/dag_scraping_twitter.py', '--cfg-path', '/tmp/tmpq1f5q77j']
[2026-02-18T17:18:51.615+0700] {standard_task_runner.py:105} INFO - Job 136: Subtask task_scrape_twitter
[2026-02-18T17:18:51.652+0700] {logging_mixin.py:190} WARNING - /home/***/.local/lib/python3.12/site-packages/***/settings.py:209 DeprecationWarning: The sql_alchemy_conn option in [core] has been moved to the sql_alchemy_conn option in [database] - the old setting has been used, but please update your config.
[2026-02-18T17:18:51.778+0700] {task_command.py:467} INFO - Running <TaskInstance: dag_scraping_twitter.task_scrape_twitter scheduled__2026-02-17T11:00:00+00:00 [running]> on host 1155a5b37fa8
[2026-02-18T17:18:51.781+0700] {logging_mixin.py:190} WARNING - /home/***/.local/lib/python3.12/site-packages/***/settings.py:449 DeprecationWarning: The sql_alchemy_conn option in [core] has been moved to the sql_alchemy_conn option in [database] - the old setting has been used, but please update your config.
[2026-02-18T17:18:52.093+0700] {taskinstance.py:3122} INFO - Exporting env vars: AIRFLOW_CTX_DAG_OWNER='remosy_admin' AIRFLOW_CTX_DAG_ID='dag_scraping_twitter' AIRFLOW_CTX_TASK_ID='task_scrape_twitter' AIRFLOW_CTX_EXECUTION_DATE='2026-02-17T11:00:00+00:00' AIRFLOW_CTX_TRY_NUMBER='1' AIRFLOW_CTX_DAG_RUN_ID='scheduled__2026-02-17T11:00:00+00:00'
[2026-02-18T17:18:52.094+0700] {taskinstance.py:731} INFO - ::endgroup::
[2026-02-18T17:18:57.877+0700] {logging_mixin.py:190} INFO - Memulai Job Scraping Twitter (Mode Cerdas)...
[2026-02-18T17:18:58.004+0700] {logging_mixin.py:190} INFO - Database saat ini memiliki 114 tweet.
[2026-02-18T17:18:58.005+0700] {logging_mixin.py:190} INFO - Mencari Tweet: unsika...
[2026-02-18T17:22:11.492+0700] {logging_mixin.py:190} INFO -    Gagal simpan: (psycopg2.errors.InvalidTextRepresentation) invalid input syntax for type integer: "favorite_count"
LINE 1: ...xt', 'https://twitter.com/unknown/status/id_str', 'favorite_...
                                                             ^

[SQL: INSERT INTO tweets_raw (scraped_at, keyword, username, full_text, tweet_url, likes, retweets) VALUES (%(scraped_at)s, %(keyword)s, %(username)s, %(full_text)s, %(tweet_url)s, %(likes)s, %(retweets)s)]
[parameters: ({'scraped_at': datetime.datetime(2026, 2, 18, 17, 22, 11, 435727), 'keyword': 'unsika', 'username': 'unknown', 'full_text': 'full_text', 'tweet_url': 'https://twitter.com/unknown/status/id_str', 'likes': 'favorite_count', 'retweets': 'retweet_count'}, {'scraped_at': datetime.datetime(2026, 2, 18, 17, 22, 11, 435727), 'keyword': 'unsika', 'username': 'unknown', 'full_text': '@AnaliticaId teknik geofisika ub atau teknik sipil unsika bismillahh️', 'tweet_url': 'https://twitter.com/unknown/status/2024013504072634386', 'likes': '1', 'retweets': '0'}, {'scraped_at': datetime.datetime(2026, 2, 18, 17, 22, 11, 435727), 'keyword': 'unsika', 'username': 'unknown', 'full_text': 'mi ayam enak deket unsika di mana lagi selain yang di siper ya', 'tweet_url': 'https://twitter.com/unknown/status/2023803791460757543', 'likes': '0', 'retweets': '0'}, {'scraped_at': datetime.datetime(2026, 2, 18, 17, 22, 11, 435727), 'keyword': 'unsika', 'username': 'unknown', 'full_text': '@sbmptnfess kalo kampusnya di unsika gpp tapi kalo di itb ajg kasian ', 'tweet_url': 'https://twitter.com/unknown/status/2023790508259319853', 'likes': '0', 'retweets': '0'}, {'scraped_at': datetime.datetime(2026, 2, 18, 17, 22, 11, 435727), 'keyword': 'unsika', 'username': 'unknown', 'full_text': 'Wo muqin ci qule ni sang ta la dianyingyuan kuaiji de gong zuo Chengweile jiatingzhufu ta kaile yijia zahuobdian heyijian dianxinting(warung Telkom)ciqian ta weiyu shizilu kou de SanCeng loufangbeiban daole fujin de yipian kong dishang wo Zai xinjiapoguoli daxue(UNSIKA)manajemen', 'tweet_url': 'https://twitter.com/unknown/status/2023695667705843822', 'likes': '0', 'retweets': '0'}, {'scraped_at': datetime.datetime(2026, 2, 18, 17, 22, 11, 435727), 'keyword': 'unsika', 'username': 'unknown', 'full_text': 'nyari kos pertengahan unsika sm mercure krw enak nya ambil daerah mana y', 'tweet_url': 'https://twitter.com/unknown/status/2023635595562467455', 'likes': '0', 'retweets': '0'}, {'scraped_at': datetime.datetime(2026, 2, 18, 17, 22, 11, 435727), 'keyword': 'unsika', 'username': 'unknown', 'full_text': '@sbmptnfess gak semua ptn jawa bagus egeeee contohnya unsika ptn paling najis amit amit', 'tweet_url': 'https://twitter.com/unknown/status/2023605044038500708', 'likes': '0', 'retweets': '0'}, {'scraped_at': datetime.datetime(2026, 2, 18, 17, 22, 11, 435727), 'keyword': 'unsika', 'username': 'unknown', 'full_text': '---------------------- 𝐔𝐋𝐂𝐂! 𝐌𝐚𝐤𝐞 𝐓𝐡𝐞 𝐔𝐧𝐢𝐯𝐞𝐫𝐬𝐞 𝐎𝐮𝐫𝐬! #SelamatTahunBaruImlek #MakeTheUniverseOurs #ULCC2026 #UNSIKA #2026', 'tweet_url': 'https://twitter.com/unknown/status/2023586763584033125', 'likes': '0', 'retweets': '0'}  ... displaying 10 of 18 total bound parameter sets ...  {'scraped_at': datetime.datetime(2026, 2, 18, 17, 22, 11, 435727), 'keyword': 'unsika', 'username': 'unknown', 'full_text': 'Baru inget semalem mimpi dia dateng ke unsika jadi guest star', 'tweet_url': 'https://twitter.com/unknown/status/2022584739245568039', 'likes': '0', 'retweets': '0'}, {'scraped_at': datetime.datetime(2026, 2, 18, 17, 22, 11, 435727), 'keyword': 'unsika', 'username': 'unknown', 'full_text': 'Anak unsika tau tauan aja minjem tempat di sekolah gw. Tp asli sih aulanya bagus fasilitasnya enak juga. Tp sekolah kami prioritize keberlangsungan internal sihh jd kek ga terlalu welcome juga kalo ada org sewa tempat', 'tweet_url': 'https://twitter.com/unknown/status/2018872567822799186', 'likes': '0', 'retweets': '0'})]
(Background on this error at: https://sqlalche.me/e/14/9h9h)
[2026-02-18T17:22:11.495+0700] {logging_mixin.py:190} INFO - Mencari Tweet: universitas singaperbangsa karawang...
[2026-02-18T17:24:41.183+0700] {logging_mixin.py:190} INFO -    Gagal simpan: (psycopg2.errors.UniqueViolation) duplicate key value violates unique constraint "tweets_raw_tweet_url_key"
DETAIL:  Key (tweet_url)=(https://twitter.com/unknown/status/2023411259648118837) already exists.

[SQL: INSERT INTO tweets_raw (scraped_at, keyword, username, full_text, tweet_url, likes, retweets) VALUES (%(scraped_at)s, %(keyword)s, %(username)s, %(full_text)s, %(tweet_url)s, %(likes)s, %(retweets)s)]
[parameters: {'scraped_at': datetime.datetime(2026, 2, 18, 17, 24, 41, 171214), 'keyword': 'universitas singaperbangsa karawang', 'username': 'unknown', 'full_text': 'kenapa ya kaedehara kazuha engga bisa jadi mahasiswa pendidikan bahasa indonesia semester 5 di unsika ', 'tweet_url': 'https://twitter.com/unknown/status/2023411259648118837', 'likes': 0, 'retweets': 0}]
(Background on this error at: https://sqlalche.me/e/14/gkpj)
[2026-02-18T17:24:41.184+0700] {logging_mixin.py:190} INFO - Mencari Tweet: mahasiswa unsika...
[2026-02-18T17:27:14.541+0700] {logging_mixin.py:190} INFO - Job Twitter Selesai. Total 0 tweet baru tersimpan.
[2026-02-18T17:27:14.543+0700] {python.py:240} INFO - Done. Returned value was: None
[2026-02-18T17:27:14.580+0700] {taskinstance.py:340} INFO - ::group::Post task execution logs
[2026-02-18T17:27:14.582+0700] {taskinstance.py:352} INFO - Marking task as SUCCESS. dag_id=dag_scraping_twitter, task_id=task_scrape_twitter, run_id=scheduled__2026-02-17T11:00:00+00:00, execution_date=20260217T110000, start_date=20260218T101851, end_date=20260218T102714
[2026-02-18T17:27:14.635+0700] {local_task_job_runner.py:261} INFO - Task exited with return code 0
[2026-02-18T17:27:14.676+0700] {taskinstance.py:3891} INFO - 1 downstream tasks scheduled from follow-on schedule check
[2026-02-18T17:27:14.679+0700] {local_task_job_runner.py:240} INFO - ::endgroup::
