[2026-05-09T11:52:53.599+0700] {local_task_job_runner.py:123} INFO - ::group::Pre task execution logs
[2026-05-09T11:52:53.652+0700] {taskinstance.py:2603} INFO - Dependencies all met for dep_context=non-requeueable deps ti=<TaskInstance: dag_scraping_twitter.task_scrape_twitter scheduled__2026-05-08T11:00:00+00:00 [queued]>
[2026-05-09T11:52:53.689+0700] {taskinstance.py:2603} INFO - Dependencies all met for dep_context=requeueable deps ti=<TaskInstance: dag_scraping_twitter.task_scrape_twitter scheduled__2026-05-08T11:00:00+00:00 [queued]>
[2026-05-09T11:52:53.691+0700] {taskinstance.py:2856} INFO - Starting attempt 1 of 1
[2026-05-09T11:52:53.736+0700] {taskinstance.py:2879} INFO - Executing <Task(PythonOperator): task_scrape_twitter> on 2026-05-08 11:00:00+00:00
[2026-05-09T11:52:53.779+0700] {logging_mixin.py:190} WARNING - /home/***/.local/lib/python3.12/site-packages/***/task/task_runner/standard_task_runner.py:70 DeprecationWarning: This process (pid=202) is multi-threaded, use of fork() may lead to deadlocks in the child.
[2026-05-09T11:52:53.791+0700] {standard_task_runner.py:72} INFO - Started process 216 to run task
[2026-05-09T11:52:53.802+0700] {standard_task_runner.py:104} INFO - Running: ['***', 'tasks', 'run', 'dag_scraping_twitter', 'task_scrape_twitter', 'scheduled__2026-05-08T11:00:00+00:00', '--job-id', '306', '--raw', '--subdir', 'DAGS_FOLDER/dag_scraping_twitter.py', '--cfg-path', '/tmp/tmpgajj1lqa']
[2026-05-09T11:52:53.815+0700] {standard_task_runner.py:105} INFO - Job 306: Subtask task_scrape_twitter
[2026-05-09T11:52:53.896+0700] {logging_mixin.py:190} WARNING - /home/***/.local/lib/python3.12/site-packages/***/settings.py:209 DeprecationWarning: The sql_alchemy_conn option in [core] has been moved to the sql_alchemy_conn option in [database] - the old setting has been used, but please update your config.
[2026-05-09T11:52:54.190+0700] {task_command.py:467} INFO - Running <TaskInstance: dag_scraping_twitter.task_scrape_twitter scheduled__2026-05-08T11:00:00+00:00 [running]> on host 8b64cf6ea013
[2026-05-09T11:52:54.196+0700] {logging_mixin.py:190} WARNING - /home/***/.local/lib/python3.12/site-packages/***/settings.py:449 DeprecationWarning: The sql_alchemy_conn option in [core] has been moved to the sql_alchemy_conn option in [database] - the old setting has been used, but please update your config.
[2026-05-09T11:52:54.448+0700] {taskinstance.py:3122} INFO - Exporting env vars: AIRFLOW_CTX_DAG_OWNER='remosy_admin' AIRFLOW_CTX_DAG_ID='dag_scraping_twitter' AIRFLOW_CTX_TASK_ID='task_scrape_twitter' AIRFLOW_CTX_EXECUTION_DATE='2026-05-08T11:00:00+00:00' AIRFLOW_CTX_TRY_NUMBER='1' AIRFLOW_CTX_DAG_RUN_ID='scheduled__2026-05-08T11:00:00+00:00'
[2026-05-09T11:52:54.451+0700] {taskinstance.py:731} INFO - ::endgroup::
[2026-05-09T11:52:59.500+0700] {logging_mixin.py:190} INFO - Memulai Job Scraping Twitter (Mode Cerdas)...
[2026-05-09T11:52:59.576+0700] {logging_mixin.py:190} INFO - Database saat ini memiliki 137 tweet.
[2026-05-09T11:52:59.577+0700] {logging_mixin.py:190} INFO - Mencari Tweet: unsika...
[2026-05-09T11:55:53.182+0700] {logging_mixin.py:190} INFO - Mencari Tweet: universitas singaperbangsa karawang...
[2026-05-09T11:56:27.777+0700] {logging_mixin.py:190} INFO - Mencari Tweet: mahasiswa unsika...
[2026-05-09T11:56:38.368+0700] {logging_mixin.py:190} INFO - Job Twitter Selesai. Total 0 tweet baru tersimpan.
[2026-05-09T11:56:38.369+0700] {python.py:240} INFO - Done. Returned value was: None
[2026-05-09T11:56:38.384+0700] {taskinstance.py:340} INFO - ::group::Post task execution logs
[2026-05-09T11:56:38.385+0700] {taskinstance.py:352} INFO - Marking task as SUCCESS. dag_id=dag_scraping_twitter, task_id=task_scrape_twitter, run_id=scheduled__2026-05-08T11:00:00+00:00, execution_date=20260508T110000, start_date=20260509T045253, end_date=20260509T045638
[2026-05-09T11:56:38.429+0700] {local_task_job_runner.py:261} INFO - Task exited with return code 0
[2026-05-09T11:56:38.462+0700] {taskinstance.py:3891} INFO - 1 downstream tasks scheduled from follow-on schedule check
[2026-05-09T11:56:38.466+0700] {local_task_job_runner.py:240} INFO - ::endgroup::
