[2026-07-03T21:34:56.014+0700] {local_task_job_runner.py:123} INFO - ::group::Pre task execution logs
[2026-07-03T21:34:56.044+0700] {taskinstance.py:2603} INFO - Dependencies all met for dep_context=non-requeueable deps ti=<TaskInstance: remosy_master_end_to_end.scrape_twitter scheduled__2026-07-02T05:00:00+00:00 [queued]>
[2026-07-03T21:34:56.062+0700] {taskinstance.py:2603} INFO - Dependencies all met for dep_context=requeueable deps ti=<TaskInstance: remosy_master_end_to_end.scrape_twitter scheduled__2026-07-02T05:00:00+00:00 [queued]>
[2026-07-03T21:34:56.063+0700] {taskinstance.py:2856} INFO - Starting attempt 1 of 1
[2026-07-03T21:34:56.090+0700] {taskinstance.py:2879} INFO - Executing <Task(PythonOperator): scrape_twitter> on 2026-07-02 05:00:00+00:00
[2026-07-03T21:34:56.117+0700] {logging_mixin.py:190} WARNING - /home/***/.local/lib/python3.12/site-packages/***/task/task_runner/standard_task_runner.py:70 DeprecationWarning: This process (pid=179) is multi-threaded, use of fork() may lead to deadlocks in the child.
[2026-07-03T21:34:56.125+0700] {standard_task_runner.py:72} INFO - Started process 187 to run task
[2026-07-03T21:34:56.109+0700] {standard_task_runner.py:104} INFO - Running: ['***', 'tasks', 'run', 'remosy_master_end_to_end', 'scrape_twitter', 'scheduled__2026-07-02T05:00:00+00:00', '--job-id', '689', '--raw', '--subdir', 'DAGS_FOLDER/dag_remosy_master.py', '--cfg-path', '/tmp/tmpekybogyg']
[2026-07-03T21:34:56.126+0700] {standard_task_runner.py:105} INFO - Job 689: Subtask scrape_twitter
[2026-07-03T21:34:56.168+0700] {logging_mixin.py:190} WARNING - /home/***/.local/lib/python3.12/site-packages/***/settings.py:209 DeprecationWarning: The sql_alchemy_conn option in [core] has been moved to the sql_alchemy_conn option in [database] - the old setting has been used, but please update your config.
[2026-07-03T21:34:56.237+0700] {task_command.py:467} INFO - Running <TaskInstance: remosy_master_end_to_end.scrape_twitter scheduled__2026-07-02T05:00:00+00:00 [running]> on host 37b076cbf58f
[2026-07-03T21:34:56.240+0700] {logging_mixin.py:190} WARNING - /home/***/.local/lib/python3.12/site-packages/***/settings.py:449 DeprecationWarning: The sql_alchemy_conn option in [core] has been moved to the sql_alchemy_conn option in [database] - the old setting has been used, but please update your config.
[2026-07-03T21:34:56.420+0700] {taskinstance.py:3122} INFO - Exporting env vars: AIRFLOW_CTX_DAG_OWNER='remosy' AIRFLOW_CTX_DAG_ID='remosy_master_end_to_end' AIRFLOW_CTX_TASK_ID='scrape_twitter' AIRFLOW_CTX_EXECUTION_DATE='2026-07-02T05:00:00+00:00' AIRFLOW_CTX_TRY_NUMBER='1' AIRFLOW_CTX_DAG_RUN_ID='scheduled__2026-07-02T05:00:00+00:00'
[2026-07-03T21:34:56.423+0700] {taskinstance.py:731} INFO - ::endgroup::
[2026-07-03T21:34:59.073+0700] {logging_mixin.py:190} INFO - Memulai Job Scraping Twitter (Relational Schema)...
[2026-07-03T21:34:59.149+0700] {logging_mixin.py:190} INFO - Mencari Tweet: UNSIKA...
[2026-07-03T21:37:21.033+0700] {logging_mixin.py:190} INFO -    Error Tweet-Harvest: 'tweet_url'
[2026-07-03T21:37:21.034+0700] {logging_mixin.py:190} INFO - Mencari Tweet: Universitas Singaperbangsa Karawang...
[2026-07-03T21:39:46.021+0700] {logging_mixin.py:190} INFO - Mencari Tweet: unsikuy...
[2026-07-03T21:42:09.267+0700] {logging_mixin.py:190} INFO - Mencari Tweet: Fasilkom UNSIKA...
[2026-07-03T21:44:28.382+0700] {logging_mixin.py:190} INFO - Job Twitter Selesai. Total 0 tweet baru tersimpan.
[2026-07-03T21:44:28.404+0700] {python.py:240} INFO - Done. Returned value was: None
[2026-07-03T21:44:28.649+0700] {taskinstance.py:340} INFO - ::group::Post task execution logs
[2026-07-03T21:44:28.654+0700] {taskinstance.py:352} INFO - Marking task as SUCCESS. dag_id=remosy_master_end_to_end, task_id=scrape_twitter, run_id=scheduled__2026-07-02T05:00:00+00:00, execution_date=20260702T050000, start_date=20260703T143456, end_date=20260703T144428
[2026-07-03T21:44:28.755+0700] {local_task_job_runner.py:261} INFO - Task exited with return code 0
[2026-07-03T21:44:28.879+0700] {taskinstance.py:3891} INFO - 1 downstream tasks scheduled from follow-on schedule check
[2026-07-03T21:44:28.884+0700] {local_task_job_runner.py:240} INFO - ::endgroup::
