[2026-02-06T11:50:39.871+0700] {local_task_job_runner.py:123} INFO - ::group::Pre task execution logs
[2026-02-06T11:50:39.897+0700] {taskinstance.py:2603} INFO - Dependencies all met for dep_context=non-requeueable deps ti=<TaskInstance: dag_scraping_daily.task_process_sentiment manual__2026-02-06T04:50:27.867376+00:00 [queued]>
[2026-02-06T11:50:39.914+0700] {taskinstance.py:2603} INFO - Dependencies all met for dep_context=requeueable deps ti=<TaskInstance: dag_scraping_daily.task_process_sentiment manual__2026-02-06T04:50:27.867376+00:00 [queued]>
[2026-02-06T11:50:39.915+0700] {taskinstance.py:2856} INFO - Starting attempt 1 of 2
[2026-02-06T11:50:39.935+0700] {taskinstance.py:2879} INFO - Executing <Task(PythonOperator): task_process_sentiment> on 2026-02-06 04:50:27.867376+00:00
[2026-02-06T11:50:39.948+0700] {logging_mixin.py:190} WARNING - /home/***/.local/lib/python3.12/site-packages/***/task/task_runner/standard_task_runner.py:70 DeprecationWarning: This process (pid=1166) is multi-threaded, use of fork() may lead to deadlocks in the child.
[2026-02-06T11:50:39.946+0700] {standard_task_runner.py:104} INFO - Running: ['***', 'tasks', 'run', 'dag_scraping_daily', 'task_process_sentiment', 'manual__2026-02-06T04:50:27.867376+00:00', '--job-id', '8', '--raw', '--subdir', 'DAGS_FOLDER/dag_scraping_daily.py', '--cfg-path', '/tmp/tmp1hqph83u']
[2026-02-06T11:50:39.951+0700] {standard_task_runner.py:72} INFO - Started process 1169 to run task
[2026-02-06T11:50:39.952+0700] {standard_task_runner.py:105} INFO - Job 8: Subtask task_process_sentiment
[2026-02-06T11:50:39.980+0700] {logging_mixin.py:190} WARNING - /home/***/.local/lib/python3.12/site-packages/***/settings.py:209 DeprecationWarning: The sql_alchemy_conn option in [core] has been moved to the sql_alchemy_conn option in [database] - the old setting has been used, but please update your config.
[2026-02-06T11:50:40.057+0700] {task_command.py:467} INFO - Running <TaskInstance: dag_scraping_daily.task_process_sentiment manual__2026-02-06T04:50:27.867376+00:00 [running]> on host 136a0e9a7f59
[2026-02-06T11:50:40.177+0700] {taskinstance.py:3122} INFO - Exporting env vars: AIRFLOW_CTX_DAG_OWNER='remosy_admin' AIRFLOW_CTX_DAG_ID='dag_scraping_daily' AIRFLOW_CTX_TASK_ID='task_process_sentiment' AIRFLOW_CTX_EXECUTION_DATE='2026-02-06T04:50:27.867376+00:00' AIRFLOW_CTX_TRY_NUMBER='1' AIRFLOW_CTX_DAG_RUN_ID='manual__2026-02-06T04:50:27.867376+00:00'
[2026-02-06T11:50:40.179+0700] {taskinstance.py:731} INFO - ::endgroup::
[2026-02-06T11:50:53.298+0700] {logging_mixin.py:190} INFO - 🚀 Memulai Job Pemrosesan Berita (Smart Sentiment)...
[2026-02-06T11:50:53.334+0700] {logging_mixin.py:190} INFO -    ❌ Gagal baca DB: (psycopg2.errors.UndefinedColumn) column "id" does not exist
LINE 2:             SELECT id, title, source
                           ^

[SQL: 
            SELECT id, title, source
            FROM news_raw
            WHERE id NOT IN (SELECT news_id FROM news_processed)             ]
(Background on this error at: https://sqlalche.me/e/14/f405)
[2026-02-06T11:50:53.335+0700] {python.py:240} INFO - Done. Returned value was: None
[2026-02-06T11:50:53.359+0700] {taskinstance.py:340} INFO - ::group::Post task execution logs
[2026-02-06T11:50:53.361+0700] {taskinstance.py:352} INFO - Marking task as SUCCESS. dag_id=dag_scraping_daily, task_id=task_process_sentiment, run_id=manual__2026-02-06T04:50:27.867376+00:00, execution_date=20260206T045027, start_date=20260206T045039, end_date=20260206T045053
[2026-02-06T11:50:53.447+0700] {local_task_job_runner.py:261} INFO - Task exited with return code 0
[2026-02-06T11:50:53.465+0700] {taskinstance.py:3891} INFO - 0 downstream tasks scheduled from follow-on schedule check
[2026-02-06T11:50:53.468+0700] {local_task_job_runner.py:240} INFO - ::endgroup::
