[2026-02-14T00:00:03.889+0700] {local_task_job_runner.py:123} INFO - ::group::Pre task execution logs
[2026-02-14T00:00:03.903+0700] {taskinstance.py:2603} INFO - Dependencies all met for dep_context=non-requeueable deps ti=<TaskInstance: dag_scraping_daily.task_process_sentiment scheduled__2026-02-13T05:00:00+00:00 [queued]>
[2026-02-14T00:00:03.910+0700] {taskinstance.py:2603} INFO - Dependencies all met for dep_context=requeueable deps ti=<TaskInstance: dag_scraping_daily.task_process_sentiment scheduled__2026-02-13T05:00:00+00:00 [queued]>
[2026-02-14T00:00:03.911+0700] {taskinstance.py:2856} INFO - Starting attempt 1 of 2
[2026-02-14T00:00:03.923+0700] {taskinstance.py:2879} INFO - Executing <Task(PythonOperator): task_process_sentiment> on 2026-02-13 05:00:00+00:00
[2026-02-14T00:00:03.930+0700] {logging_mixin.py:190} WARNING - /home/***/.local/lib/python3.12/site-packages/***/task/task_runner/standard_task_runner.py:70 DeprecationWarning: This process (pid=2084) is multi-threaded, use of fork() may lead to deadlocks in the child.
[2026-02-14T00:00:03.931+0700] {standard_task_runner.py:72} INFO - Started process 2085 to run task
[2026-02-14T00:00:03.930+0700] {standard_task_runner.py:104} INFO - Running: ['***', 'tasks', 'run', 'dag_scraping_daily', 'task_process_sentiment', 'scheduled__2026-02-13T05:00:00+00:00', '--job-id', '128', '--raw', '--subdir', 'DAGS_FOLDER/dag_scraping_daily.py', '--cfg-path', '/tmp/tmpqakcr53r']
[2026-02-14T00:00:03.932+0700] {standard_task_runner.py:105} INFO - Job 128: Subtask task_process_sentiment
[2026-02-14T00:00:03.946+0700] {logging_mixin.py:190} WARNING - /home/***/.local/lib/python3.12/site-packages/***/settings.py:209 DeprecationWarning: The sql_alchemy_conn option in [core] has been moved to the sql_alchemy_conn option in [database] - the old setting has been used, but please update your config.
[2026-02-14T00:00:03.991+0700] {task_command.py:467} INFO - Running <TaskInstance: dag_scraping_daily.task_process_sentiment scheduled__2026-02-13T05:00:00+00:00 [running]> on host af387e7c2811
[2026-02-14T00:00:03.992+0700] {logging_mixin.py:190} WARNING - /home/***/.local/lib/python3.12/site-packages/***/settings.py:449 DeprecationWarning: The sql_alchemy_conn option in [core] has been moved to the sql_alchemy_conn option in [database] - the old setting has been used, but please update your config.
[2026-02-14T00:00:04.062+0700] {taskinstance.py:3122} INFO - Exporting env vars: AIRFLOW_CTX_DAG_OWNER='remosy_admin' AIRFLOW_CTX_DAG_ID='dag_scraping_daily' AIRFLOW_CTX_TASK_ID='task_process_sentiment' AIRFLOW_CTX_EXECUTION_DATE='2026-02-13T05:00:00+00:00' AIRFLOW_CTX_TRY_NUMBER='1' AIRFLOW_CTX_DAG_RUN_ID='scheduled__2026-02-13T05:00:00+00:00'
[2026-02-14T00:00:04.063+0700] {taskinstance.py:731} INFO - ::endgroup::
[2026-02-14T00:00:08.177+0700] {logging_mixin.py:190} INFO - 🚀 Memulai Job Pemrosesan Berita (Smart Sentiment)...
[2026-02-14T00:00:08.190+0700] {logging_mixin.py:190} INFO -    ✅ Tidak ada berita baru untuk diproses.
[2026-02-14T00:00:08.191+0700] {python.py:240} INFO - Done. Returned value was: None
[2026-02-14T00:00:08.199+0700] {taskinstance.py:340} INFO - ::group::Post task execution logs
[2026-02-14T00:00:08.200+0700] {taskinstance.py:352} INFO - Marking task as SUCCESS. dag_id=dag_scraping_daily, task_id=task_process_sentiment, run_id=scheduled__2026-02-13T05:00:00+00:00, execution_date=20260213T050000, start_date=20260213T170003, end_date=20260213T170008
[2026-02-14T00:00:08.234+0700] {local_task_job_runner.py:261} INFO - Task exited with return code 0
[2026-02-14T00:00:08.248+0700] {taskinstance.py:3891} INFO - 0 downstream tasks scheduled from follow-on schedule check
[2026-02-14T00:00:08.251+0700] {local_task_job_runner.py:240} INFO - ::endgroup::
