[2026-02-12T22:06:42.885+0700] {local_task_job_runner.py:123} INFO - ::group::Pre task execution logs
[2026-02-12T22:06:42.900+0700] {taskinstance.py:2603} INFO - Dependencies all met for dep_context=non-requeueable deps ti=<TaskInstance: dag_scraping_twitter.task_scrape_twitter manual__2026-02-12T15:06:42.070638+00:00 [queued]>
[2026-02-12T22:06:42.910+0700] {taskinstance.py:2603} INFO - Dependencies all met for dep_context=requeueable deps ti=<TaskInstance: dag_scraping_twitter.task_scrape_twitter manual__2026-02-12T15:06:42.070638+00:00 [queued]>
[2026-02-12T22:06:42.910+0700] {taskinstance.py:2856} INFO - Starting attempt 1 of 1
[2026-02-12T22:06:42.925+0700] {taskinstance.py:2879} INFO - Executing <Task(PythonOperator): task_scrape_twitter> on 2026-02-12 15:06:42.070638+00:00
[2026-02-12T22:06:42.933+0700] {logging_mixin.py:190} WARNING - /home/***/.local/lib/python3.12/site-packages/***/task/task_runner/standard_task_runner.py:70 DeprecationWarning: This process (pid=340) is multi-threaded, use of fork() may lead to deadlocks in the child.
[2026-02-12T22:06:42.937+0700] {standard_task_runner.py:72} INFO - Started process 341 to run task
[2026-02-12T22:06:42.934+0700] {standard_task_runner.py:104} INFO - Running: ['***', 'tasks', 'run', 'dag_scraping_twitter', 'task_scrape_twitter', 'manual__2026-02-12T15:06:42.070638+00:00', '--job-id', '113', '--raw', '--subdir', 'DAGS_FOLDER/dag_scraping_twitter.py', '--cfg-path', '/tmp/tmpefvq_9hz']
[2026-02-12T22:06:42.938+0700] {standard_task_runner.py:105} INFO - Job 113: Subtask task_scrape_twitter
[2026-02-12T22:06:42.955+0700] {logging_mixin.py:190} WARNING - /home/***/.local/lib/python3.12/site-packages/***/settings.py:209 DeprecationWarning: The sql_alchemy_conn option in [core] has been moved to the sql_alchemy_conn option in [database] - the old setting has been used, but please update your config.
[2026-02-12T22:06:43.006+0700] {task_command.py:467} INFO - Running <TaskInstance: dag_scraping_twitter.task_scrape_twitter manual__2026-02-12T15:06:42.070638+00:00 [running]> on host 930a7b4709a5
[2026-02-12T22:06:43.095+0700] {taskinstance.py:3122} INFO - Exporting env vars: AIRFLOW_CTX_DAG_OWNER='remosy_admin' AIRFLOW_CTX_DAG_ID='dag_scraping_twitter' AIRFLOW_CTX_TASK_ID='task_scrape_twitter' AIRFLOW_CTX_EXECUTION_DATE='2026-02-12T15:06:42.070638+00:00' AIRFLOW_CTX_TRY_NUMBER='1' AIRFLOW_CTX_DAG_RUN_ID='manual__2026-02-12T15:06:42.070638+00:00'
[2026-02-12T22:06:43.096+0700] {taskinstance.py:731} INFO - ::endgroup::
[2026-02-12T22:06:43.611+0700] {logging_mixin.py:190} INFO - Memulai Job Scraping Twitter (Mode Cerdas)...
[2026-02-12T22:06:43.623+0700] {logging_mixin.py:190} INFO - Database saat ini memiliki 90 tweet.
[2026-02-12T22:06:43.624+0700] {logging_mixin.py:190} INFO - Mencari Tweet: unsika...
[2026-02-12T22:08:09.482+0700] {logging_mixin.py:190} INFO -    Menyimpan 19 tweet BARU.
[2026-02-12T22:08:09.484+0700] {logging_mixin.py:190} INFO - Mencari Tweet: universitas singaperbangsa karawang...
[2026-02-12T22:10:46.118+0700] {logging_mixin.py:190} INFO -    info: Tidak ada tweet baru (semua duplikat).
[2026-02-12T22:10:46.119+0700] {logging_mixin.py:190} INFO - Mencari Tweet: mahasiswa unsika...
[2026-02-12T22:13:29.958+0700] {logging_mixin.py:190} INFO -    info: Tidak ada tweet baru (semua duplikat).
[2026-02-12T22:13:29.958+0700] {logging_mixin.py:190} INFO - Job Twitter Selesai. Total 19 tweet baru tersimpan.
[2026-02-12T22:13:29.960+0700] {python.py:240} INFO - Done. Returned value was: None
[2026-02-12T22:13:29.969+0700] {taskinstance.py:340} INFO - ::group::Post task execution logs
[2026-02-12T22:13:29.970+0700] {taskinstance.py:352} INFO - Marking task as SUCCESS. dag_id=dag_scraping_twitter, task_id=task_scrape_twitter, run_id=manual__2026-02-12T15:06:42.070638+00:00, execution_date=20260212T150642, start_date=20260212T150642, end_date=20260212T151329
[2026-02-12T22:13:30.027+0700] {local_task_job_runner.py:261} INFO - Task exited with return code 0
[2026-02-12T22:13:30.047+0700] {taskinstance.py:3891} INFO - 1 downstream tasks scheduled from follow-on schedule check
[2026-02-12T22:13:30.049+0700] {local_task_job_runner.py:240} INFO - ::endgroup::
