[2026-02-04T15:44:48.137+0700] {local_task_job_runner.py:123} INFO - ::group::Pre task execution logs
[2026-02-04T15:44:48.157+0700] {taskinstance.py:2603} INFO - Dependencies all met for dep_context=non-requeueable deps ti=<TaskInstance: dag_scraping_daily.task_scrape_news manual__2026-02-04T08:44:47.227791+00:00 [queued]>
[2026-02-04T15:44:48.169+0700] {taskinstance.py:2603} INFO - Dependencies all met for dep_context=requeueable deps ti=<TaskInstance: dag_scraping_daily.task_scrape_news manual__2026-02-04T08:44:47.227791+00:00 [queued]>
[2026-02-04T15:44:48.170+0700] {taskinstance.py:2856} INFO - Starting attempt 1 of 2
[2026-02-04T15:44:48.189+0700] {taskinstance.py:2879} INFO - Executing <Task(PythonOperator): task_scrape_news> on 2026-02-04 08:44:47.227791+00:00
[2026-02-04T15:44:48.096+0700] {logging_mixin.py:190} WARNING - /home/***/.local/lib/python3.12/site-packages/***/task/task_runner/standard_task_runner.py:70 DeprecationWarning: This process (pid=2675) is multi-threaded, use of fork() may lead to deadlocks in the child.
[2026-02-04T15:44:48.097+0700] {standard_task_runner.py:72} INFO - Started process 2676 to run task
[2026-02-04T15:44:48.096+0700] {standard_task_runner.py:104} INFO - Running: ['***', 'tasks', 'run', 'dag_scraping_daily', 'task_scrape_news', 'manual__2026-02-04T08:44:47.227791+00:00', '--job-id', '63', '--raw', '--subdir', 'DAGS_FOLDER/dag_scraping_daily.py', '--cfg-path', '/tmp/tmp7ki73gqd']
[2026-02-04T15:44:48.100+0700] {standard_task_runner.py:105} INFO - Job 63: Subtask task_scrape_news
[2026-02-04T15:44:48.120+0700] {logging_mixin.py:190} WARNING - /home/***/.local/lib/python3.12/site-packages/***/settings.py:209 DeprecationWarning: The sql_alchemy_conn option in [core] has been moved to the sql_alchemy_conn option in [database] - the old setting has been used, but please update your config.
[2026-02-04T15:44:48.180+0700] {task_command.py:467} INFO - Running <TaskInstance: dag_scraping_daily.task_scrape_news manual__2026-02-04T08:44:47.227791+00:00 [running]> on host 40eda60c7fdf
[2026-02-04T15:44:48.286+0700] {taskinstance.py:3122} INFO - Exporting env vars: AIRFLOW_CTX_DAG_OWNER='remosy_admin' AIRFLOW_CTX_DAG_ID='dag_scraping_daily' AIRFLOW_CTX_TASK_ID='task_scrape_news' AIRFLOW_CTX_EXECUTION_DATE='2026-02-04T08:44:47.227791+00:00' AIRFLOW_CTX_TRY_NUMBER='1' AIRFLOW_CTX_DAG_RUN_ID='manual__2026-02-04T08:44:47.227791+00:00'
[2026-02-04T15:44:48.288+0700] {taskinstance.py:731} INFO - ::endgroup::
[2026-02-04T15:44:49.570+0700] {logging_mixin.py:190} INFO - 🚀 Memulai Job Scraping Google News (Mode Cerdas)...
[2026-02-04T15:44:49.587+0700] {logging_mixin.py:190} INFO - 📚 Database saat ini memiliki 159 berita.
[2026-02-04T15:44:49.588+0700] {logging_mixin.py:190} INFO - 🔍 Mengambil berita untuk: Universitas Singaperbangsa Karawang...
[2026-02-04T15:44:50.166+0700] {logging_mixin.py:190} INFO -    ℹ️  Semua berita sudah ada di DB (Skip Duplikat).
[2026-02-04T15:44:50.166+0700] {logging_mixin.py:190} INFO - 🔍 Mengambil berita untuk: UNSIKA...
[2026-02-04T15:44:51.285+0700] {logging_mixin.py:190} INFO -    ✅ Menyimpan 1 berita BARU.
[2026-02-04T15:44:51.286+0700] {logging_mixin.py:190} INFO - 🔍 Mengambil berita untuk: Rektor Unsika...
[2026-02-04T15:44:51.960+0700] {logging_mixin.py:190} INFO -    ℹ️  Semua berita sudah ada di DB (Skip Duplikat).
[2026-02-04T15:44:51.961+0700] {logging_mixin.py:190} INFO - 🔍 Mengambil berita untuk: Mahasiswa Unsika...
[2026-02-04T15:44:52.560+0700] {logging_mixin.py:190} INFO -    ✅ Menyimpan 5 berita BARU.
[2026-02-04T15:44:52.560+0700] {logging_mixin.py:190} INFO - 🏁 Job Selesai. Total 6 berita baru ditambahkan hari ini.
[2026-02-04T15:44:52.561+0700] {python.py:240} INFO - Done. Returned value was: None
[2026-02-04T15:44:52.572+0700] {taskinstance.py:340} INFO - ::group::Post task execution logs
[2026-02-04T15:44:52.573+0700] {taskinstance.py:352} INFO - Marking task as SUCCESS. dag_id=dag_scraping_daily, task_id=task_scrape_news, run_id=manual__2026-02-04T08:44:47.227791+00:00, execution_date=20260204T084447, start_date=20260204T084448, end_date=20260204T084452
[2026-02-04T15:44:52.624+0700] {local_task_job_runner.py:261} INFO - Task exited with return code 0
[2026-02-04T15:44:52.647+0700] {taskinstance.py:3891} INFO - 1 downstream tasks scheduled from follow-on schedule check
[2026-02-04T15:44:52.651+0700] {local_task_job_runner.py:240} INFO - ::endgroup::
