[2026-02-01T18:39:28.310+0700] {local_task_job_runner.py:123} INFO - ::group::Pre task execution logs
[2026-02-01T18:39:28.328+0700] {taskinstance.py:2603} INFO - Dependencies all met for dep_context=non-requeueable deps ti=<TaskInstance: dag_scraping_twitter.task_scrape_twitter manual__2026-02-01T11:35:28.321976+00:00 [queued]>
[2026-02-01T18:39:28.337+0700] {taskinstance.py:2603} INFO - Dependencies all met for dep_context=requeueable deps ti=<TaskInstance: dag_scraping_twitter.task_scrape_twitter manual__2026-02-01T11:35:28.321976+00:00 [queued]>
[2026-02-01T18:39:28.338+0700] {taskinstance.py:2856} INFO - Starting attempt 2 of 3
[2026-02-01T18:39:28.354+0700] {taskinstance.py:2879} INFO - Executing <Task(PythonOperator): task_scrape_twitter> on 2026-02-01 11:35:28.321976+00:00
[2026-02-01T18:39:28.365+0700] {logging_mixin.py:190} WARNING - /home/***/.local/lib/python3.12/site-packages/***/task/task_runner/standard_task_runner.py:70 DeprecationWarning: This process (pid=384) is multi-threaded, use of fork() may lead to deadlocks in the child.
[2026-02-01T18:39:28.367+0700] {standard_task_runner.py:72} INFO - Started process 387 to run task
[2026-02-01T18:39:28.365+0700] {standard_task_runner.py:104} INFO - Running: ['***', 'tasks', 'run', 'dag_scraping_twitter', 'task_scrape_twitter', 'manual__2026-02-01T11:35:28.321976+00:00', '--job-id', '18', '--raw', '--subdir', 'DAGS_FOLDER/dag_scraping_twitter.py', '--cfg-path', '/tmp/tmpe860bwhs']
[2026-02-01T18:39:28.369+0700] {standard_task_runner.py:105} INFO - Job 18: Subtask task_scrape_twitter
[2026-02-01T18:39:28.389+0700] {logging_mixin.py:190} WARNING - /home/***/.local/lib/python3.12/site-packages/***/settings.py:209 DeprecationWarning: The sql_alchemy_conn option in [core] has been moved to the sql_alchemy_conn option in [database] - the old setting has been used, but please update your config.
[2026-02-01T18:39:28.448+0700] {task_command.py:467} INFO - Running <TaskInstance: dag_scraping_twitter.task_scrape_twitter manual__2026-02-01T11:35:28.321976+00:00 [running]> on host 65d49c715ce7
[2026-02-01T18:39:28.551+0700] {taskinstance.py:3122} INFO - Exporting env vars: AIRFLOW_CTX_DAG_OWNER='remosy_admin' AIRFLOW_CTX_DAG_ID='dag_scraping_twitter' AIRFLOW_CTX_TASK_ID='task_scrape_twitter' AIRFLOW_CTX_EXECUTION_DATE='2026-02-01T11:35:28.321976+00:00' AIRFLOW_CTX_TRY_NUMBER='2' AIRFLOW_CTX_DAG_RUN_ID='manual__2026-02-01T11:35:28.321976+00:00'
[2026-02-01T18:39:28.554+0700] {taskinstance.py:731} INFO - ::endgroup::
[2026-02-01T18:39:28.568+0700] {logging_mixin.py:190} INFO - Memulai Job Scraping Twitter...
[2026-02-01T18:39:28.571+0700] {logging_mixin.py:190} INFO - Membaca konfigurasi kata kunci...
[2026-02-01T18:39:28.594+0700] {logging_mixin.py:190} INFO - Target Keywords: ['Universitas Singaperbangsa Karawang', 'UNSIKA', 'Rektor UNSIKA']
[2026-02-01T18:39:32.881+0700] {logging_mixin.py:190} INFO - Memulai scraping Twitter untuk: Universitas Singaperbangsa Karawang...
[2026-02-01T18:39:32.882+0700] {logging_mixin.py:190} INFO - Error scraping Twitter: No instance specified and instance check skipped
[2026-02-01T18:39:36.033+0700] {logging_mixin.py:190} INFO - Memulai scraping Twitter untuk: UNSIKA...
[2026-02-01T18:39:36.039+0700] {logging_mixin.py:190} INFO - Error scraping Twitter: No instance specified and instance check skipped
[2026-02-01T18:39:39.993+0700] {logging_mixin.py:190} INFO - Memulai scraping Twitter untuk: Rektor UNSIKA...
[2026-02-01T18:39:39.994+0700] {logging_mixin.py:190} INFO - Error scraping Twitter: No instance specified and instance check skipped
[2026-02-01T18:39:39.995+0700] {logging_mixin.py:190} INFO - Tidak ada tweet baru ditemukan.
[2026-02-01T18:39:39.996+0700] {python.py:240} INFO - Done. Returned value was: None
[2026-02-01T18:39:40.013+0700] {taskinstance.py:340} INFO - ::group::Post task execution logs
[2026-02-01T18:39:40.014+0700] {taskinstance.py:352} INFO - Marking task as SUCCESS. dag_id=dag_scraping_twitter, task_id=task_scrape_twitter, run_id=manual__2026-02-01T11:35:28.321976+00:00, execution_date=20260201T113528, start_date=20260201T113928, end_date=20260201T113940
[2026-02-01T18:39:40.081+0700] {local_task_job_runner.py:261} INFO - Task exited with return code 0
[2026-02-01T18:39:40.103+0700] {taskinstance.py:3891} INFO - 0 downstream tasks scheduled from follow-on schedule check
[2026-02-01T18:39:40.105+0700] {local_task_job_runner.py:240} INFO - ::endgroup::
