[2026-02-01T18:35:30.114+0700] {local_task_job_runner.py:123} INFO - ::group::Pre task execution logs
[2026-02-01T18:35:30.137+0700] {taskinstance.py:2603} INFO - Dependencies all met for dep_context=non-requeueable deps ti=<TaskInstance: dag_scraping_twitter.task_scrape_twitter manual__2026-02-01T11:35:28.321976+00:00 [queued]>
[2026-02-01T18:35:30.148+0700] {taskinstance.py:2603} INFO - Dependencies all met for dep_context=requeueable deps ti=<TaskInstance: dag_scraping_twitter.task_scrape_twitter manual__2026-02-01T11:35:28.321976+00:00 [queued]>
[2026-02-01T18:35:30.150+0700] {taskinstance.py:2856} INFO - Starting attempt 1 of 2
[2026-02-01T18:35:30.169+0700] {taskinstance.py:2879} INFO - Executing <Task(PythonOperator): task_scrape_twitter> on 2026-02-01 11:35:28.321976+00:00
[2026-02-01T18:35:30.182+0700] {logging_mixin.py:190} WARNING - /home/***/.local/lib/python3.12/site-packages/***/task/task_runner/standard_task_runner.py:70 DeprecationWarning: This process (pid=270) is multi-threaded, use of fork() may lead to deadlocks in the child.
[2026-02-01T18:35:30.188+0700] {standard_task_runner.py:72} INFO - Started process 277 to run task
[2026-02-01T18:35:30.183+0700] {standard_task_runner.py:104} INFO - Running: ['***', 'tasks', 'run', 'dag_scraping_twitter', 'task_scrape_twitter', 'manual__2026-02-01T11:35:28.321976+00:00', '--job-id', '17', '--raw', '--subdir', 'DAGS_FOLDER/dag_scraping_twitter.py', '--cfg-path', '/tmp/tmp7b33exeh']
[2026-02-01T18:35:30.192+0700] {standard_task_runner.py:105} INFO - Job 17: Subtask task_scrape_twitter
[2026-02-01T18:35:30.217+0700] {logging_mixin.py:190} WARNING - /home/***/.local/lib/python3.12/site-packages/***/settings.py:209 DeprecationWarning: The sql_alchemy_conn option in [core] has been moved to the sql_alchemy_conn option in [database] - the old setting has been used, but please update your config.
[2026-02-01T18:35:30.294+0700] {task_command.py:467} INFO - Running <TaskInstance: dag_scraping_twitter.task_scrape_twitter manual__2026-02-01T11:35:28.321976+00:00 [running]> on host 65d49c715ce7
[2026-02-01T18:35:30.410+0700] {taskinstance.py:3122} INFO - Exporting env vars: AIRFLOW_CTX_DAG_OWNER='remosy_admin' AIRFLOW_CTX_DAG_ID='dag_scraping_twitter' AIRFLOW_CTX_TASK_ID='task_scrape_twitter' AIRFLOW_CTX_EXECUTION_DATE='2026-02-01T11:35:28.321976+00:00' AIRFLOW_CTX_TRY_NUMBER='1' AIRFLOW_CTX_DAG_RUN_ID='manual__2026-02-01T11:35:28.321976+00:00'
[2026-02-01T18:35:30.412+0700] {taskinstance.py:731} INFO - ::endgroup::
[2026-02-01T18:35:30.438+0700] {logging_mixin.py:190} INFO - Memulai Job Scraping Twitter...
[2026-02-01T18:35:30.440+0700] {logging_mixin.py:190} INFO - Membaca konfigurasi kata kunci...
[2026-02-01T18:35:30.466+0700] {logging_mixin.py:190} INFO - Target Keywords: ['Universitas Singaperbangsa Karawang', 'UNSIKA', 'Rektor UNSIKA']
[2026-02-01T18:35:30.560+0700] {logging_mixin.py:190} WARNING - Testing instances:   0%|          | 0/8 [00:00<?, ?it/s]
[2026-02-01T18:35:31.364+0700] {logging_mixin.py:190} WARNING - Testing instances:  12%|#2        | 1/8 [00:00<00:05,  1.25it/s]
[2026-02-01T18:35:32.720+0700] {logging_mixin.py:190} WARNING - Testing instances:  25%|##5       | 2/8 [00:02<00:06,  1.13s/it]
[2026-02-01T18:35:34.420+0700] {logging_mixin.py:190} WARNING - Testing instances:  38%|###7      | 3/8 [00:03<00:06,  1.39s/it]
[2026-02-01T18:35:34.527+0700] {logging_mixin.py:190} WARNING - Testing instances:  50%|#####     | 4/8 [00:03<00:03,  1.13it/s]
[2026-02-01T18:35:34.631+0700] {logging_mixin.py:190} WARNING - Testing instances:  62%|######2   | 5/8 [00:04<00:01,  1.66it/s]
[2026-02-01T18:35:35.513+0700] {logging_mixin.py:190} WARNING - Testing instances:  75%|#######5  | 6/8 [00:04<00:01,  1.43it/s]
[2026-02-01T18:35:35.642+0700] {logging_mixin.py:190} WARNING - Testing instances:  88%|########7 | 7/8 [00:05<00:00,  1.96it/s]
[2026-02-01T18:35:36.624+0700] {logging_mixin.py:190} WARNING - Testing instances: 100%|##########| 8/8 [00:06<00:00,  1.51it/s]
[2026-02-01T18:35:36.629+0700] {logging_mixin.py:190} WARNING - Testing instances: 100%|##########| 8/8 [00:06<00:00,  1.32it/s]
[2026-02-01T18:35:40.709+0700] {logging_mixin.py:190} INFO - Memulai scraping Twitter untuk: Universitas Singaperbangsa Karawang...
[2026-02-01T18:35:40.710+0700] {logging_mixin.py:190} INFO - Error scraping Twitter: Cannot choose from an empty sequence
[2026-02-01T18:35:42.208+0700] {logging_mixin.py:190} INFO - Memulai scraping Twitter untuk: UNSIKA...
[2026-02-01T18:35:42.211+0700] {logging_mixin.py:190} INFO - Error scraping Twitter: Cannot choose from an empty sequence
[2026-02-01T18:35:45.378+0700] {logging_mixin.py:190} INFO - Memulai scraping Twitter untuk: Rektor UNSIKA...
[2026-02-01T18:35:45.379+0700] {logging_mixin.py:190} INFO - Error scraping Twitter: Cannot choose from an empty sequence
[2026-02-01T18:35:45.380+0700] {logging_mixin.py:190} INFO - Tidak ada tweet baru ditemukan.
[2026-02-01T18:35:45.380+0700] {python.py:240} INFO - Done. Returned value was: None
[2026-02-01T18:35:45.391+0700] {taskinstance.py:340} INFO - ::group::Post task execution logs
[2026-02-01T18:35:45.393+0700] {taskinstance.py:352} INFO - Marking task as SUCCESS. dag_id=dag_scraping_twitter, task_id=task_scrape_twitter, run_id=manual__2026-02-01T11:35:28.321976+00:00, execution_date=20260201T113528, start_date=20260201T113530, end_date=20260201T113545
[2026-02-01T18:35:45.456+0700] {local_task_job_runner.py:261} INFO - Task exited with return code 0
[2026-02-01T18:35:45.475+0700] {taskinstance.py:3891} INFO - 0 downstream tasks scheduled from follow-on schedule check
[2026-02-01T18:35:45.477+0700] {local_task_job_runner.py:240} INFO - ::endgroup::
