[2026-02-06T11:50:29.743+0700] {local_task_job_runner.py:123} INFO - ::group::Pre task execution logs
[2026-02-06T11:50:29.777+0700] {taskinstance.py:2603} INFO - Dependencies all met for dep_context=non-requeueable deps ti=<TaskInstance: dag_scraping_twitter.task_scrape_twitter manual__2026-02-06T04:50:28.703372+00:00 [queued]>
[2026-02-06T11:50:29.795+0700] {taskinstance.py:2603} INFO - Dependencies all met for dep_context=requeueable deps ti=<TaskInstance: dag_scraping_twitter.task_scrape_twitter manual__2026-02-06T04:50:28.703372+00:00 [queued]>
[2026-02-06T11:50:29.797+0700] {taskinstance.py:2856} INFO - Starting attempt 1 of 1
[2026-02-06T11:50:29.817+0700] {taskinstance.py:2879} INFO - Executing <Task(PythonOperator): task_scrape_twitter> on 2026-02-06 04:50:28.703372+00:00
[2026-02-06T11:50:29.830+0700] {logging_mixin.py:190} WARNING - /home/***/.local/lib/python3.12/site-packages/***/task/task_runner/standard_task_runner.py:70 DeprecationWarning: This process (pid=1044) is multi-threaded, use of fork() may lead to deadlocks in the child.
[2026-02-06T11:50:29.834+0700] {standard_task_runner.py:72} INFO - Started process 1045 to run task
[2026-02-06T11:50:29.828+0700] {standard_task_runner.py:104} INFO - Running: ['***', 'tasks', 'run', 'dag_scraping_twitter', 'task_scrape_twitter', 'manual__2026-02-06T04:50:28.703372+00:00', '--job-id', '6', '--raw', '--subdir', 'DAGS_FOLDER/dag_scraping_twitter.py', '--cfg-path', '/tmp/tmp9a9b6nk4']
[2026-02-06T11:50:29.834+0700] {standard_task_runner.py:105} INFO - Job 6: Subtask task_scrape_twitter
[2026-02-06T11:50:29.857+0700] {logging_mixin.py:190} WARNING - /home/***/.local/lib/python3.12/site-packages/***/settings.py:209 DeprecationWarning: The sql_alchemy_conn option in [core] has been moved to the sql_alchemy_conn option in [database] - the old setting has been used, but please update your config.
[2026-02-06T11:50:29.919+0700] {task_command.py:467} INFO - Running <TaskInstance: dag_scraping_twitter.task_scrape_twitter manual__2026-02-06T04:50:28.703372+00:00 [running]> on host 136a0e9a7f59
[2026-02-06T11:50:30.040+0700] {taskinstance.py:3122} INFO - Exporting env vars: AIRFLOW_CTX_DAG_OWNER='remosy_admin' AIRFLOW_CTX_DAG_ID='dag_scraping_twitter' AIRFLOW_CTX_TASK_ID='task_scrape_twitter' AIRFLOW_CTX_EXECUTION_DATE='2026-02-06T04:50:28.703372+00:00' AIRFLOW_CTX_TRY_NUMBER='1' AIRFLOW_CTX_DAG_RUN_ID='manual__2026-02-06T04:50:28.703372+00:00'
[2026-02-06T11:50:30.042+0700] {taskinstance.py:731} INFO - ::endgroup::
[2026-02-06T11:50:33.209+0700] {logging_mixin.py:190} INFO - Memulai Job Scraping Twitter (Mode Cerdas)...
[2026-02-06T11:50:33.231+0700] {logging_mixin.py:190} INFO - Database saat ini memiliki 72 tweet.
[2026-02-06T11:50:33.232+0700] {logging_mixin.py:190} INFO - Mencari Tweet: unsika...
[2026-02-06T11:50:59.840+0700] {logging_mixin.py:190} INFO -    info: Tidak ada tweet baru (semua duplikat).
[2026-02-06T11:50:59.840+0700] {logging_mixin.py:190} INFO - Mencari Tweet: universitas singaperbangsa karawang...
[2026-02-06T11:53:22.750+0700] {logging_mixin.py:190} INFO -    info: Tidak ada tweet baru (semua duplikat).
[2026-02-06T11:53:22.750+0700] {logging_mixin.py:190} INFO - Mencari Tweet: mahasiswa unsika...
[2026-02-06T11:55:52.531+0700] {logging_mixin.py:190} INFO -    info: Tidak ada tweet baru (semua duplikat).
[2026-02-06T11:55:52.532+0700] {logging_mixin.py:190} INFO - Job Twitter Selesai. Total 0 tweet baru tersimpan.
[2026-02-06T11:55:52.533+0700] {python.py:240} INFO - Done. Returned value was: None
[2026-02-06T11:55:52.545+0700] {taskinstance.py:340} INFO - ::group::Post task execution logs
[2026-02-06T11:55:52.546+0700] {taskinstance.py:352} INFO - Marking task as SUCCESS. dag_id=dag_scraping_twitter, task_id=task_scrape_twitter, run_id=manual__2026-02-06T04:50:28.703372+00:00, execution_date=20260206T045028, start_date=20260206T045029, end_date=20260206T045552
[2026-02-06T11:55:52.594+0700] {local_task_job_runner.py:261} INFO - Task exited with return code 0
[2026-02-06T11:55:52.617+0700] {taskinstance.py:3891} INFO - 1 downstream tasks scheduled from follow-on schedule check
[2026-02-06T11:55:52.621+0700] {local_task_job_runner.py:240} INFO - ::endgroup::
