[2026-02-04T22:58:07.164+0700] {local_task_job_runner.py:123} INFO - ::group::Pre task execution logs
[2026-02-04T22:58:07.182+0700] {taskinstance.py:2603} INFO - Dependencies all met for dep_context=non-requeueable deps ti=<TaskInstance: dag_scraping_daily.task_process_sentiment manual__2026-02-04T15:58:01.663223+00:00 [queued]>
[2026-02-04T22:58:07.191+0700] {taskinstance.py:2603} INFO - Dependencies all met for dep_context=requeueable deps ti=<TaskInstance: dag_scraping_daily.task_process_sentiment manual__2026-02-04T15:58:01.663223+00:00 [queued]>
[2026-02-04T22:58:07.192+0700] {taskinstance.py:2856} INFO - Starting attempt 1 of 2
[2026-02-04T22:58:07.206+0700] {taskinstance.py:2879} INFO - Executing <Task(PythonOperator): task_process_sentiment> on 2026-02-04 15:58:01.663223+00:00
[2026-02-04T22:58:07.215+0700] {logging_mixin.py:190} WARNING - /home/***/.local/lib/python3.12/site-packages/***/task/task_runner/standard_task_runner.py:70 DeprecationWarning: This process (pid=198) is multi-threaded, use of fork() may lead to deadlocks in the child.
[2026-02-04T22:58:07.216+0700] {standard_task_runner.py:72} INFO - Started process 199 to run task
[2026-02-04T22:58:07.215+0700] {standard_task_runner.py:104} INFO - Running: ['***', 'tasks', 'run', 'dag_scraping_daily', 'task_process_sentiment', 'manual__2026-02-04T15:58:01.663223+00:00', '--job-id', '72', '--raw', '--subdir', 'DAGS_FOLDER/dag_scraping_daily.py', '--cfg-path', '/tmp/tmppdlqvez3']
[2026-02-04T22:58:07.219+0700] {standard_task_runner.py:105} INFO - Job 72: Subtask task_process_sentiment
[2026-02-04T22:58:07.233+0700] {logging_mixin.py:190} WARNING - /home/***/.local/lib/python3.12/site-packages/***/settings.py:209 DeprecationWarning: The sql_alchemy_conn option in [core] has been moved to the sql_alchemy_conn option in [database] - the old setting has been used, but please update your config.
[2026-02-04T22:58:07.281+0700] {task_command.py:467} INFO - Running <TaskInstance: dag_scraping_daily.task_process_sentiment manual__2026-02-04T15:58:01.663223+00:00 [running]> on host f9aa8e1b9661
[2026-02-04T22:58:07.364+0700] {taskinstance.py:3122} INFO - Exporting env vars: AIRFLOW_CTX_DAG_OWNER='remosy_admin' AIRFLOW_CTX_DAG_ID='dag_scraping_daily' AIRFLOW_CTX_TASK_ID='task_process_sentiment' AIRFLOW_CTX_EXECUTION_DATE='2026-02-04T15:58:01.663223+00:00' AIRFLOW_CTX_TRY_NUMBER='1' AIRFLOW_CTX_DAG_RUN_ID='manual__2026-02-04T15:58:01.663223+00:00'
[2026-02-04T22:58:07.365+0700] {taskinstance.py:731} INFO - ::endgroup::
[2026-02-04T22:58:13.289+0700] {logging_mixin.py:190} INFO - 🚀 Memulai Job Pemrosesan Berita (Smart Sentiment)...
[2026-02-04T22:58:13.304+0700] {logging_mixin.py:190} INFO -    ✅ Tidak ada berita baru untuk diproses.
[2026-02-04T22:58:13.304+0700] {python.py:240} INFO - Done. Returned value was: None
[2026-02-04T22:58:13.315+0700] {taskinstance.py:340} INFO - ::group::Post task execution logs
[2026-02-04T22:58:13.316+0700] {taskinstance.py:352} INFO - Marking task as SUCCESS. dag_id=dag_scraping_daily, task_id=task_process_sentiment, run_id=manual__2026-02-04T15:58:01.663223+00:00, execution_date=20260204T155801, start_date=20260204T155807, end_date=20260204T155813
[2026-02-04T22:58:13.385+0700] {local_task_job_runner.py:261} INFO - Task exited with return code 0
[2026-02-04T22:58:13.399+0700] {taskinstance.py:3891} INFO - 0 downstream tasks scheduled from follow-on schedule check
[2026-02-04T22:58:13.402+0700] {local_task_job_runner.py:240} INFO - ::endgroup::
