[2026-06-22T08:31:27.186+0700] {local_task_job_runner.py:123} INFO - ::group::Pre task execution logs
[2026-06-22T08:31:27.253+0700] {taskinstance.py:2603} INFO - Dependencies all met for dep_context=non-requeueable deps ti=<TaskInstance: remosy_master_end_to_end.scrape_twitter scheduled__2026-06-21T05:00:00+00:00 [queued]>
[2026-06-22T08:31:27.295+0700] {taskinstance.py:2603} INFO - Dependencies all met for dep_context=requeueable deps ti=<TaskInstance: remosy_master_end_to_end.scrape_twitter scheduled__2026-06-21T05:00:00+00:00 [queued]>
[2026-06-22T08:31:27.303+0700] {taskinstance.py:2856} INFO - Starting attempt 1 of 1
[2026-06-22T08:31:27.945+0700] {taskinstance.py:2879} INFO - Executing <Task(PythonOperator): scrape_twitter> on 2026-06-21 05:00:00+00:00
[2026-06-22T08:31:27.968+0700] {logging_mixin.py:190} WARNING - /home/***/.local/lib/python3.12/site-packages/***/task/task_runner/standard_task_runner.py:70 DeprecationWarning: This process (pid=194) is multi-threaded, use of fork() may lead to deadlocks in the child.
[2026-06-22T08:31:27.969+0700] {standard_task_runner.py:72} INFO - Started process 203 to run task
[2026-06-22T08:31:27.968+0700] {standard_task_runner.py:104} INFO - Running: ['***', 'tasks', 'run', 'remosy_master_end_to_end', 'scrape_twitter', 'scheduled__2026-06-21T05:00:00+00:00', '--job-id', '560', '--raw', '--subdir', 'DAGS_FOLDER/dag_remosy_master.py', '--cfg-path', '/tmp/tmp6wkskzil']
[2026-06-22T08:31:27.977+0700] {standard_task_runner.py:105} INFO - Job 560: Subtask scrape_twitter
[2026-06-22T08:31:28.136+0700] {logging_mixin.py:190} WARNING - /home/***/.local/lib/python3.12/site-packages/***/settings.py:209 DeprecationWarning: The sql_alchemy_conn option in [core] has been moved to the sql_alchemy_conn option in [database] - the old setting has been used, but please update your config.
[2026-06-22T08:31:28.259+0700] {task_command.py:467} INFO - Running <TaskInstance: remosy_master_end_to_end.scrape_twitter scheduled__2026-06-21T05:00:00+00:00 [running]> on host df0dddc984af
[2026-06-22T08:31:28.262+0700] {logging_mixin.py:190} WARNING - /home/***/.local/lib/python3.12/site-packages/***/settings.py:449 DeprecationWarning: The sql_alchemy_conn option in [core] has been moved to the sql_alchemy_conn option in [database] - the old setting has been used, but please update your config.
[2026-06-22T08:31:28.488+0700] {taskinstance.py:3122} INFO - Exporting env vars: AIRFLOW_CTX_DAG_OWNER='remosy' AIRFLOW_CTX_DAG_ID='remosy_master_end_to_end' AIRFLOW_CTX_TASK_ID='scrape_twitter' AIRFLOW_CTX_EXECUTION_DATE='2026-06-21T05:00:00+00:00' AIRFLOW_CTX_TRY_NUMBER='1' AIRFLOW_CTX_DAG_RUN_ID='scheduled__2026-06-21T05:00:00+00:00'
[2026-06-22T08:31:28.489+0700] {taskinstance.py:731} INFO - ::endgroup::
[2026-06-22T08:31:42.706+0700] {logging_mixin.py:190} INFO - Memulai Job Scraping Twitter (Relational Schema)...
[2026-06-22T08:31:42.798+0700] {logging_mixin.py:190} INFO - Mencari Tweet: UNSIKA...
[2026-06-22T08:33:29.663+0700] {logging_mixin.py:190} WARNING - /opt/***/src/scrapers/twitter_scraper.py:53 UserWarning: Could not infer format, so each element will be parsed individually, falling back to `dateutil`. To ensure parsing is consistent and as-expected, please specify a format.
[2026-06-22T08:33:30.009+0700] {logging_mixin.py:190} INFO -    ❌ Gagal simpan: (psycopg2.errors.InvalidTextRepresentation) invalid input syntax for type integer: "favorite_count"
LINE 1: ...estamp),(1, 'full_text', 'username', 'tweet_url', 'favorite_...
                                                             ^

[SQL: INSERT INTO tweets_raw (keyword_id, full_text, username, tweet_url, likes, retweets, posted_at, scraped_at) VALUES (%(keyword_id)s, %(full_text)s, %(username)s, %(tweet_url)s, %(likes)s, %(retweets)s, %(posted_at)s, %(scraped_at)s)]
[parameters: ({'keyword_id': 1, 'full_text': 'Ptn‼️ Aku punya kisi soal mandiri 2026 https://t.co/5KttdS9bp5', 'username': None, 'tweet_url': 'https://x.com/undefined/status/2068653099649302881', 'likes': '5', 'retweets': '0', 'posted_at': datetime.datetime(2026, 6, 21, 11, 11, 47, tzinfo=datetime.timezone.utc), 'scraped_at': datetime.datetime(2026, 6, 22, 8, 33, 29, 745431)}, {'keyword_id': 1, 'full_text': ' JUST IN Aliansi BEM Se-Karawang mengajak mahasiswa &amp; masyarakat hadir aksi aspirasi! Selasa 23 Juni 2026 13.00 WIB Bundaran Novotel Badami Kampus Unsika 1 Baju Hitam &amp; Almamater #SeruanAksiKarawang #BEMUnsika https://t.co/lW6pCuRBwX', 'username': None, 'tweet_url': 'https://x.com/undefined/status/2068315763220640032', 'likes': '0', 'retweets': '1', 'posted_at': datetime.datetime(2026, 6, 20, 12, 51, 20, tzinfo=datetime.timezone.utc), 'scraped_at': datetime.datetime(2026, 6, 22, 8, 33, 29, 745431)}, {'keyword_id': 1, 'full_text': '---------------- HMTI FT Unsika ---------------- #HMTIFTUNSIKA #KabinetSahityaArdaya #DIVISIINDUSTRIKREATIFHMTIFTUNSIKA #LoyaltyForever #TeknikIndustriUnsika #DEM2026', 'username': None, 'tweet_url': 'https://x.com/undefined/status/2068312311329366033', 'likes': '0', 'retweets': '0', 'posted_at': datetime.datetime(2026, 6, 20, 12, 37, 37, tzinfo=datetime.timezone.utc), 'scraped_at': datetime.datetime(2026, 6, 22, 8, 33, 29, 745431)}, {'keyword_id': 1, 'full_text': 'Ptn‼️ Aku punya kisi soal mandiri 2026 https://t.co/Cgi4gvUZcY', 'username': None, 'tweet_url': 'https://x.com/undefined/status/2068094662758543714', 'likes': '1', 'retweets': '0', 'posted_at': datetime.datetime(2026, 6, 19, 22, 12, 45, tzinfo=datetime.timezone.utc), 'scraped_at': datetime.datetime(2026, 6, 22, 8, 33, 29, 745431)}, {'keyword_id': 1, 'full_text': 'Ptn‼️ Aku punya kisi soal mandiri 2026 https://t.co/l5vUnOlIKj', 'username': None, 'tweet_url': 'https://x.com/undefined/status/2067884563813314838', 'likes': '7', 'retweets': '0', 'posted_at': datetime.datetime(2026, 6, 19, 8, 17, 54, tzinfo=datetime.timezone.utc), 'scraped_at': datetime.datetime(2026, 6, 22, 8, 33, 29, 745431)}, {'keyword_id': 1, 'full_text': 'full_text', 'username': 'username', 'tweet_url': 'tweet_url', 'likes': 'favorite_count', 'retweets': 'retweet_count', 'posted_at': None, 'scraped_at': datetime.datetime(2026, 6, 22, 8, 33, 29, 745431)}, {'keyword_id': 1, 'full_text': 'Ptn‼️ Aku punya kisi soal mandiri 2026 https://t.co/5KttdS9bp5', 'username': None, 'tweet_url': 'https://x.com/undefined/status/2068653099649302881', 'likes': '5', 'retweets': '0', 'posted_at': datetime.datetime(2026, 6, 21, 11, 11, 47, tzinfo=datetime.timezone.utc), 'scraped_at': datetime.datetime(2026, 6, 22, 8, 33, 29, 745431)}, {'keyword_id': 1, 'full_text': ' JUST IN Aliansi BEM Se-Karawang mengajak mahasiswa &amp; masyarakat hadir aksi aspirasi! Selasa 23 Juni 2026 13.00 WIB Bundaran Novotel Badami Kampus Unsika 1 Baju Hitam &amp; Almamater #SeruanAksiKarawang #BEMUnsika https://t.co/lW6pCuRBwX', 'username': None, 'tweet_url': 'https://x.com/undefined/status/2068315763220640032', 'likes': '0', 'retweets': '1', 'posted_at': datetime.datetime(2026, 6, 20, 12, 51, 20, tzinfo=datetime.timezone.utc), 'scraped_at': datetime.datetime(2026, 6, 22, 8, 33, 29, 745431)}  ... displaying 10 of 12 total bound parameter sets ...  {'keyword_id': 1, 'full_text': 'Ptn‼️ Aku punya kisi soal mandiri 2026 https://t.co/l5vUnOlIKj', 'username': None, 'tweet_url': 'https://x.com/undefined/status/2067884563813314838', 'likes': '7', 'retweets': '0', 'posted_at': datetime.datetime(2026, 6, 19, 8, 17, 54, tzinfo=datetime.timezone.utc), 'scraped_at': datetime.datetime(2026, 6, 22, 8, 33, 29, 745431)}, {'keyword_id': 1, 'full_text': '[OPEN RECRUITMENT PANITIA PELAKSANA POSE DAN DIES NATALIS HMTI FT UNSIKA 2026] Assalamualaikum Warahmatullahi Wabarakatuh Shalom Om Swastiastu Namo Buddhaya Salam Kebajikan untuk kita semua. https://t.co/AHCBmALefU', 'username': None, 'tweet_url': 'https://x.com/undefined/status/2063130280362475619', 'likes': '4', 'retweets': '2', 'posted_at': datetime.datetime(2026, 6, 6, 5, 26, 4, tzinfo=datetime.timezone.utc), 'scraped_at': datetime.datetime(2026, 6, 22, 8, 33, 29, 745431)})]
(Background on this error at: https://sqlalche.me/e/14/9h9h)
[2026-06-22T08:33:30.014+0700] {logging_mixin.py:190} INFO - Mencari Tweet: Universitas Singaperbangsa Karawang...
[2026-06-22T08:36:05.528+0700] {logging_mixin.py:190} WARNING - /opt/***/src/scrapers/twitter_scraper.py:53 UserWarning: Could not infer format, so each element will be parsed individually, falling back to `dateutil`. To ensure parsing is consistent and as-expected, please specify a format.
[2026-06-22T08:36:05.630+0700] {logging_mixin.py:190} INFO -    ✅ Menyimpan 1 tweet BARU (Relasi ID: 2).
[2026-06-22T08:36:05.632+0700] {logging_mixin.py:190} INFO - Mencari Tweet: unsikuy...
[2026-06-22T08:38:26.943+0700] {logging_mixin.py:190} INFO - Job Twitter Selesai. Total 1 tweet baru tersimpan.
[2026-06-22T08:38:27.058+0700] {python.py:240} INFO - Done. Returned value was: None
[2026-06-22T08:38:27.458+0700] {taskinstance.py:340} INFO - ::group::Post task execution logs
[2026-06-22T08:38:27.481+0700] {taskinstance.py:352} INFO - Marking task as SUCCESS. dag_id=remosy_master_end_to_end, task_id=scrape_twitter, run_id=scheduled__2026-06-21T05:00:00+00:00, execution_date=20260621T050000, start_date=20260622T013127, end_date=20260622T013827
[2026-06-22T08:38:27.948+0700] {local_task_job_runner.py:261} INFO - Task exited with return code 0
[2026-06-22T08:38:28.565+0700] {taskinstance.py:3891} INFO - 1 downstream tasks scheduled from follow-on schedule check
[2026-06-22T08:38:28.571+0700] {local_task_job_runner.py:240} INFO - ::endgroup::
