[2026-06-02T09:12:50.356+0700] {local_task_job_runner.py:123} INFO - ::group::Pre task execution logs
[2026-06-02T09:12:50.380+0700] {taskinstance.py:2603} INFO - Dependencies all met for dep_context=non-requeueable deps ti=<TaskInstance: dag_scraping_twitter.task_scrape_twitter scheduled__2026-06-01T11:00:00+00:00 [queued]>
[2026-06-02T09:12:50.395+0700] {taskinstance.py:2603} INFO - Dependencies all met for dep_context=requeueable deps ti=<TaskInstance: dag_scraping_twitter.task_scrape_twitter scheduled__2026-06-01T11:00:00+00:00 [queued]>
[2026-06-02T09:12:50.396+0700] {taskinstance.py:2856} INFO - Starting attempt 1 of 1
[2026-06-02T09:12:50.415+0700] {taskinstance.py:2879} INFO - Executing <Task(PythonOperator): task_scrape_twitter> on 2026-06-01 11:00:00+00:00
[2026-06-02T09:12:50.428+0700] {logging_mixin.py:190} WARNING - /home/***/.local/lib/python3.12/site-packages/***/task/task_runner/standard_task_runner.py:70 DeprecationWarning: This process (pid=188) is multi-threaded, use of fork() may lead to deadlocks in the child.
[2026-06-02T09:12:50.430+0700] {standard_task_runner.py:72} INFO - Started process 194 to run task
[2026-06-02T09:12:50.430+0700] {standard_task_runner.py:104} INFO - Running: ['***', 'tasks', 'run', 'dag_scraping_twitter', 'task_scrape_twitter', 'scheduled__2026-06-01T11:00:00+00:00', '--job-id', '367', '--raw', '--subdir', 'DAGS_FOLDER/dag_scraping_twitter.py', '--cfg-path', '/tmp/tmp6g05apfw']
[2026-06-02T09:12:50.434+0700] {standard_task_runner.py:105} INFO - Job 367: Subtask task_scrape_twitter
[2026-06-02T09:12:50.456+0700] {logging_mixin.py:190} WARNING - /home/***/.local/lib/python3.12/site-packages/***/settings.py:209 DeprecationWarning: The sql_alchemy_conn option in [core] has been moved to the sql_alchemy_conn option in [database] - the old setting has been used, but please update your config.
[2026-06-02T09:12:50.537+0700] {task_command.py:467} INFO - Running <TaskInstance: dag_scraping_twitter.task_scrape_twitter scheduled__2026-06-01T11:00:00+00:00 [running]> on host aebac9d8a9bd
[2026-06-02T09:12:50.540+0700] {logging_mixin.py:190} WARNING - /home/***/.local/lib/python3.12/site-packages/***/settings.py:449 DeprecationWarning: The sql_alchemy_conn option in [core] has been moved to the sql_alchemy_conn option in [database] - the old setting has been used, but please update your config.
[2026-06-02T09:12:50.683+0700] {taskinstance.py:3122} INFO - Exporting env vars: AIRFLOW_CTX_DAG_OWNER='remosy_admin' AIRFLOW_CTX_DAG_ID='dag_scraping_twitter' AIRFLOW_CTX_TASK_ID='task_scrape_twitter' AIRFLOW_CTX_EXECUTION_DATE='2026-06-01T11:00:00+00:00' AIRFLOW_CTX_TRY_NUMBER='1' AIRFLOW_CTX_DAG_RUN_ID='scheduled__2026-06-01T11:00:00+00:00'
[2026-06-02T09:12:50.684+0700] {taskinstance.py:731} INFO - ::endgroup::
[2026-06-02T09:12:54.994+0700] {logging_mixin.py:190} INFO - Memulai Job Scraping Twitter (Mode Cerdas)...
[2026-06-02T09:12:55.038+0700] {logging_mixin.py:190} INFO - Database saat ini memiliki 258 tweet.
[2026-06-02T09:12:55.039+0700] {logging_mixin.py:190} INFO - Mencari Tweet: unsika...
[2026-06-02T09:21:42.023+0700] {logging_mixin.py:190} INFO -    -> Berhasil menarik 78 tweet mentah dari X.
[2026-06-02T09:21:42.106+0700] {logging_mixin.py:190} INFO -    ❌ Gagal simpan: (psycopg2.errors.InvalidTextRepresentation) invalid input syntax for type integer: "favorite_count"
LINE 1: ..., 'unsika', 'username', 'full_text', 'tweet_url', 'favorite_...
                                                             ^

[SQL: INSERT INTO tweets_raw (scraped_at, keyword, username, full_text, tweet_url, likes, retweets) VALUES (%(scraped_at)s, %(keyword)s, %(username)s, %(full_text)s, %(tweet_url)s, %(likes)s, %(retweets)s)]
[parameters: ({'scraped_at': datetime.datetime(2026, 6, 2, 9, 21, 41, 998632), 'keyword': 'unsika', 'username': None, 'full_text': 'Genangan air di Kampus 2 Universitas Singaperbangsa Karawang (Unsika) bukan lagi persoalan musiman semata. Di tengah pembangunan kawasan kampus yang terus berlangsung persoalan drainase perlahan menjadi keluhan berulang. https://t.co/XufwBtDLBr', 'tweet_url': 'https://x.com/undefined/status/2060980823185301765', 'likes': '0', 'retweets': '0'}, {'scraped_at': datetime.datetime(2026, 6, 2, 9, 21, 41, 998632), 'keyword': 'unsika', 'username': None, 'full_text': "Kalau saya tidak salah ingat. Menolak jadi PTN UII Univ. Pancasila Univ. Esa Unggul Univ. Bandar Lampung Univ. Baturaja sumsel Jaringan universitas 17 agustus 1945 : 1). Universitas 17 Agustus 1945 Surabaya 2). Universitas 17 Agustus 1945 Jakarta (UTA '45) 3).", 'tweet_url': 'https://x.com/undefined/status/2053279432539058470', 'likes': '3324', 'retweets': '243'}, {'scraped_at': datetime.datetime(2026, 6, 2, 9, 21, 41, 998632), 'keyword': 'unsika', 'username': None, 'full_text': 'MK menggelar sidang lanjutan pengujian materiil Undang-Undang Nomor 14 Tahun 2005 tentang Guru dan Dosen (UU Guru dan Dosen) Selasa (21/4/2026) di Ru ... (1 characters truncated) ... ng Sidang Pleno MK. Permohonan Nomor 24/PUU-XXIV/2026 ini diajukan oleh I Ketut Astawa dan Reytman Aruan dosen tetap Fakultas https://t.co/HImTrGkZm5', 'tweet_url': 'https://x.com/undefined/status/2047224896888181159', 'likes': '0', 'retweets': '0'}, {'scraped_at': datetime.datetime(2026, 6, 2, 9, 21, 41, 998632), 'keyword': 'unsika', 'username': None, 'full_text': 'MK menggelar sidang lanjutan pengujian materiil Undang-Undang Nomor 14 Tahun 2005 tentang Guru dan Dosen (UU Guru dan Dosen) Selasa (21/4/2026) di Ru ... (1 characters truncated) ... ng Sidang Pleno MK. Permohonan Nomor 24/PUU-XXIV/2026 ini diajukan oleh I Ketut Astawa dan Reytman Aruan dosen tetap Fakultas https://t.co/WgNwsw2IU6', 'tweet_url': 'https://x.com/undefined/status/2047224306254688416', 'likes': '1', 'retweets': '0'}, {'scraped_at': datetime.datetime(2026, 6, 2, 9, 21, 41, 998632), 'keyword': 'unsika', 'username': 'username', 'full_text': 'full_text', 'tweet_url': 'tweet_url', 'likes': 'favorite_count', 'retweets': 'retweet_count'}, {'scraped_at': datetime.datetime(2026, 6, 2, 9, 21, 41, 998632), 'keyword': 'unsika', 'username': None, 'full_text': 'Ptn‼️ Aku punya soal mandiri 2026 ITS UNPAD UB UDAYANA UGM UHO ULM UMPTKIN UNAIR UNAND UGM UHO UNDIP UNEJ UNG UNHAS UNILA UNIMED UNIP UNJ UNJA UNKRAT ... (5 characters truncated) ... UNMUL UNNES UNRAM UNRI UNS UNSIKA UNSIL UNSRAT UNTAN UNSRI UNTAN UNTID UNY UPI UPNVJ UPNVYK UPR USK USU UGM DLL.. mau? dm yaa https://t.co/cPRVq3b6fT', 'tweet_url': 'https://x.com/undefined/status/2061591417852678411', 'likes': '1', 'retweets': '0'}, {'scraped_at': datetime.datetime(2026, 6, 2, 9, 21, 41, 998632), 'keyword': 'unsika', 'username': None, 'full_text': '@Ainii7_ cek retweet ku ada unsika viral', 'tweet_url': 'https://x.com/undefined/status/2061490577334808954', 'likes': '0', 'retweets': '0'}, {'scraped_at': datetime.datetime(2026, 6, 2, 9, 21, 41, 998632), 'keyword': 'unsika', 'username': None, 'full_text': 'Ptn‼️ Aku punya soal mandiri 2026 ITS UNPAD UB UDAYANA UGM UHO ULM UMPTKIN UNAIR UNAND UGM UHO UNDIP UNEJ UNG UNHAS UNILA UNIMED UNIP UNJ UNJA UNKRAT ... (5 characters truncated) ... UNMUL UNNES UNRAM UNRI UNS UNSIKA UNSIL UNSRAT UNTAN UNSRI UNTAN UNTID UNY UPI UPNVJ UPNVYK UPR USK USU UGM DLL.. mau? dm yaa https://t.co/66k4FsQKgf', 'tweet_url': 'https://x.com/undefined/status/2061482019079753877', 'likes': '4', 'retweets': '0'}  ... displaying 10 of 25 total bound parameter sets ...  {'scraped_at': datetime.datetime(2026, 6, 2, 9, 21, 41, 998632), 'keyword': 'unsika', 'username': None, 'full_text': '@sbmptnfess Jangan unsika sih kata gue', 'tweet_url': 'https://x.com/undefined/status/2061019569310044543', 'likes': '0', 'retweets': '0'}, {'scraped_at': datetime.datetime(2026, 6, 2, 9, 21, 41, 998632), 'keyword': 'unsika', 'username': None, 'full_text': '@lufinnja pernah ngatain unsika juga tapi akhirnya cuma unsika yang menerima ku ', 'tweet_url': 'https://x.com/undefined/status/2061013425657127200', 'likes': '1', 'retweets': '0'})]
(Background on this error at: https://sqlalche.me/e/14/9h9h)
[2026-06-02T09:21:42.107+0700] {logging_mixin.py:190} INFO - Mencari Tweet: universitas singaperbangsa karawang...
[2026-06-02T09:24:14.859+0700] {logging_mixin.py:190} INFO -    -> Berhasil menarik 20 tweet mentah dari X.
[2026-06-02T09:24:14.877+0700] {logging_mixin.py:190} INFO -    ✅ Menyimpan 1 tweet BARU ke database.
[2026-06-02T09:24:14.878+0700] {logging_mixin.py:190} INFO - Mencari Tweet: mahasiswa unsika...
[2026-06-02T09:26:52.469+0700] {logging_mixin.py:190} INFO -    -> Berhasil menarik 0 tweet mentah dari X.
[2026-06-02T09:26:52.470+0700] {logging_mixin.py:190} INFO - Job Twitter Selesai. Total 1 tweet baru tersimpan.
[2026-06-02T09:26:52.475+0700] {python.py:240} INFO - Done. Returned value was: None
[2026-06-02T09:26:52.552+0700] {taskinstance.py:340} INFO - ::group::Post task execution logs
[2026-06-02T09:26:52.554+0700] {taskinstance.py:352} INFO - Marking task as SUCCESS. dag_id=dag_scraping_twitter, task_id=task_scrape_twitter, run_id=scheduled__2026-06-01T11:00:00+00:00, execution_date=20260601T110000, start_date=20260602T021250, end_date=20260602T022652
[2026-06-02T09:26:52.648+0700] {local_task_job_runner.py:261} INFO - Task exited with return code 0
[2026-06-02T09:26:52.722+0700] {taskinstance.py:3891} INFO - 1 downstream tasks scheduled from follow-on schedule check
[2026-06-02T09:26:52.725+0700] {local_task_job_runner.py:240} INFO - ::endgroup::
