[2026-02-06T11:29:49.023+0700] {local_task_job_runner.py:123} INFO - ::group::Pre task execution logs
[2026-02-06T11:29:49.047+0700] {taskinstance.py:2603} INFO - Dependencies all met for dep_context=non-requeueable deps ti=<TaskInstance: dag_scraping_daily.task_scrape_news scheduled__2026-02-05T05:00:00+00:00 [queued]>
[2026-02-06T11:29:49.062+0700] {taskinstance.py:2603} INFO - Dependencies all met for dep_context=requeueable deps ti=<TaskInstance: dag_scraping_daily.task_scrape_news scheduled__2026-02-05T05:00:00+00:00 [queued]>
[2026-02-06T11:29:49.063+0700] {taskinstance.py:2856} INFO - Starting attempt 1 of 2
[2026-02-06T11:29:49.086+0700] {taskinstance.py:2879} INFO - Executing <Task(PythonOperator): task_scrape_news> on 2026-02-05 05:00:00+00:00
[2026-02-06T11:29:49.099+0700] {logging_mixin.py:190} WARNING - /home/***/.local/lib/python3.12/site-packages/***/task/task_runner/standard_task_runner.py:70 DeprecationWarning: This process (pid=195) is multi-threaded, use of fork() may lead to deadlocks in the child.
[2026-02-06T11:29:49.101+0700] {standard_task_runner.py:72} INFO - Started process 196 to run task
[2026-02-06T11:29:49.098+0700] {standard_task_runner.py:104} INFO - Running: ['***', 'tasks', 'run', 'dag_scraping_daily', 'task_scrape_news', 'scheduled__2026-02-05T05:00:00+00:00', '--job-id', '3', '--raw', '--subdir', 'DAGS_FOLDER/dag_scraping_daily.py', '--cfg-path', '/tmp/tmpbg7qg0ez']
[2026-02-06T11:29:49.102+0700] {standard_task_runner.py:105} INFO - Job 3: Subtask task_scrape_news
[2026-02-06T11:29:49.121+0700] {logging_mixin.py:190} WARNING - /home/***/.local/lib/python3.12/site-packages/***/settings.py:209 DeprecationWarning: The sql_alchemy_conn option in [core] has been moved to the sql_alchemy_conn option in [database] - the old setting has been used, but please update your config.
[2026-02-06T11:29:49.180+0700] {task_command.py:467} INFO - Running <TaskInstance: dag_scraping_daily.task_scrape_news scheduled__2026-02-05T05:00:00+00:00 [running]> on host 136a0e9a7f59
[2026-02-06T11:29:49.182+0700] {logging_mixin.py:190} WARNING - /home/***/.local/lib/python3.12/site-packages/***/settings.py:449 DeprecationWarning: The sql_alchemy_conn option in [core] has been moved to the sql_alchemy_conn option in [database] - the old setting has been used, but please update your config.
[2026-02-06T11:29:49.277+0700] {taskinstance.py:3122} INFO - Exporting env vars: AIRFLOW_CTX_DAG_OWNER='remosy_admin' AIRFLOW_CTX_DAG_ID='dag_scraping_daily' AIRFLOW_CTX_TASK_ID='task_scrape_news' AIRFLOW_CTX_EXECUTION_DATE='2026-02-05T05:00:00+00:00' AIRFLOW_CTX_TRY_NUMBER='1' AIRFLOW_CTX_DAG_RUN_ID='scheduled__2026-02-05T05:00:00+00:00'
[2026-02-06T11:29:49.278+0700] {taskinstance.py:731} INFO - ::endgroup::
[2026-02-06T11:29:50.977+0700] {logging_mixin.py:190} INFO - 🚀 Memulai Job Scraping Google News (Mode Dinamis via Database)...
[2026-02-06T11:29:50.993+0700] {logging_mixin.py:190} INFO - ⚠️ Gagal membaca keywords (Error: (psycopg2.errors.UndefinedTable) relation "keywords" does not exist
LINE 1: SELECT keyword FROM keywords WHERE source IN ('news', 'all')
                            ^

[SQL: SELECT keyword FROM keywords WHERE source IN ('news', 'all')]
(Background on this error at: https://sqlalche.me/e/14/f405)). Menggunakan default.
[2026-02-06T11:29:50.995+0700] {logging_mixin.py:190} INFO - 📚 Database kosong atau tabel belum ada.
[2026-02-06T11:29:50.996+0700] {logging_mixin.py:190} INFO - 🔎 Sedang mencari: 'UNSIKA'...
[2026-02-06T11:29:51.796+0700] {logging_mixin.py:190} INFO -    ✅ Menyimpan 50 berita BARU.
[2026-02-06T11:29:51.797+0700] {logging_mixin.py:190} INFO - 🔎 Sedang mencari: 'Universitas Singaperbangsa Karawang'...
[2026-02-06T11:29:52.586+0700] {logging_mixin.py:190} INFO -    ✅ Menyimpan 39 berita BARU.
[2026-02-06T11:29:52.587+0700] {logging_mixin.py:190} INFO - 🏁 Job Selesai. Total 89 berita baru ditambahkan hari ini.
[2026-02-06T11:29:52.588+0700] {python.py:240} INFO - Done. Returned value was: None
[2026-02-06T11:29:52.599+0700] {taskinstance.py:340} INFO - ::group::Post task execution logs
[2026-02-06T11:29:52.600+0700] {taskinstance.py:352} INFO - Marking task as SUCCESS. dag_id=dag_scraping_daily, task_id=task_scrape_news, run_id=scheduled__2026-02-05T05:00:00+00:00, execution_date=20260205T050000, start_date=20260206T042949, end_date=20260206T042952
[2026-02-06T11:29:52.639+0700] {local_task_job_runner.py:261} INFO - Task exited with return code 0
[2026-02-06T11:29:52.668+0700] {taskinstance.py:3891} INFO - 1 downstream tasks scheduled from follow-on schedule check
[2026-02-06T11:29:52.671+0700] {local_task_job_runner.py:240} INFO - ::endgroup::
