[2026-03-07T15:13:14.000+0700] {local_task_job_runner.py:123} INFO - ::group::Pre task execution logs
[2026-03-07T15:13:14.027+0700] {taskinstance.py:2603} INFO - Dependencies all met for dep_context=non-requeueable deps ti=<TaskInstance: dag_scraping_twitter.task_scrape_twitter scheduled__2026-03-06T11:00:00+00:00 [queued]>
[2026-03-07T15:13:14.042+0700] {taskinstance.py:2603} INFO - Dependencies all met for dep_context=requeueable deps ti=<TaskInstance: dag_scraping_twitter.task_scrape_twitter scheduled__2026-03-06T11:00:00+00:00 [queued]>
[2026-03-07T15:13:14.043+0700] {taskinstance.py:2856} INFO - Starting attempt 1 of 1
[2026-03-07T15:13:14.064+0700] {taskinstance.py:2879} INFO - Executing <Task(PythonOperator): task_scrape_twitter> on 2026-03-06 11:00:00+00:00
[2026-03-07T15:13:14.082+0700] {logging_mixin.py:190} WARNING - /home/***/.local/lib/python3.12/site-packages/***/task/task_runner/standard_task_runner.py:70 DeprecationWarning: This process (pid=179) is multi-threaded, use of fork() may lead to deadlocks in the child.
[2026-03-07T15:13:14.085+0700] {standard_task_runner.py:72} INFO - Started process 190 to run task
[2026-03-07T15:13:14.085+0700] {standard_task_runner.py:104} INFO - Running: ['***', 'tasks', 'run', 'dag_scraping_twitter', 'task_scrape_twitter', 'scheduled__2026-03-06T11:00:00+00:00', '--job-id', '198', '--raw', '--subdir', 'DAGS_FOLDER/dag_scraping_twitter.py', '--cfg-path', '/tmp/tmpep0tglgt']
[2026-03-07T15:13:14.090+0700] {standard_task_runner.py:105} INFO - Job 198: Subtask task_scrape_twitter
[2026-03-07T15:13:14.121+0700] {logging_mixin.py:190} WARNING - /home/***/.local/lib/python3.12/site-packages/***/settings.py:209 DeprecationWarning: The sql_alchemy_conn option in [core] has been moved to the sql_alchemy_conn option in [database] - the old setting has been used, but please update your config.
[2026-03-07T15:13:14.208+0700] {task_command.py:467} INFO - Running <TaskInstance: dag_scraping_twitter.task_scrape_twitter scheduled__2026-03-06T11:00:00+00:00 [running]> on host c3e78cf34439
[2026-03-07T15:13:14.211+0700] {logging_mixin.py:190} WARNING - /home/***/.local/lib/python3.12/site-packages/***/settings.py:449 DeprecationWarning: The sql_alchemy_conn option in [core] has been moved to the sql_alchemy_conn option in [database] - the old setting has been used, but please update your config.
[2026-03-07T15:13:14.356+0700] {taskinstance.py:3122} INFO - Exporting env vars: AIRFLOW_CTX_DAG_OWNER='remosy_admin' AIRFLOW_CTX_DAG_ID='dag_scraping_twitter' AIRFLOW_CTX_TASK_ID='task_scrape_twitter' AIRFLOW_CTX_EXECUTION_DATE='2026-03-06T11:00:00+00:00' AIRFLOW_CTX_TRY_NUMBER='1' AIRFLOW_CTX_DAG_RUN_ID='scheduled__2026-03-06T11:00:00+00:00'
[2026-03-07T15:13:14.358+0700] {taskinstance.py:731} INFO - ::endgroup::
[2026-03-07T15:13:17.311+0700] {logging_mixin.py:190} INFO - Memulai Job Scraping Twitter (Mode Cerdas)...
[2026-03-07T15:13:17.382+0700] {logging_mixin.py:190} INFO - Database saat ini memiliki 143 tweet.
[2026-03-07T15:13:17.383+0700] {logging_mixin.py:190} INFO - Mencari Tweet: unsika...
[2026-03-07T15:15:47.183+0700] {logging_mixin.py:190} INFO - Mencari Tweet: universitas singaperbangsa karawang...
[2026-03-07T15:18:10.428+0700] {logging_mixin.py:190} INFO - Mencari Tweet: mahasiswa unsika...
[2026-03-07T15:20:13.410+0700] {logging_mixin.py:190} INFO - Job Twitter Selesai. Total 0 tweet baru tersimpan.
[2026-03-07T15:20:13.413+0700] {python.py:240} INFO - Done. Returned value was: None
[2026-03-07T15:20:13.476+0700] {taskinstance.py:340} INFO - ::group::Post task execution logs
[2026-03-07T15:20:13.478+0700] {taskinstance.py:352} INFO - Marking task as SUCCESS. dag_id=dag_scraping_twitter, task_id=task_scrape_twitter, run_id=scheduled__2026-03-06T11:00:00+00:00, execution_date=20260306T110000, start_date=20260307T081314, end_date=20260307T082013
[2026-03-07T15:20:13.552+0700] {local_task_job_runner.py:261} INFO - Task exited with return code 0
[2026-03-07T15:20:13.598+0700] {taskinstance.py:3891} INFO - 1 downstream tasks scheduled from follow-on schedule check
[2026-03-07T15:20:13.601+0700] {local_task_job_runner.py:240} INFO - ::endgroup::
