[2026-05-30T12:00:01.163+0700] {local_task_job_runner.py:123} INFO - ::group::Pre task execution logs
[2026-05-30T12:00:01.180+0700] {taskinstance.py:2603} INFO - Dependencies all met for dep_context=non-requeueable deps ti=<TaskInstance: dag_scraping_daily.task_scrape_news scheduled__2026-05-29T17:00:00+00:00 [queued]>
[2026-05-30T12:00:01.190+0700] {taskinstance.py:2603} INFO - Dependencies all met for dep_context=requeueable deps ti=<TaskInstance: dag_scraping_daily.task_scrape_news scheduled__2026-05-29T17:00:00+00:00 [queued]>
[2026-05-30T12:00:01.191+0700] {taskinstance.py:2856} INFO - Starting attempt 1 of 2
[2026-05-30T12:00:01.206+0700] {taskinstance.py:2879} INFO - Executing <Task(PythonOperator): task_scrape_news> on 2026-05-29 17:00:00+00:00
[2026-05-30T12:00:01.215+0700] {logging_mixin.py:190} WARNING - /home/***/.local/lib/python3.12/site-packages/***/task/task_runner/standard_task_runner.py:70 DeprecationWarning: This process (pid=7167) is multi-threaded, use of fork() may lead to deadlocks in the child.
[2026-05-30T12:00:01.216+0700] {standard_task_runner.py:72} INFO - Started process 7168 to run task
[2026-05-30T12:00:01.215+0700] {standard_task_runner.py:104} INFO - Running: ['***', 'tasks', 'run', 'dag_scraping_daily', 'task_scrape_news', 'scheduled__2026-05-29T17:00:00+00:00', '--job-id', '354', '--raw', '--subdir', 'DAGS_FOLDER/dag_scraping_daily.py', '--cfg-path', '/tmp/tmpzkvb_5za']
[2026-05-30T12:00:01.218+0700] {standard_task_runner.py:105} INFO - Job 354: Subtask task_scrape_news
[2026-05-30T12:00:01.233+0700] {logging_mixin.py:190} WARNING - /home/***/.local/lib/python3.12/site-packages/***/settings.py:209 DeprecationWarning: The sql_alchemy_conn option in [core] has been moved to the sql_alchemy_conn option in [database] - the old setting has been used, but please update your config.
[2026-05-30T12:00:01.271+0700] {task_command.py:467} INFO - Running <TaskInstance: dag_scraping_daily.task_scrape_news scheduled__2026-05-29T17:00:00+00:00 [running]> on host fd10d4ef5b00
[2026-05-30T12:00:01.273+0700] {logging_mixin.py:190} WARNING - /home/***/.local/lib/python3.12/site-packages/***/settings.py:449 DeprecationWarning: The sql_alchemy_conn option in [core] has been moved to the sql_alchemy_conn option in [database] - the old setting has been used, but please update your config.
[2026-05-30T12:00:01.371+0700] {taskinstance.py:3122} INFO - Exporting env vars: AIRFLOW_CTX_DAG_OWNER='remosy_admin' AIRFLOW_CTX_DAG_ID='dag_scraping_daily' AIRFLOW_CTX_TASK_ID='task_scrape_news' AIRFLOW_CTX_EXECUTION_DATE='2026-05-29T17:00:00+00:00' AIRFLOW_CTX_TRY_NUMBER='1' AIRFLOW_CTX_DAG_RUN_ID='scheduled__2026-05-29T17:00:00+00:00'
[2026-05-30T12:00:01.372+0700] {taskinstance.py:731} INFO - ::endgroup::
[2026-05-30T12:00:02.677+0700] {logging_mixin.py:190} INFO - 🚀 Memulai Job Scraping Google News (Mode Dinamis via Database)...
[2026-05-30T12:00:02.700+0700] {logging_mixin.py:190} INFO - 📋 Menggunakan 4 Kata Kunci dari Database: ['UNSIKA', 'Universitas Singaperbangsa Karawang', 'Unsika', 'Rektor UNSIKA']
[2026-05-30T12:00:02.707+0700] {logging_mixin.py:190} INFO - 📚 Database memiliki 451 berita lama.
[2026-05-30T12:00:02.708+0700] {logging_mixin.py:190} INFO - 🔎 Sedang mencari: 'UNSIKA'...
[2026-05-30T12:00:03.623+0700] {logging_mixin.py:190} INFO -    ✅ Menyimpan 1 berita BARU.
[2026-05-30T12:00:03.625+0700] {logging_mixin.py:190} INFO - 🔎 Sedang mencari: 'Universitas Singaperbangsa Karawang'...
[2026-05-30T12:00:04.507+0700] {logging_mixin.py:190} INFO -    ✅ Menyimpan 6 berita BARU.
[2026-05-30T12:00:04.507+0700] {logging_mixin.py:190} INFO - 🔎 Sedang mencari: 'Unsika'...
[2026-05-30T12:00:05.159+0700] {logging_mixin.py:190} INFO -    ℹ️  Dapat berita, tapi semuanya duplikat (Skip).
[2026-05-30T12:00:05.159+0700] {logging_mixin.py:190} INFO - 🔎 Sedang mencari: 'Rektor UNSIKA'...
[2026-05-30T12:00:05.691+0700] {logging_mixin.py:190} INFO -    ✅ Menyimpan 1 berita BARU.
[2026-05-30T12:00:05.692+0700] {logging_mixin.py:190} INFO - 🏁 Job Selesai. Total 8 berita baru ditambahkan hari ini.
[2026-05-30T12:00:05.693+0700] {python.py:240} INFO - Done. Returned value was: None
[2026-05-30T12:00:05.703+0700] {taskinstance.py:340} INFO - ::group::Post task execution logs
[2026-05-30T12:00:05.704+0700] {taskinstance.py:352} INFO - Marking task as SUCCESS. dag_id=dag_scraping_daily, task_id=task_scrape_news, run_id=scheduled__2026-05-29T17:00:00+00:00, execution_date=20260529T170000, start_date=20260530T050001, end_date=20260530T050005
[2026-05-30T12:00:05.733+0700] {local_task_job_runner.py:261} INFO - Task exited with return code 0
[2026-05-30T12:00:05.752+0700] {taskinstance.py:3891} INFO - 1 downstream tasks scheduled from follow-on schedule check
[2026-05-30T12:00:05.755+0700] {local_task_job_runner.py:240} INFO - ::endgroup::
