[2026-06-22T13:07:45.599+0700] {local_task_job_runner.py:123} INFO - ::group::Pre task execution logs
[2026-06-22T13:07:45.646+0700] {taskinstance.py:2603} INFO - Dependencies all met for dep_context=non-requeueable deps ti=<TaskInstance: remosy_master_end_to_end.process_news scheduled__2026-06-21T17:00:00+00:00 [queued]>
[2026-06-22T13:07:45.677+0700] {taskinstance.py:2603} INFO - Dependencies all met for dep_context=requeueable deps ti=<TaskInstance: remosy_master_end_to_end.process_news scheduled__2026-06-21T17:00:00+00:00 [queued]>
[2026-06-22T13:07:45.680+0700] {taskinstance.py:2856} INFO - Starting attempt 1 of 1
[2026-06-22T13:07:45.710+0700] {taskinstance.py:2879} INFO - Executing <Task(PythonOperator): process_news> on 2026-06-21 17:00:00+00:00
[2026-06-22T13:07:45.730+0700] {logging_mixin.py:190} WARNING - /home/***/.local/lib/python3.12/site-packages/***/task/task_runner/standard_task_runner.py:70 DeprecationWarning: This process (pid=6553) is multi-threaded, use of fork() may lead to deadlocks in the child.
[2026-06-22T13:07:45.730+0700] {standard_task_runner.py:104} INFO - Running: ['***', 'tasks', 'run', 'remosy_master_end_to_end', 'process_news', 'scheduled__2026-06-21T17:00:00+00:00', '--job-id', '597', '--raw', '--subdir', 'DAGS_FOLDER/dag_remosy_master.py', '--cfg-path', '/tmp/tmp_p92amy3']
[2026-06-22T13:07:45.736+0700] {standard_task_runner.py:72} INFO - Started process 6562 to run task
[2026-06-22T13:07:45.736+0700] {standard_task_runner.py:105} INFO - Job 597: Subtask process_news
[2026-06-22T13:07:45.768+0700] {logging_mixin.py:190} WARNING - /home/***/.local/lib/python3.12/site-packages/***/settings.py:209 DeprecationWarning: The sql_alchemy_conn option in [core] has been moved to the sql_alchemy_conn option in [database] - the old setting has been used, but please update your config.
[2026-06-22T13:07:45.853+0700] {task_command.py:467} INFO - Running <TaskInstance: remosy_master_end_to_end.process_news scheduled__2026-06-21T17:00:00+00:00 [running]> on host df0dddc984af
[2026-06-22T13:07:45.856+0700] {logging_mixin.py:190} WARNING - /home/***/.local/lib/python3.12/site-packages/***/settings.py:449 DeprecationWarning: The sql_alchemy_conn option in [core] has been moved to the sql_alchemy_conn option in [database] - the old setting has been used, but please update your config.
[2026-06-22T13:07:45.746+0700] {taskinstance.py:3122} INFO - Exporting env vars: AIRFLOW_CTX_DAG_OWNER='remosy' AIRFLOW_CTX_DAG_ID='remosy_master_end_to_end' AIRFLOW_CTX_TASK_ID='process_news' AIRFLOW_CTX_EXECUTION_DATE='2026-06-21T17:00:00+00:00' AIRFLOW_CTX_TRY_NUMBER='1' AIRFLOW_CTX_DAG_RUN_ID='scheduled__2026-06-21T17:00:00+00:00'
[2026-06-22T13:07:45.752+0700] {taskinstance.py:731} INFO - ::endgroup::
[2026-06-22T13:08:14.265+0700] {logging_mixin.py:190} INFO - 🚀 Memulai Job Pemrosesan Berita (Cleaning + Sentiment)...
[2026-06-22T13:08:14.303+0700] {logging_mixin.py:190} INFO - ❌ Error membaca database: (psycopg2.errors.UndefinedColumn) column r.content does not exist
LINE 2:             SELECT r.id, r.title, r.content
                                          ^

[SQL: 
            SELECT r.id, r.title, r.content
            FROM news_raw r
                     LEFT JOIN news_processed p ON r.id = p.news_id
            WHERE p.news_id IS NULL LIMIT 500             ]
(Background on this error at: https://sqlalche.me/e/14/f405)
[2026-06-22T13:08:14.304+0700] {python.py:240} INFO - Done. Returned value was: None
[2026-06-22T13:08:14.329+0700] {taskinstance.py:340} INFO - ::group::Post task execution logs
[2026-06-22T13:08:14.330+0700] {taskinstance.py:352} INFO - Marking task as SUCCESS. dag_id=remosy_master_end_to_end, task_id=process_news, run_id=scheduled__2026-06-21T17:00:00+00:00, execution_date=20260621T170000, start_date=20260622T060745, end_date=20260622T060814
[2026-06-22T13:08:14.460+0700] {local_task_job_runner.py:261} INFO - Task exited with return code 0
[2026-06-22T13:08:14.493+0700] {taskinstance.py:3891} INFO - 0 downstream tasks scheduled from follow-on schedule check
[2026-06-22T13:08:14.496+0700] {local_task_job_runner.py:240} INFO - ::endgroup::
