[2026-06-22T12:45:46.489+0700] {local_task_job_runner.py:123} INFO - ::group::Pre task execution logs
[2026-06-22T12:45:46.536+0700] {taskinstance.py:2603} INFO - Dependencies all met for dep_context=non-requeueable deps ti=<TaskInstance: remosy_master_end_to_end.scrape_news scheduled__2026-06-21T17:00:00+00:00 [queued]>
[2026-06-22T12:45:46.556+0700] {taskinstance.py:2603} INFO - Dependencies all met for dep_context=requeueable deps ti=<TaskInstance: remosy_master_end_to_end.scrape_news scheduled__2026-06-21T17:00:00+00:00 [queued]>
[2026-06-22T12:45:46.556+0700] {taskinstance.py:2856} INFO - Starting attempt 1 of 1
[2026-06-22T12:45:46.610+0700] {taskinstance.py:2879} INFO - Executing <Task(PythonOperator): scrape_news> on 2026-06-21 17:00:00+00:00
[2026-06-22T12:45:46.631+0700] {standard_task_runner.py:104} INFO - Running: ['***', 'tasks', 'run', 'remosy_master_end_to_end', 'scrape_news', 'scheduled__2026-06-21T17:00:00+00:00', '--job-id', '596', '--raw', '--subdir', 'DAGS_FOLDER/dag_remosy_master.py', '--cfg-path', '/tmp/tmpks98ztc2']
[2026-06-22T12:45:46.633+0700] {logging_mixin.py:190} WARNING - /home/***/.local/lib/python3.12/site-packages/***/task/task_runner/standard_task_runner.py:70 DeprecationWarning: This process (pid=6510) is multi-threaded, use of fork() may lead to deadlocks in the child.
[2026-06-22T12:45:46.635+0700] {standard_task_runner.py:105} INFO - Job 596: Subtask scrape_news
[2026-06-22T12:45:46.635+0700] {standard_task_runner.py:72} INFO - Started process 6512 to run task
[2026-06-22T12:45:46.669+0700] {logging_mixin.py:190} WARNING - /home/***/.local/lib/python3.12/site-packages/***/settings.py:209 DeprecationWarning: The sql_alchemy_conn option in [core] has been moved to the sql_alchemy_conn option in [database] - the old setting has been used, but please update your config.
[2026-06-22T12:45:46.760+0700] {task_command.py:467} INFO - Running <TaskInstance: remosy_master_end_to_end.scrape_news scheduled__2026-06-21T17:00:00+00:00 [running]> on host df0dddc984af
[2026-06-22T12:45:46.764+0700] {logging_mixin.py:190} WARNING - /home/***/.local/lib/python3.12/site-packages/***/settings.py:449 DeprecationWarning: The sql_alchemy_conn option in [core] has been moved to the sql_alchemy_conn option in [database] - the old setting has been used, but please update your config.
[2026-06-22T12:45:47.050+0700] {taskinstance.py:3122} INFO - Exporting env vars: AIRFLOW_CTX_DAG_OWNER='remosy' AIRFLOW_CTX_DAG_ID='remosy_master_end_to_end' AIRFLOW_CTX_TASK_ID='scrape_news' AIRFLOW_CTX_EXECUTION_DATE='2026-06-21T17:00:00+00:00' AIRFLOW_CTX_TRY_NUMBER='1' AIRFLOW_CTX_DAG_RUN_ID='scheduled__2026-06-21T17:00:00+00:00'
[2026-06-22T12:45:47.056+0700] {taskinstance.py:731} INFO - ::endgroup::
[2026-06-22T13:07:26.418+0700] {job.py:229} INFO - Heartbeat recovered after 1300.13 seconds
[2026-06-22T13:07:37.117+0700] {logging_mixin.py:190} INFO - 🚀 Memulai Job Scraping Google News (Relational Schema)...
[2026-06-22T13:07:38.308+0700] {logging_mixin.py:190} INFO - 🔎 Sedang mencari: 'UNSIKA' (ID: 1)...
[2026-06-22T13:07:41.428+0700] {logging_mixin.py:190} INFO -    ✅ Menyimpan 2 berita BARU (Relasi ID: 1).
[2026-06-22T13:07:41.430+0700] {logging_mixin.py:190} INFO - 🔎 Sedang mencari: 'Universitas Singaperbangsa Karawang' (ID: 2)...
[2026-06-22T13:07:42.281+0700] {logging_mixin.py:190} INFO -    ℹ️  Dapat berita, tapi semuanya duplikat.
[2026-06-22T13:07:42.287+0700] {logging_mixin.py:190} INFO - 🔎 Sedang mencari: 'unsikuy' (ID: 3)...
[2026-06-22T13:07:42.809+0700] {logging_mixin.py:190} INFO -    ⚠️ Tidak ditemukan berita.
[2026-06-22T13:07:42.819+0700] {logging_mixin.py:190} INFO - 🔎 Sedang mencari: 'Fasilkom UNSIKA' (ID: 4)...
[2026-06-22T13:07:43.354+0700] {logging_mixin.py:190} INFO -    ✅ Menyimpan 10 berita BARU (Relasi ID: 4).
[2026-06-22T13:07:43.360+0700] {logging_mixin.py:190} INFO - 🏁 Job Selesai. Total 12 berita baru.
[2026-06-22T13:07:43.364+0700] {python.py:240} INFO - Done. Returned value was: None
[2026-06-22T13:07:43.386+0700] {taskinstance.py:340} INFO - ::group::Post task execution logs
[2026-06-22T13:07:43.388+0700] {taskinstance.py:352} INFO - Marking task as SUCCESS. dag_id=remosy_master_end_to_end, task_id=scrape_news, run_id=scheduled__2026-06-21T17:00:00+00:00, execution_date=20260621T170000, start_date=20260622T054546, end_date=20260622T060743
[2026-06-22T13:07:43.535+0700] {local_task_job_runner.py:261} INFO - Task exited with return code 0
[2026-06-22T13:07:43.597+0700] {taskinstance.py:3891} INFO - 1 downstream tasks scheduled from follow-on schedule check
[2026-06-22T13:07:43.602+0700] {local_task_job_runner.py:240} INFO - ::endgroup::
