[2026-06-14T10:54:46.243+0700] {local_task_job_runner.py:123} INFO - ::group::Pre task execution logs
[2026-06-14T10:54:46.271+0700] {taskinstance.py:2603} INFO - Dependencies all met for dep_context=non-requeueable deps ti=<TaskInstance: remosy_master_end_to_end.process_news scheduled__2026-06-11T17:00:00+00:00 [queued]>
[2026-06-14T10:54:46.282+0700] {taskinstance.py:2603} INFO - Dependencies all met for dep_context=requeueable deps ti=<TaskInstance: remosy_master_end_to_end.process_news scheduled__2026-06-11T17:00:00+00:00 [queued]>
[2026-06-14T10:54:46.287+0700] {taskinstance.py:2856} INFO - Starting attempt 1 of 1
[2026-06-14T10:54:46.312+0700] {taskinstance.py:2879} INFO - Executing <Task(PythonOperator): process_news> on 2026-06-11 17:00:00+00:00
[2026-06-14T10:54:46.330+0700] {standard_task_runner.py:104} INFO - Running: ['***', 'tasks', 'run', 'remosy_master_end_to_end', 'process_news', 'scheduled__2026-06-11T17:00:00+00:00', '--job-id', '446', '--raw', '--subdir', 'DAGS_FOLDER/dag_remosy_master.py', '--cfg-path', '/tmp/tmpedkfaimc']
[2026-06-14T10:54:46.338+0700] {standard_task_runner.py:105} INFO - Job 446: Subtask process_news
[2026-06-14T10:54:46.334+0700] {logging_mixin.py:190} WARNING - /home/***/.local/lib/python3.12/site-packages/***/task/task_runner/standard_task_runner.py:70 DeprecationWarning: This process (pid=221) is multi-threaded, use of fork() may lead to deadlocks in the child.
[2026-06-14T10:54:46.343+0700] {standard_task_runner.py:72} INFO - Started process 223 to run task
[2026-06-14T10:54:46.366+0700] {logging_mixin.py:190} WARNING - /home/***/.local/lib/python3.12/site-packages/***/settings.py:209 DeprecationWarning: The sql_alchemy_conn option in [core] has been moved to the sql_alchemy_conn option in [database] - the old setting has been used, but please update your config.
[2026-06-14T10:54:46.418+0700] {task_command.py:467} INFO - Running <TaskInstance: remosy_master_end_to_end.process_news scheduled__2026-06-11T17:00:00+00:00 [running]> on host 6b105ef65571
[2026-06-14T10:54:46.420+0700] {logging_mixin.py:190} WARNING - /home/***/.local/lib/python3.12/site-packages/***/settings.py:449 DeprecationWarning: The sql_alchemy_conn option in [core] has been moved to the sql_alchemy_conn option in [database] - the old setting has been used, but please update your config.
[2026-06-14T10:54:46.496+0700] {taskinstance.py:3122} INFO - Exporting env vars: AIRFLOW_CTX_DAG_OWNER='remosy' AIRFLOW_CTX_DAG_ID='remosy_master_end_to_end' AIRFLOW_CTX_TASK_ID='process_news' AIRFLOW_CTX_EXECUTION_DATE='2026-06-11T17:00:00+00:00' AIRFLOW_CTX_TRY_NUMBER='1' AIRFLOW_CTX_DAG_RUN_ID='scheduled__2026-06-11T17:00:00+00:00'
[2026-06-14T10:54:46.497+0700] {taskinstance.py:731} INFO - ::endgroup::
[2026-06-14T10:54:55.763+0700] {logging_mixin.py:190} INFO - 🚀 Memulai Job Pemrosesan Berita (Smart Sentiment & Relevance Filter)...
[2026-06-14T10:54:55.781+0700] {logging_mixin.py:190} INFO -    ❌ Gagal baca DB: (psycopg2.errors.UndefinedTable) relation "news_processed" does not exist
LINE 4:                      LEFT JOIN news_processed np ON nr.id = ...
                                       ^

[SQL: 
            SELECT nr.id, nr.title, nr.source
            FROM news_raw nr
                     LEFT JOIN news_processed np ON nr.id = np.news_id
            WHERE np.news_id IS NULL             ]
(Background on this error at: https://sqlalche.me/e/14/f405)
[2026-06-14T10:54:55.782+0700] {python.py:240} INFO - Done. Returned value was: None
[2026-06-14T10:54:55.795+0700] {taskinstance.py:340} INFO - ::group::Post task execution logs
[2026-06-14T10:54:55.796+0700] {taskinstance.py:352} INFO - Marking task as SUCCESS. dag_id=remosy_master_end_to_end, task_id=process_news, run_id=scheduled__2026-06-11T17:00:00+00:00, execution_date=20260611T170000, start_date=20260614T035446, end_date=20260614T035455
[2026-06-14T10:54:55.882+0700] {local_task_job_runner.py:261} INFO - Task exited with return code 0
[2026-06-14T10:54:55.910+0700] {taskinstance.py:3891} INFO - 0 downstream tasks scheduled from follow-on schedule check
[2026-06-14T10:54:55.913+0700] {local_task_job_runner.py:240} INFO - ::endgroup::
