[2026-02-12T18:29:45.771+0700] {local_task_job_runner.py:123} INFO - ::group::Pre task execution logs
[2026-02-12T18:29:45.809+0700] {taskinstance.py:2603} INFO - Dependencies all met for dep_context=non-requeueable deps ti=<TaskInstance: dag_scraping_twitter.task_scrape_twitter manual__2026-02-12T11:29:44.344646+00:00 [queued]>
[2026-02-12T18:29:45.832+0700] {taskinstance.py:2603} INFO - Dependencies all met for dep_context=requeueable deps ti=<TaskInstance: dag_scraping_twitter.task_scrape_twitter manual__2026-02-12T11:29:44.344646+00:00 [queued]>
[2026-02-12T18:29:45.833+0700] {taskinstance.py:2856} INFO - Starting attempt 1 of 1
[2026-02-12T18:29:45.863+0700] {taskinstance.py:2879} INFO - Executing <Task(PythonOperator): task_scrape_twitter> on 2026-02-12 11:29:44.344646+00:00
[2026-02-12T18:29:45.882+0700] {logging_mixin.py:190} WARNING - /home/***/.local/lib/python3.12/site-packages/***/task/task_runner/standard_task_runner.py:70 DeprecationWarning: This process (pid=377) is multi-threaded, use of fork() may lead to deadlocks in the child.
[2026-02-12T18:29:45.886+0700] {standard_task_runner.py:72} INFO - Started process 378 to run task
[2026-02-12T18:29:45.883+0700] {standard_task_runner.py:104} INFO - Running: ['***', 'tasks', 'run', 'dag_scraping_twitter', 'task_scrape_twitter', 'manual__2026-02-12T11:29:44.344646+00:00', '--job-id', '102', '--raw', '--subdir', 'DAGS_FOLDER/dag_scraping_twitter.py', '--cfg-path', '/tmp/tmpw1s3ximy']
[2026-02-12T18:29:45.891+0700] {standard_task_runner.py:105} INFO - Job 102: Subtask task_scrape_twitter
[2026-02-12T18:29:45.918+0700] {logging_mixin.py:190} WARNING - /home/***/.local/lib/python3.12/site-packages/***/settings.py:209 DeprecationWarning: The sql_alchemy_conn option in [core] has been moved to the sql_alchemy_conn option in [database] - the old setting has been used, but please update your config.
[2026-02-12T18:29:46.005+0700] {task_command.py:467} INFO - Running <TaskInstance: dag_scraping_twitter.task_scrape_twitter manual__2026-02-12T11:29:44.344646+00:00 [running]> on host 72dd812d095d
[2026-02-12T18:29:46.169+0700] {taskinstance.py:3122} INFO - Exporting env vars: AIRFLOW_CTX_DAG_OWNER='remosy_admin' AIRFLOW_CTX_DAG_ID='dag_scraping_twitter' AIRFLOW_CTX_TASK_ID='task_scrape_twitter' AIRFLOW_CTX_EXECUTION_DATE='2026-02-12T11:29:44.344646+00:00' AIRFLOW_CTX_TRY_NUMBER='1' AIRFLOW_CTX_DAG_RUN_ID='manual__2026-02-12T11:29:44.344646+00:00'
[2026-02-12T18:29:46.172+0700] {taskinstance.py:731} INFO - ::endgroup::
[2026-02-12T18:29:47.001+0700] {logging_mixin.py:190} INFO - Memulai Job Scraping Twitter (Mode Cerdas)...
[2026-02-12T18:29:47.027+0700] {logging_mixin.py:190} INFO - Database saat ini memiliki 86 tweet.
[2026-02-12T18:29:47.028+0700] {logging_mixin.py:190} INFO - Mencari Tweet: unsika...
[2026-02-12T18:29:55.660+0700] {logging_mixin.py:190} INFO - Mencari Tweet: universitas singaperbangsa karawang...
[2026-02-12T18:29:56.182+0700] {logging_mixin.py:190} INFO - Mencari Tweet: mahasiswa unsika...
[2026-02-12T18:30:06.480+0700] {logging_mixin.py:190} INFO - Job Twitter Selesai. Total 0 tweet baru tersimpan.
[2026-02-12T18:30:06.481+0700] {python.py:240} INFO - Done. Returned value was: None
[2026-02-12T18:30:06.492+0700] {taskinstance.py:340} INFO - ::group::Post task execution logs
[2026-02-12T18:30:06.493+0700] {taskinstance.py:352} INFO - Marking task as SUCCESS. dag_id=dag_scraping_twitter, task_id=task_scrape_twitter, run_id=manual__2026-02-12T11:29:44.344646+00:00, execution_date=20260212T112944, start_date=20260212T112945, end_date=20260212T113006
[2026-02-12T18:30:06.531+0700] {local_task_job_runner.py:261} INFO - Task exited with return code 0
[2026-02-12T18:30:06.557+0700] {taskinstance.py:3891} INFO - 1 downstream tasks scheduled from follow-on schedule check
[2026-02-12T18:30:06.560+0700] {local_task_job_runner.py:240} INFO - ::endgroup::
