[2026-05-09T12:00:45.422+0700] {local_task_job_runner.py:123} INFO - ::group::Pre task execution logs
[2026-05-09T12:00:45.453+0700] {taskinstance.py:2603} INFO - Dependencies all met for dep_context=non-requeueable deps ti=<TaskInstance: dag_scraping_daily.task_process_sentiment scheduled__2026-05-08T05:00:00+00:00 [queued]>
[2026-05-09T12:00:45.468+0700] {taskinstance.py:2603} INFO - Dependencies all met for dep_context=requeueable deps ti=<TaskInstance: dag_scraping_daily.task_process_sentiment scheduled__2026-05-08T05:00:00+00:00 [queued]>
[2026-05-09T12:00:45.469+0700] {taskinstance.py:2856} INFO - Starting attempt 2 of 2
[2026-05-09T12:00:45.487+0700] {taskinstance.py:2879} INFO - Executing <Task(PythonOperator): task_process_sentiment> on 2026-05-08 05:00:00+00:00
[2026-05-09T12:00:45.498+0700] {logging_mixin.py:190} WARNING - /home/***/.local/lib/python3.12/site-packages/***/task/task_runner/standard_task_runner.py:70 DeprecationWarning: This process (pid=1621) is multi-threaded, use of fork() may lead to deadlocks in the child.
[2026-05-09T12:00:45.498+0700] {standard_task_runner.py:104} INFO - Running: ['***', 'tasks', 'run', 'dag_scraping_daily', 'task_process_sentiment', 'scheduled__2026-05-08T05:00:00+00:00', '--job-id', '313', '--raw', '--subdir', 'DAGS_FOLDER/dag_scraping_daily.py', '--cfg-path', '/tmp/tmpusx054hc']
[2026-05-09T12:00:45.500+0700] {standard_task_runner.py:72} INFO - Started process 1622 to run task
[2026-05-09T12:00:45.501+0700] {standard_task_runner.py:105} INFO - Job 313: Subtask task_process_sentiment
[2026-05-09T12:00:45.535+0700] {logging_mixin.py:190} WARNING - /home/***/.local/lib/python3.12/site-packages/***/settings.py:209 DeprecationWarning: The sql_alchemy_conn option in [core] has been moved to the sql_alchemy_conn option in [database] - the old setting has been used, but please update your config.
[2026-05-09T12:00:45.593+0700] {task_command.py:467} INFO - Running <TaskInstance: dag_scraping_daily.task_process_sentiment scheduled__2026-05-08T05:00:00+00:00 [running]> on host 8b64cf6ea013
[2026-05-09T12:00:45.595+0700] {logging_mixin.py:190} WARNING - /home/***/.local/lib/python3.12/site-packages/***/settings.py:449 DeprecationWarning: The sql_alchemy_conn option in [core] has been moved to the sql_alchemy_conn option in [database] - the old setting has been used, but please update your config.
[2026-05-09T12:00:45.717+0700] {taskinstance.py:3122} INFO - Exporting env vars: AIRFLOW_CTX_DAG_OWNER='remosy_admin' AIRFLOW_CTX_DAG_ID='dag_scraping_daily' AIRFLOW_CTX_TASK_ID='task_process_sentiment' AIRFLOW_CTX_EXECUTION_DATE='2026-05-08T05:00:00+00:00' AIRFLOW_CTX_TRY_NUMBER='2' AIRFLOW_CTX_DAG_RUN_ID='scheduled__2026-05-08T05:00:00+00:00'
[2026-05-09T12:00:45.718+0700] {taskinstance.py:731} INFO - ::endgroup::
[2026-05-09T12:00:54.494+0700] {logging_mixin.py:190} INFO - 🚀 Memulai Job Pemrosesan Berita (Smart Sentiment & Relevance Filter)...
[2026-05-09T12:00:54.521+0700] {logging_mixin.py:190} INFO -    ✅ Tidak ada berita baru untuk diproses.
[2026-05-09T12:00:54.522+0700] {python.py:240} INFO - Done. Returned value was: None
[2026-05-09T12:00:54.550+0700] {taskinstance.py:340} INFO - ::group::Post task execution logs
[2026-05-09T12:00:54.552+0700] {taskinstance.py:352} INFO - Marking task as SUCCESS. dag_id=dag_scraping_daily, task_id=task_process_sentiment, run_id=scheduled__2026-05-08T05:00:00+00:00, execution_date=20260508T050000, start_date=20260509T050045, end_date=20260509T050054
[2026-05-09T12:00:54.686+0700] {local_task_job_runner.py:261} INFO - Task exited with return code 0
[2026-05-09T12:00:54.726+0700] {taskinstance.py:3891} INFO - 0 downstream tasks scheduled from follow-on schedule check
[2026-05-09T12:00:54.748+0700] {local_task_job_runner.py:240} INFO - ::endgroup::
