[2026-06-14T12:00:00.506+0700] {local_task_job_runner.py:123} INFO - ::group::Pre task execution logs
[2026-06-14T12:00:00.519+0700] {taskinstance.py:2603} INFO - Dependencies all met for dep_context=non-requeueable deps ti=<TaskInstance: remosy_master_end_to_end.scrape_news scheduled__2026-06-13T17:00:00+00:00 [queued]>
[2026-06-14T12:00:00.528+0700] {taskinstance.py:2603} INFO - Dependencies all met for dep_context=requeueable deps ti=<TaskInstance: remosy_master_end_to_end.scrape_news scheduled__2026-06-13T17:00:00+00:00 [queued]>
[2026-06-14T12:00:00.529+0700] {taskinstance.py:2856} INFO - Starting attempt 1 of 1
[2026-06-14T12:00:00.542+0700] {taskinstance.py:2879} INFO - Executing <Task(PythonOperator): scrape_news> on 2026-06-13 17:00:00+00:00
[2026-06-14T12:00:00.551+0700] {logging_mixin.py:190} WARNING - /home/***/.local/lib/python3.12/site-packages/***/task/task_runner/standard_task_runner.py:70 DeprecationWarning: This process (pid=181) is multi-threaded, use of fork() may lead to deadlocks in the child.
[2026-06-14T12:00:00.553+0700] {standard_task_runner.py:72} INFO - Started process 184 to run task
[2026-06-14T12:00:00.551+0700] {standard_task_runner.py:104} INFO - Running: ['***', 'tasks', 'run', 'remosy_master_end_to_end', 'scrape_news', 'scheduled__2026-06-13T17:00:00+00:00', '--job-id', '457', '--raw', '--subdir', 'DAGS_FOLDER/dag_remosy_master.py', '--cfg-path', '/tmp/tmp6h9hw1ly']
[2026-06-14T12:00:00.554+0700] {standard_task_runner.py:105} INFO - Job 457: Subtask scrape_news
[2026-06-14T12:00:00.567+0700] {logging_mixin.py:190} WARNING - /home/***/.local/lib/python3.12/site-packages/***/settings.py:209 DeprecationWarning: The sql_alchemy_conn option in [core] has been moved to the sql_alchemy_conn option in [database] - the old setting has been used, but please update your config.
[2026-06-14T12:00:00.603+0700] {task_command.py:467} INFO - Running <TaskInstance: remosy_master_end_to_end.scrape_news scheduled__2026-06-13T17:00:00+00:00 [running]> on host d8c9575f30dc
[2026-06-14T12:00:00.605+0700] {logging_mixin.py:190} WARNING - /home/***/.local/lib/python3.12/site-packages/***/settings.py:449 DeprecationWarning: The sql_alchemy_conn option in [core] has been moved to the sql_alchemy_conn option in [database] - the old setting has been used, but please update your config.
[2026-06-14T12:00:00.694+0700] {taskinstance.py:3122} INFO - Exporting env vars: AIRFLOW_CTX_DAG_OWNER='remosy' AIRFLOW_CTX_DAG_ID='remosy_master_end_to_end' AIRFLOW_CTX_TASK_ID='scrape_news' AIRFLOW_CTX_EXECUTION_DATE='2026-06-13T17:00:00+00:00' AIRFLOW_CTX_TRY_NUMBER='1' AIRFLOW_CTX_DAG_RUN_ID='scheduled__2026-06-13T17:00:00+00:00'
[2026-06-14T12:00:00.695+0700] {taskinstance.py:731} INFO - ::endgroup::
[2026-06-14T12:00:02.518+0700] {logging_mixin.py:190} INFO - 🚀 Memulai Job Scraping Google News (Relational Schema)...
[2026-06-14T12:00:02.550+0700] {logging_mixin.py:190} INFO - ⚠️ Tabel keywords kosong. Harap isi tabel keywords di DBeaver terlebih dahulu.
[2026-06-14T12:00:02.550+0700] {python.py:240} INFO - Done. Returned value was: None
[2026-06-14T12:00:02.560+0700] {taskinstance.py:340} INFO - ::group::Post task execution logs
[2026-06-14T12:00:02.560+0700] {taskinstance.py:352} INFO - Marking task as SUCCESS. dag_id=remosy_master_end_to_end, task_id=scrape_news, run_id=scheduled__2026-06-13T17:00:00+00:00, execution_date=20260613T170000, start_date=20260614T050000, end_date=20260614T050002
[2026-06-14T12:00:02.612+0700] {local_task_job_runner.py:261} INFO - Task exited with return code 0
[2026-06-14T12:00:02.641+0700] {taskinstance.py:3891} INFO - 1 downstream tasks scheduled from follow-on schedule check
[2026-06-14T12:00:02.644+0700] {local_task_job_runner.py:240} INFO - ::endgroup::
