[2026-06-24T21:57:04.677+0700] {local_task_job_runner.py:123} INFO - ::group::Pre task execution logs
[2026-06-24T21:57:04.714+0700] {taskinstance.py:2603} INFO - Dependencies all met for dep_context=non-requeueable deps ti=<TaskInstance: remosy_master_end_to_end.scrape_twitter manual__2026-06-24T14:57:02.269786+00:00 [queued]>
[2026-06-24T21:57:04.737+0700] {taskinstance.py:2603} INFO - Dependencies all met for dep_context=requeueable deps ti=<TaskInstance: remosy_master_end_to_end.scrape_twitter manual__2026-06-24T14:57:02.269786+00:00 [queued]>
[2026-06-24T21:57:04.737+0700] {taskinstance.py:2856} INFO - Starting attempt 1 of 1
[2026-06-24T21:57:04.768+0700] {taskinstance.py:2879} INFO - Executing <Task(PythonOperator): scrape_twitter> on 2026-06-24 14:57:02.269786+00:00
[2026-06-24T21:57:04.792+0700] {logging_mixin.py:190} WARNING - /home/***/.local/lib/python3.12/site-packages/***/task/task_runner/standard_task_runner.py:70 DeprecationWarning: This process (pid=511) is multi-threaded, use of fork() may lead to deadlocks in the child.
[2026-06-24T21:57:04.790+0700] {standard_task_runner.py:104} INFO - Running: ['***', 'tasks', 'run', 'remosy_master_end_to_end', 'scrape_twitter', 'manual__2026-06-24T14:57:02.269786+00:00', '--job-id', '630', '--raw', '--subdir', 'DAGS_FOLDER/dag_remosy_master.py', '--cfg-path', '/tmp/tmpnhs5digh']
[2026-06-24T21:57:04.793+0700] {standard_task_runner.py:72} INFO - Started process 517 to run task
[2026-06-24T21:57:04.794+0700] {standard_task_runner.py:105} INFO - Job 630: Subtask scrape_twitter
[2026-06-24T21:57:04.822+0700] {logging_mixin.py:190} WARNING - /home/***/.local/lib/python3.12/site-packages/***/settings.py:209 DeprecationWarning: The sql_alchemy_conn option in [core] has been moved to the sql_alchemy_conn option in [database] - the old setting has been used, but please update your config.
[2026-06-24T21:57:04.880+0700] {task_command.py:467} INFO - Running <TaskInstance: remosy_master_end_to_end.scrape_twitter manual__2026-06-24T14:57:02.269786+00:00 [running]> on host 6737c8fa3ad3
[2026-06-24T21:57:05.055+0700] {taskinstance.py:3122} INFO - Exporting env vars: AIRFLOW_CTX_DAG_OWNER='remosy' AIRFLOW_CTX_DAG_ID='remosy_master_end_to_end' AIRFLOW_CTX_TASK_ID='scrape_twitter' AIRFLOW_CTX_EXECUTION_DATE='2026-06-24T14:57:02.269786+00:00' AIRFLOW_CTX_TRY_NUMBER='1' AIRFLOW_CTX_DAG_RUN_ID='manual__2026-06-24T14:57:02.269786+00:00'
[2026-06-24T21:57:05.057+0700] {taskinstance.py:731} INFO - ::endgroup::
[2026-06-24T21:57:08.422+0700] {logging_mixin.py:190} INFO - Memulai Job Scraping Twitter (Relational Schema)...
[2026-06-24T21:57:08.452+0700] {logging_mixin.py:190} INFO - Mencari Tweet: UNSIKA...
[2026-06-24T21:59:01.875+0700] {logging_mixin.py:190} INFO - Mencari Tweet: Universitas Singaperbangsa Karawang...
[2026-06-24T22:01:30.344+0700] {logging_mixin.py:190} INFO - Mencari Tweet: unsikuy...
[2026-06-24T22:01:35.764+0700] {logging_mixin.py:190} INFO - Mencari Tweet: Fasilkom UNSIKA...
[2026-06-24T22:03:59.455+0700] {logging_mixin.py:190} INFO -    Error Tweet-Harvest: No columns to parse from file
[2026-06-24T22:03:59.459+0700] {logging_mixin.py:190} INFO - Job Twitter Selesai. Total 0 tweet baru tersimpan.
[2026-06-24T22:03:59.472+0700] {python.py:240} INFO - Done. Returned value was: None
[2026-06-24T22:03:59.686+0700] {taskinstance.py:340} INFO - ::group::Post task execution logs
[2026-06-24T22:03:59.689+0700] {taskinstance.py:352} INFO - Marking task as SUCCESS. dag_id=remosy_master_end_to_end, task_id=scrape_twitter, run_id=manual__2026-06-24T14:57:02.269786+00:00, execution_date=20260624T145702, start_date=20260624T145704, end_date=20260624T150359
[2026-06-24T22:03:59.904+0700] {local_task_job_runner.py:261} INFO - Task exited with return code 0
[2026-06-24T22:04:00.159+0700] {taskinstance.py:3891} INFO - 1 downstream tasks scheduled from follow-on schedule check
[2026-06-24T22:04:00.171+0700] {local_task_job_runner.py:240} INFO - ::endgroup::
