[2026-03-08T00:00:01.604+0700] {local_task_job_runner.py:123} INFO - ::group::Pre task execution logs
[2026-03-08T00:00:01.623+0700] {taskinstance.py:2603} INFO - Dependencies all met for dep_context=non-requeueable deps ti=<TaskInstance: dag_scraping_daily.task_scrape_news scheduled__2026-03-07T05:00:00+00:00 [queued]>
[2026-03-08T00:00:01.634+0700] {taskinstance.py:2603} INFO - Dependencies all met for dep_context=requeueable deps ti=<TaskInstance: dag_scraping_daily.task_scrape_news scheduled__2026-03-07T05:00:00+00:00 [queued]>
[2026-03-08T00:00:01.635+0700] {taskinstance.py:2856} INFO - Starting attempt 1 of 2
[2026-03-08T00:00:01.653+0700] {taskinstance.py:2879} INFO - Executing <Task(PythonOperator): task_scrape_news> on 2026-03-07 05:00:00+00:00
[2026-03-08T00:00:01.662+0700] {logging_mixin.py:190} WARNING - /home/***/.local/lib/python3.12/site-packages/***/task/task_runner/standard_task_runner.py:70 DeprecationWarning: This process (pid=30186) is multi-threaded, use of fork() may lead to deadlocks in the child.
[2026-03-08T00:00:01.663+0700] {standard_task_runner.py:72} INFO - Started process 30191 to run task
[2026-03-08T00:00:01.662+0700] {standard_task_runner.py:104} INFO - Running: ['***', 'tasks', 'run', 'dag_scraping_daily', 'task_scrape_news', 'scheduled__2026-03-07T05:00:00+00:00', '--job-id', '205', '--raw', '--subdir', 'DAGS_FOLDER/dag_scraping_daily.py', '--cfg-path', '/tmp/tmpm1kby6bv']
[2026-03-08T00:00:01.666+0700] {standard_task_runner.py:105} INFO - Job 205: Subtask task_scrape_news
[2026-03-08T00:00:01.688+0700] {logging_mixin.py:190} WARNING - /home/***/.local/lib/python3.12/site-packages/***/settings.py:209 DeprecationWarning: The sql_alchemy_conn option in [core] has been moved to the sql_alchemy_conn option in [database] - the old setting has been used, but please update your config.
[2026-03-08T00:00:01.747+0700] {task_command.py:467} INFO - Running <TaskInstance: dag_scraping_daily.task_scrape_news scheduled__2026-03-07T05:00:00+00:00 [running]> on host c3e78cf34439
[2026-03-08T00:00:01.749+0700] {logging_mixin.py:190} WARNING - /home/***/.local/lib/python3.12/site-packages/***/settings.py:449 DeprecationWarning: The sql_alchemy_conn option in [core] has been moved to the sql_alchemy_conn option in [database] - the old setting has been used, but please update your config.
[2026-03-08T00:00:01.863+0700] {taskinstance.py:3122} INFO - Exporting env vars: AIRFLOW_CTX_DAG_OWNER='remosy_admin' AIRFLOW_CTX_DAG_ID='dag_scraping_daily' AIRFLOW_CTX_TASK_ID='task_scrape_news' AIRFLOW_CTX_EXECUTION_DATE='2026-03-07T05:00:00+00:00' AIRFLOW_CTX_TRY_NUMBER='1' AIRFLOW_CTX_DAG_RUN_ID='scheduled__2026-03-07T05:00:00+00:00'
[2026-03-08T00:00:01.864+0700] {taskinstance.py:731} INFO - ::endgroup::
[2026-03-08T00:00:02.393+0700] {logging_mixin.py:190} INFO - 🚀 Memulai Job Scraping Google News (Mode Dinamis via Database)...
[2026-03-08T00:00:02.414+0700] {logging_mixin.py:190} INFO - 📋 Menggunakan 3 Kata Kunci dari Database: ['UNSIKA', 'Universitas Singaperbangsa Karawang', 'Unsikuy']
[2026-03-08T00:00:02.419+0700] {logging_mixin.py:190} INFO - 📚 Database memiliki 385 berita lama.
[2026-03-08T00:00:02.420+0700] {logging_mixin.py:190} INFO - 🔎 Sedang mencari: 'UNSIKA'...
[2026-03-08T00:00:03.156+0700] {logging_mixin.py:190} INFO -    ✅ Menyimpan 1 berita BARU.
[2026-03-08T00:00:03.158+0700] {logging_mixin.py:190} INFO - 🔎 Sedang mencari: 'Universitas Singaperbangsa Karawang'...
[2026-03-08T00:00:03.818+0700] {logging_mixin.py:190} INFO -    ✅ Menyimpan 3 berita BARU.
[2026-03-08T00:00:03.819+0700] {logging_mixin.py:190} INFO - 🔎 Sedang mencari: 'Unsikuy'...
[2026-03-08T00:00:04.163+0700] {logging_mixin.py:190} INFO -    ⚠️ Tidak ditemukan berita di Google.
[2026-03-08T00:00:04.164+0700] {logging_mixin.py:190} INFO - 🏁 Job Selesai. Total 4 berita baru ditambahkan hari ini.
[2026-03-08T00:00:04.165+0700] {python.py:240} INFO - Done. Returned value was: None
[2026-03-08T00:00:04.177+0700] {taskinstance.py:340} INFO - ::group::Post task execution logs
[2026-03-08T00:00:04.178+0700] {taskinstance.py:352} INFO - Marking task as SUCCESS. dag_id=dag_scraping_daily, task_id=task_scrape_news, run_id=scheduled__2026-03-07T05:00:00+00:00, execution_date=20260307T050000, start_date=20260307T170001, end_date=20260307T170004
[2026-03-08T00:00:04.241+0700] {local_task_job_runner.py:261} INFO - Task exited with return code 0
[2026-03-08T00:00:04.278+0700] {taskinstance.py:3891} INFO - 1 downstream tasks scheduled from follow-on schedule check
[2026-03-08T00:00:04.282+0700] {local_task_job_runner.py:240} INFO - ::endgroup::
