[2026-05-31T06:00:01.507+0700] {local_task_job_runner.py:123} INFO - ::group::Pre task execution logs
[2026-05-31T06:00:01.533+0700] {taskinstance.py:2603} INFO - Dependencies all met for dep_context=non-requeueable deps ti=<TaskInstance: dag_scraping_twitter.task_scrape_twitter scheduled__2026-05-30T11:00:00+00:00 [queued]>
[2026-05-31T06:00:01.548+0700] {taskinstance.py:2603} INFO - Dependencies all met for dep_context=requeueable deps ti=<TaskInstance: dag_scraping_twitter.task_scrape_twitter scheduled__2026-05-30T11:00:00+00:00 [queued]>
[2026-05-31T06:00:01.549+0700] {taskinstance.py:2856} INFO - Starting attempt 1 of 1
[2026-05-31T06:00:01.574+0700] {taskinstance.py:2879} INFO - Executing <Task(PythonOperator): task_scrape_twitter> on 2026-05-30 11:00:00+00:00
[2026-05-31T06:00:01.590+0700] {logging_mixin.py:190} WARNING - /home/***/.local/lib/python3.12/site-packages/***/task/task_runner/standard_task_runner.py:70 DeprecationWarning: This process (pid=68222) is multi-threaded, use of fork() may lead to deadlocks in the child.
[2026-05-31T06:00:01.592+0700] {standard_task_runner.py:72} INFO - Started process 68223 to run task
[2026-05-31T06:00:01.590+0700] {standard_task_runner.py:104} INFO - Running: ['***', 'tasks', 'run', 'dag_scraping_twitter', 'task_scrape_twitter', 'scheduled__2026-05-30T11:00:00+00:00', '--job-id', '362', '--raw', '--subdir', 'DAGS_FOLDER/dag_scraping_twitter.py', '--cfg-path', '/tmp/tmpol110ht1']
[2026-05-31T06:00:01.594+0700] {standard_task_runner.py:105} INFO - Job 362: Subtask task_scrape_twitter
[2026-05-31T06:00:01.617+0700] {logging_mixin.py:190} WARNING - /home/***/.local/lib/python3.12/site-packages/***/settings.py:209 DeprecationWarning: The sql_alchemy_conn option in [core] has been moved to the sql_alchemy_conn option in [database] - the old setting has been used, but please update your config.
[2026-05-31T06:00:01.660+0700] {task_command.py:467} INFO - Running <TaskInstance: dag_scraping_twitter.task_scrape_twitter scheduled__2026-05-30T11:00:00+00:00 [running]> on host fd10d4ef5b00
[2026-05-31T06:00:01.661+0700] {logging_mixin.py:190} WARNING - /home/***/.local/lib/python3.12/site-packages/***/settings.py:449 DeprecationWarning: The sql_alchemy_conn option in [core] has been moved to the sql_alchemy_conn option in [database] - the old setting has been used, but please update your config.
[2026-05-31T06:00:01.791+0700] {taskinstance.py:3122} INFO - Exporting env vars: AIRFLOW_CTX_DAG_OWNER='remosy_admin' AIRFLOW_CTX_DAG_ID='dag_scraping_twitter' AIRFLOW_CTX_TASK_ID='task_scrape_twitter' AIRFLOW_CTX_EXECUTION_DATE='2026-05-30T11:00:00+00:00' AIRFLOW_CTX_TRY_NUMBER='1' AIRFLOW_CTX_DAG_RUN_ID='scheduled__2026-05-30T11:00:00+00:00'
[2026-05-31T06:00:01.793+0700] {taskinstance.py:731} INFO - ::endgroup::
[2026-05-31T06:00:04.569+0700] {logging_mixin.py:190} INFO - Memulai Job Scraping Twitter (Mode Cerdas)...
[2026-05-31T06:00:04.626+0700] {logging_mixin.py:190} INFO - Database saat ini memiliki 240 tweet.
[2026-05-31T06:00:04.627+0700] {logging_mixin.py:190} INFO - Mencari Tweet: unsika...
[2026-05-31T06:00:27.083+0700] {logging_mixin.py:190} INFO -    -> Berhasil menarik 60 tweet mentah dari X.
[2026-05-31T06:00:27.113+0700] {logging_mixin.py:190} INFO -    ✅ Menyimpan 18 tweet BARU ke database.
[2026-05-31T06:00:27.114+0700] {logging_mixin.py:190} INFO - Mencari Tweet: universitas singaperbangsa karawang...
[2026-05-31T06:02:56.101+0700] {logging_mixin.py:190} INFO -    -> Berhasil menarik 0 tweet mentah dari X.
[2026-05-31T06:02:56.102+0700] {logging_mixin.py:190} INFO - Mencari Tweet: mahasiswa unsika...
[2026-05-31T06:05:24.417+0700] {logging_mixin.py:190} INFO -    -> Berhasil menarik 34 tweet mentah dari X.
[2026-05-31T06:05:24.419+0700] {logging_mixin.py:190} INFO -    ℹ️ Info: Tidak ada tweet baru (semua tweet sudah ada di database).
[2026-05-31T06:05:24.420+0700] {logging_mixin.py:190} INFO - Job Twitter Selesai. Total 18 tweet baru tersimpan.
[2026-05-31T06:05:24.421+0700] {python.py:240} INFO - Done. Returned value was: None
[2026-05-31T06:05:24.442+0700] {taskinstance.py:340} INFO - ::group::Post task execution logs
[2026-05-31T06:05:24.443+0700] {taskinstance.py:352} INFO - Marking task as SUCCESS. dag_id=dag_scraping_twitter, task_id=task_scrape_twitter, run_id=scheduled__2026-05-30T11:00:00+00:00, execution_date=20260530T110000, start_date=20260530T230001, end_date=20260530T230524
[2026-05-31T06:05:24.509+0700] {local_task_job_runner.py:261} INFO - Task exited with return code 0
[2026-05-31T06:05:24.530+0700] {taskinstance.py:3891} INFO - 1 downstream tasks scheduled from follow-on schedule check
[2026-05-31T06:05:24.533+0700] {local_task_job_runner.py:240} INFO - ::endgroup::
