[2026-04-30T16:02:54.782+0700] {local_task_job_runner.py:123} INFO - ::group::Pre task execution logs
[2026-04-30T16:02:54.826+0700] {taskinstance.py:2603} INFO - Dependencies all met for dep_context=non-requeueable deps ti=<TaskInstance: dag_scraping_daily.task_scrape_news scheduled__2026-04-27T05:00:00+00:00 [queued]>
[2026-04-30T16:02:54.852+0700] {taskinstance.py:2603} INFO - Dependencies all met for dep_context=requeueable deps ti=<TaskInstance: dag_scraping_daily.task_scrape_news scheduled__2026-04-27T05:00:00+00:00 [queued]>
[2026-04-30T16:02:54.858+0700] {taskinstance.py:2856} INFO - Starting attempt 1 of 2
[2026-04-30T16:02:54.909+0700] {taskinstance.py:2879} INFO - Executing <Task(PythonOperator): task_scrape_news> on 2026-04-27 05:00:00+00:00
[2026-04-30T16:02:54.940+0700] {logging_mixin.py:190} WARNING - /home/***/.local/lib/python3.12/site-packages/***/task/task_runner/standard_task_runner.py:70 DeprecationWarning: This process (pid=188) is multi-threaded, use of fork() may lead to deadlocks in the child.
[2026-04-30T16:02:54.942+0700] {standard_task_runner.py:72} INFO - Started process 199 to run task
[2026-04-30T16:02:54.937+0700] {standard_task_runner.py:104} INFO - Running: ['***', 'tasks', 'run', 'dag_scraping_daily', 'task_scrape_news', 'scheduled__2026-04-27T05:00:00+00:00', '--job-id', '278', '--raw', '--subdir', 'DAGS_FOLDER/dag_scraping_daily.py', '--cfg-path', '/tmp/tmpnmxv8j45']
[2026-04-30T16:02:54.948+0700] {standard_task_runner.py:105} INFO - Job 278: Subtask task_scrape_news
[2026-04-30T16:02:54.989+0700] {logging_mixin.py:190} WARNING - /home/***/.local/lib/python3.12/site-packages/***/settings.py:209 DeprecationWarning: The sql_alchemy_conn option in [core] has been moved to the sql_alchemy_conn option in [database] - the old setting has been used, but please update your config.
[2026-04-30T16:02:55.090+0700] {task_command.py:467} INFO - Running <TaskInstance: dag_scraping_daily.task_scrape_news scheduled__2026-04-27T05:00:00+00:00 [running]> on host 93e2327bfebc
[2026-04-30T16:02:55.094+0700] {logging_mixin.py:190} WARNING - /home/***/.local/lib/python3.12/site-packages/***/settings.py:449 DeprecationWarning: The sql_alchemy_conn option in [core] has been moved to the sql_alchemy_conn option in [database] - the old setting has been used, but please update your config.
[2026-04-30T16:02:55.391+0700] {taskinstance.py:3122} INFO - Exporting env vars: AIRFLOW_CTX_DAG_OWNER='remosy_admin' AIRFLOW_CTX_DAG_ID='dag_scraping_daily' AIRFLOW_CTX_TASK_ID='task_scrape_news' AIRFLOW_CTX_EXECUTION_DATE='2026-04-27T05:00:00+00:00' AIRFLOW_CTX_TRY_NUMBER='1' AIRFLOW_CTX_DAG_RUN_ID='scheduled__2026-04-27T05:00:00+00:00'
[2026-04-30T16:02:55.398+0700] {taskinstance.py:731} INFO - ::endgroup::
[2026-04-30T16:03:03.098+0700] {logging_mixin.py:190} INFO - 🚀 Memulai Job Scraping Google News (Mode Dinamis via Database)...
[2026-04-30T16:03:03.222+0700] {logging_mixin.py:190} INFO - 📋 Menggunakan 3 Kata Kunci dari Database: ['UNSIKA', 'Universitas Singaperbangsa Karawang', 'Unsikuy']
[2026-04-30T16:03:03.238+0700] {logging_mixin.py:190} INFO - 📚 Database memiliki 358 berita lama.
[2026-04-30T16:03:03.246+0700] {logging_mixin.py:190} INFO - 🔎 Sedang mencari: 'UNSIKA'...
[2026-04-30T16:03:05.105+0700] {logging_mixin.py:190} INFO -    ✅ Menyimpan 4 berita BARU.
[2026-04-30T16:03:05.146+0700] {logging_mixin.py:190} INFO - 🔎 Sedang mencari: 'Universitas Singaperbangsa Karawang'...
[2026-04-30T16:03:07.753+0700] {logging_mixin.py:190} INFO -    ✅ Menyimpan 6 berita BARU.
[2026-04-30T16:03:07.770+0700] {logging_mixin.py:190} INFO - 🔎 Sedang mencari: 'Unsikuy'...
[2026-04-30T16:03:08.944+0700] {logging_mixin.py:190} INFO -    ⚠️ Tidak ditemukan berita di Google.
[2026-04-30T16:03:08.957+0700] {logging_mixin.py:190} INFO - 🏁 Job Selesai. Total 10 berita baru ditambahkan hari ini.
[2026-04-30T16:03:08.961+0700] {python.py:240} INFO - Done. Returned value was: None
[2026-04-30T16:03:09.026+0700] {taskinstance.py:340} INFO - ::group::Post task execution logs
[2026-04-30T16:03:09.038+0700] {taskinstance.py:352} INFO - Marking task as SUCCESS. dag_id=dag_scraping_daily, task_id=task_scrape_news, run_id=scheduled__2026-04-27T05:00:00+00:00, execution_date=20260427T050000, start_date=20260430T090254, end_date=20260430T090309
[2026-04-30T16:03:09.175+0700] {local_task_job_runner.py:261} INFO - Task exited with return code 0
[2026-04-30T16:03:09.244+0700] {taskinstance.py:3891} INFO - 1 downstream tasks scheduled from follow-on schedule check
[2026-04-30T16:03:09.257+0700] {local_task_job_runner.py:240} INFO - ::endgroup::
