[2026-02-01T18:40:30.566+0700] {local_task_job_runner.py:123} INFO - ::group::Pre task execution logs
[2026-02-01T18:40:30.580+0700] {taskinstance.py:2603} INFO - Dependencies all met for dep_context=non-requeueable deps ti=<TaskInstance: dag_scraping_twitter.task_scrape_twitter scheduled__2026-01-31T17:00:00+00:00 [queued]>
[2026-02-01T18:40:30.588+0700] {taskinstance.py:2603} INFO - Dependencies all met for dep_context=requeueable deps ti=<TaskInstance: dag_scraping_twitter.task_scrape_twitter scheduled__2026-01-31T17:00:00+00:00 [queued]>
[2026-02-01T18:40:30.588+0700] {taskinstance.py:2856} INFO - Starting attempt 1 of 2
[2026-02-01T18:40:30.601+0700] {taskinstance.py:2879} INFO - Executing <Task(PythonOperator): task_scrape_twitter> on 2026-01-31 17:00:00+00:00
[2026-02-01T18:40:30.611+0700] {logging_mixin.py:190} WARNING - /home/***/.local/lib/python3.12/site-packages/***/task/task_runner/standard_task_runner.py:70 DeprecationWarning: This process (pid=422) is multi-threaded, use of fork() may lead to deadlocks in the child.
[2026-02-01T18:40:30.613+0700] {standard_task_runner.py:72} INFO - Started process 425 to run task
[2026-02-01T18:40:30.610+0700] {standard_task_runner.py:104} INFO - Running: ['***', 'tasks', 'run', 'dag_scraping_twitter', 'task_scrape_twitter', 'scheduled__2026-01-31T17:00:00+00:00', '--job-id', '19', '--raw', '--subdir', 'DAGS_FOLDER/dag_scraping_twitter.py', '--cfg-path', '/tmp/tmpzb5bn_ar']
[2026-02-01T18:40:30.614+0700] {standard_task_runner.py:105} INFO - Job 19: Subtask task_scrape_twitter
[2026-02-01T18:40:30.631+0700] {logging_mixin.py:190} WARNING - /home/***/.local/lib/python3.12/site-packages/***/settings.py:209 DeprecationWarning: The sql_alchemy_conn option in [core] has been moved to the sql_alchemy_conn option in [database] - the old setting has been used, but please update your config.
[2026-02-01T18:40:30.683+0700] {task_command.py:467} INFO - Running <TaskInstance: dag_scraping_twitter.task_scrape_twitter scheduled__2026-01-31T17:00:00+00:00 [running]> on host 65d49c715ce7
[2026-02-01T18:40:30.685+0700] {logging_mixin.py:190} WARNING - /home/***/.local/lib/python3.12/site-packages/***/settings.py:449 DeprecationWarning: The sql_alchemy_conn option in [core] has been moved to the sql_alchemy_conn option in [database] - the old setting has been used, but please update your config.
[2026-02-01T18:40:30.770+0700] {taskinstance.py:3122} INFO - Exporting env vars: AIRFLOW_CTX_DAG_OWNER='remosy_admin' AIRFLOW_CTX_DAG_ID='dag_scraping_twitter' AIRFLOW_CTX_TASK_ID='task_scrape_twitter' AIRFLOW_CTX_EXECUTION_DATE='2026-01-31T17:00:00+00:00' AIRFLOW_CTX_TRY_NUMBER='1' AIRFLOW_CTX_DAG_RUN_ID='scheduled__2026-01-31T17:00:00+00:00'
[2026-02-01T18:40:30.771+0700] {taskinstance.py:731} INFO - ::endgroup::
[2026-02-01T18:40:30.785+0700] {logging_mixin.py:190} INFO - Memulai Job Scraping Twitter...
[2026-02-01T18:40:30.786+0700] {logging_mixin.py:190} INFO - Membaca konfigurasi kata kunci...
[2026-02-01T18:40:30.804+0700] {logging_mixin.py:190} INFO - Target Keywords: ['Universitas Singaperbangsa Karawang', 'UNSIKA', 'Rektor UNSIKA']
[2026-02-01T18:40:36.074+0700] {logging_mixin.py:190} INFO - Memulai scraping Twitter untuk: Universitas Singaperbangsa Karawang...
[2026-02-01T18:40:36.076+0700] {logging_mixin.py:190} INFO - Error scraping Twitter: No instance specified and instance check skipped
[2026-02-01T18:40:39.308+0700] {logging_mixin.py:190} INFO - Memulai scraping Twitter untuk: UNSIKA...
[2026-02-01T18:40:39.310+0700] {logging_mixin.py:190} INFO - Error scraping Twitter: No instance specified and instance check skipped
[2026-02-01T18:40:43.505+0700] {logging_mixin.py:190} INFO - Memulai scraping Twitter untuk: Rektor UNSIKA...
[2026-02-01T18:40:43.509+0700] {logging_mixin.py:190} INFO - Error scraping Twitter: No instance specified and instance check skipped
[2026-02-01T18:40:43.515+0700] {logging_mixin.py:190} INFO - Tidak ada tweet baru ditemukan.
[2026-02-01T18:40:43.517+0700] {python.py:240} INFO - Done. Returned value was: None
[2026-02-01T18:40:43.541+0700] {taskinstance.py:340} INFO - ::group::Post task execution logs
[2026-02-01T18:40:43.542+0700] {taskinstance.py:352} INFO - Marking task as SUCCESS. dag_id=dag_scraping_twitter, task_id=task_scrape_twitter, run_id=scheduled__2026-01-31T17:00:00+00:00, execution_date=20260131T170000, start_date=20260201T114030, end_date=20260201T114043
[2026-02-01T18:40:43.588+0700] {local_task_job_runner.py:261} INFO - Task exited with return code 0
[2026-02-01T18:40:43.621+0700] {taskinstance.py:3891} INFO - 0 downstream tasks scheduled from follow-on schedule check
[2026-02-01T18:40:43.624+0700] {local_task_job_runner.py:240} INFO - ::endgroup::
