[2026-06-25T13:26:21.933+0700] {local_task_job_runner.py:123} INFO - ::group::Pre task execution logs
[2026-06-25T13:26:21.958+0700] {taskinstance.py:2603} INFO - Dependencies all met for dep_context=non-requeueable deps ti=<TaskInstance: remosy_master_end_to_end.scrape_twitter scheduled__2026-06-24T17:00:00+00:00 [queued]>
[2026-06-25T13:26:21.973+0700] {taskinstance.py:2603} INFO - Dependencies all met for dep_context=requeueable deps ti=<TaskInstance: remosy_master_end_to_end.scrape_twitter scheduled__2026-06-24T17:00:00+00:00 [queued]>
[2026-06-25T13:26:21.974+0700] {taskinstance.py:2856} INFO - Starting attempt 2 of 2
[2026-06-25T13:26:21.994+0700] {taskinstance.py:2879} INFO - Executing <Task(PythonOperator): scrape_twitter> on 2026-06-24 17:00:00+00:00
[2026-06-25T13:26:22.016+0700] {logging_mixin.py:190} WARNING - /home/***/.local/lib/python3.12/site-packages/***/task/task_runner/standard_task_runner.py:70 DeprecationWarning: This process (pid=30489) is multi-threaded, use of fork() may lead to deadlocks in the child.
[2026-06-25T13:26:22.016+0700] {standard_task_runner.py:104} INFO - Running: ['***', 'tasks', 'run', 'remosy_master_end_to_end', 'scrape_twitter', 'scheduled__2026-06-24T17:00:00+00:00', '--job-id', '665', '--raw', '--subdir', 'DAGS_FOLDER/dag_remosy_master.py', '--cfg-path', '/tmp/tmp93jwecmh']
[2026-06-25T13:26:22.018+0700] {standard_task_runner.py:72} INFO - Started process 30492 to run task
[2026-06-25T13:26:22.018+0700] {standard_task_runner.py:105} INFO - Job 665: Subtask scrape_twitter
[2026-06-25T13:26:22.040+0700] {logging_mixin.py:190} WARNING - /home/***/.local/lib/python3.12/site-packages/***/settings.py:209 DeprecationWarning: The sql_alchemy_conn option in [core] has been moved to the sql_alchemy_conn option in [database] - the old setting has been used, but please update your config.
[2026-06-25T13:26:22.098+0700] {task_command.py:467} INFO - Running <TaskInstance: remosy_master_end_to_end.scrape_twitter scheduled__2026-06-24T17:00:00+00:00 [running]> on host 6737c8fa3ad3
[2026-06-25T13:26:22.099+0700] {logging_mixin.py:190} WARNING - /home/***/.local/lib/python3.12/site-packages/***/settings.py:449 DeprecationWarning: The sql_alchemy_conn option in [core] has been moved to the sql_alchemy_conn option in [database] - the old setting has been used, but please update your config.
[2026-06-25T13:26:22.250+0700] {taskinstance.py:3122} INFO - Exporting env vars: AIRFLOW_CTX_DAG_OWNER='remosy' AIRFLOW_CTX_DAG_ID='remosy_master_end_to_end' AIRFLOW_CTX_TASK_ID='scrape_twitter' AIRFLOW_CTX_EXECUTION_DATE='2026-06-24T17:00:00+00:00' AIRFLOW_CTX_TRY_NUMBER='2' AIRFLOW_CTX_DAG_RUN_ID='scheduled__2026-06-24T17:00:00+00:00'
[2026-06-25T13:26:22.252+0700] {taskinstance.py:731} INFO - ::endgroup::
[2026-06-25T13:26:23.173+0700] {logging_mixin.py:190} INFO - Memulai Job Scraping Twitter (Relational Schema)...
[2026-06-25T13:26:23.201+0700] {logging_mixin.py:190} INFO - Mencari Tweet: UNSIKA...
[2026-06-25T13:26:54.906+0700] {logging_mixin.py:190} INFO - Mencari Tweet: Universitas Singaperbangsa Karawang...
[2026-06-25T13:29:26.804+0700] {logging_mixin.py:190} INFO - Mencari Tweet: unsikuy...
[2026-06-25T13:31:54.357+0700] {logging_mixin.py:190} INFO - Mencari Tweet: Fasilkom UNSIKA...
[2026-06-25T13:34:24.509+0700] {logging_mixin.py:190} INFO -    Error Tweet-Harvest: No columns to parse from file
[2026-06-25T13:34:24.511+0700] {logging_mixin.py:190} INFO - Job Twitter Selesai. Total 0 tweet baru tersimpan.
[2026-06-25T13:34:24.518+0700] {python.py:240} INFO - Done. Returned value was: None
[2026-06-25T13:34:24.659+0700] {taskinstance.py:340} INFO - ::group::Post task execution logs
[2026-06-25T13:34:24.667+0700] {taskinstance.py:352} INFO - Marking task as SUCCESS. dag_id=remosy_master_end_to_end, task_id=scrape_twitter, run_id=scheduled__2026-06-24T17:00:00+00:00, execution_date=20260624T170000, start_date=20260625T062621, end_date=20260625T063424
[2026-06-25T13:34:24.787+0700] {local_task_job_runner.py:261} INFO - Task exited with return code 0
[2026-06-25T13:34:24.872+0700] {taskinstance.py:3891} INFO - 1 downstream tasks scheduled from follow-on schedule check
[2026-06-25T13:34:24.875+0700] {local_task_job_runner.py:240} INFO - ::endgroup::
