[2026-06-08T07:52:54.795+0700] {local_task_job_runner.py:123} INFO - ::group::Pre task execution logs
[2026-06-08T07:52:54.845+0700] {taskinstance.py:2603} INFO - Dependencies all met for dep_context=non-requeueable deps ti=<TaskInstance: dag_scraping_daily.task_scrape_news scheduled__2026-06-07T05:00:00+00:00 [queued]>
[2026-06-08T07:52:54.874+0700] {taskinstance.py:2603} INFO - Dependencies all met for dep_context=requeueable deps ti=<TaskInstance: dag_scraping_daily.task_scrape_news scheduled__2026-06-07T05:00:00+00:00 [queued]>
[2026-06-08T07:52:54.876+0700] {taskinstance.py:2856} INFO - Starting attempt 1 of 2
[2026-06-08T07:52:54.902+0700] {taskinstance.py:2879} INFO - Executing <Task(PythonOperator): task_scrape_news> on 2026-06-07 05:00:00+00:00
[2026-06-08T07:52:54.915+0700] {standard_task_runner.py:104} INFO - Running: ['***', 'tasks', 'run', 'dag_scraping_daily', 'task_scrape_news', 'scheduled__2026-06-07T05:00:00+00:00', '--job-id', '420', '--raw', '--subdir', 'DAGS_FOLDER/dag_scraping_daily.py', '--cfg-path', '/tmp/tmpn0pau_us']
[2026-06-08T07:52:54.919+0700] {logging_mixin.py:190} WARNING - /home/***/.local/lib/python3.12/site-packages/***/task/task_runner/standard_task_runner.py:70 DeprecationWarning: This process (pid=186) is multi-threaded, use of fork() may lead to deadlocks in the child.
[2026-06-08T07:52:54.920+0700] {standard_task_runner.py:105} INFO - Job 420: Subtask task_scrape_news
[2026-06-08T07:52:54.921+0700] {standard_task_runner.py:72} INFO - Started process 196 to run task
[2026-06-08T07:52:54.949+0700] {logging_mixin.py:190} WARNING - /home/***/.local/lib/python3.12/site-packages/***/settings.py:209 DeprecationWarning: The sql_alchemy_conn option in [core] has been moved to the sql_alchemy_conn option in [database] - the old setting has been used, but please update your config.
[2026-06-08T07:52:55.032+0700] {task_command.py:467} INFO - Running <TaskInstance: dag_scraping_daily.task_scrape_news scheduled__2026-06-07T05:00:00+00:00 [running]> on host c90a2982027f
[2026-06-08T07:52:55.035+0700] {logging_mixin.py:190} WARNING - /home/***/.local/lib/python3.12/site-packages/***/settings.py:449 DeprecationWarning: The sql_alchemy_conn option in [core] has been moved to the sql_alchemy_conn option in [database] - the old setting has been used, but please update your config.
[2026-06-08T07:52:55.419+0700] {taskinstance.py:3122} INFO - Exporting env vars: AIRFLOW_CTX_DAG_OWNER='remosy_admin' AIRFLOW_CTX_DAG_ID='dag_scraping_daily' AIRFLOW_CTX_TASK_ID='task_scrape_news' AIRFLOW_CTX_EXECUTION_DATE='2026-06-07T05:00:00+00:00' AIRFLOW_CTX_TRY_NUMBER='1' AIRFLOW_CTX_DAG_RUN_ID='scheduled__2026-06-07T05:00:00+00:00'
[2026-06-08T07:52:55.420+0700] {taskinstance.py:731} INFO - ::endgroup::
[2026-06-08T07:53:03.699+0700] {logging_mixin.py:190} INFO - 🚀 Memulai Job Scraping Google News (Mode Dinamis via Database)...
[2026-06-08T07:53:03.976+0700] {logging_mixin.py:190} INFO - 📋 Menggunakan 4 Kata Kunci dari Database: ['UNSIKA', 'Universitas Singaperbangsa Karawang', 'Unsika', 'Rektor UNSIKA']
[2026-06-08T07:53:03.999+0700] {logging_mixin.py:190} INFO - 📚 Database memiliki 481 berita lama.
[2026-06-08T07:53:04.000+0700] {logging_mixin.py:190} INFO - 🔎 Sedang mencari: 'UNSIKA'...
[2026-06-08T07:53:05.032+0700] {logging_mixin.py:190} INFO -    ✅ Menyimpan 1 berita BARU.
[2026-06-08T07:53:05.037+0700] {logging_mixin.py:190} INFO - 🔎 Sedang mencari: 'Universitas Singaperbangsa Karawang'...
[2026-06-08T07:53:06.146+0700] {logging_mixin.py:190} INFO -    ✅ Menyimpan 3 berita BARU.
[2026-06-08T07:53:06.150+0700] {logging_mixin.py:190} INFO - 🔎 Sedang mencari: 'Unsika'...
[2026-06-08T07:53:07.109+0700] {logging_mixin.py:190} INFO -    ℹ️  Dapat berita, tapi semuanya duplikat (Skip).
[2026-06-08T07:53:07.110+0700] {logging_mixin.py:190} INFO - 🔎 Sedang mencari: 'Rektor UNSIKA'...
[2026-06-08T07:53:07.967+0700] {logging_mixin.py:190} INFO -    ✅ Menyimpan 2 berita BARU.
[2026-06-08T07:53:07.968+0700] {logging_mixin.py:190} INFO - 🏁 Job Selesai. Total 6 berita baru ditambahkan hari ini.
[2026-06-08T07:53:07.970+0700] {python.py:240} INFO - Done. Returned value was: None
[2026-06-08T07:53:07.993+0700] {taskinstance.py:340} INFO - ::group::Post task execution logs
[2026-06-08T07:53:07.994+0700] {taskinstance.py:352} INFO - Marking task as SUCCESS. dag_id=dag_scraping_daily, task_id=task_scrape_news, run_id=scheduled__2026-06-07T05:00:00+00:00, execution_date=20260607T050000, start_date=20260608T005254, end_date=20260608T005307
[2026-06-08T07:53:08.051+0700] {local_task_job_runner.py:261} INFO - Task exited with return code 0
[2026-06-08T07:53:08.080+0700] {taskinstance.py:3891} INFO - 1 downstream tasks scheduled from follow-on schedule check
[2026-06-08T07:53:08.082+0700] {local_task_job_runner.py:240} INFO - ::endgroup::
