[2026-07-02T12:00:03.829+0700] {local_task_job_runner.py:123} INFO - ::group::Pre task execution logs
[2026-07-02T12:00:03.843+0700] {taskinstance.py:2603} INFO - Dependencies all met for dep_context=non-requeueable deps ti=<TaskInstance: remosy_master_end_to_end.process_news scheduled__2026-07-01T17:00:00+00:00 [queued]>
[2026-07-02T12:00:03.853+0700] {taskinstance.py:2603} INFO - Dependencies all met for dep_context=requeueable deps ti=<TaskInstance: remosy_master_end_to_end.process_news scheduled__2026-07-01T17:00:00+00:00 [queued]>
[2026-07-02T12:00:03.854+0700] {taskinstance.py:2856} INFO - Starting attempt 1 of 1
[2026-07-02T12:00:03.866+0700] {taskinstance.py:2879} INFO - Executing <Task(PythonOperator): process_news> on 2026-07-01 17:00:00+00:00
[2026-07-02T12:00:03.878+0700] {logging_mixin.py:190} WARNING - /home/***/.local/lib/python3.12/site-packages/***/task/task_runner/standard_task_runner.py:70 DeprecationWarning: This process (pid=7699) is multi-threaded, use of fork() may lead to deadlocks in the child.
[2026-07-02T12:00:03.879+0700] {standard_task_runner.py:72} INFO - Started process 7700 to run task
[2026-07-02T12:00:03.878+0700] {standard_task_runner.py:104} INFO - Running: ['***', 'tasks', 'run', 'remosy_master_end_to_end', 'process_news', 'scheduled__2026-07-01T17:00:00+00:00', '--job-id', '684', '--raw', '--subdir', 'DAGS_FOLDER/dag_remosy_master.py', '--cfg-path', '/tmp/tmpxgleykpr']
[2026-07-02T12:00:03.886+0700] {standard_task_runner.py:105} INFO - Job 684: Subtask process_news
[2026-07-02T12:00:03.904+0700] {logging_mixin.py:190} WARNING - /home/***/.local/lib/python3.12/site-packages/***/settings.py:209 DeprecationWarning: The sql_alchemy_conn option in [core] has been moved to the sql_alchemy_conn option in [database] - the old setting has been used, but please update your config.
[2026-07-02T12:00:03.937+0700] {task_command.py:467} INFO - Running <TaskInstance: remosy_master_end_to_end.process_news scheduled__2026-07-01T17:00:00+00:00 [running]> on host 79260bda3a39
[2026-07-02T12:00:03.939+0700] {logging_mixin.py:190} WARNING - /home/***/.local/lib/python3.12/site-packages/***/settings.py:449 DeprecationWarning: The sql_alchemy_conn option in [core] has been moved to the sql_alchemy_conn option in [database] - the old setting has been used, but please update your config.
[2026-07-02T12:00:04.025+0700] {taskinstance.py:3122} INFO - Exporting env vars: AIRFLOW_CTX_DAG_OWNER='remosy' AIRFLOW_CTX_DAG_ID='remosy_master_end_to_end' AIRFLOW_CTX_TASK_ID='process_news' AIRFLOW_CTX_EXECUTION_DATE='2026-07-01T17:00:00+00:00' AIRFLOW_CTX_TRY_NUMBER='1' AIRFLOW_CTX_DAG_RUN_ID='scheduled__2026-07-01T17:00:00+00:00'
[2026-07-02T12:00:04.026+0700] {taskinstance.py:731} INFO - ::endgroup::
[2026-07-02T12:00:15.779+0700] {logging_mixin.py:190} INFO - 🚀 Memulai Job Pemrosesan Berita (Cleaning + Sentiment)...
[2026-07-02T12:00:15.806+0700] {logging_mixin.py:190} INFO - ✅ Tidak ada berita baru untuk diproses.
[2026-07-02T12:00:15.807+0700] {python.py:240} INFO - Done. Returned value was: None
[2026-07-02T12:00:15.819+0700] {taskinstance.py:340} INFO - ::group::Post task execution logs
[2026-07-02T12:00:15.819+0700] {taskinstance.py:352} INFO - Marking task as SUCCESS. dag_id=remosy_master_end_to_end, task_id=process_news, run_id=scheduled__2026-07-01T17:00:00+00:00, execution_date=20260701T170000, start_date=20260702T050003, end_date=20260702T050015
[2026-07-02T12:00:15.856+0700] {local_task_job_runner.py:261} INFO - Task exited with return code 0
[2026-07-02T12:00:15.873+0700] {taskinstance.py:3891} INFO - 0 downstream tasks scheduled from follow-on schedule check
[2026-07-02T12:00:15.876+0700] {local_task_job_runner.py:240} INFO - ::endgroup::
