[2026-06-16T07:41:09.809+0700] {local_task_job_runner.py:123} INFO - ::group::Pre task execution logs
[2026-06-16T07:41:09.847+0700] {taskinstance.py:2603} INFO - Dependencies all met for dep_context=non-requeueable deps ti=<TaskInstance: remosy_master_end_to_end.process_news scheduled__2026-06-15T05:00:00+00:00 [queued]>
[2026-06-16T07:41:09.878+0700] {taskinstance.py:2603} INFO - Dependencies all met for dep_context=requeueable deps ti=<TaskInstance: remosy_master_end_to_end.process_news scheduled__2026-06-15T05:00:00+00:00 [queued]>
[2026-06-16T07:41:09.885+0700] {taskinstance.py:2856} INFO - Starting attempt 1 of 1
[2026-06-16T07:41:09.934+0700] {taskinstance.py:2879} INFO - Executing <Task(PythonOperator): process_news> on 2026-06-15 05:00:00+00:00
[2026-06-16T07:41:09.969+0700] {standard_task_runner.py:104} INFO - Running: ['***', 'tasks', 'run', 'remosy_master_end_to_end', 'process_news', 'scheduled__2026-06-15T05:00:00+00:00', '--job-id', '492', '--raw', '--subdir', 'DAGS_FOLDER/dag_remosy_master.py', '--cfg-path', '/tmp/tmpmbmz7rur']
[2026-06-16T07:41:09.970+0700] {logging_mixin.py:190} WARNING - /home/***/.local/lib/python3.12/site-packages/***/task/task_runner/standard_task_runner.py:70 DeprecationWarning: This process (pid=336) is multi-threaded, use of fork() may lead to deadlocks in the child.
[2026-06-16T07:41:09.980+0700] {standard_task_runner.py:105} INFO - Job 492: Subtask process_news
[2026-06-16T07:41:09.981+0700] {standard_task_runner.py:72} INFO - Started process 337 to run task
[2026-06-16T07:41:10.038+0700] {logging_mixin.py:190} WARNING - /home/***/.local/lib/python3.12/site-packages/***/settings.py:209 DeprecationWarning: The sql_alchemy_conn option in [core] has been moved to the sql_alchemy_conn option in [database] - the old setting has been used, but please update your config.
[2026-06-16T07:41:10.148+0700] {task_command.py:467} INFO - Running <TaskInstance: remosy_master_end_to_end.process_news scheduled__2026-06-15T05:00:00+00:00 [running]> on host 61dfca9b63ac
[2026-06-16T07:41:10.151+0700] {logging_mixin.py:190} WARNING - /home/***/.local/lib/python3.12/site-packages/***/settings.py:449 DeprecationWarning: The sql_alchemy_conn option in [core] has been moved to the sql_alchemy_conn option in [database] - the old setting has been used, but please update your config.
[2026-06-16T07:41:10.356+0700] {taskinstance.py:3122} INFO - Exporting env vars: AIRFLOW_CTX_DAG_OWNER='remosy' AIRFLOW_CTX_DAG_ID='remosy_master_end_to_end' AIRFLOW_CTX_TASK_ID='process_news' AIRFLOW_CTX_EXECUTION_DATE='2026-06-15T05:00:00+00:00' AIRFLOW_CTX_TRY_NUMBER='1' AIRFLOW_CTX_DAG_RUN_ID='scheduled__2026-06-15T05:00:00+00:00'
[2026-06-16T07:41:10.360+0700] {taskinstance.py:731} INFO - ::endgroup::
[2026-06-16T07:42:06.320+0700] {logging_mixin.py:190} INFO - 🚀 Memulai Job Pemrosesan Berita (Smart Sentiment & Relevance Filter)...
[2026-06-16T07:42:06.336+0700] {logging_mixin.py:190} INFO -    📦 Memproses 5 berita baru...
[2026-06-16T07:42:06.336+0700] {logging_mixin.py:190} INFO -    🤖 Sedang memuat model AI (IndoBERT)...
[2026-06-16T07:42:06.735+0700] {_client.py:1025} INFO - HTTP Request: GET https://huggingface.co/api/agent-harnesses "HTTP/1.1 200 OK"
[2026-06-16T07:42:06.989+0700] {_client.py:1025} INFO - HTTP Request: HEAD https://huggingface.co/w11wo/indonesian-roberta-base-sentiment-classifier/resolve/main/config.json "HTTP/1.1 307 Temporary Redirect"
[2026-06-16T07:42:06.991+0700] {logging_mixin.py:190} WARNING - Warning: You are sending unauthenticated requests to the HF Hub. Please set a HF_TOKEN to enable higher rate limits and faster downloads.
[2026-06-16T07:42:06.991+0700] {_http.py:904} WARNING - Warning: You are sending unauthenticated requests to the HF Hub. Please set a HF_TOKEN to enable higher rate limits and faster downloads.
[2026-06-16T07:42:07.009+0700] {_client.py:1025} INFO - HTTP Request: HEAD https://huggingface.co/api/resolve-cache/models/w11wo/indonesian-roberta-base-sentiment-classifier/ac452dcb0f4966130bba44f4ee0013bb5d52c282/config.json "HTTP/1.1 200 OK"
[2026-06-16T07:42:07.029+0700] {_client.py:1025} INFO - HTTP Request: GET https://huggingface.co/api/resolve-cache/models/w11wo/indonesian-roberta-base-sentiment-classifier/ac452dcb0f4966130bba44f4ee0013bb5d52c282/config.json "HTTP/1.1 200 OK"
[2026-06-16T07:42:07.335+0700] {_client.py:1025} INFO - HTTP Request: HEAD https://huggingface.co/w11wo/indonesian-roberta-base-sentiment-classifier/resolve/main/model.safetensors "HTTP/1.1 302 Found"
[2026-06-16T07:43:02.620+0700] {logging_mixin.py:190} WARNING - Loading weights:   0%|          | 0/201 [00:00<?, ?it/s]
[2026-06-16T07:43:02.651+0700] {logging_mixin.py:190} WARNING - Loading weights: 100%|##########| 201/201 [00:00<00:00, 7054.97it/s]
[2026-06-16T07:43:02.986+0700] {_client.py:1025} INFO - HTTP Request: HEAD https://huggingface.co/w11wo/indonesian-roberta-base-sentiment-classifier/resolve/main/tokenizer_config.json "HTTP/1.1 307 Temporary Redirect"
[2026-06-16T07:43:03.005+0700] {_client.py:1025} INFO - HTTP Request: HEAD https://huggingface.co/api/resolve-cache/models/w11wo/indonesian-roberta-base-sentiment-classifier/ac452dcb0f4966130bba44f4ee0013bb5d52c282/tokenizer_config.json "HTTP/1.1 200 OK"
[2026-06-16T07:43:03.022+0700] {_client.py:1025} INFO - HTTP Request: GET https://huggingface.co/api/resolve-cache/models/w11wo/indonesian-roberta-base-sentiment-classifier/ac452dcb0f4966130bba44f4ee0013bb5d52c282/tokenizer_config.json "HTTP/1.1 200 OK"
[2026-06-16T07:43:03.289+0700] {_client.py:1025} INFO - HTTP Request: GET https://huggingface.co/api/models/w11wo/indonesian-roberta-base-sentiment-classifier/tree/main/additional_chat_templates?recursive=false&expand=false "HTTP/1.1 404 Not Found"
[2026-06-16T07:43:03.558+0700] {_client.py:1025} INFO - HTTP Request: GET https://huggingface.co/api/models/w11wo/indonesian-roberta-base-sentiment-classifier/tree/main?recursive=true&expand=false "HTTP/1.1 200 OK"
[2026-06-16T07:43:03.820+0700] {_client.py:1025} INFO - HTTP Request: HEAD https://huggingface.co/w11wo/indonesian-roberta-base-sentiment-classifier/resolve/main/vocab.json "HTTP/1.1 307 Temporary Redirect"
[2026-06-16T07:43:03.838+0700] {_client.py:1025} INFO - HTTP Request: HEAD https://huggingface.co/api/resolve-cache/models/w11wo/indonesian-roberta-base-sentiment-classifier/ac452dcb0f4966130bba44f4ee0013bb5d52c282/vocab.json "HTTP/1.1 200 OK"
[2026-06-16T07:43:03.861+0700] {_client.py:1025} INFO - HTTP Request: GET https://huggingface.co/api/resolve-cache/models/w11wo/indonesian-roberta-base-sentiment-classifier/ac452dcb0f4966130bba44f4ee0013bb5d52c282/vocab.json "HTTP/1.1 200 OK"
[2026-06-16T07:43:04.160+0700] {_client.py:1025} INFO - HTTP Request: HEAD https://huggingface.co/w11wo/indonesian-roberta-base-sentiment-classifier/resolve/main/merges.txt "HTTP/1.1 307 Temporary Redirect"
[2026-06-16T07:43:04.177+0700] {_client.py:1025} INFO - HTTP Request: HEAD https://huggingface.co/api/resolve-cache/models/w11wo/indonesian-roberta-base-sentiment-classifier/ac452dcb0f4966130bba44f4ee0013bb5d52c282/merges.txt "HTTP/1.1 200 OK"
[2026-06-16T07:43:04.201+0700] {_client.py:1025} INFO - HTTP Request: GET https://huggingface.co/api/resolve-cache/models/w11wo/indonesian-roberta-base-sentiment-classifier/ac452dcb0f4966130bba44f4ee0013bb5d52c282/merges.txt "HTTP/1.1 200 OK"
[2026-06-16T07:43:04.462+0700] {_client.py:1025} INFO - HTTP Request: HEAD https://huggingface.co/w11wo/indonesian-roberta-base-sentiment-classifier/resolve/main/tokenizer.json "HTTP/1.1 307 Temporary Redirect"
[2026-06-16T07:43:04.480+0700] {_client.py:1025} INFO - HTTP Request: HEAD https://huggingface.co/api/resolve-cache/models/w11wo/indonesian-roberta-base-sentiment-classifier/ac452dcb0f4966130bba44f4ee0013bb5d52c282/tokenizer.json "HTTP/1.1 200 OK"
[2026-06-16T07:43:04.502+0700] {_client.py:1025} INFO - HTTP Request: GET https://huggingface.co/api/resolve-cache/models/w11wo/indonesian-roberta-base-sentiment-classifier/ac452dcb0f4966130bba44f4ee0013bb5d52c282/tokenizer.json "HTTP/1.1 200 OK"
[2026-06-16T07:43:04.809+0700] {_client.py:1025} INFO - HTTP Request: HEAD https://huggingface.co/w11wo/indonesian-roberta-base-sentiment-classifier/resolve/main/added_tokens.json "HTTP/1.1 404 Not Found"
[2026-06-16T07:43:05.060+0700] {_client.py:1025} INFO - HTTP Request: HEAD https://huggingface.co/w11wo/indonesian-roberta-base-sentiment-classifier/resolve/main/special_tokens_map.json "HTTP/1.1 307 Temporary Redirect"
[2026-06-16T07:43:05.079+0700] {_client.py:1025} INFO - HTTP Request: HEAD https://huggingface.co/api/resolve-cache/models/w11wo/indonesian-roberta-base-sentiment-classifier/ac452dcb0f4966130bba44f4ee0013bb5d52c282/special_tokens_map.json "HTTP/1.1 200 OK"
[2026-06-16T07:43:05.099+0700] {_client.py:1025} INFO - HTTP Request: GET https://huggingface.co/api/resolve-cache/models/w11wo/indonesian-roberta-base-sentiment-classifier/ac452dcb0f4966130bba44f4ee0013bb5d52c282/special_tokens_map.json "HTTP/1.1 200 OK"
[2026-06-16T07:43:05.357+0700] {_client.py:1025} INFO - HTTP Request: HEAD https://huggingface.co/w11wo/indonesian-roberta-base-sentiment-classifier/resolve/main/chat_template.jinja "HTTP/1.1 404 Not Found"
[2026-06-16T07:43:06.048+0700] {_client.py:1025} INFO - HTTP Request: HEAD https://huggingface.co/w11wo/indonesian-roberta-base-sentiment-classifier/resolve/main/processor_config.json "HTTP/1.1 404 Not Found"
[2026-06-16T07:43:06.326+0700] {_client.py:1025} INFO - HTTP Request: HEAD https://huggingface.co/w11wo/indonesian-roberta-base-sentiment-classifier/resolve/main/video_preprocessor_config.json "HTTP/1.1 404 Not Found"
[2026-06-16T07:43:06.611+0700] {_client.py:1025} INFO - HTTP Request: HEAD https://huggingface.co/w11wo/indonesian-roberta-base-sentiment-classifier/resolve/main/preprocessor_config.json "HTTP/1.1 404 Not Found"
[2026-06-16T07:43:06.789+0700] {logging_mixin.py:190} INFO -    Process: 'Peringati Hari Lingkungan Hidu...' -> Neutral
[2026-06-16T07:43:06.881+0700] {logging_mixin.py:190} INFO -    Process: '12.508 Peserta Ikuti UTBK SNBT...' -> Neutral
[2026-06-16T07:43:06.890+0700] {logging_mixin.py:190} INFO -    🗑️ HAPUS (Berita Nyasar): 'Pengembangan Usaha Kreatif, Mahasiswa UMB Rai...'
[2026-06-16T07:43:06.894+0700] {logging_mixin.py:190} INFO -    🗑️ HAPUS (Berita Nyasar): 'Mengabdi Puluhan Tahun, Masih Belum Nikmati T...'
[2026-06-16T07:43:07.002+0700] {logging_mixin.py:190} INFO -    Process: 'Unsika Gelar Seminar Nasional ...' -> Neutral
[2026-06-16T07:43:07.015+0700] {logging_mixin.py:190} INFO -    ✅ Sukses menyimpan 3 hasil analisis.
[2026-06-16T07:43:07.015+0700] {logging_mixin.py:190} INFO - 🏁 Job Selesai.
[2026-06-16T07:43:07.043+0700] {python.py:240} INFO - Done. Returned value was: None
[2026-06-16T07:43:07.053+0700] {taskinstance.py:340} INFO - ::group::Post task execution logs
[2026-06-16T07:43:07.054+0700] {taskinstance.py:352} INFO - Marking task as SUCCESS. dag_id=remosy_master_end_to_end, task_id=process_news, run_id=scheduled__2026-06-15T05:00:00+00:00, execution_date=20260615T050000, start_date=20260616T004109, end_date=20260616T004307
[2026-06-16T07:43:07.115+0700] {local_task_job_runner.py:261} INFO - Task exited with return code 0
[2026-06-16T07:43:07.142+0700] {taskinstance.py:3891} INFO - 0 downstream tasks scheduled from follow-on schedule check
[2026-06-16T07:43:07.144+0700] {local_task_job_runner.py:240} INFO - ::endgroup::
