[2026-06-16T12:29:52.406+0700] {local_task_job_runner.py:123} INFO - ::group::Pre task execution logs
[2026-06-16T12:29:52.421+0700] {taskinstance.py:2603} INFO - Dependencies all met for dep_context=non-requeueable deps ti=<TaskInstance: remosy_master_end_to_end.update_vector_db scheduled__2026-06-15T17:00:00+00:00 [queued]>
[2026-06-16T12:29:52.431+0700] {taskinstance.py:2603} INFO - Dependencies all met for dep_context=requeueable deps ti=<TaskInstance: remosy_master_end_to_end.update_vector_db scheduled__2026-06-15T17:00:00+00:00 [queued]>
[2026-06-16T12:29:52.431+0700] {taskinstance.py:2856} INFO - Starting attempt 2 of 2
[2026-06-16T12:29:52.445+0700] {taskinstance.py:2879} INFO - Executing <Task(PythonOperator): update_vector_db> on 2026-06-15 17:00:00+00:00
[2026-06-16T12:29:52.452+0700] {logging_mixin.py:190} WARNING - /home/***/.local/lib/python3.12/site-packages/***/task/task_runner/standard_task_runner.py:70 DeprecationWarning: This process (pid=13898) is multi-threaded, use of fork() may lead to deadlocks in the child.
[2026-06-16T12:29:52.453+0700] {standard_task_runner.py:72} INFO - Started process 13899 to run task
[2026-06-16T12:29:52.452+0700] {standard_task_runner.py:104} INFO - Running: ['***', 'tasks', 'run', 'remosy_master_end_to_end', 'update_vector_db', 'scheduled__2026-06-15T17:00:00+00:00', '--job-id', '506', '--raw', '--subdir', 'DAGS_FOLDER/dag_remosy_master.py', '--cfg-path', '/tmp/tmp_gyw322c']
[2026-06-16T12:29:52.454+0700] {standard_task_runner.py:105} INFO - Job 506: Subtask update_vector_db
[2026-06-16T12:29:52.469+0700] {logging_mixin.py:190} WARNING - /home/***/.local/lib/python3.12/site-packages/***/settings.py:209 DeprecationWarning: The sql_alchemy_conn option in [core] has been moved to the sql_alchemy_conn option in [database] - the old setting has been used, but please update your config.
[2026-06-16T12:29:52.501+0700] {task_command.py:467} INFO - Running <TaskInstance: remosy_master_end_to_end.update_vector_db scheduled__2026-06-15T17:00:00+00:00 [running]> on host 61dfca9b63ac
[2026-06-16T12:29:52.503+0700] {logging_mixin.py:190} WARNING - /home/***/.local/lib/python3.12/site-packages/***/settings.py:449 DeprecationWarning: The sql_alchemy_conn option in [core] has been moved to the sql_alchemy_conn option in [database] - the old setting has been used, but please update your config.
[2026-06-16T12:29:52.595+0700] {taskinstance.py:3122} INFO - Exporting env vars: AIRFLOW_CTX_DAG_OWNER='remosy' AIRFLOW_CTX_DAG_ID='remosy_master_end_to_end' AIRFLOW_CTX_TASK_ID='update_vector_db' AIRFLOW_CTX_EXECUTION_DATE='2026-06-15T17:00:00+00:00' AIRFLOW_CTX_TRY_NUMBER='2' AIRFLOW_CTX_DAG_RUN_ID='scheduled__2026-06-15T17:00:00+00:00'
[2026-06-16T12:29:52.596+0700] {taskinstance.py:731} INFO - ::endgroup::
[2026-06-16T12:29:57.039+0700] {logging_mixin.py:190} INFO - ⏳ Menyiapkan koneksi ke PostgreSQL Vector Database...
[2026-06-16T12:29:59.655+0700] {model.py:183} INFO - No device provided, using cpu
[2026-06-16T12:30:00.029+0700] {_client.py:1025} INFO - HTTP Request: HEAD https://huggingface.co/sentence-transformers/paraphrase-multilingual-MiniLM-L12-v2/resolve/main/modules.json "HTTP/1.1 307 Temporary Redirect"
[2026-06-16T12:30:00.142+0700] {_client.py:1025} INFO - HTTP Request: HEAD https://huggingface.co/api/resolve-cache/models/sentence-transformers/paraphrase-multilingual-MiniLM-L12-v2/e8f8c211226b894fcb81acc59f3b34ba3efd5f42/modules.json "HTTP/1.1 200 OK"
[2026-06-16T12:30:00.420+0700] {_client.py:1025} INFO - HTTP Request: HEAD https://huggingface.co/sentence-transformers/paraphrase-multilingual-MiniLM-L12-v2/resolve/main/config_sentence_transformers.json "HTTP/1.1 307 Temporary Redirect"
[2026-06-16T12:30:00.446+0700] {logging_mixin.py:190} WARNING - Warning: You are sending unauthenticated requests to the HF Hub. Please set a HF_TOKEN to enable higher rate limits and faster downloads.
[2026-06-16T12:30:00.446+0700] {_http.py:904} WARNING - Warning: You are sending unauthenticated requests to the HF Hub. Please set a HF_TOKEN to enable higher rate limits and faster downloads.
[2026-06-16T12:30:00.479+0700] {_client.py:1025} INFO - HTTP Request: HEAD https://huggingface.co/api/resolve-cache/models/sentence-transformers/paraphrase-multilingual-MiniLM-L12-v2/e8f8c211226b894fcb81acc59f3b34ba3efd5f42/config_sentence_transformers.json "HTTP/1.1 200 OK"
[2026-06-16T12:30:00.482+0700] {model.py:992} INFO - Loading SentenceTransformer model from sentence-transformers/paraphrase-multilingual-MiniLM-L12-v2.
[2026-06-16T12:30:01.056+0700] {_client.py:1025} INFO - HTTP Request: HEAD https://huggingface.co/sentence-transformers/paraphrase-multilingual-MiniLM-L12-v2/resolve/main/config_sentence_transformers.json "HTTP/1.1 307 Temporary Redirect"
[2026-06-16T12:30:01.415+0700] {_client.py:1025} INFO - HTTP Request: HEAD https://huggingface.co/api/resolve-cache/models/sentence-transformers/paraphrase-multilingual-MiniLM-L12-v2/e8f8c211226b894fcb81acc59f3b34ba3efd5f42/config_sentence_transformers.json "HTTP/1.1 200 OK"
[2026-06-16T12:30:01.689+0700] {_client.py:1025} INFO - HTTP Request: HEAD https://huggingface.co/sentence-transformers/paraphrase-multilingual-MiniLM-L12-v2/resolve/main/README.md "HTTP/1.1 307 Temporary Redirect"
[2026-06-16T12:30:01.711+0700] {_client.py:1025} INFO - HTTP Request: HEAD https://huggingface.co/api/resolve-cache/models/sentence-transformers/paraphrase-multilingual-MiniLM-L12-v2/e8f8c211226b894fcb81acc59f3b34ba3efd5f42/README.md "HTTP/1.1 200 OK"
[2026-06-16T12:30:01.962+0700] {_client.py:1025} INFO - HTTP Request: HEAD https://huggingface.co/sentence-transformers/paraphrase-multilingual-MiniLM-L12-v2/resolve/main/modules.json "HTTP/1.1 307 Temporary Redirect"
[2026-06-16T12:30:01.981+0700] {_client.py:1025} INFO - HTTP Request: HEAD https://huggingface.co/api/resolve-cache/models/sentence-transformers/paraphrase-multilingual-MiniLM-L12-v2/e8f8c211226b894fcb81acc59f3b34ba3efd5f42/modules.json "HTTP/1.1 200 OK"
[2026-06-16T12:30:02.244+0700] {_client.py:1025} INFO - HTTP Request: HEAD https://huggingface.co/sentence-transformers/paraphrase-multilingual-MiniLM-L12-v2/resolve/main/sentence_bert_config.json "HTTP/1.1 307 Temporary Redirect"
[2026-06-16T12:30:02.262+0700] {_client.py:1025} INFO - HTTP Request: HEAD https://huggingface.co/api/resolve-cache/models/sentence-transformers/paraphrase-multilingual-MiniLM-L12-v2/e8f8c211226b894fcb81acc59f3b34ba3efd5f42/sentence_bert_config.json "HTTP/1.1 200 OK"
[2026-06-16T12:30:02.522+0700] {_client.py:1025} INFO - HTTP Request: HEAD https://huggingface.co/sentence-transformers/paraphrase-multilingual-MiniLM-L12-v2/resolve/main/adapter_config.json "HTTP/1.1 404 Not Found"
[2026-06-16T12:30:02.785+0700] {_client.py:1025} INFO - HTTP Request: HEAD https://huggingface.co/sentence-transformers/paraphrase-multilingual-MiniLM-L12-v2/resolve/main/config.json "HTTP/1.1 307 Temporary Redirect"
[2026-06-16T12:30:02.805+0700] {_client.py:1025} INFO - HTTP Request: HEAD https://huggingface.co/api/resolve-cache/models/sentence-transformers/paraphrase-multilingual-MiniLM-L12-v2/e8f8c211226b894fcb81acc59f3b34ba3efd5f42/config.json "HTTP/1.1 200 OK"
[2026-06-16T12:30:02.963+0700] {logging_mixin.py:190} WARNING - Loading weights:   0%|          | 0/199 [00:00<?, ?it/s]
[2026-06-16T12:30:03.054+0700] {logging_mixin.py:190} WARNING - Loading weights: 100%|##########| 199/199 [00:00<00:00, 2218.26it/s]
[2026-06-16T12:30:03.329+0700] {_client.py:1025} INFO - HTTP Request: HEAD https://huggingface.co/sentence-transformers/paraphrase-multilingual-MiniLM-L12-v2/resolve/main/processor_config.json "HTTP/1.1 404 Not Found"
[2026-06-16T12:30:03.579+0700] {_client.py:1025} INFO - HTTP Request: HEAD https://huggingface.co/sentence-transformers/paraphrase-multilingual-MiniLM-L12-v2/resolve/main/preprocessor_config.json "HTTP/1.1 404 Not Found"
[2026-06-16T12:30:03.835+0700] {_client.py:1025} INFO - HTTP Request: HEAD https://huggingface.co/sentence-transformers/paraphrase-multilingual-MiniLM-L12-v2/resolve/main/video_preprocessor_config.json "HTTP/1.1 404 Not Found"
[2026-06-16T12:30:04.097+0700] {_client.py:1025} INFO - HTTP Request: HEAD https://huggingface.co/sentence-transformers/paraphrase-multilingual-MiniLM-L12-v2/resolve/main/preprocessor_config.json "HTTP/1.1 404 Not Found"
[2026-06-16T12:30:04.351+0700] {_client.py:1025} INFO - HTTP Request: HEAD https://huggingface.co/sentence-transformers/paraphrase-multilingual-MiniLM-L12-v2/resolve/main/tokenizer_config.json "HTTP/1.1 307 Temporary Redirect"
[2026-06-16T12:30:04.368+0700] {_client.py:1025} INFO - HTTP Request: HEAD https://huggingface.co/api/resolve-cache/models/sentence-transformers/paraphrase-multilingual-MiniLM-L12-v2/e8f8c211226b894fcb81acc59f3b34ba3efd5f42/tokenizer_config.json "HTTP/1.1 200 OK"
[2026-06-16T12:30:04.633+0700] {_client.py:1025} INFO - HTTP Request: HEAD https://huggingface.co/sentence-transformers/paraphrase-multilingual-MiniLM-L12-v2/resolve/main/config.json "HTTP/1.1 307 Temporary Redirect"
[2026-06-16T12:30:04.647+0700] {_client.py:1025} INFO - HTTP Request: HEAD https://huggingface.co/api/resolve-cache/models/sentence-transformers/paraphrase-multilingual-MiniLM-L12-v2/e8f8c211226b894fcb81acc59f3b34ba3efd5f42/config.json "HTTP/1.1 200 OK"
[2026-06-16T12:30:04.897+0700] {_client.py:1025} INFO - HTTP Request: HEAD https://huggingface.co/sentence-transformers/paraphrase-multilingual-MiniLM-L12-v2/resolve/main/config.json "HTTP/1.1 307 Temporary Redirect"
[2026-06-16T12:30:04.914+0700] {_client.py:1025} INFO - HTTP Request: HEAD https://huggingface.co/api/resolve-cache/models/sentence-transformers/paraphrase-multilingual-MiniLM-L12-v2/e8f8c211226b894fcb81acc59f3b34ba3efd5f42/config.json "HTTP/1.1 200 OK"
[2026-06-16T12:30:05.200+0700] {_client.py:1025} INFO - HTTP Request: HEAD https://huggingface.co/sentence-transformers/paraphrase-multilingual-MiniLM-L12-v2/resolve/main/tokenizer_config.json "HTTP/1.1 307 Temporary Redirect"
[2026-06-16T12:30:05.215+0700] {_client.py:1025} INFO - HTTP Request: HEAD https://huggingface.co/api/resolve-cache/models/sentence-transformers/paraphrase-multilingual-MiniLM-L12-v2/e8f8c211226b894fcb81acc59f3b34ba3efd5f42/tokenizer_config.json "HTTP/1.1 200 OK"
[2026-06-16T12:30:05.468+0700] {_client.py:1025} INFO - HTTP Request: HEAD https://huggingface.co/sentence-transformers/paraphrase-multilingual-MiniLM-L12-v2/resolve/main/tokenizer_config.json "HTTP/1.1 307 Temporary Redirect"
[2026-06-16T12:30:05.485+0700] {_client.py:1025} INFO - HTTP Request: HEAD https://huggingface.co/api/resolve-cache/models/sentence-transformers/paraphrase-multilingual-MiniLM-L12-v2/e8f8c211226b894fcb81acc59f3b34ba3efd5f42/tokenizer_config.json "HTTP/1.1 200 OK"
[2026-06-16T12:30:05.741+0700] {_client.py:1025} INFO - HTTP Request: GET https://huggingface.co/api/models/sentence-transformers/paraphrase-multilingual-MiniLM-L12-v2/tree/main/additional_chat_templates?recursive=false&expand=false "HTTP/1.1 404 Not Found"
[2026-06-16T12:30:06.009+0700] {_client.py:1025} INFO - HTTP Request: GET https://huggingface.co/api/models/sentence-transformers/paraphrase-multilingual-MiniLM-L12-v2/tree/main?recursive=true&expand=false "HTTP/1.1 200 OK"
[2026-06-16T12:30:09.962+0700] {_client.py:1025} INFO - HTTP Request: GET https://huggingface.co/api/models/sentence-transformers/paraphrase-multilingual-MiniLM-L12-v2 "HTTP/1.1 200 OK"
[2026-06-16T12:30:10.595+0700] {_client.py:1025} INFO - HTTP Request: HEAD https://huggingface.co/sentence-transformers/paraphrase-multilingual-MiniLM-L12-v2/resolve/main/1_Pooling/config.json "HTTP/1.1 307 Temporary Redirect"
[2026-06-16T12:30:10.614+0700] {_client.py:1025} INFO - HTTP Request: HEAD https://huggingface.co/api/resolve-cache/models/sentence-transformers/paraphrase-multilingual-MiniLM-L12-v2/e8f8c211226b894fcb81acc59f3b34ba3efd5f42/1_Pooling%2Fconfig.json "HTTP/1.1 200 OK"
[2026-06-16T12:30:10.868+0700] {_client.py:1025} INFO - HTTP Request: GET https://huggingface.co/api/models/sentence-transformers/paraphrase-multilingual-MiniLM-L12-v2 "HTTP/1.1 200 OK"
[2026-06-16T12:30:10.875+0700] {logging_mixin.py:190} INFO - 🧬 Menanamkan Vektor ke PostgreSQL pgvector...
[2026-06-16T12:30:17.316+0700] {logging_mixin.py:190} WARNING - /home/***/.local/lib/python3.12/site-packages/langchain_community/vectorstores/pgvector.py:490 LangChainPendingDeprecationWarning: Please use JSONB instead of JSON for metadata. This change will allow for more efficient querying that involves filtering based on metadata. Please note that filtering operators have been changed when using JSONB metadata to be prefixed with a $ sign to avoid name collisions with columns. If you're using an existing database, you will need to create a db migration for your metadata column to be JSONB and update your queries to use the new operators.
[2026-06-16T12:30:17.521+0700] {logging_mixin.py:190} INFO - ✅ SUKSES BESAR! Vektor berhasil ditanam di PostgreSQL!
[2026-06-16T12:30:17.522+0700] {python.py:240} INFO - Done. Returned value was: None
[2026-06-16T12:30:17.531+0700] {taskinstance.py:340} INFO - ::group::Post task execution logs
[2026-06-16T12:30:17.532+0700] {taskinstance.py:352} INFO - Marking task as SUCCESS. dag_id=remosy_master_end_to_end, task_id=update_vector_db, run_id=scheduled__2026-06-15T17:00:00+00:00, execution_date=20260615T170000, start_date=20260616T052952, end_date=20260616T053017
[2026-06-16T12:30:17.645+0700] {local_task_job_runner.py:261} INFO - Task exited with return code 0
[2026-06-16T12:30:17.668+0700] {taskinstance.py:3891} INFO - 1 downstream tasks scheduled from follow-on schedule check
[2026-06-16T12:30:17.670+0700] {local_task_job_runner.py:240} INFO - ::endgroup::
