[2026-06-11T15:13:26.747+0700] {local_task_job_runner.py:123} INFO - ::group::Pre task execution logs
[2026-06-11T15:13:26.786+0700] {taskinstance.py:2603} INFO - Dependencies all met for dep_context=non-requeueable deps ti=<TaskInstance: remosy_master_end_to_end.process_news scheduled__2026-06-10T17:00:00+00:00 [queued]>
[2026-06-11T15:13:26.801+0700] {taskinstance.py:2603} INFO - Dependencies all met for dep_context=requeueable deps ti=<TaskInstance: remosy_master_end_to_end.process_news scheduled__2026-06-10T17:00:00+00:00 [queued]>
[2026-06-11T15:13:26.804+0700] {taskinstance.py:2856} INFO - Starting attempt 1 of 1
[2026-06-11T15:13:26.826+0700] {taskinstance.py:2879} INFO - Executing <Task(PythonOperator): process_news> on 2026-06-10 17:00:00+00:00
[2026-06-11T15:13:26.838+0700] {logging_mixin.py:190} WARNING - /home/***/.local/lib/python3.12/site-packages/***/task/task_runner/standard_task_runner.py:70 DeprecationWarning: This process (pid=1498) is multi-threaded, use of fork() may lead to deadlocks in the child.
[2026-06-11T15:13:26.840+0700] {standard_task_runner.py:72} INFO - Started process 1499 to run task
[2026-06-11T15:13:26.838+0700] {standard_task_runner.py:104} INFO - Running: ['***', 'tasks', 'run', 'remosy_master_end_to_end', 'process_news', 'scheduled__2026-06-10T17:00:00+00:00', '--job-id', '435', '--raw', '--subdir', 'DAGS_FOLDER/dag_remosy_master.py', '--cfg-path', '/tmp/tmpwzzu59hu']
[2026-06-11T15:13:26.841+0700] {standard_task_runner.py:105} INFO - Job 435: Subtask process_news
[2026-06-11T15:13:26.857+0700] {logging_mixin.py:190} WARNING - /home/***/.local/lib/python3.12/site-packages/***/settings.py:209 DeprecationWarning: The sql_alchemy_conn option in [core] has been moved to the sql_alchemy_conn option in [database] - the old setting has been used, but please update your config.
[2026-06-11T15:13:26.903+0700] {task_command.py:467} INFO - Running <TaskInstance: remosy_master_end_to_end.process_news scheduled__2026-06-10T17:00:00+00:00 [running]> on host a1d14841ea5b
[2026-06-11T15:13:26.905+0700] {logging_mixin.py:190} WARNING - /home/***/.local/lib/python3.12/site-packages/***/settings.py:449 DeprecationWarning: The sql_alchemy_conn option in [core] has been moved to the sql_alchemy_conn option in [database] - the old setting has been used, but please update your config.
[2026-06-11T15:13:27.001+0700] {taskinstance.py:3122} INFO - Exporting env vars: AIRFLOW_CTX_DAG_OWNER='remosy' AIRFLOW_CTX_DAG_ID='remosy_master_end_to_end' AIRFLOW_CTX_TASK_ID='process_news' AIRFLOW_CTX_EXECUTION_DATE='2026-06-10T17:00:00+00:00' AIRFLOW_CTX_TRY_NUMBER='1' AIRFLOW_CTX_DAG_RUN_ID='scheduled__2026-06-10T17:00:00+00:00'
[2026-06-11T15:13:27.003+0700] {taskinstance.py:731} INFO - ::endgroup::
[2026-06-11T15:13:43.190+0700] {logging_mixin.py:190} INFO - 🚀 Memulai Job Pemrosesan Berita (Smart Sentiment & Relevance Filter)...
[2026-06-11T15:13:43.221+0700] {logging_mixin.py:190} INFO -    📦 Memproses 22 berita baru...
[2026-06-11T15:13:43.222+0700] {logging_mixin.py:190} INFO -    🤖 Sedang memuat model AI (IndoBERT)...
[2026-06-11T15:13:46.457+0700] {_client.py:1026} INFO - HTTP Request: HEAD https://huggingface.co/w11wo/indonesian-roberta-base-sentiment-classifier/resolve/main/config.json "HTTP/1.1 307 Temporary Redirect"
[2026-06-11T15:13:46.459+0700] {logging_mixin.py:190} WARNING - Warning: You are sending unauthenticated requests to the HF Hub. Please set a HF_TOKEN to enable higher rate limits and faster downloads.
[2026-06-11T15:13:46.459+0700] {_http.py:904} WARNING - Warning: You are sending unauthenticated requests to the HF Hub. Please set a HF_TOKEN to enable higher rate limits and faster downloads.
[2026-06-11T15:13:47.378+0700] {_client.py:1026} INFO - HTTP Request: HEAD https://huggingface.co/api/resolve-cache/models/w11wo/indonesian-roberta-base-sentiment-classifier/ac452dcb0f4966130bba44f4ee0013bb5d52c282/config.json "HTTP/1.1 200 OK"
[2026-06-11T15:13:48.835+0700] {_client.py:1026} INFO - HTTP Request: HEAD https://huggingface.co/w11wo/indonesian-roberta-base-sentiment-classifier/resolve/main/model.safetensors "HTTP/1.1 302 Found"
[2026-06-11T15:27:21.245+0700] {local_task_job_runner.py:127} ERROR - Received SIGTERM. Terminating subprocesses
[2026-06-11T15:27:21.302+0700] {process_utils.py:132} INFO - Sending 15 to group 1499. PIDs of all processes in the group: [1499]
[2026-06-11T15:27:21.306+0700] {process_utils.py:87} INFO - Sending the signal 15 to group 1499
[2026-06-11T15:27:21.312+0700] {taskinstance.py:3083} ERROR - Received SIGTERM. Terminating subprocesses.
[2026-06-11T15:27:21.460+0700] {taskinstance.py:3301} ERROR - Task failed with exception
Traceback (most recent call last):
  File "/home/airflow/.local/lib/python3.12/site-packages/airflow/models/taskinstance.py", line 767, in _execute_task
    result = _execute_callable(context=context, **execute_callable_kwargs)
             ^^^^^^^^^^^^^^^^^^^^^^^^^^^^^^^^^^^^^^^^^^^^^^^^^^^^^^^^^^^^^
  File "/home/airflow/.local/lib/python3.12/site-packages/airflow/models/taskinstance.py", line 733, in _execute_callable
    return ExecutionCallableRunner(
           ^^^^^^^^^^^^^^^^^^^^^^^^
  File "/home/airflow/.local/lib/python3.12/site-packages/airflow/utils/operator_helpers.py", line 252, in run
    return self.func(*args, **kwargs)
           ^^^^^^^^^^^^^^^^^^^^^^^^^^
  File "/home/airflow/.local/lib/python3.12/site-packages/airflow/models/baseoperator.py", line 406, in wrapper
    return func(self, *args, **kwargs)
           ^^^^^^^^^^^^^^^^^^^^^^^^^^^
  File "/home/airflow/.local/lib/python3.12/site-packages/airflow/operators/python.py", line 238, in execute
    return_value = self.execute_callable()
                   ^^^^^^^^^^^^^^^^^^^^^^^
  File "/home/airflow/.local/lib/python3.12/site-packages/airflow/operators/python.py", line 256, in execute_callable
    return runner.run(*self.op_args, **self.op_kwargs)
           ^^^^^^^^^^^^^^^^^^^^^^^^^^^^^^^^^^^^^^^^^^^
  File "/home/airflow/.local/lib/python3.12/site-packages/airflow/utils/operator_helpers.py", line 252, in run
    return self.func(*args, **kwargs)
           ^^^^^^^^^^^^^^^^^^^^^^^^^^
  File "/opt/airflow/dags/dag_remosy_master.py", line 20, in process_news
    run_news_processing()
  File "/opt/airflow/src/processing/process_news.py", line 108, in run_news_processing
    sentiment_pipeline = pipeline(
                         ^^^^^^^^^
  File "/home/airflow/.local/lib/python3.12/site-packages/transformers/pipelines/__init__.py", line 1004, in pipeline
    model = load_model(
            ^^^^^^^^^^^
  File "/home/airflow/.local/lib/python3.12/site-packages/transformers/pipelines/base.py", line 232, in load_model
    model = model_class.from_pretrained(model, **kwargs)
            ^^^^^^^^^^^^^^^^^^^^^^^^^^^^^^^^^^^^^^^^^^^^
  File "/home/airflow/.local/lib/python3.12/site-packages/transformers/models/auto/auto_factory.py", line 404, in from_pretrained
    return model_class.from_pretrained(
           ^^^^^^^^^^^^^^^^^^^^^^^^^^^^
  File "/home/airflow/.local/lib/python3.12/site-packages/transformers/modeling_utils.py", line 4216, in from_pretrained
    checkpoint_files, sharded_metadata = _get_resolved_checkpoint_files(
                                         ^^^^^^^^^^^^^^^^^^^^^^^^^^^^^^^
  File "/home/airflow/.local/lib/python3.12/site-packages/transformers/modeling_utils.py", line 678, in _get_resolved_checkpoint_files
    resolved_archive_file = cached_file(pretrained_model_name_or_path, filename, **cached_file_kwargs)
                            ^^^^^^^^^^^^^^^^^^^^^^^^^^^^^^^^^^^^^^^^^^^^^^^^^^^^^^^^^^^^^^^^^^^^^^^^^^
  File "/home/airflow/.local/lib/python3.12/site-packages/transformers/utils/hub.py", line 293, in cached_file
    file = cached_files(path_or_repo_id=path_or_repo_id, filenames=[filename], **kwargs)
           ^^^^^^^^^^^^^^^^^^^^^^^^^^^^^^^^^^^^^^^^^^^^^^^^^^^^^^^^^^^^^^^^^^^^^^^^^^^^^
  File "/home/airflow/.local/lib/python3.12/site-packages/transformers/utils/hub.py", line 437, in cached_files
    hf_hub_download(
  File "/home/airflow/.local/lib/python3.12/site-packages/huggingface_hub/utils/_validators.py", line 88, in _inner_fn
    return fn(*args, **kwargs)
           ^^^^^^^^^^^^^^^^^^^
  File "/home/airflow/.local/lib/python3.12/site-packages/huggingface_hub/file_download.py", line 1019, in hf_hub_download
    return _hf_hub_download_to_cache_dir(
           ^^^^^^^^^^^^^^^^^^^^^^^^^^^^^^
  File "/home/airflow/.local/lib/python3.12/site-packages/huggingface_hub/file_download.py", line 1240, in _hf_hub_download_to_cache_dir
    with WeakFileLock(lock_path):
  File "/usr/local/lib/python3.12/contextlib.py", line 137, in __enter__
    return next(self.gen)
           ^^^^^^^^^^^^^^
  File "/home/airflow/.local/lib/python3.12/site-packages/huggingface_hub/utils/_fixes.py", line 99, in WeakFileLock
    lock.acquire(timeout=min(log_interval, timeout - elapsed_time) if timeout else log_interval)
  File "/home/airflow/.local/lib/python3.12/site-packages/filelock/_api.py", line 344, in acquire
    time.sleep(poll_interval)
  File "/home/airflow/.local/lib/python3.12/site-packages/airflow/models/taskinstance.py", line 3085, in signal_handler
    raise AirflowTaskTerminated("Task received SIGTERM signal")
airflow.exceptions.AirflowTaskTerminated: Task received SIGTERM signal
[2026-06-11T15:27:21.521+0700] {taskinstance.py:1225} INFO - Marking task as FAILED. dag_id=remosy_master_end_to_end, task_id=process_news, run_id=scheduled__2026-06-10T17:00:00+00:00, execution_date=20260610T170000, start_date=20260611T081326, end_date=20260611T082721
[2026-06-11T15:27:21.610+0700] {taskinstance.py:340} INFO - ::group::Post task execution logs
[2026-06-11T15:27:21.739+0700] {process_utils.py:80} INFO - Process psutil.Process(pid=1499, status='terminated', exitcode=2, started='15:13:26') (1499) terminated with exit code 2
[2026-06-11T15:27:21.741+0700] {local_task_job_runner.py:261} INFO - Task exited with return code 143
[2026-06-11T15:27:20.826+0700] {local_task_job_runner.py:240} INFO - ::endgroup::
