[2026-06-07T12:00:01.561+0700] {local_task_job_runner.py:123} INFO - ::group::Pre task execution logs
[2026-06-07T12:00:01.586+0700] {taskinstance.py:2603} INFO - Dependencies all met for dep_context=non-requeueable deps ti=<TaskInstance: dag_scraping_daily.task_scrape_news scheduled__2026-06-06T17:00:00+00:00 [queued]>
[2026-06-07T12:00:01.601+0700] {taskinstance.py:2603} INFO - Dependencies all met for dep_context=requeueable deps ti=<TaskInstance: dag_scraping_daily.task_scrape_news scheduled__2026-06-06T17:00:00+00:00 [queued]>
[2026-06-07T12:00:01.602+0700] {taskinstance.py:2856} INFO - Starting attempt 1 of 2
[2026-06-07T12:00:01.626+0700] {taskinstance.py:2879} INFO - Executing <Task(PythonOperator): task_scrape_news> on 2026-06-06 17:00:00+00:00
[2026-06-07T12:00:01.638+0700] {standard_task_runner.py:104} INFO - Running: ['***', 'tasks', 'run', 'dag_scraping_daily', 'task_scrape_news', 'scheduled__2026-06-06T17:00:00+00:00', '--job-id', '409', '--raw', '--subdir', 'DAGS_FOLDER/dag_scraping_daily.py', '--cfg-path', '/tmp/tmpvfrkkmje']
[2026-06-07T12:00:01.638+0700] {logging_mixin.py:190} WARNING - /home/***/.local/lib/python3.12/site-packages/***/task/task_runner/standard_task_runner.py:70 DeprecationWarning: This process (pid=46491) is multi-threaded, use of fork() may lead to deadlocks in the child.
[2026-06-07T12:00:01.640+0700] {standard_task_runner.py:105} INFO - Job 409: Subtask task_scrape_news
[2026-06-07T12:00:01.641+0700] {standard_task_runner.py:72} INFO - Started process 46492 to run task
[2026-06-07T12:00:01.661+0700] {logging_mixin.py:190} WARNING - /home/***/.local/lib/python3.12/site-packages/***/settings.py:209 DeprecationWarning: The sql_alchemy_conn option in [core] has been moved to the sql_alchemy_conn option in [database] - the old setting has been used, but please update your config.
[2026-06-07T12:00:01.708+0700] {task_command.py:467} INFO - Running <TaskInstance: dag_scraping_daily.task_scrape_news scheduled__2026-06-06T17:00:00+00:00 [running]> on host b1aa4bc46701
[2026-06-07T12:00:01.711+0700] {logging_mixin.py:190} WARNING - /home/***/.local/lib/python3.12/site-packages/***/settings.py:449 DeprecationWarning: The sql_alchemy_conn option in [core] has been moved to the sql_alchemy_conn option in [database] - the old setting has been used, but please update your config.
[2026-06-07T12:00:01.828+0700] {taskinstance.py:3122} INFO - Exporting env vars: AIRFLOW_CTX_DAG_OWNER='remosy_admin' AIRFLOW_CTX_DAG_ID='dag_scraping_daily' AIRFLOW_CTX_TASK_ID='task_scrape_news' AIRFLOW_CTX_EXECUTION_DATE='2026-06-06T17:00:00+00:00' AIRFLOW_CTX_TRY_NUMBER='1' AIRFLOW_CTX_DAG_RUN_ID='scheduled__2026-06-06T17:00:00+00:00'
[2026-06-07T12:00:01.829+0700] {taskinstance.py:731} INFO - ::endgroup::
[2026-06-07T12:00:03.856+0700] {logging_mixin.py:190} INFO - 🚀 Memulai Job Scraping Google News (Mode Dinamis via Database)...
[2026-06-07T12:00:03.897+0700] {logging_mixin.py:190} INFO - 📋 Menggunakan 4 Kata Kunci dari Database: ['UNSIKA', 'Universitas Singaperbangsa Karawang', 'Unsika', 'Rektor UNSIKA']
[2026-06-07T12:00:03.907+0700] {logging_mixin.py:190} INFO - 📚 Database memiliki 481 berita lama.
[2026-06-07T12:00:03.909+0700] {logging_mixin.py:190} INFO - 🔎 Sedang mencari: 'UNSIKA'...
[2026-06-07T12:00:04.934+0700] {logging_mixin.py:190} INFO -    ℹ️  Dapat berita, tapi semuanya duplikat (Skip).
[2026-06-07T12:00:04.935+0700] {logging_mixin.py:190} INFO - 🔎 Sedang mencari: 'Universitas Singaperbangsa Karawang'...
[2026-06-07T12:00:05.950+0700] {logging_mixin.py:190} INFO -    ✅ Menyimpan 3 berita BARU.
[2026-06-07T12:00:05.951+0700] {logging_mixin.py:190} INFO - 🔎 Sedang mencari: 'Unsika'...
[2026-06-07T12:00:06.591+0700] {logging_mixin.py:190} INFO -    ℹ️  Dapat berita, tapi semuanya duplikat (Skip).
[2026-06-07T12:00:06.592+0700] {logging_mixin.py:190} INFO - 🔎 Sedang mencari: 'Rektor UNSIKA'...
[2026-06-07T12:00:07.368+0700] {logging_mixin.py:190} INFO -    ✅ Menyimpan 1 berita BARU.
[2026-06-07T12:00:07.368+0700] {logging_mixin.py:190} INFO - 🏁 Job Selesai. Total 4 berita baru ditambahkan hari ini.
[2026-06-07T12:00:07.369+0700] {python.py:240} INFO - Done. Returned value was: None
[2026-06-07T12:00:07.388+0700] {taskinstance.py:340} INFO - ::group::Post task execution logs
[2026-06-07T12:00:07.389+0700] {taskinstance.py:352} INFO - Marking task as SUCCESS. dag_id=dag_scraping_daily, task_id=task_scrape_news, run_id=scheduled__2026-06-06T17:00:00+00:00, execution_date=20260606T170000, start_date=20260607T050001, end_date=20260607T050007
[2026-06-07T12:00:07.420+0700] {local_task_job_runner.py:261} INFO - Task exited with return code 0
[2026-06-07T12:00:07.441+0700] {taskinstance.py:3891} INFO - 1 downstream tasks scheduled from follow-on schedule check
[2026-06-07T12:00:07.443+0700] {local_task_job_runner.py:240} INFO - ::endgroup::
