[2026-02-04T15:15:51.730+0700] {local_task_job_runner.py:123} INFO - ::group::Pre task execution logs
[2026-02-04T15:15:51.753+0700] {taskinstance.py:2603} INFO - Dependencies all met for dep_context=non-requeueable deps ti=<TaskInstance: dag_scraping_daily.task_scrape_news manual__2026-02-04T08:15:50.935300+00:00 [queued]>
[2026-02-04T15:15:51.764+0700] {taskinstance.py:2603} INFO - Dependencies all met for dep_context=requeueable deps ti=<TaskInstance: dag_scraping_daily.task_scrape_news manual__2026-02-04T08:15:50.935300+00:00 [queued]>
[2026-02-04T15:15:51.765+0700] {taskinstance.py:2856} INFO - Starting attempt 1 of 2
[2026-02-04T15:15:51.786+0700] {taskinstance.py:2879} INFO - Executing <Task(PythonOperator): task_scrape_news> on 2026-02-04 08:15:50.935300+00:00
[2026-02-04T15:15:51.796+0700] {logging_mixin.py:190} WARNING - /home/***/.local/lib/python3.12/site-packages/***/task/task_runner/standard_task_runner.py:70 DeprecationWarning: This process (pid=1697) is multi-threaded, use of fork() may lead to deadlocks in the child.
[2026-02-04T15:15:51.797+0700] {standard_task_runner.py:72} INFO - Started process 1698 to run task
[2026-02-04T15:15:51.796+0700] {standard_task_runner.py:104} INFO - Running: ['***', 'tasks', 'run', 'dag_scraping_daily', 'task_scrape_news', 'manual__2026-02-04T08:15:50.935300+00:00', '--job-id', '58', '--raw', '--subdir', 'DAGS_FOLDER/dag_scraping_daily.py', '--cfg-path', '/tmp/tmppa4qdy9r']
[2026-02-04T15:15:51.798+0700] {standard_task_runner.py:105} INFO - Job 58: Subtask task_scrape_news
[2026-02-04T15:15:51.820+0700] {logging_mixin.py:190} WARNING - /home/***/.local/lib/python3.12/site-packages/***/settings.py:209 DeprecationWarning: The sql_alchemy_conn option in [core] has been moved to the sql_alchemy_conn option in [database] - the old setting has been used, but please update your config.
[2026-02-04T15:15:51.880+0700] {task_command.py:467} INFO - Running <TaskInstance: dag_scraping_daily.task_scrape_news manual__2026-02-04T08:15:50.935300+00:00 [running]> on host 40eda60c7fdf
[2026-02-04T15:15:51.983+0700] {taskinstance.py:3122} INFO - Exporting env vars: AIRFLOW_CTX_DAG_OWNER='remosy_admin' AIRFLOW_CTX_DAG_ID='dag_scraping_daily' AIRFLOW_CTX_TASK_ID='task_scrape_news' AIRFLOW_CTX_EXECUTION_DATE='2026-02-04T08:15:50.935300+00:00' AIRFLOW_CTX_TRY_NUMBER='1' AIRFLOW_CTX_DAG_RUN_ID='manual__2026-02-04T08:15:50.935300+00:00'
[2026-02-04T15:15:51.984+0700] {taskinstance.py:731} INFO - ::endgroup::
[2026-02-04T15:15:52.704+0700] {logging_mixin.py:190} INFO - 🚀 Memulai Job Scraping Google News (Mode Cerdas)...
[2026-02-04T15:15:52.719+0700] {logging_mixin.py:190} INFO - 📚 Database saat ini memiliki 126 berita.
[2026-02-04T15:15:52.720+0700] {logging_mixin.py:190} INFO - 🔍 Mengambil berita untuk: Universitas Singaperbangsa Karawang...
[2026-02-04T15:15:53.283+0700] {logging_mixin.py:190} INFO -    ✅ Menyimpan 5 berita BARU.
[2026-02-04T15:15:53.284+0700] {logging_mixin.py:190} INFO - 🔍 Mengambil berita untuk: UNSIKA...
[2026-02-04T15:15:53.776+0700] {logging_mixin.py:190} INFO -    ✅ Menyimpan 7 berita BARU.
[2026-02-04T15:15:53.777+0700] {logging_mixin.py:190} INFO - 🔍 Mengambil berita untuk: Rektor Unsika...
[2026-02-04T15:15:54.469+0700] {logging_mixin.py:190} INFO -    ✅ Menyimpan 2 berita BARU.
[2026-02-04T15:15:54.469+0700] {logging_mixin.py:190} INFO - 🔍 Mengambil berita untuk: Mahasiswa Unsika...
[2026-02-04T15:15:55.022+0700] {logging_mixin.py:190} INFO -    ✅ Menyimpan 19 berita BARU.
[2026-02-04T15:15:55.024+0700] {logging_mixin.py:190} INFO - 🏁 Job Selesai. Total 33 berita baru ditambahkan hari ini.
[2026-02-04T15:15:55.024+0700] {python.py:240} INFO - Done. Returned value was: None
[2026-02-04T15:15:55.035+0700] {taskinstance.py:340} INFO - ::group::Post task execution logs
[2026-02-04T15:15:55.035+0700] {taskinstance.py:352} INFO - Marking task as SUCCESS. dag_id=dag_scraping_daily, task_id=task_scrape_news, run_id=manual__2026-02-04T08:15:50.935300+00:00, execution_date=20260204T081550, start_date=20260204T081551, end_date=20260204T081555
[2026-02-04T15:15:55.078+0700] {local_task_job_runner.py:261} INFO - Task exited with return code 0
[2026-02-04T15:15:55.099+0700] {taskinstance.py:3891} INFO - 1 downstream tasks scheduled from follow-on schedule check
[2026-02-04T15:15:55.103+0700] {local_task_job_runner.py:240} INFO - ::endgroup::
