[2026-06-20T11:25:03.447+0700] {local_task_job_runner.py:123} INFO - ::group::Pre task execution logs
[2026-06-20T11:25:03.473+0700] {taskinstance.py:2603} INFO - Dependencies all met for dep_context=non-requeueable deps ti=<TaskInstance: remosy_master_end_to_end.scrape_twitter scheduled__2026-06-18T17:00:00+00:00 [queued]>
[2026-06-20T11:25:03.506+0700] {taskinstance.py:2603} INFO - Dependencies all met for dep_context=requeueable deps ti=<TaskInstance: remosy_master_end_to_end.scrape_twitter scheduled__2026-06-18T17:00:00+00:00 [queued]>
[2026-06-20T11:25:03.518+0700] {taskinstance.py:2856} INFO - Starting attempt 1 of 1
[2026-06-20T11:25:03.727+0700] {taskinstance.py:2879} INFO - Executing <Task(PythonOperator): scrape_twitter> on 2026-06-18 17:00:00+00:00
[2026-06-20T11:25:03.750+0700] {logging_mixin.py:190} WARNING - /home/***/.local/lib/python3.12/site-packages/***/task/task_runner/standard_task_runner.py:70 DeprecationWarning: This process (pid=180) is multi-threaded, use of fork() may lead to deadlocks in the child.
[2026-06-20T11:25:03.763+0700] {standard_task_runner.py:72} INFO - Started process 188 to run task
[2026-06-20T11:25:03.748+0700] {standard_task_runner.py:104} INFO - Running: ['***', 'tasks', 'run', 'remosy_master_end_to_end', 'scrape_twitter', 'scheduled__2026-06-18T17:00:00+00:00', '--job-id', '536', '--raw', '--subdir', 'DAGS_FOLDER/dag_remosy_master.py', '--cfg-path', '/tmp/tmpvd53vu5y']
[2026-06-20T11:25:03.769+0700] {standard_task_runner.py:105} INFO - Job 536: Subtask scrape_twitter
[2026-06-20T11:25:03.827+0700] {logging_mixin.py:190} WARNING - /home/***/.local/lib/python3.12/site-packages/***/settings.py:209 DeprecationWarning: The sql_alchemy_conn option in [core] has been moved to the sql_alchemy_conn option in [database] - the old setting has been used, but please update your config.
[2026-06-20T11:25:03.350+0700] {task_command.py:467} INFO - Running <TaskInstance: remosy_master_end_to_end.scrape_twitter scheduled__2026-06-18T17:00:00+00:00 [running]> on host 3780bd30d91f
[2026-06-20T11:25:03.359+0700] {logging_mixin.py:190} WARNING - /home/***/.local/lib/python3.12/site-packages/***/settings.py:449 DeprecationWarning: The sql_alchemy_conn option in [core] has been moved to the sql_alchemy_conn option in [database] - the old setting has been used, but please update your config.
[2026-06-20T11:25:03.715+0700] {taskinstance.py:3122} INFO - Exporting env vars: AIRFLOW_CTX_DAG_OWNER='remosy' AIRFLOW_CTX_DAG_ID='remosy_master_end_to_end' AIRFLOW_CTX_TASK_ID='scrape_twitter' AIRFLOW_CTX_EXECUTION_DATE='2026-06-18T17:00:00+00:00' AIRFLOW_CTX_TRY_NUMBER='1' AIRFLOW_CTX_DAG_RUN_ID='scheduled__2026-06-18T17:00:00+00:00'
[2026-06-20T11:25:03.721+0700] {taskinstance.py:731} INFO - ::endgroup::
[2026-06-20T11:25:07.651+0700] {logging_mixin.py:190} INFO - Memulai Job Scraping Twitter (Relational Schema)...
[2026-06-20T11:25:07.742+0700] {logging_mixin.py:190} INFO - Mencari Tweet: UNSIKA...
[2026-06-20T11:26:46.575+0700] {logging_mixin.py:190} WARNING - /opt/***/src/scrapers/twitter_scraper.py:53 UserWarning: Could not infer format, so each element will be parsed individually, falling back to `dateutil`. To ensure parsing is consistent and as-expected, please specify a format.
[2026-06-20T11:26:46.604+0700] {logging_mixin.py:190} INFO -    ❌ Gagal simpan: (psycopg2.errors.InvalidTextRepresentation) invalid input syntax for type integer: "favorite_count"
LINE 1: ...estamp),(1, 'full_text', 'username', 'tweet_url', 'favorite_...
                                                             ^

[SQL: INSERT INTO tweets_raw (keyword_id, full_text, username, tweet_url, likes, retweets, posted_at, scraped_at) VALUES (%(keyword_id)s, %(full_text)s, %(username)s, %(tweet_url)s, %(likes)s, %(retweets)s, %(posted_at)s, %(scraped_at)s)]
[parameters: ({'keyword_id': 1, 'full_text': 'Ptn‼️ Aku punya kisi soal mandiri 2026 https://t.co/Cgi4gvUZcY', 'username': None, 'tweet_url': 'https://x.com/undefined/status/2068094662758543714', 'likes': '1', 'retweets': '0', 'posted_at': datetime.datetime(2026, 6, 19, 22, 12, 45, tzinfo=datetime.timezone.utc), 'scraped_at': datetime.datetime(2026, 6, 20, 11, 26, 46, 589766)}, {'keyword_id': 1, 'full_text': '𝐔𝐋𝐂𝐂! 𝐌𝐚𝐤𝐞 𝐓𝐡𝐞 𝐔𝐧𝐢𝐯𝐞𝐫𝐬𝐞 𝐎𝐮𝐫𝐬! #HariPenghapusanKekerasanSeksualdalamKonflik #MakeTheUniverseOurs #ULCC2026 #UNSIKA #2026', 'username': None, 'tweet_url': 'https://x.com/undefined/status/2067959113720762734', 'likes': '0', 'retweets': '0', 'posted_at': datetime.datetime(2026, 6, 19, 13, 14, 8, tzinfo=datetime.timezone.utc), 'scraped_at': datetime.datetime(2026, 6, 20, 11, 26, 46, 589766)}, {'keyword_id': 1, 'full_text': ' Media ULCC Instagram : @unsika_ulcc @storeofulcc Youtube : ULCC UNSIKA ️ X : @unsika_ulcc Tiktok : @ulcc_unsika LinkedIn : UNSIKA LANGUAGES AND CULTURES CLUB Web ULCC : https://t.co/o7uAdzyuon', 'username': None, 'tweet_url': 'https://x.com/undefined/status/2067959097388130494', 'likes': '0', 'retweets': '0', 'posted_at': datetime.datetime(2026, 6, 19, 13, 14, 4, tzinfo=datetime.timezone.utc), 'scraped_at': datetime.datetime(2026, 6, 20, 11, 26, 46, 589766)}, {'keyword_id': 1, 'full_text': 'Satu lagi dari kami enaknya beneran. Sekarang bisa makan di tempat. #Karawang #Kulinerkarawang #unsika #ubp Ada mie ayam yamin Mas Atta Dimsum mentai and Burger. Lokasi di depan Pondok Nabagag ya.', 'username': None, 'tweet_url': 'https://x.com/undefined/status/2067953041412931762', 'likes': '0', 'retweets': '0', 'posted_at': datetime.datetime(2026, 6, 19, 12, 50, tzinfo=datetime.timezone.utc), 'scraped_at': datetime.datetime(2026, 6, 20, 11, 26, 46, 589766)}, {'keyword_id': 1, 'full_text': 'Satu lagi dari kami enaknya beneran. Sekarang bisa makan di tempat. #Karawang #Kulinerkarawang #unsika #ubp #PengabdianUntukNegeri https://t.co/Oc7Ct37Uip', 'username': None, 'tweet_url': 'https://x.com/undefined/status/2067951607313277184', 'likes': '0', 'retweets': '0', 'posted_at': datetime.datetime(2026, 6, 19, 12, 44, 18, tzinfo=datetime.timezone.utc), 'scraped_at': datetime.datetime(2026, 6, 20, 11, 26, 46, 589766)}, {'keyword_id': 1, 'full_text': 'Satu lagi dari kami enaknya beneran. Sekarang bisa makan di tempat. #Karawang #Kulinerkarawang #unsika #ubp Sayangnya bukan #GopayPromoPointCoffee https://t.co/lj38nO2lj4', 'username': None, 'tweet_url': 'https://x.com/undefined/status/2067951035017294112', 'likes': '0', 'retweets': '0', 'posted_at': datetime.datetime(2026, 6, 19, 12, 42, 2, tzinfo=datetime.timezone.utc), 'scraped_at': datetime.datetime(2026, 6, 20, 11, 26, 46, 589766)}, {'keyword_id': 1, 'full_text': 'Satu lagi dari kami enaknya beneran. Sekarang bisa makan di tempat. #Karawang #Kulinerkarawang #unsika #ubp https://t.co/1qszlg8D9Y', 'username': None, 'tweet_url': 'https://x.com/undefined/status/2067950052610593279', 'likes': '0', 'retweets': '0', 'posted_at': datetime.datetime(2026, 6, 19, 12, 38, 7, tzinfo=datetime.timezone.utc), 'scraped_at': datetime.datetime(2026, 6, 20, 11, 26, 46, 589766)}, {'keyword_id': 1, 'full_text': "gue pengen agroteknologi unsika pengen dkv nya itb sama hi ui '(", 'username': None, 'tweet_url': 'https://x.com/undefined/status/2067911422290604111', 'likes': '0', 'retweets': '0', 'posted_at': datetime.datetime(2026, 6, 19, 10, 4, 37, tzinfo=datetime.timezone.utc), 'scraped_at': datetime.datetime(2026, 6, 20, 11, 26, 46, 589766)}  ... displaying 10 of 25 total bound parameter sets ...  {'keyword_id': 1, 'full_text': 'Unsika part 2 beda prodi https://t.co/OborgCYVYW https://t.co/2CahgbtihO https://t.co/kqLQKttkoa https://t.co/58qcVFFtFf https://t.co/bML5tNtKLt', 'username': None, 'tweet_url': 'https://x.com/undefined/status/2064920411637440742', 'likes': '23', 'retweets': '21', 'posted_at': datetime.datetime(2026, 6, 11, 3, 59, 25, tzinfo=datetime.timezone.utc), 'scraped_at': datetime.datetime(2026, 6, 20, 11, 26, 46, 589766)}, {'keyword_id': 1, 'full_text': ' [SELAMAT DATANG MAHASISWA BARU TEKNIK INDUSTRI FT UNSIKA JALUR MANDIRI PRESTASI] Halo mahasiswa baru jalur Mandiri Prestasi 2026! Selamat atas keberhasilan kalian menjadi bagian dari Teknik Industri FT Unsika. https://t.co/crHLzXtuM6', 'username': None, 'tweet_url': 'https://x.com/undefined/status/2063898235325010322', 'likes': '3', 'retweets': '1', 'posted_at': datetime.datetime(2026, 6, 8, 8, 17, 39, tzinfo=datetime.timezone.utc), 'scraped_at': datetime.datetime(2026, 6, 20, 11, 26, 46, 589766)})]
(Background on this error at: https://sqlalche.me/e/14/9h9h)
[2026-06-20T11:26:46.605+0700] {logging_mixin.py:190} INFO - Mencari Tweet: Universitas Singaperbangsa Karawang...
[2026-06-20T11:29:09.478+0700] {logging_mixin.py:190} WARNING - /opt/***/src/scrapers/twitter_scraper.py:53 UserWarning: Could not infer format, so each element will be parsed individually, falling back to `dateutil`. To ensure parsing is consistent and as-expected, please specify a format.
[2026-06-20T11:29:09.491+0700] {logging_mixin.py:190} INFO -    ❌ Gagal simpan: (psycopg2.errors.InvalidTextRepresentation) invalid input syntax for type integer: "favorite_count"
LINE 1: ...estamp),(2, 'full_text', 'username', 'tweet_url', 'favorite_...
                                                             ^

[SQL: INSERT INTO tweets_raw (keyword_id, full_text, username, tweet_url, likes, retweets, posted_at, scraped_at) VALUES (%(keyword_id)s, %(full_text)s, %(username)s, %(tweet_url)s, %(likes)s, %(retweets)s, %(posted_at)s, %(scraped_at)s)]
[parameters: ({'keyword_id': 2, 'full_text': "Kalau saya tidak salah ingat. Menolak jadi PTN UII Univ. Pancasila Univ. Esa Unggul Univ. Bandar Lampung Univ. Baturaja sumsel Jaringan universitas 17 agustus 1945 : 1). Universitas 17 Agustus 1945 Surabaya 2). Universitas 17 Agustus 1945 Jakarta (UTA '45) 3).", 'username': None, 'tweet_url': 'https://x.com/undefined/status/2053279432539058470', 'likes': '3315', 'retweets': '243', 'posted_at': datetime.datetime(2026, 5, 10, 1, 2, 19, tzinfo=datetime.timezone.utc), 'scraped_at': datetime.datetime(2026, 6, 20, 11, 29, 9, 481108)}, {'keyword_id': 2, 'full_text': 'full_text', 'username': 'username', 'tweet_url': 'tweet_url', 'likes': 'favorite_count', 'retweets': 'retweet_count', 'posted_at': None, 'scraped_at': datetime.datetime(2026, 6, 20, 11, 29, 9, 481108)}, {'keyword_id': 2, 'full_text': "Kalau saya tidak salah ingat. Menolak jadi PTN UII Univ. Pancasila Univ. Esa Unggul Univ. Bandar Lampung Univ. Baturaja sumsel Jaringan universitas 17 agustus 1945 : 1). Universitas 17 Agustus 1945 Surabaya 2). Universitas 17 Agustus 1945 Jakarta (UTA '45) 3).", 'username': None, 'tweet_url': 'https://x.com/undefined/status/2053279432539058470', 'likes': '3315', 'retweets': '243', 'posted_at': datetime.datetime(2026, 5, 10, 1, 2, 19, tzinfo=datetime.timezone.utc), 'scraped_at': datetime.datetime(2026, 6, 20, 11, 29, 9, 481108)})]
(Background on this error at: https://sqlalche.me/e/14/9h9h)
[2026-06-20T11:29:09.493+0700] {logging_mixin.py:190} INFO - Mencari Tweet: unsikuy...
[2026-06-20T11:29:17.040+0700] {logging_mixin.py:190} WARNING - /opt/***/src/scrapers/twitter_scraper.py:53 UserWarning: Could not infer format, so each element will be parsed individually, falling back to `dateutil`. To ensure parsing is consistent and as-expected, please specify a format.
[2026-06-20T11:29:17.054+0700] {logging_mixin.py:190} INFO -    ❌ Gagal simpan: (psycopg2.errors.InvalidTextRepresentation) invalid input syntax for type integer: "favorite_count"
LINE 1: ... VALUES (3, 'full_text', 'username', 'tweet_url', 'favorite_...
                                                             ^

[SQL: INSERT INTO tweets_raw (keyword_id, full_text, username, tweet_url, likes, retweets, posted_at, scraped_at) VALUES (%(keyword_id)s, %(full_text)s, %(username)s, %(tweet_url)s, %(likes)s, %(retweets)s, %(posted_at)s, %(scraped_at)s)]
[parameters: {'keyword_id': 3, 'full_text': 'full_text', 'username': 'username', 'tweet_url': 'tweet_url', 'likes': 'favorite_count', 'retweets': 'retweet_count', 'posted_at': None, 'scraped_at': datetime.datetime(2026, 6, 20, 11, 29, 17, 42419)}]
(Background on this error at: https://sqlalche.me/e/14/9h9h)
[2026-06-20T11:29:17.059+0700] {logging_mixin.py:190} INFO - Job Twitter Selesai. Total 0 tweet baru tersimpan.
[2026-06-20T11:29:17.063+0700] {python.py:240} INFO - Done. Returned value was: None
[2026-06-20T11:29:17.164+0700] {taskinstance.py:340} INFO - ::group::Post task execution logs
[2026-06-20T11:29:17.167+0700] {taskinstance.py:352} INFO - Marking task as SUCCESS. dag_id=remosy_master_end_to_end, task_id=scrape_twitter, run_id=scheduled__2026-06-18T17:00:00+00:00, execution_date=20260618T170000, start_date=20260620T042503, end_date=20260620T042917
[2026-06-20T11:29:17.290+0700] {local_task_job_runner.py:261} INFO - Task exited with return code 0
[2026-06-20T11:29:17.402+0700] {taskinstance.py:3891} INFO - 1 downstream tasks scheduled from follow-on schedule check
[2026-06-20T11:29:17.405+0700] {local_task_job_runner.py:240} INFO - ::endgroup::
