[2026-07-02T09:43:17.314+0700] {local_task_job_runner.py:123} INFO - ::group::Pre task execution logs
[2026-07-02T09:43:17.339+0700] {taskinstance.py:2603} INFO - Dependencies all met for dep_context=non-requeueable deps ti=<TaskInstance: remosy_master_end_to_end.scrape_twitter scheduled__2026-06-25T05:00:00+00:00 [queued]>
[2026-07-02T09:43:17.371+0700] {taskinstance.py:2603} INFO - Dependencies all met for dep_context=requeueable deps ti=<TaskInstance: remosy_master_end_to_end.scrape_twitter scheduled__2026-06-25T05:00:00+00:00 [queued]>
[2026-07-02T09:43:17.373+0700] {taskinstance.py:2856} INFO - Starting attempt 1 of 1
[2026-07-02T09:43:17.422+0700] {taskinstance.py:2879} INFO - Executing <Task(PythonOperator): scrape_twitter> on 2026-06-25 05:00:00+00:00
[2026-07-02T09:43:17.437+0700] {logging_mixin.py:190} WARNING - /home/***/.local/lib/python3.12/site-packages/***/task/task_runner/standard_task_runner.py:70 DeprecationWarning: This process (pid=173) is multi-threaded, use of fork() may lead to deadlocks in the child.
[2026-07-02T09:43:17.439+0700] {standard_task_runner.py:72} INFO - Started process 181 to run task
[2026-07-02T09:43:17.440+0700] {standard_task_runner.py:104} INFO - Running: ['***', 'tasks', 'run', 'remosy_master_end_to_end', 'scrape_twitter', 'scheduled__2026-06-25T05:00:00+00:00', '--job-id', '671', '--raw', '--subdir', 'DAGS_FOLDER/dag_remosy_master.py', '--cfg-path', '/tmp/tmpys8aic22']
[2026-07-02T09:43:17.444+0700] {standard_task_runner.py:105} INFO - Job 671: Subtask scrape_twitter
[2026-07-02T09:43:17.474+0700] {logging_mixin.py:190} WARNING - /home/***/.local/lib/python3.12/site-packages/***/settings.py:209 DeprecationWarning: The sql_alchemy_conn option in [core] has been moved to the sql_alchemy_conn option in [database] - the old setting has been used, but please update your config.
[2026-07-02T09:43:17.556+0700] {task_command.py:467} INFO - Running <TaskInstance: remosy_master_end_to_end.scrape_twitter scheduled__2026-06-25T05:00:00+00:00 [running]> on host 79260bda3a39
[2026-07-02T09:43:17.563+0700] {logging_mixin.py:190} WARNING - /home/***/.local/lib/python3.12/site-packages/***/settings.py:449 DeprecationWarning: The sql_alchemy_conn option in [core] has been moved to the sql_alchemy_conn option in [database] - the old setting has been used, but please update your config.
[2026-07-02T09:43:17.750+0700] {taskinstance.py:3122} INFO - Exporting env vars: AIRFLOW_CTX_DAG_OWNER='remosy' AIRFLOW_CTX_DAG_ID='remosy_master_end_to_end' AIRFLOW_CTX_TASK_ID='scrape_twitter' AIRFLOW_CTX_EXECUTION_DATE='2026-06-25T05:00:00+00:00' AIRFLOW_CTX_TRY_NUMBER='1' AIRFLOW_CTX_DAG_RUN_ID='scheduled__2026-06-25T05:00:00+00:00'
[2026-07-02T09:43:17.754+0700] {taskinstance.py:731} INFO - ::endgroup::
[2026-07-02T09:43:21.346+0700] {logging_mixin.py:190} INFO - Memulai Job Scraping Twitter (Relational Schema)...
[2026-07-02T09:43:21.420+0700] {logging_mixin.py:190} INFO - Mencari Tweet: UNSIKA...
[2026-07-02T09:52:43.889+0700] {logging_mixin.py:190} INFO - Mencari Tweet: Universitas Singaperbangsa Karawang...
[2026-07-02T09:55:14.906+0700] {logging_mixin.py:190} INFO - Mencari Tweet: unsikuy...
[2026-07-02T09:57:36.534+0700] {logging_mixin.py:190} INFO - Mencari Tweet: Fasilkom UNSIKA...
[2026-07-02T09:59:57.706+0700] {logging_mixin.py:190} INFO - Job Twitter Selesai. Total 0 tweet baru tersimpan.
[2026-07-02T09:59:57.712+0700] {python.py:240} INFO - Done. Returned value was: None
[2026-07-02T09:59:57.816+0700] {taskinstance.py:340} INFO - ::group::Post task execution logs
[2026-07-02T09:59:57.818+0700] {taskinstance.py:352} INFO - Marking task as SUCCESS. dag_id=remosy_master_end_to_end, task_id=scrape_twitter, run_id=scheduled__2026-06-25T05:00:00+00:00, execution_date=20260625T050000, start_date=20260702T024317, end_date=20260702T025957
[2026-07-02T09:59:57.889+0700] {local_task_job_runner.py:261} INFO - Task exited with return code 0
[2026-07-02T09:59:57.940+0700] {taskinstance.py:3891} INFO - 1 downstream tasks scheduled from follow-on schedule check
[2026-07-02T09:59:57.944+0700] {local_task_job_runner.py:240} INFO - ::endgroup::
