[2026-02-13T23:08:02.389+0700] {local_task_job_runner.py:123} INFO - ::group::Pre task execution logs
[2026-02-13T23:08:02.423+0700] {taskinstance.py:2603} INFO - Dependencies all met for dep_context=non-requeueable deps ti=<TaskInstance: dag_scraping_daily.task_scrape_news scheduled__2026-02-12T05:00:00+00:00 [queued]>
[2026-02-13T23:08:02.436+0700] {taskinstance.py:2603} INFO - Dependencies all met for dep_context=requeueable deps ti=<TaskInstance: dag_scraping_daily.task_scrape_news scheduled__2026-02-12T05:00:00+00:00 [queued]>
[2026-02-13T23:08:02.436+0700] {taskinstance.py:2856} INFO - Starting attempt 1 of 2
[2026-02-13T23:08:02.458+0700] {taskinstance.py:2879} INFO - Executing <Task(PythonOperator): task_scrape_news> on 2026-02-12 05:00:00+00:00
[2026-02-13T23:08:02.469+0700] {logging_mixin.py:190} WARNING - /home/***/.local/lib/python3.12/site-packages/***/task/task_runner/standard_task_runner.py:70 DeprecationWarning: This process (pid=164) is multi-threaded, use of fork() may lead to deadlocks in the child.
[2026-02-13T23:08:02.469+0700] {standard_task_runner.py:104} INFO - Running: ['***', 'tasks', 'run', 'dag_scraping_daily', 'task_scrape_news', 'scheduled__2026-02-12T05:00:00+00:00', '--job-id', '119', '--raw', '--subdir', 'DAGS_FOLDER/dag_scraping_daily.py', '--cfg-path', '/tmp/tmp5ufvbl2u']
[2026-02-13T23:08:02.473+0700] {standard_task_runner.py:72} INFO - Started process 178 to run task
[2026-02-13T23:08:02.475+0700] {standard_task_runner.py:105} INFO - Job 119: Subtask task_scrape_news
[2026-02-13T23:08:02.502+0700] {logging_mixin.py:190} WARNING - /home/***/.local/lib/python3.12/site-packages/***/settings.py:209 DeprecationWarning: The sql_alchemy_conn option in [core] has been moved to the sql_alchemy_conn option in [database] - the old setting has been used, but please update your config.
[2026-02-13T23:08:02.581+0700] {task_command.py:467} INFO - Running <TaskInstance: dag_scraping_daily.task_scrape_news scheduled__2026-02-12T05:00:00+00:00 [running]> on host af387e7c2811
[2026-02-13T23:08:02.584+0700] {logging_mixin.py:190} WARNING - /home/***/.local/lib/python3.12/site-packages/***/settings.py:449 DeprecationWarning: The sql_alchemy_conn option in [core] has been moved to the sql_alchemy_conn option in [database] - the old setting has been used, but please update your config.
[2026-02-13T23:08:02.758+0700] {taskinstance.py:3122} INFO - Exporting env vars: AIRFLOW_CTX_DAG_OWNER='remosy_admin' AIRFLOW_CTX_DAG_ID='dag_scraping_daily' AIRFLOW_CTX_TASK_ID='task_scrape_news' AIRFLOW_CTX_EXECUTION_DATE='2026-02-12T05:00:00+00:00' AIRFLOW_CTX_TRY_NUMBER='1' AIRFLOW_CTX_DAG_RUN_ID='scheduled__2026-02-12T05:00:00+00:00'
[2026-02-13T23:08:02.760+0700] {taskinstance.py:731} INFO - ::endgroup::
[2026-02-13T23:08:05.371+0700] {logging_mixin.py:190} INFO - 🚀 Memulai Job Scraping Google News (Mode Dinamis via Database)...
[2026-02-13T23:08:05.476+0700] {logging_mixin.py:190} INFO - 📋 Menggunakan 4 Kata Kunci dari Database: ['UNSIKA', 'Mahasiswa Unsika', 'BEM Unsika', 'Unsikuy']
[2026-02-13T23:08:05.490+0700] {logging_mixin.py:190} INFO - 📚 Database memiliki 253 berita lama.
[2026-02-13T23:08:05.491+0700] {logging_mixin.py:190} INFO - 🔎 Sedang mencari: 'UNSIKA'...
[2026-02-13T23:08:06.181+0700] {logging_mixin.py:190} INFO -    ⚠️ Gagal menyimpan ke DB: (psycopg2.errors.UniqueViolation) duplicate key value violates unique constraint "news_raw_url_key"
DETAIL:  Key (url)=(https://news.google.com/rss/articles/CBMilgJBVV95cUxPQlU4ZG0zamw5RkNSLUJrbXBtMGhGZ2swTTMxNm05Y0VHcHhNRk1BaHhOSGRlQzJ1UTJYRjR4a0FxMXhYX0c2ckdlX3VfU21VcTVJYmNUcGVJbV91bjU2UWV4SmhSNU5lMUY1ZXRvYnFwT2daNVZsVnpjbVRXWVI3aEotdTFyQ0xYblpmaWhLaENQVlFWU21Zb3NMUkcxVDduWlYwaUN6NlJ3MDZIR09nTXRtWVk4d1J5OUsxRGhXQzEySmdPODd4UzZzclVVRE91TFJaT1daYzY5TDRFcFBRSXVQcDhUY2V6cUZ5MkNFdndWUDdfcXhzZU5EeEhNYXBjelJHOVpNbVlsdDFRNUg5QlkzU0p3d9IBmwJBVV95cUxPeVRBV2FsaXp1a1RheW51Q2MtN1RpSmkyZ3Npb3FxSzV0Y3lkbzVScXVTM0xOLTJBdjZVcllEcXVLRVg1dFU2MTdqSHNEVzZZd2JmRmZnYkhLRzA1Wmt6a2JOWVN4UklBNGZLcC1mV1N5blhHS1FON2lBVWluSDJDQlp3TDVucnNHVXVJOTNNLThoR3pPY1lycTFfNTdzVDhCV2F3UWhSUXE4cnY1ei03TWFTalRhM09QNXZiUERBSk1zSGhDdkpkN2RZU0dkRFdGaWhxQTRKb2pQNUVTdzIwMExkTzgyVVJHd3NvekM4ZFliOGhJVGNhRzUwRVFOOVRWY09zUEdLOHZ0cW8xb1A1SldYV3R1YmFGMlY4?oc=5) already exists.

[SQL: INSERT INTO news_raw (scraped_at, keyword, title, source, url, published_date) VALUES (%(scraped_at)s, %(keyword)s, %(title)s, %(source)s, %(url)s, %(published_date)s)]
[parameters: ({'scraped_at': datetime.datetime(2026, 2, 13, 23, 8, 6, 163521), 'keyword': 'UNSIKA', 'title': 'Implementasi Yellow Sticky Trap oleh KKN Unsika 2026 sebagai Upaya Pengendalian Hama Tanaman Terong di Desa Sukakarsa - Kompasiana.com - Kompasiana.com', 'source': 'Kompasiana.com', 'url': 'https://news.google.com/rss/articles/CBMilgJBVV95cUxPQlU4ZG0zamw5RkNSLUJrbXBtMGhGZ2swTTMxNm05Y0VHcHhNRk1BaHhOSGRlQzJ1UTJYRjR4a0FxMXhYX0c2ckdlX3VfU21V ... (504 characters truncated) ... TWFTalRhM09QNXZiUERBSk1zSGhDdkpkN2RZU0dkRFdGaWhxQTRKb2pQNUVTdzIwMExkTzgyVVJHd3NvekM4ZFliOGhJVGNhRzUwRVFOOVRWY09zUEdLOHZ0cW8xb1A1SldYV3R1YmFGMlY4?oc=5', 'published_date': 'Sat, 24 Jan 2026 08:00:00 GMT'}, {'scraped_at': datetime.datetime(2026, 2, 13, 23, 8, 6, 164421), 'keyword': 'UNSIKA', 'title': 'UNSIKA–UNTAN Perkuat Sinergi Pengawasan Tata Kelola Kampus - RRI.co.id', 'source': 'RRI.co.id', 'url': 'https://news.google.com/rss/articles/CBMiowFBVV95cUxOcEh4NUtXRkhDVnZMXzFmWThJZ1hhSDdBVnJtUzJGTW0tWGFzLUd1TENXVHg2TWN6bVlfNjJ4ZzlTc1FldXA1Z1A1b3BMUTZscFJ3NEtfUnNTMUkzY25ETEpBbnBjRDE0UmtiR3dRM3RmWEthM1ZMTFNPcW9PRDEwZzlkeG5mSGJBc1daNExPSjdxMlp1TzM2akVJRDFidGgyd0tN?oc=5', 'published_date': 'Tue, 09 Dec 2025 08:00:00 GMT'})]
(Background on this error at: https://sqlalche.me/e/14/gkpj)
[2026-02-13T23:08:06.183+0700] {logging_mixin.py:190} INFO - 🔎 Sedang mencari: 'Mahasiswa Unsika'...
[2026-02-13T23:08:06.913+0700] {logging_mixin.py:190} INFO -    ✅ Menyimpan 1 berita BARU.
[2026-02-13T23:08:06.915+0700] {logging_mixin.py:190} INFO - 🔎 Sedang mencari: 'BEM Unsika'...
[2026-02-13T23:08:07.439+0700] {logging_mixin.py:190} INFO -    ✅ Menyimpan 1 berita BARU.
[2026-02-13T23:08:07.440+0700] {logging_mixin.py:190} INFO - 🔎 Sedang mencari: 'Unsikuy'...
[2026-02-13T23:08:07.798+0700] {logging_mixin.py:190} INFO -    ⚠️ Tidak ditemukan berita di Google.
[2026-02-13T23:08:07.801+0700] {logging_mixin.py:190} INFO - 🏁 Job Selesai. Total 2 berita baru ditambahkan hari ini.
[2026-02-13T23:08:07.807+0700] {python.py:240} INFO - Done. Returned value was: None
[2026-02-13T23:08:07.819+0700] {taskinstance.py:340} INFO - ::group::Post task execution logs
[2026-02-13T23:08:07.819+0700] {taskinstance.py:352} INFO - Marking task as SUCCESS. dag_id=dag_scraping_daily, task_id=task_scrape_news, run_id=scheduled__2026-02-12T05:00:00+00:00, execution_date=20260212T050000, start_date=20260213T160802, end_date=20260213T160807
[2026-02-13T23:08:07.876+0700] {local_task_job_runner.py:261} INFO - Task exited with return code 0
[2026-02-13T23:08:07.884+0700] {local_task_job_runner.py:240} INFO - ::endgroup::
