[2026-06-03T08:28:51.959+0700] {local_task_job_runner.py:123} INFO - ::group::Pre task execution logs
[2026-06-03T08:28:51.980+0700] {taskinstance.py:2603} INFO - Dependencies all met for dep_context=non-requeueable deps ti=<TaskInstance: dag_scraping_daily.task_scrape_news scheduled__2026-06-01T17:00:00+00:00 [queued]>
[2026-06-03T08:28:51.992+0700] {taskinstance.py:2603} INFO - Dependencies all met for dep_context=requeueable deps ti=<TaskInstance: dag_scraping_daily.task_scrape_news scheduled__2026-06-01T17:00:00+00:00 [queued]>
[2026-06-03T08:28:51.993+0700] {taskinstance.py:2856} INFO - Starting attempt 1 of 2
[2026-06-03T08:28:52.011+0700] {taskinstance.py:2879} INFO - Executing <Task(PythonOperator): task_scrape_news> on 2026-06-01 17:00:00+00:00
[2026-06-03T08:28:52.021+0700] {logging_mixin.py:190} WARNING - /home/***/.local/lib/python3.12/site-packages/***/task/task_runner/standard_task_runner.py:70 DeprecationWarning: This process (pid=183) is multi-threaded, use of fork() may lead to deadlocks in the child.
[2026-06-03T08:28:52.023+0700] {standard_task_runner.py:72} INFO - Started process 191 to run task
[2026-06-03T08:28:52.024+0700] {standard_task_runner.py:104} INFO - Running: ['***', 'tasks', 'run', 'dag_scraping_daily', 'task_scrape_news', 'scheduled__2026-06-01T17:00:00+00:00', '--job-id', '378', '--raw', '--subdir', 'DAGS_FOLDER/dag_scraping_daily.py', '--cfg-path', '/tmp/tmpu_223dk5']
[2026-06-03T08:28:52.028+0700] {standard_task_runner.py:105} INFO - Job 378: Subtask task_scrape_news
[2026-06-03T08:28:52.046+0700] {logging_mixin.py:190} WARNING - /home/***/.local/lib/python3.12/site-packages/***/settings.py:209 DeprecationWarning: The sql_alchemy_conn option in [core] has been moved to the sql_alchemy_conn option in [database] - the old setting has been used, but please update your config.
[2026-06-03T08:28:52.096+0700] {task_command.py:467} INFO - Running <TaskInstance: dag_scraping_daily.task_scrape_news scheduled__2026-06-01T17:00:00+00:00 [running]> on host 5c3bdcef4f2f
[2026-06-03T08:28:52.098+0700] {logging_mixin.py:190} WARNING - /home/***/.local/lib/python3.12/site-packages/***/settings.py:449 DeprecationWarning: The sql_alchemy_conn option in [core] has been moved to the sql_alchemy_conn option in [database] - the old setting has been used, but please update your config.
[2026-06-03T08:28:52.294+0700] {taskinstance.py:3122} INFO - Exporting env vars: AIRFLOW_CTX_DAG_OWNER='remosy_admin' AIRFLOW_CTX_DAG_ID='dag_scraping_daily' AIRFLOW_CTX_TASK_ID='task_scrape_news' AIRFLOW_CTX_EXECUTION_DATE='2026-06-01T17:00:00+00:00' AIRFLOW_CTX_TRY_NUMBER='1' AIRFLOW_CTX_DAG_RUN_ID='scheduled__2026-06-01T17:00:00+00:00'
[2026-06-03T08:28:52.297+0700] {taskinstance.py:731} INFO - ::endgroup::
[2026-06-03T08:28:55.478+0700] {logging_mixin.py:190} INFO - 🚀 Memulai Job Scraping Google News (Mode Dinamis via Database)...
[2026-06-03T08:28:55.531+0700] {logging_mixin.py:190} INFO - 📋 Menggunakan 4 Kata Kunci dari Database: ['UNSIKA', 'Universitas Singaperbangsa Karawang', 'Unsika', 'Rektor UNSIKA']
[2026-06-03T08:28:55.547+0700] {logging_mixin.py:190} INFO - 📚 Database memiliki 466 berita lama.
[2026-06-03T08:28:55.548+0700] {logging_mixin.py:190} INFO - 🔎 Sedang mencari: 'UNSIKA'...
[2026-06-03T08:28:56.354+0700] {logging_mixin.py:190} INFO -    ✅ Menyimpan 1 berita BARU.
[2026-06-03T08:28:56.357+0700] {logging_mixin.py:190} INFO - 🔎 Sedang mencari: 'Universitas Singaperbangsa Karawang'...
[2026-06-03T08:28:57.332+0700] {logging_mixin.py:190} INFO -    ✅ Menyimpan 1 berita BARU.
[2026-06-03T08:28:57.333+0700] {logging_mixin.py:190} INFO - 🔎 Sedang mencari: 'Unsika'...
[2026-06-03T08:28:58.706+0700] {logging_mixin.py:190} INFO -    ℹ️  Dapat berita, tapi semuanya duplikat (Skip).
[2026-06-03T08:28:58.708+0700] {logging_mixin.py:190} INFO - 🔎 Sedang mencari: 'Rektor UNSIKA'...
[2026-06-03T08:29:00.001+0700] {logging_mixin.py:190} INFO -    ⚠️ Gagal menyimpan ke DB: (psycopg2.errors.UniqueViolation) duplicate key value violates unique constraint "news_raw_url_key"
DETAIL:  Key (url)=(https://news.google.com/rss/articles/CBMikwFBVV95cUxQRU41Y3BIS1kwV2h3aVVQcjhYNEgtbEpEQzZ5dExqWkhwc2hicndRMGU2Wl9NcXd1OEtBVXVka0FBekpjeU5tNHlITDI1TDBDeXhwVy1NeHdFRF8xMEZvTHUwNzI3NG0xdTZfV0dYT1JpdHF0eVpwMGpocTFyd3VWa1JYVXNBakNaWDBONzJneVl1cEk?oc=5) already exists.

[SQL: INSERT INTO news_raw (scraped_at, keyword, title, source, url, published_date) VALUES (%(scraped_at)s, %(keyword)s, %(title)s, %(source)s, %(url)s, %(published_date)s)]
[parameters: {'scraped_at': datetime.datetime(2026, 6, 3, 8, 28, 59, 988674), 'keyword': 'Rektor UNSIKA', 'title': 'Working in Harmony Nurturing the Future - Universitas Jember', 'source': 'Universitas Jember', 'url': 'https://news.google.com/rss/articles/CBMikwFBVV95cUxQRU41Y3BIS1kwV2h3aVVQcjhYNEgtbEpEQzZ5dExqWkhwc2hicndRMGU2Wl9NcXd1OEtBVXVka0FBekpjeU5tNHlITDI1TDBDeXhwVy1NeHdFRF8xMEZvTHUwNzI3NG0xdTZfV0dYT1JpdHF0eVpwMGpocTFyd3VWa1JYVXNBakNaWDBONzJneVl1cEk?oc=5', 'published_date': 'Fri, 08 Nov 2024 08:00:00 GMT'}]
(Background on this error at: https://sqlalche.me/e/14/gkpj)
[2026-06-03T08:29:00.001+0700] {logging_mixin.py:190} INFO - 🏁 Job Selesai. Total 2 berita baru ditambahkan hari ini.
[2026-06-03T08:29:00.002+0700] {python.py:240} INFO - Done. Returned value was: None
[2026-06-03T08:29:00.019+0700] {taskinstance.py:340} INFO - ::group::Post task execution logs
[2026-06-03T08:29:00.020+0700] {taskinstance.py:352} INFO - Marking task as SUCCESS. dag_id=dag_scraping_daily, task_id=task_scrape_news, run_id=scheduled__2026-06-01T17:00:00+00:00, execution_date=20260601T170000, start_date=20260603T012851, end_date=20260603T012900
[2026-06-03T08:29:00.068+0700] {local_task_job_runner.py:261} INFO - Task exited with return code 0
[2026-06-03T08:29:00.101+0700] {taskinstance.py:3891} INFO - 1 downstream tasks scheduled from follow-on schedule check
[2026-06-03T08:29:00.106+0700] {local_task_job_runner.py:240} INFO - ::endgroup::
