[2026-02-01T19:30:34.673+0700] {local_task_job_runner.py:123} INFO - ::group::Pre task execution logs
[2026-02-01T19:30:34.690+0700] {taskinstance.py:2603} INFO - Dependencies all met for dep_context=non-requeueable deps ti=<TaskInstance: dag_scraping_twitter.task_scrape_twitter manual__2026-02-01T12:30:31.953593+00:00 [queued]>
[2026-02-01T19:30:34.700+0700] {taskinstance.py:2603} INFO - Dependencies all met for dep_context=requeueable deps ti=<TaskInstance: dag_scraping_twitter.task_scrape_twitter manual__2026-02-01T12:30:31.953593+00:00 [queued]>
[2026-02-01T19:30:34.702+0700] {taskinstance.py:2856} INFO - Starting attempt 1 of 1
[2026-02-01T19:30:34.716+0700] {taskinstance.py:2879} INFO - Executing <Task(PythonOperator): task_scrape_twitter> on 2026-02-01 12:30:31.953593+00:00
[2026-02-01T19:30:34.733+0700] {logging_mixin.py:190} WARNING - /home/***/.local/lib/python3.12/site-packages/***/task/task_runner/standard_task_runner.py:70 DeprecationWarning: This process (pid=1571) is multi-threaded, use of fork() may lead to deadlocks in the child.
[2026-02-01T19:30:34.735+0700] {standard_task_runner.py:72} INFO - Started process 1573 to run task
[2026-02-01T19:30:34.733+0700] {standard_task_runner.py:104} INFO - Running: ['***', 'tasks', 'run', 'dag_scraping_twitter', 'task_scrape_twitter', 'manual__2026-02-01T12:30:31.953593+00:00', '--job-id', '25', '--raw', '--subdir', 'DAGS_FOLDER/dag_scraping_twitter.py', '--cfg-path', '/tmp/tmpwu0c28u8']
[2026-02-01T19:30:34.737+0700] {standard_task_runner.py:105} INFO - Job 25: Subtask task_scrape_twitter
[2026-02-01T19:30:34.758+0700] {logging_mixin.py:190} WARNING - /home/***/.local/lib/python3.12/site-packages/***/settings.py:209 DeprecationWarning: The sql_alchemy_conn option in [core] has been moved to the sql_alchemy_conn option in [database] - the old setting has been used, but please update your config.
[2026-02-01T19:30:34.820+0700] {task_command.py:467} INFO - Running <TaskInstance: dag_scraping_twitter.task_scrape_twitter manual__2026-02-01T12:30:31.953593+00:00 [running]> on host 22721f3c18b7
[2026-02-01T19:30:34.969+0700] {taskinstance.py:3122} INFO - Exporting env vars: AIRFLOW_CTX_DAG_OWNER='remosy_admin' AIRFLOW_CTX_DAG_ID='dag_scraping_twitter' AIRFLOW_CTX_TASK_ID='task_scrape_twitter' AIRFLOW_CTX_EXECUTION_DATE='2026-02-01T12:30:31.953593+00:00' AIRFLOW_CTX_TRY_NUMBER='1' AIRFLOW_CTX_DAG_RUN_ID='manual__2026-02-01T12:30:31.953593+00:00'
[2026-02-01T19:30:34.971+0700] {taskinstance.py:731} INFO - ::endgroup::
[2026-02-01T19:30:35.000+0700] {logging_mixin.py:190} INFO - 🚀 Memulai Job Scraping Twitter (Via Tweet-Harvest)...
[2026-02-01T19:30:35.024+0700] {logging_mixin.py:190} INFO - 🎯 Target: ['Universitas Singaperbangsa Karawang', 'UNSIKA', 'Rektor UNSIKA']
[2026-02-01T19:30:35.025+0700] {logging_mixin.py:190} INFO - ⏳ Istirahat 8.46 detik...
[2026-02-01T19:30:43.488+0700] {logging_mixin.py:190} INFO -  Memulai Tweet-Harvest untuk: Universitas Singaperbangsa Karawang...
[2026-02-01T19:30:43.490+0700] {logging_mixin.py:190} INFO -  Filter: Mengambil tweet hanya sejak 2025-10-04
[2026-02-01T19:33:10.925+0700] {logging_mixin.py:190} INFO -  File ditemukan: tweets-data/UniversitasSingaperbangsaKarawang_tweets.csv
[2026-02-01T19:33:10.954+0700] {logging_mixin.py:190} INFO - ⏳ Istirahat 9.35 detik...
[2026-02-01T19:33:20.309+0700] {logging_mixin.py:190} INFO -  Memulai Tweet-Harvest untuk: UNSIKA...
[2026-02-01T19:33:20.311+0700] {logging_mixin.py:190} INFO -  Filter: Mengambil tweet hanya sejak 2025-10-04
[2026-02-01T19:33:41.998+0700] {logging_mixin.py:190} INFO -  File ditemukan: tweets-data/UNSIKA_tweets.csv
[2026-02-01T19:33:42.005+0700] {logging_mixin.py:190} INFO - ⏳ Istirahat 9.70 detik...
[2026-02-01T19:33:51.715+0700] {logging_mixin.py:190} INFO -  Memulai Tweet-Harvest untuk: Rektor UNSIKA...
[2026-02-01T19:33:51.716+0700] {logging_mixin.py:190} INFO -  Filter: Mengambil tweet hanya sejak 2025-10-04
[2026-02-01T19:36:05.162+0700] {logging_mixin.py:190} INFO -  File ditemukan: tweets-data/RektorUNSIKA_tweets.csv
[2026-02-01T19:36:05.164+0700] {logging_mixin.py:190} INFO -  Exception saat scraping: No columns to parse from file
[2026-02-01T19:36:05.172+0700] {logging_mixin.py:190} INFO - 💾 Menyimpan 85 tweet bersih...
[2026-02-01T19:36:05.198+0700] {logging_mixin.py:190} INFO - ✅ SUKSES! Data tweet tersimpan.
[2026-02-01T19:36:05.200+0700] {python.py:240} INFO - Done. Returned value was: None
[2026-02-01T19:36:05.212+0700] {taskinstance.py:340} INFO - ::group::Post task execution logs
[2026-02-01T19:36:05.213+0700] {taskinstance.py:352} INFO - Marking task as SUCCESS. dag_id=dag_scraping_twitter, task_id=task_scrape_twitter, run_id=manual__2026-02-01T12:30:31.953593+00:00, execution_date=20260201T123031, start_date=20260201T123034, end_date=20260201T123605
[2026-02-01T19:36:05.251+0700] {local_task_job_runner.py:261} INFO - Task exited with return code 0
[2026-02-01T19:36:05.271+0700] {taskinstance.py:3891} INFO - 0 downstream tasks scheduled from follow-on schedule check
[2026-02-01T19:36:05.275+0700] {local_task_job_runner.py:240} INFO - ::endgroup::
