[2026-06-06T09:11:36.728+0700] {local_task_job_runner.py:123} INFO - ::group::Pre task execution logs
[2026-06-06T09:11:36.756+0700] {taskinstance.py:2603} INFO - Dependencies all met for dep_context=non-requeueable deps ti=<TaskInstance: dag_scraping_daily.task_scrape_news scheduled__2026-06-03T05:00:00+00:00 [queued]>
[2026-06-06T09:11:36.772+0700] {taskinstance.py:2603} INFO - Dependencies all met for dep_context=requeueable deps ti=<TaskInstance: dag_scraping_daily.task_scrape_news scheduled__2026-06-03T05:00:00+00:00 [queued]>
[2026-06-06T09:11:36.773+0700] {taskinstance.py:2856} INFO - Starting attempt 1 of 2
[2026-06-06T09:11:36.798+0700] {taskinstance.py:2879} INFO - Executing <Task(PythonOperator): task_scrape_news> on 2026-06-03 05:00:00+00:00
[2026-06-06T09:11:36.812+0700] {logging_mixin.py:190} WARNING - /home/***/.local/lib/python3.12/site-packages/***/task/task_runner/standard_task_runner.py:70 DeprecationWarning: This process (pid=182) is multi-threaded, use of fork() may lead to deadlocks in the child.
[2026-06-06T09:11:36.815+0700] {standard_task_runner.py:72} INFO - Started process 196 to run task
[2026-06-06T09:11:36.812+0700] {standard_task_runner.py:104} INFO - Running: ['***', 'tasks', 'run', 'dag_scraping_daily', 'task_scrape_news', 'scheduled__2026-06-03T05:00:00+00:00', '--job-id', '391', '--raw', '--subdir', 'DAGS_FOLDER/dag_scraping_daily.py', '--cfg-path', '/tmp/tmpy6834guu']
[2026-06-06T09:11:36.819+0700] {standard_task_runner.py:105} INFO - Job 391: Subtask task_scrape_news
[2026-06-06T09:11:36.861+0700] {logging_mixin.py:190} WARNING - /home/***/.local/lib/python3.12/site-packages/***/settings.py:209 DeprecationWarning: The sql_alchemy_conn option in [core] has been moved to the sql_alchemy_conn option in [database] - the old setting has been used, but please update your config.
[2026-06-06T09:11:36.922+0700] {task_command.py:467} INFO - Running <TaskInstance: dag_scraping_daily.task_scrape_news scheduled__2026-06-03T05:00:00+00:00 [running]> on host af68be27e225
[2026-06-06T09:11:36.925+0700] {logging_mixin.py:190} WARNING - /home/***/.local/lib/python3.12/site-packages/***/settings.py:449 DeprecationWarning: The sql_alchemy_conn option in [core] has been moved to the sql_alchemy_conn option in [database] - the old setting has been used, but please update your config.
[2026-06-06T09:11:37.077+0700] {taskinstance.py:3122} INFO - Exporting env vars: AIRFLOW_CTX_DAG_OWNER='remosy_admin' AIRFLOW_CTX_DAG_ID='dag_scraping_daily' AIRFLOW_CTX_TASK_ID='task_scrape_news' AIRFLOW_CTX_EXECUTION_DATE='2026-06-03T05:00:00+00:00' AIRFLOW_CTX_TRY_NUMBER='1' AIRFLOW_CTX_DAG_RUN_ID='scheduled__2026-06-03T05:00:00+00:00'
[2026-06-06T09:11:37.081+0700] {taskinstance.py:731} INFO - ::endgroup::
[2026-06-06T09:11:39.822+0700] {logging_mixin.py:190} INFO - 🚀 Memulai Job Scraping Google News (Mode Dinamis via Database)...
[2026-06-06T09:11:39.873+0700] {logging_mixin.py:190} INFO - 📋 Menggunakan 4 Kata Kunci dari Database: ['UNSIKA', 'Universitas Singaperbangsa Karawang', 'Unsika', 'Rektor UNSIKA']
[2026-06-06T09:11:39.886+0700] {logging_mixin.py:190} INFO - 📚 Database memiliki 470 berita lama.
[2026-06-06T09:11:39.887+0700] {logging_mixin.py:190} INFO - 🔎 Sedang mencari: 'UNSIKA'...
[2026-06-06T09:11:40.748+0700] {logging_mixin.py:190} INFO -    ✅ Menyimpan 1 berita BARU.
[2026-06-06T09:11:40.749+0700] {logging_mixin.py:190} INFO - 🔎 Sedang mencari: 'Universitas Singaperbangsa Karawang'...
[2026-06-06T09:11:41.535+0700] {logging_mixin.py:190} INFO -    ✅ Menyimpan 6 berita BARU.
[2026-06-06T09:11:41.536+0700] {logging_mixin.py:190} INFO - 🔎 Sedang mencari: 'Unsika'...
[2026-06-06T09:11:42.069+0700] {logging_mixin.py:190} INFO -    ℹ️  Dapat berita, tapi semuanya duplikat (Skip).
[2026-06-06T09:11:42.070+0700] {logging_mixin.py:190} INFO - 🔎 Sedang mencari: 'Rektor UNSIKA'...
[2026-06-06T09:11:42.905+0700] {logging_mixin.py:190} INFO -    ⚠️ Gagal menyimpan ke DB: (psycopg2.errors.UniqueViolation) duplicate key value violates unique constraint "news_raw_url_key"
DETAIL:  Key (url)=(https://news.google.com/rss/articles/CBMiugFBVV95cUxOX0dMdWJLUi1LNW9fa0FOeUd3OVBESTZpZlJ5bXpHRlRoLVluMzNIem85dGZacGR2MG5MNnBNSGxwQjNkLVhEeTB6X0RSZnJIaGFlMHYxTHp4WEJSR0Y2T2NMRUxUb0Y5TkdpRG94STlJRFMyYWpCcnNYRkpfZXJCR0ZuRTQtaWZhcFJvNnFjUnd5eHdJRmpJaE5ueGljaHFNZm5FUkFvMmJLaWxaRWp1S191cGlkUWw4NWfSAb8BQVVfeXFMT2E0VFZHNC1SQU9qZzJwREpLT2ZaZzNUZjNUYnRjdGY4VWpJQ2VtRGEyRG1mcFlpR3Y2MzZibEY4b3N1TmRWbEYyUVNickJMdXVfZ2hLN2RVQ3huUW0yVHlLWGNIZTRpZVp2S2hVR0pFYUlaeG95bHVxWGVlR3VmeWgwaUk2ZXVfYUZXLUh5bjRMYi0yWXc3YXFtWnBqYmJaRkNEVnQwRkF2ZXotMWhmRWpzQlF0eW5Gdi0wdnVJbTA?oc=5) already exists.

[SQL: INSERT INTO news_raw (scraped_at, keyword, title, source, url, published_date) VALUES (%(scraped_at)s, %(keyword)s, %(title)s, %(source)s, %(url)s, %(published_date)s)]
[parameters: ({'scraped_at': datetime.datetime(2026, 6, 6, 9, 11, 42, 882147), 'keyword': 'Rektor UNSIKA', 'title': 'Bupati Karawang Cellica dapat surat tugas jadi dosen khusus di Unsika - ANTARA News Megapolitan', 'source': 'ANTARA News Megapolitan', 'url': 'https://news.google.com/rss/articles/CBMiugFBVV95cUxOX0dMdWJLUi1LNW9fa0FOeUd3OVBESTZpZlJ5bXpHRlRoLVluMzNIem85dGZacGR2MG5MNnBNSGxwQjNkLVhEeTB6X0RSZnJI ... (259 characters truncated) ... LN2RVQ3huUW0yVHlLWGNIZTRpZVp2S2hVR0pFYUlaeG95bHVxWGVlR3VmeWgwaUk2ZXVfYUZXLUh5bjRMYi0yWXc3YXFtWnBqYmJaRkNEVnQwRkF2ZXotMWhmRWpzQlF0eW5Gdi0wdnVJbTA?oc=5', 'published_date': 'Sat, 18 Jul 2020 07:00:00 GMT'}, {'scraped_at': datetime.datetime(2026, 6, 6, 9, 11, 42, 882557), 'keyword': 'Rektor UNSIKA', 'title': '172 Pegawai Unsika Gelar Unjuk Rasa, Kecewa Belum Diangkat PNS Meski Berstatus Universitas Negeri - tvberita.co.id', 'source': 'tvberita.co.id', 'url': 'https://news.google.com/rss/articles/CBMi0gFBVV95cUxPbVFXek5HdXdxSFVDVTBETmlNWFdyN3hwVHhpNGhuUjVOY25MMXMzc3REOXVmLTI1dkZlajA4Sm82RUZfNDM5bDZSMkkyV3hI ... (31 characters truncated) ... xSG55UGNVMDRhWDhQMUNGX1FiMHBJV0pUOE01c1FYbjd6REFTejNYeG1Wems1al9uV0h0ZzJ2V3k4YUpwc0p2eVdpS21pbDk0SE1HeGExQXR4ZjlUWksxX3R0RTBjVVJwLUtPd3poYjQxalE?oc=5', 'published_date': 'Fri, 16 May 2025 07:00:00 GMT'}, {'scraped_at': datetime.datetime(2026, 6, 6, 9, 11, 42, 882682), 'keyword': 'Rektor UNSIKA', 'title': 'Mahasiswa Tagih Janji Penghapusan Uang Pangkal oleh Rektor Unsika - tvberita.co.id', 'source': 'tvberita.co.id', 'url': 'https://news.google.com/rss/articles/CBMipgFBVV95cUxNWTd5aUZqQm9iWldRMldhdXdVaFEzdEZSNmUtSVJNaHJmN2FZcHJTcGVnOVA1REswdDYwazBpcEhTUXBtcE9lZ0swZGh6dzdWaWVBaGRkRjZhWFJ6R1Qtc1RmQklDVGdOTXQzTF9SU25ZUjBUYkF3Y1R3dFU0WnN2VnBFWTh3RGxhYVFmQVRSZDNkcGFSWjNwbV92ZlMyN212WWwycGN3?oc=5', 'published_date': 'Sat, 22 Aug 2020 07:00:00 GMT'}, {'scraped_at': datetime.datetime(2026, 6, 6, 9, 11, 42, 882808), 'keyword': 'Rektor UNSIKA', 'title': 'Keseruan Unsika Menggelar Festival Inovasi dan Teknologi 2024 - rakyatjelata.com', 'source': 'rakyatjelata.com', 'url': 'https://news.google.com/rss/articles/CBMingFBVV95cUxQN0VITjFnRjhxRlNuVkhmc3pwcDV3aWRRQ1c3eUJ0THJGVzRvSENLazhzX2RNdzQyXzRzRmZuUl92bVdfcHhoeW5QQnRibFdHb1QyX2ZEVjcwV3BZcHJlSzNCT2FDUXB4SzBBQ0FIbTl3a0Y2aXlVanRmOVlzOXpBeEoxbFRXZzFmSkZHZXNCY1FVMGNSdURkV1o2MXJtUQ?oc=5', 'published_date': 'Sun, 17 Nov 2024 08:00:00 GMT'}, {'scraped_at': datetime.datetime(2026, 6, 6, 9, 11, 42, 882937), 'keyword': 'Rektor UNSIKA', 'title': 'UNSIKA Gelar Wisuda Gelombang II Tahun Akademik 2022/2023 - bewara.co.id', 'source': 'bewara.co.id', 'url': 'https://news.google.com/rss/articles/CBMihgFBVV95cUxQZW9ZNXVUZTVNWU1yRkNPWHpLSGJVZWlLandSVXhYQ3RLWno4X0IxZjN4a3BfQzQ0eFhiX29TVDZ3ZUJENHhZbzg2MlpwV3ZURzRoeENOYWVCVDdNUEdRTUxYNHZmcVFNbTFUMDJjS2FnTUpGb1lzN3ZpZUJlNmRrTXhvVTZRQQ?oc=5', 'published_date': 'Tue, 06 Jun 2023 07:00:00 GMT'}, {'scraped_at': datetime.datetime(2026, 6, 6, 9, 11, 42, 883192), 'keyword': 'Rektor UNSIKA', 'title': 'Keren, Unsika Raih Dua Prestasi Bergengsi Level Nasional - tvberita.co.id', 'source': 'tvberita.co.id', 'url': 'https://news.google.com/rss/articles/CBMimAFBVV95cUxQZHhfYVdpWGNqaTd4dGFhb21PUDM1cGdqT3pmeHRUU00wNElYeUtuR3hScjlFVUR4WjRtS2pXWUszb2ZKSTRodmhBTVVPTjJiOUNKMjIyd2VLYzkwTURmaFk4aWFlRUtJdmhYM3h4MWFGX1hxTHhsQU1rZ3huQmNjY2NxWlRhSE9DTnlWQXZMSTdrZWJhM2ZiTw?oc=5', 'published_date': 'Tue, 28 Jun 2022 07:00:00 GMT'}, {'scraped_at': datetime.datetime(2026, 6, 6, 9, 11, 42, 883317), 'keyword': 'Rektor UNSIKA', 'title': 'Timbulkan Klaster Covid-19, Ini Penjelasan Unsika - tvberita.co.id', 'source': 'tvberita.co.id', 'url': 'https://news.google.com/rss/articles/CBMiiAFBVV95cUxNWFg5S0tvdlBCZkFuVWxIRnRRSTIwOEs0VDZxUktlSDlYM0xBLU9tTWRMeE90U0pvYVhKeEFpNzJxZ1BVb01pWDQ4MHk5M1hrT2FITk9mQW1HLTREaXhhb3kwMHJId214YXRoSDhiVE9CR3hkb2JIeVdFZEpjaGJ3UDJ2RW5IOXZy?oc=5', 'published_date': 'Sat, 05 Feb 2022 08:00:00 GMT'}, {'scraped_at': datetime.datetime(2026, 6, 6, 9, 11, 42, 883446), 'keyword': 'Rektor UNSIKA', 'title': 'Terkait Dugaan Monopoli Proyek Di Unsika , Narasumber Minta Maaf Sebesar-Besar-nya - rakyatjelata.com', 'source': 'rakyatjelata.com', 'url': 'https://news.google.com/rss/articles/CBMitAFBVV95cUxOdFdCSEMwcFlqZktDcnBXdm1HS3dpMHV6d0dIWndtQk5qdmtsOWxwYlpxT0RnMVFzT3J4R2VfVWFSdDUyZVhkdE12VVJoRk9yanJNNXZiN0NmRE1TMXVpcFRRSzhIcFVienpvYm9ubzdyaXR1UnZHYzRjX251RkxrWnBzLUZwZ3hMWnFtb2hRS3dibXNnZnVjeHZzOVdxMGZOdlI3R2pmbWRXSG5GUGNwczZ2N2Y?oc=5', 'published_date': 'Tue, 14 May 2024 07:00:00 GMT'})]
(Background on this error at: https://sqlalche.me/e/14/gkpj)
[2026-06-06T09:11:42.907+0700] {logging_mixin.py:190} INFO - 🏁 Job Selesai. Total 7 berita baru ditambahkan hari ini.
[2026-06-06T09:11:42.913+0700] {python.py:240} INFO - Done. Returned value was: None
[2026-06-06T09:11:42.936+0700] {taskinstance.py:340} INFO - ::group::Post task execution logs
[2026-06-06T09:11:42.937+0700] {taskinstance.py:352} INFO - Marking task as SUCCESS. dag_id=dag_scraping_daily, task_id=task_scrape_news, run_id=scheduled__2026-06-03T05:00:00+00:00, execution_date=20260603T050000, start_date=20260606T021136, end_date=20260606T021142
[2026-06-06T09:11:43.006+0700] {local_task_job_runner.py:261} INFO - Task exited with return code 0
[2026-06-06T09:11:43.040+0700] {taskinstance.py:3891} INFO - 1 downstream tasks scheduled from follow-on schedule check
[2026-06-06T09:11:43.043+0700] {local_task_job_runner.py:240} INFO - ::endgroup::
