[2026-02-01T10:40:33.410+0000] {local_task_job_runner.py:123} INFO - ::group::Pre task execution logs
[2026-02-01T10:40:33.445+0000] {taskinstance.py:2603} INFO - Dependencies all met for dep_context=non-requeueable deps ti=<TaskInstance: dag_scraping_daily.task_scrape_news scheduled__2026-01-31T06:00:00+00:00 [queued]>
[2026-02-01T10:40:33.466+0000] {taskinstance.py:2603} INFO - Dependencies all met for dep_context=requeueable deps ti=<TaskInstance: dag_scraping_daily.task_scrape_news scheduled__2026-01-31T06:00:00+00:00 [queued]>
[2026-02-01T10:40:33.470+0000] {taskinstance.py:2856} INFO - Starting attempt 1 of 2
[2026-02-01T10:40:33.497+0000] {taskinstance.py:2879} INFO - Executing <Task(PythonOperator): task_scrape_news> on 2026-01-31 06:00:00+00:00
[2026-02-01T10:40:33.529+0000] {standard_task_runner.py:104} INFO - Running: ['***', 'tasks', 'run', 'dag_scraping_daily', 'task_scrape_news', 'scheduled__2026-01-31T06:00:00+00:00', '--job-id', '9', '--raw', '--subdir', 'DAGS_FOLDER/dag_scraping_daily.py', '--cfg-path', '/tmp/tmpwa046vji']
[2026-02-01T10:40:33.540+0000] {standard_task_runner.py:105} INFO - Job 9: Subtask task_scrape_news
[2026-02-01T10:40:33.532+0000] {logging_mixin.py:190} WARNING - /home/***/.local/lib/python3.12/site-packages/***/task/task_runner/standard_task_runner.py:70 DeprecationWarning: This process (pid=188) is multi-threaded, use of fork() may lead to deadlocks in the child.
[2026-02-01T10:40:33.542+0000] {standard_task_runner.py:72} INFO - Started process 192 to run task
[2026-02-01T10:40:33.627+0000] {logging_mixin.py:190} WARNING - /home/***/.local/lib/python3.12/site-packages/***/settings.py:209 DeprecationWarning: The sql_alchemy_conn option in [core] has been moved to the sql_alchemy_conn option in [database] - the old setting has been used, but please update your config.
[2026-02-01T10:40:33.874+0000] {task_command.py:467} INFO - Running <TaskInstance: dag_scraping_daily.task_scrape_news scheduled__2026-01-31T06:00:00+00:00 [running]> on host 85db8ecaf4c2
[2026-02-01T10:40:33.879+0000] {logging_mixin.py:190} WARNING - /home/***/.local/lib/python3.12/site-packages/***/settings.py:449 DeprecationWarning: The sql_alchemy_conn option in [core] has been moved to the sql_alchemy_conn option in [database] - the old setting has been used, but please update your config.
[2026-02-01T10:40:34.228+0000] {taskinstance.py:3122} INFO - Exporting env vars: AIRFLOW_CTX_DAG_OWNER='remosy_admin' AIRFLOW_CTX_DAG_ID='dag_scraping_daily' AIRFLOW_CTX_TASK_ID='task_scrape_news' AIRFLOW_CTX_EXECUTION_DATE='2026-01-31T06:00:00+00:00' AIRFLOW_CTX_TRY_NUMBER='1' AIRFLOW_CTX_DAG_RUN_ID='scheduled__2026-01-31T06:00:00+00:00'
[2026-02-01T10:40:34.234+0000] {taskinstance.py:731} INFO - ::endgroup::
[2026-02-01T10:40:34.292+0000] {logging_mixin.py:190} INFO -  Memulai Job Scraping Harian...
[2026-02-01T10:40:34.296+0000] {logging_mixin.py:190} INFO -  Koneksi DB berhasil.
[2026-02-01T10:40:34.297+0000] {logging_mixin.py:190} INFO -  Membaca konfigurasi kata kunci...
[2026-02-01T10:40:34.407+0000] {logging_mixin.py:190} INFO -  Target (3): ['Universitas Singaperbangsa Karawang', 'UNSIKA', 'Rektor UNSIKA']
[2026-02-01T10:40:34.409+0000] {logging_mixin.py:190} INFO -  Scraping: Universitas Singaperbangsa Karawang
[2026-02-01T10:40:34.410+0000] {logging_mixin.py:190} INFO - 🔍 Mengambil berita untuk: Universitas Singaperbangsa Karawang...
[2026-02-01T10:40:35.253+0000] {logging_mixin.py:190} INFO -  Berhasil mengambil 50 berita.
[2026-02-01T10:40:35.263+0000] {logging_mixin.py:190} INFO -  Scraping: UNSIKA
[2026-02-01T10:40:35.264+0000] {logging_mixin.py:190} INFO - 🔍 Mengambil berita untuk: UNSIKA...
[2026-02-01T10:40:36.029+0000] {logging_mixin.py:190} INFO -  Berhasil mengambil 50 berita.
[2026-02-01T10:40:36.033+0000] {logging_mixin.py:190} INFO -  Scraping: Rektor UNSIKA
[2026-02-01T10:40:36.034+0000] {logging_mixin.py:190} INFO - 🔍 Mengambil berita untuk: Rektor UNSIKA...
[2026-02-01T10:40:36.872+0000] {logging_mixin.py:190} INFO -  Berhasil mengambil 50 berita.
[2026-02-01T10:40:36.880+0000] {logging_mixin.py:190} INFO -  Total mentah: 150 berita.
[2026-02-01T10:40:36.901+0000] {logging_mixin.py:190} INFO -  Total bersih: 126 berita unik.
[2026-02-01T10:40:36.950+0000] {logging_mixin.py:190} INFO -  Info: Beberapa berita sudah ada di DB (Skip duplikat).
[2026-02-01T10:40:36.951+0000] {python.py:240} INFO - Done. Returned value was: None
[2026-02-01T10:40:36.975+0000] {taskinstance.py:340} INFO - ::group::Post task execution logs
[2026-02-01T10:40:36.976+0000] {taskinstance.py:352} INFO - Marking task as SUCCESS. dag_id=dag_scraping_daily, task_id=task_scrape_news, run_id=scheduled__2026-01-31T06:00:00+00:00, execution_date=20260131T060000, start_date=20260201T104033, end_date=20260201T104036
[2026-02-01T10:40:37.042+0000] {local_task_job_runner.py:261} INFO - Task exited with return code 0
[2026-02-01T10:40:37.067+0000] {taskinstance.py:3891} INFO - 0 downstream tasks scheduled from follow-on schedule check
[2026-02-01T10:40:37.071+0000] {local_task_job_runner.py:240} INFO - ::endgroup::
