[2026-02-22T18:00:00.634+0700] {local_task_job_runner.py:123} INFO - ::group::Pre task execution logs
[2026-02-22T18:00:00.648+0700] {taskinstance.py:2603} INFO - Dependencies all met for dep_context=non-requeueable deps ti=<TaskInstance: dag_scraping_twitter.task_scrape_twitter scheduled__2026-02-21T23:00:00+00:00 [queued]>
[2026-02-22T18:00:00.656+0700] {taskinstance.py:2603} INFO - Dependencies all met for dep_context=requeueable deps ti=<TaskInstance: dag_scraping_twitter.task_scrape_twitter scheduled__2026-02-21T23:00:00+00:00 [queued]>
[2026-02-22T18:00:00.657+0700] {taskinstance.py:2856} INFO - Starting attempt 1 of 1
[2026-02-22T18:00:00.673+0700] {taskinstance.py:2879} INFO - Executing <Task(PythonOperator): task_scrape_twitter> on 2026-02-21 23:00:00+00:00
[2026-02-22T18:00:00.681+0700] {logging_mixin.py:190} WARNING - /home/***/.local/lib/python3.12/site-packages/***/task/task_runner/standard_task_runner.py:70 DeprecationWarning: This process (pid=10018) is multi-threaded, use of fork() may lead to deadlocks in the child.
[2026-02-22T18:00:00.682+0700] {standard_task_runner.py:72} INFO - Started process 10019 to run task
[2026-02-22T18:00:00.681+0700] {standard_task_runner.py:104} INFO - Running: ['***', 'tasks', 'run', 'dag_scraping_twitter', 'task_scrape_twitter', 'scheduled__2026-02-21T23:00:00+00:00', '--job-id', '186', '--raw', '--subdir', 'DAGS_FOLDER/dag_scraping_twitter.py', '--cfg-path', '/tmp/tmpavzp86k5']
[2026-02-22T18:00:00.684+0700] {standard_task_runner.py:105} INFO - Job 186: Subtask task_scrape_twitter
[2026-02-22T18:00:00.699+0700] {logging_mixin.py:190} WARNING - /home/***/.local/lib/python3.12/site-packages/***/settings.py:209 DeprecationWarning: The sql_alchemy_conn option in [core] has been moved to the sql_alchemy_conn option in [database] - the old setting has been used, but please update your config.
[2026-02-22T18:00:00.756+0700] {task_command.py:467} INFO - Running <TaskInstance: dag_scraping_twitter.task_scrape_twitter scheduled__2026-02-21T23:00:00+00:00 [running]> on host 7392b0285d7c
[2026-02-22T18:00:00.758+0700] {logging_mixin.py:190} WARNING - /home/***/.local/lib/python3.12/site-packages/***/settings.py:449 DeprecationWarning: The sql_alchemy_conn option in [core] has been moved to the sql_alchemy_conn option in [database] - the old setting has been used, but please update your config.
[2026-02-22T18:00:00.847+0700] {taskinstance.py:3122} INFO - Exporting env vars: AIRFLOW_CTX_DAG_OWNER='remosy_admin' AIRFLOW_CTX_DAG_ID='dag_scraping_twitter' AIRFLOW_CTX_TASK_ID='task_scrape_twitter' AIRFLOW_CTX_EXECUTION_DATE='2026-02-21T23:00:00+00:00' AIRFLOW_CTX_TRY_NUMBER='1' AIRFLOW_CTX_DAG_RUN_ID='scheduled__2026-02-21T23:00:00+00:00'
[2026-02-22T18:00:00.849+0700] {taskinstance.py:731} INFO - ::endgroup::
[2026-02-22T18:00:01.530+0700] {logging_mixin.py:190} INFO - Memulai Job Scraping Twitter (Mode Cerdas)...
[2026-02-22T18:00:01.543+0700] {logging_mixin.py:190} INFO - Database saat ini memiliki 141 tweet.
[2026-02-22T18:00:01.544+0700] {logging_mixin.py:190} INFO - Mencari Tweet: unsika...
[2026-02-22T18:00:27.024+0700] {logging_mixin.py:190} INFO -    Menyimpan 2 tweet BARU.
[2026-02-22T18:00:27.025+0700] {logging_mixin.py:190} INFO - Mencari Tweet: universitas singaperbangsa karawang...
[2026-02-22T18:02:45.942+0700] {logging_mixin.py:190} INFO -    info: Tidak ada tweet baru (semua duplikat).
[2026-02-22T18:02:45.943+0700] {logging_mixin.py:190} INFO - Mencari Tweet: mahasiswa unsika...
[2026-02-22T18:05:06.448+0700] {logging_mixin.py:190} INFO -    info: Tidak ada tweet baru (semua duplikat).
[2026-02-22T18:05:06.449+0700] {logging_mixin.py:190} INFO - Job Twitter Selesai. Total 2 tweet baru tersimpan.
[2026-02-22T18:05:06.450+0700] {python.py:240} INFO - Done. Returned value was: None
[2026-02-22T18:05:06.461+0700] {taskinstance.py:340} INFO - ::group::Post task execution logs
[2026-02-22T18:05:06.462+0700] {taskinstance.py:352} INFO - Marking task as SUCCESS. dag_id=dag_scraping_twitter, task_id=task_scrape_twitter, run_id=scheduled__2026-02-21T23:00:00+00:00, execution_date=20260221T230000, start_date=20260222T110000, end_date=20260222T110506
[2026-02-22T18:05:06.487+0700] {local_task_job_runner.py:261} INFO - Task exited with return code 0
[2026-02-22T18:05:06.508+0700] {taskinstance.py:3891} INFO - 1 downstream tasks scheduled from follow-on schedule check
[2026-02-22T18:05:06.511+0700] {local_task_job_runner.py:240} INFO - ::endgroup::
