[2026-07-02T12:00:01.465+0700] {local_task_job_runner.py:123} INFO - ::group::Pre task execution logs
[2026-07-02T12:00:01.505+0700] {taskinstance.py:2603} INFO - Dependencies all met for dep_context=non-requeueable deps ti=<TaskInstance: remosy_master_end_to_end.scrape_news scheduled__2026-07-01T17:00:00+00:00 [queued]>
[2026-07-02T12:00:01.523+0700] {taskinstance.py:2603} INFO - Dependencies all met for dep_context=requeueable deps ti=<TaskInstance: remosy_master_end_to_end.scrape_news scheduled__2026-07-01T17:00:00+00:00 [queued]>
[2026-07-02T12:00:01.523+0700] {taskinstance.py:2856} INFO - Starting attempt 1 of 1
[2026-07-02T12:00:01.572+0700] {taskinstance.py:2879} INFO - Executing <Task(PythonOperator): scrape_news> on 2026-07-01 17:00:00+00:00
[2026-07-02T12:00:01.588+0700] {logging_mixin.py:190} WARNING - /home/***/.local/lib/python3.12/site-packages/***/task/task_runner/standard_task_runner.py:70 DeprecationWarning: This process (pid=7683) is multi-threaded, use of fork() may lead to deadlocks in the child.
[2026-07-02T12:00:01.587+0700] {standard_task_runner.py:104} INFO - Running: ['***', 'tasks', 'run', 'remosy_master_end_to_end', 'scrape_news', 'scheduled__2026-07-01T17:00:00+00:00', '--job-id', '682', '--raw', '--subdir', 'DAGS_FOLDER/dag_remosy_master.py', '--cfg-path', '/tmp/tmp9b1gah8b']
[2026-07-02T12:00:01.590+0700] {standard_task_runner.py:72} INFO - Started process 7686 to run task
[2026-07-02T12:00:01.590+0700] {standard_task_runner.py:105} INFO - Job 682: Subtask scrape_news
[2026-07-02T12:00:01.614+0700] {logging_mixin.py:190} WARNING - /home/***/.local/lib/python3.12/site-packages/***/settings.py:209 DeprecationWarning: The sql_alchemy_conn option in [core] has been moved to the sql_alchemy_conn option in [database] - the old setting has been used, but please update your config.
[2026-07-02T12:00:01.673+0700] {task_command.py:467} INFO - Running <TaskInstance: remosy_master_end_to_end.scrape_news scheduled__2026-07-01T17:00:00+00:00 [running]> on host 79260bda3a39
[2026-07-02T12:00:01.676+0700] {logging_mixin.py:190} WARNING - /home/***/.local/lib/python3.12/site-packages/***/settings.py:449 DeprecationWarning: The sql_alchemy_conn option in [core] has been moved to the sql_alchemy_conn option in [database] - the old setting has been used, but please update your config.
[2026-07-02T12:00:01.804+0700] {taskinstance.py:3122} INFO - Exporting env vars: AIRFLOW_CTX_DAG_OWNER='remosy' AIRFLOW_CTX_DAG_ID='remosy_master_end_to_end' AIRFLOW_CTX_TASK_ID='scrape_news' AIRFLOW_CTX_EXECUTION_DATE='2026-07-01T17:00:00+00:00' AIRFLOW_CTX_TRY_NUMBER='1' AIRFLOW_CTX_DAG_RUN_ID='scheduled__2026-07-01T17:00:00+00:00'
[2026-07-02T12:00:01.805+0700] {taskinstance.py:731} INFO - ::endgroup::
[2026-07-02T12:00:02.911+0700] {logging_mixin.py:190} INFO - 🚀 Memulai Job Scraping Google News (Relational Schema)...
[2026-07-02T12:00:03.003+0700] {logging_mixin.py:190} INFO - 🔎 Sedang mencari: 'UNSIKA' (ID: 1)...
[2026-07-02T12:00:03.051+0700] {logging_mixin.py:190} INFO -    ❌ Error scraping 'UNSIKA': HTTPSConnectionPool(host='news.google.com', port=443): Max retries exceeded with url: /rss/search?q=UNSIKA&hl=id-ID&gl=ID&ceid=ID%3Aid (Caused by NameResolutionError("<urllib3.connection.HTTPSConnection object at 0x785e35d9c5c0>: Failed to resolve 'news.google.com' ([Errno -2] Name or service not known)"))
[2026-07-02T12:00:03.055+0700] {logging_mixin.py:190} INFO -    ⚠️ Tidak ditemukan berita.
[2026-07-02T12:00:03.056+0700] {logging_mixin.py:190} INFO - 🔎 Sedang mencari: 'Universitas Singaperbangsa Karawang' (ID: 2)...
[2026-07-02T12:00:03.061+0700] {logging_mixin.py:190} INFO -    ❌ Error scraping 'Universitas Singaperbangsa Karawang': HTTPSConnectionPool(host='news.google.com', port=443): Max retries exceeded with url: /rss/search?q=Universitas%20Singaperbangsa%20Karawang&hl=id-ID&gl=ID&ceid=ID%3Aid (Caused by NameResolutionError("<urllib3.connection.HTTPSConnection object at 0x785e35600e30>: Failed to resolve 'news.google.com' ([Errno -2] Name or service not known)"))
[2026-07-02T12:00:03.062+0700] {logging_mixin.py:190} INFO -    ⚠️ Tidak ditemukan berita.
[2026-07-02T12:00:03.063+0700] {logging_mixin.py:190} INFO - 🔎 Sedang mencari: 'unsikuy' (ID: 3)...
[2026-07-02T12:00:03.067+0700] {logging_mixin.py:190} INFO -    ❌ Error scraping 'unsikuy': HTTPSConnectionPool(host='news.google.com', port=443): Max retries exceeded with url: /rss/search?q=unsikuy&hl=id-ID&gl=ID&ceid=ID%3Aid (Caused by NameResolutionError("<urllib3.connection.HTTPSConnection object at 0x785e35601bb0>: Failed to resolve 'news.google.com' ([Errno -2] Name or service not known)"))
[2026-07-02T12:00:03.068+0700] {logging_mixin.py:190} INFO -    ⚠️ Tidak ditemukan berita.
[2026-07-02T12:00:03.068+0700] {logging_mixin.py:190} INFO - 🔎 Sedang mencari: 'Fasilkom UNSIKA' (ID: 4)...
[2026-07-02T12:00:03.072+0700] {logging_mixin.py:190} INFO -    ❌ Error scraping 'Fasilkom UNSIKA': HTTPSConnectionPool(host='news.google.com', port=443): Max retries exceeded with url: /rss/search?q=Fasilkom%20UNSIKA&hl=id-ID&gl=ID&ceid=ID%3Aid (Caused by NameResolutionError("<urllib3.connection.HTTPSConnection object at 0x785e356008c0>: Failed to resolve 'news.google.com' ([Errno -2] Name or service not known)"))
[2026-07-02T12:00:03.072+0700] {logging_mixin.py:190} INFO -    ⚠️ Tidak ditemukan berita.
[2026-07-02T12:00:03.073+0700] {logging_mixin.py:190} INFO - 🏁 Job Selesai. Total 0 berita baru.
[2026-07-02T12:00:03.073+0700] {python.py:240} INFO - Done. Returned value was: None
[2026-07-02T12:00:03.084+0700] {taskinstance.py:340} INFO - ::group::Post task execution logs
[2026-07-02T12:00:03.084+0700] {taskinstance.py:352} INFO - Marking task as SUCCESS. dag_id=remosy_master_end_to_end, task_id=scrape_news, run_id=scheduled__2026-07-01T17:00:00+00:00, execution_date=20260701T170000, start_date=20260702T050001, end_date=20260702T050003
[2026-07-02T12:00:03.131+0700] {local_task_job_runner.py:261} INFO - Task exited with return code 0
[2026-07-02T12:00:03.154+0700] {taskinstance.py:3891} INFO - 1 downstream tasks scheduled from follow-on schedule check
[2026-07-02T12:00:03.156+0700] {local_task_job_runner.py:240} INFO - ::endgroup::
