[2026-06-03T08:28:51.955+0700] {local_task_job_runner.py:123} INFO - ::group::Pre task execution logs
[2026-06-03T08:28:51.974+0700] {taskinstance.py:2603} INFO - Dependencies all met for dep_context=non-requeueable deps ti=<TaskInstance: dag_scraping_twitter.task_scrape_twitter scheduled__2026-06-01T23:00:00+00:00 [queued]>
[2026-06-03T08:28:51.986+0700] {taskinstance.py:2603} INFO - Dependencies all met for dep_context=requeueable deps ti=<TaskInstance: dag_scraping_twitter.task_scrape_twitter scheduled__2026-06-01T23:00:00+00:00 [queued]>
[2026-06-03T08:28:51.987+0700] {taskinstance.py:2856} INFO - Starting attempt 1 of 1
[2026-06-03T08:28:52.005+0700] {taskinstance.py:2879} INFO - Executing <Task(PythonOperator): task_scrape_twitter> on 2026-06-01 23:00:00+00:00
[2026-06-03T08:28:52.017+0700] {logging_mixin.py:190} WARNING - /home/***/.local/lib/python3.12/site-packages/***/task/task_runner/standard_task_runner.py:70 DeprecationWarning: This process (pid=182) is multi-threaded, use of fork() may lead to deadlocks in the child.
[2026-06-03T08:28:52.017+0700] {standard_task_runner.py:104} INFO - Running: ['***', 'tasks', 'run', 'dag_scraping_twitter', 'task_scrape_twitter', 'scheduled__2026-06-01T23:00:00+00:00', '--job-id', '377', '--raw', '--subdir', 'DAGS_FOLDER/dag_scraping_twitter.py', '--cfg-path', '/tmp/tmptwgpdrs1']
[2026-06-03T08:28:52.021+0700] {standard_task_runner.py:105} INFO - Job 377: Subtask task_scrape_twitter
[2026-06-03T08:28:52.020+0700] {standard_task_runner.py:72} INFO - Started process 190 to run task
[2026-06-03T08:28:52.042+0700] {logging_mixin.py:190} WARNING - /home/***/.local/lib/python3.12/site-packages/***/settings.py:209 DeprecationWarning: The sql_alchemy_conn option in [core] has been moved to the sql_alchemy_conn option in [database] - the old setting has been used, but please update your config.
[2026-06-03T08:28:52.092+0700] {task_command.py:467} INFO - Running <TaskInstance: dag_scraping_twitter.task_scrape_twitter scheduled__2026-06-01T23:00:00+00:00 [running]> on host 5c3bdcef4f2f
[2026-06-03T08:28:52.095+0700] {logging_mixin.py:190} WARNING - /home/***/.local/lib/python3.12/site-packages/***/settings.py:449 DeprecationWarning: The sql_alchemy_conn option in [core] has been moved to the sql_alchemy_conn option in [database] - the old setting has been used, but please update your config.
[2026-06-03T08:28:52.291+0700] {taskinstance.py:3122} INFO - Exporting env vars: AIRFLOW_CTX_DAG_OWNER='remosy_admin' AIRFLOW_CTX_DAG_ID='dag_scraping_twitter' AIRFLOW_CTX_TASK_ID='task_scrape_twitter' AIRFLOW_CTX_EXECUTION_DATE='2026-06-01T23:00:00+00:00' AIRFLOW_CTX_TRY_NUMBER='1' AIRFLOW_CTX_DAG_RUN_ID='scheduled__2026-06-01T23:00:00+00:00'
[2026-06-03T08:28:52.293+0700] {taskinstance.py:731} INFO - ::endgroup::
[2026-06-03T08:28:55.477+0700] {logging_mixin.py:190} INFO - Memulai Job Scraping Twitter (Mode Cerdas)...
[2026-06-03T08:28:55.532+0700] {logging_mixin.py:190} INFO - Database saat ini memiliki 280 tweet.
[2026-06-03T08:28:55.532+0700] {logging_mixin.py:190} INFO - Mencari Tweet: unsika...
[2026-06-03T08:36:02.555+0700] {logging_mixin.py:190} INFO -    -> Berhasil menarik 78 tweet mentah dari X.
[2026-06-03T08:36:02.566+0700] {logging_mixin.py:190} INFO -    ❌ Gagal simpan: (psycopg2.errors.InvalidTextRepresentation) invalid input syntax for type integer: "favorite_count"
LINE 1: ..., 'unsika', 'username', 'full_text', 'tweet_url', 'favorite_...
                                                             ^

[SQL: INSERT INTO tweets_raw (scraped_at, keyword, username, full_text, tweet_url, likes, retweets) VALUES (%(scraped_at)s, %(keyword)s, %(username)s, %(full_text)s, %(tweet_url)s, %(likes)s, %(retweets)s)]
[parameters: ({'scraped_at': datetime.datetime(2026, 6, 3, 8, 36, 2, 552069), 'keyword': 'unsika', 'username': None, 'full_text': "Kalau saya tidak salah ingat. Menolak jadi PTN UII Univ. Pancasila Univ. Esa Unggul Univ. Bandar Lampung Univ. Baturaja sumsel Jaringan universitas 17 agustus 1945 : 1). Universitas 17 Agustus 1945 Surabaya 2). Universitas 17 Agustus 1945 Jakarta (UTA '45) 3).", 'tweet_url': 'https://x.com/undefined/status/2053279432539058470', 'likes': '3326', 'retweets': '243'}, {'scraped_at': datetime.datetime(2026, 6, 3, 8, 36, 2, 552069), 'keyword': 'unsika', 'username': None, 'full_text': 'MK menggelar sidang lanjutan pengujian materiil Undang-Undang Nomor 14 Tahun 2005 tentang Guru dan Dosen (UU Guru dan Dosen) Selasa (21/4/2026) di Ru ... (1 characters truncated) ... ng Sidang Pleno MK. Permohonan Nomor 24/PUU-XXIV/2026 ini diajukan oleh I Ketut Astawa dan Reytman Aruan dosen tetap Fakultas https://t.co/HImTrGkZm5', 'tweet_url': 'https://x.com/undefined/status/2047224896888181159', 'likes': '0', 'retweets': '0'}, {'scraped_at': datetime.datetime(2026, 6, 3, 8, 36, 2, 552069), 'keyword': 'unsika', 'username': None, 'full_text': 'MK menggelar sidang lanjutan pengujian materiil Undang-Undang Nomor 14 Tahun 2005 tentang Guru dan Dosen (UU Guru dan Dosen) Selasa (21/4/2026) di Ru ... (1 characters truncated) ... ng Sidang Pleno MK. Permohonan Nomor 24/PUU-XXIV/2026 ini diajukan oleh I Ketut Astawa dan Reytman Aruan dosen tetap Fakultas https://t.co/WgNwsw2IU6', 'tweet_url': 'https://x.com/undefined/status/2047224306254688416', 'likes': '1', 'retweets': '0'}, {'scraped_at': datetime.datetime(2026, 6, 3, 8, 36, 2, 552069), 'keyword': 'unsika', 'username': 'username', 'full_text': 'full_text', 'tweet_url': 'tweet_url', 'likes': 'favorite_count', 'retweets': 'retweet_count'}, {'scraped_at': datetime.datetime(2026, 6, 3, 8, 36, 2, 552069), 'keyword': 'unsika', 'username': None, 'full_text': 'Ptn‼️ Aku punya soal mandiri 2026 ITS UNPAD UB UDAYANA UGM UHO ULM UMPTKIN UNAIR UNAND UGM UHO UNDIP UNEJ UNG UNHAS UNILA UNIMED UNIP UNJ UNJA UNKRAT ... (5 characters truncated) ... UNMUL UNNES UNRAM UNRI UNS UNSIKA UNSIL UNSRAT UNTAN UNSRI UNTAN UNTID UNY UPI UPNVJ UPNVYK UPR USK USU UGM DLL.. mau? dm yaa https://t.co/PLrI2hkmQ9', 'tweet_url': 'https://x.com/undefined/status/2061936941831217570', 'likes': '2', 'retweets': '0'}, {'scraped_at': datetime.datetime(2026, 6, 3, 8, 36, 2, 552069), 'keyword': 'unsika', 'username': None, 'full_text': '@cheendayy gw lagi search unsika yg muncul elu anjjjj', 'tweet_url': 'https://x.com/undefined/status/2061860288933376114', 'likes': '0', 'retweets': '0'}, {'scraped_at': datetime.datetime(2026, 6, 3, 8, 36, 2, 552069), 'keyword': 'unsika', 'username': None, 'full_text': '@ikanhiumampaku sekitar unsika aku bisaa', 'tweet_url': 'https://x.com/undefined/status/2061817416028742033', 'likes': '0', 'retweets': '0'}, {'scraped_at': datetime.datetime(2026, 6, 3, 8, 36, 2, 552069), 'keyword': 'unsika', 'username': None, 'full_text': '#unsika', 'tweet_url': 'https://x.com/undefined/status/2061756906822418617', 'likes': '0', 'retweets': '0'}  ... displaying 10 of 27 total bound parameter sets ...  {'scraped_at': datetime.datetime(2026, 6, 3, 8, 36, 2, 552069), 'keyword': 'unsika', 'username': None, 'full_text': 'PTN! GUSYY AKU BINGUNG BANGT.. AKU DI TERIMA SNBT DI UNSIKA TAPI ORTU KU GA SETUJU MALAH NYURUH AKU AMBIL BINUS TEL-U ATAU GA UII... AKU UDAH SENENG KARNA DI TERIMA DI PTN... TAPI ORTU KU MALAH MAKSA BUAT PILIH 3 PTS ITU... MENURUT KALIAN GIMANA?? https://t.co/ZFn5meTJQi', 'tweet_url': 'https://x.com/undefined/status/2060915699304759749', 'likes': '385', 'retweets': '7'}, {'scraped_at': datetime.datetime(2026, 6, 3, 8, 36, 2, 552069), 'keyword': 'unsika', 'username': None, 'full_text': ' Selamat Memperingati Hari Raya Waisak 2569 BE / 2026 M Keluarga Besar HIMADIKTIKA FKIP UNSIKA mengucapkan Selamat Hari Raya Waisak kepada seluruh umat Buddha yang merayakan. #HariWaisak2026 #Waisak2569BE https://t.co/m2RQT8ilF2', 'tweet_url': 'https://x.com/undefined/status/2060904215636308163', 'likes': '0', 'retweets': '0'})]
(Background on this error at: https://sqlalche.me/e/14/9h9h)
[2026-06-03T08:36:02.567+0700] {logging_mixin.py:190} INFO - Mencari Tweet: universitas singaperbangsa karawang...
[2026-06-03T08:38:36.179+0700] {logging_mixin.py:190} INFO -    -> Berhasil menarik 20 tweet mentah dari X.
[2026-06-03T08:38:36.183+0700] {logging_mixin.py:190} INFO -    ℹ️ Info: Tidak ada tweet baru (semua tweet sudah ada di database).
[2026-06-03T08:38:36.184+0700] {logging_mixin.py:190} INFO - Mencari Tweet: mahasiswa unsika...
[2026-06-03T08:41:10.975+0700] {logging_mixin.py:190} INFO -    -> Berhasil menarik 0 tweet mentah dari X.
[2026-06-03T08:41:10.976+0700] {logging_mixin.py:190} INFO - Job Twitter Selesai. Total 0 tweet baru tersimpan.
[2026-06-03T08:41:10.977+0700] {python.py:240} INFO - Done. Returned value was: None
[2026-06-03T08:41:11.013+0700] {taskinstance.py:340} INFO - ::group::Post task execution logs
[2026-06-03T08:41:11.015+0700] {taskinstance.py:352} INFO - Marking task as SUCCESS. dag_id=dag_scraping_twitter, task_id=task_scrape_twitter, run_id=scheduled__2026-06-01T23:00:00+00:00, execution_date=20260601T230000, start_date=20260603T012851, end_date=20260603T014111
[2026-06-03T08:41:11.079+0700] {local_task_job_runner.py:261} INFO - Task exited with return code 0
[2026-06-03T08:41:11.120+0700] {taskinstance.py:3891} INFO - 1 downstream tasks scheduled from follow-on schedule check
[2026-06-03T08:41:11.124+0700] {local_task_job_runner.py:240} INFO - ::endgroup::
