[2026-06-24T13:45:42.674+0700] {local_task_job_runner.py:123} INFO - ::group::Pre task execution logs
[2026-06-24T13:45:42.707+0700] {taskinstance.py:2603} INFO - Dependencies all met for dep_context=non-requeueable deps ti=<TaskInstance: remosy_master_end_to_end.scrape_news scheduled__2026-06-22T17:00:00+00:00 [queued]>
[2026-06-24T13:45:42.754+0700] {taskinstance.py:2603} INFO - Dependencies all met for dep_context=requeueable deps ti=<TaskInstance: remosy_master_end_to_end.scrape_news scheduled__2026-06-22T17:00:00+00:00 [queued]>
[2026-06-24T13:45:42.756+0700] {taskinstance.py:2856} INFO - Starting attempt 2 of 1
[2026-06-24T13:45:42.814+0700] {taskinstance.py:2879} INFO - Executing <Task(PythonOperator): scrape_news> on 2026-06-22 17:00:00+00:00
[2026-06-24T13:45:42.871+0700] {logging_mixin.py:190} WARNING - /home/***/.local/lib/python3.12/site-packages/***/task/task_runner/standard_task_runner.py:70 DeprecationWarning: This process (pid=181) is multi-threaded, use of fork() may lead to deadlocks in the child.
[2026-06-24T13:45:42.887+0700] {standard_task_runner.py:72} INFO - Started process 187 to run task
[2026-06-24T13:45:42.874+0700] {standard_task_runner.py:104} INFO - Running: ['***', 'tasks', 'run', 'remosy_master_end_to_end', 'scrape_news', 'scheduled__2026-06-22T17:00:00+00:00', '--job-id', '611', '--raw', '--subdir', 'DAGS_FOLDER/dag_remosy_master.py', '--cfg-path', '/tmp/tmpzfi_zom6']
[2026-06-24T13:45:42.911+0700] {standard_task_runner.py:105} INFO - Job 611: Subtask scrape_news
[2026-06-24T13:45:43.020+0700] {logging_mixin.py:190} WARNING - /home/***/.local/lib/python3.12/site-packages/***/settings.py:209 DeprecationWarning: The sql_alchemy_conn option in [core] has been moved to the sql_alchemy_conn option in [database] - the old setting has been used, but please update your config.
[2026-06-24T13:45:43.200+0700] {task_command.py:467} INFO - Running <TaskInstance: remosy_master_end_to_end.scrape_news scheduled__2026-06-22T17:00:00+00:00 [running]> on host f651688c9edb
[2026-06-24T13:45:43.204+0700] {logging_mixin.py:190} WARNING - /home/***/.local/lib/python3.12/site-packages/***/settings.py:449 DeprecationWarning: The sql_alchemy_conn option in [core] has been moved to the sql_alchemy_conn option in [database] - the old setting has been used, but please update your config.
[2026-06-24T13:45:43.480+0700] {taskinstance.py:3122} INFO - Exporting env vars: AIRFLOW_CTX_DAG_OWNER='remosy' AIRFLOW_CTX_DAG_ID='remosy_master_end_to_end' AIRFLOW_CTX_TASK_ID='scrape_news' AIRFLOW_CTX_EXECUTION_DATE='2026-06-22T17:00:00+00:00' AIRFLOW_CTX_TRY_NUMBER='2' AIRFLOW_CTX_DAG_RUN_ID='scheduled__2026-06-22T17:00:00+00:00'
[2026-06-24T13:45:43.487+0700] {taskinstance.py:731} INFO - ::endgroup::
[2026-06-24T13:45:59.047+0700] {logging_mixin.py:190} INFO - 🚀 Memulai Job Scraping Google News (Relational Schema)...
[2026-06-24T13:45:59.165+0700] {logging_mixin.py:190} INFO - 🔎 Sedang mencari: 'UNSIKA' (ID: 1)...
[2026-06-24T13:46:00.351+0700] {logging_mixin.py:190} INFO -    ⚠️ Gagal menyimpan ke DB: (psycopg2.errors.UniqueViolation) duplicate key value violates unique constraint "news_raw_url_key"
DETAIL:  Key (url)=(https://news.google.com/rss/articles/CBMizwFBVV95cUxOZUE2UW92WF9DNjJ5ZDkxYVduaFFZYmtYSTU4RVcxdXpmS25NUm02ZHdVakVsbGxwbl9kSDBpY2J1UTZKUUZPcFVWdjRkc1ZnMWpZR3k2MXV1ekxHaUxwdGpNWHl0Q1Y5UzJsQzdDam1WN0hSbUtDaXY0NFZMWHVlcVVlcUtRM0w4cG9SZl9xbEFYTVFOQlhjQ1VrUjRhN1JwTFZHZklOS3JUT1hRSDVhT3VFcEY1TkM4VDh4aDBYMVEtU0x3ZzBUdlc2Rm85Wjg?oc=5) already exists.

[SQL: INSERT INTO news_raw (keyword_id, title, source, url, published_date, scraped_at) VALUES (%(keyword_id)s, %(title)s, %(source)s, %(url)s, %(published_date)s, %(scraped_at)s)]
[parameters: ({'keyword_id': 1, 'title': 'Dari Lumbung Padi ke Kawasan Industri, FH Unsika Susun Arah Baru Pendidikan Hukum - Hukumonline', 'source': 'Hukumonline', 'url': 'https://news.google.com/rss/articles/CBMizwFBVV95cUxOZUE2UW92WF9DNjJ5ZDkxYVduaFFZYmtYSTU4RVcxdXpmS25NUm02ZHdVakVsbGxwbl9kSDBpY2J1UTZKUUZPcFVWdjRkc1Zn ... (27 characters truncated) ... 0Q1Y5UzJsQzdDam1WN0hSbUtDaXY0NFZMWHVlcVVlcUtRM0w4cG9SZl9xbEFYTVFOQlhjQ1VrUjRhN1JwTFZHZklOS3JUT1hRSDVhT3VFcEY1TkM4VDh4aDBYMVEtU0x3ZzBUdlc2Rm85Wjg?oc=5', 'published_date': 'Thu, 12 Mar 2026 07:00:00 GMT', 'scraped_at': datetime.datetime(2026, 6, 24, 13, 46, 0, 315111)}, {'keyword_id': 1, 'title': 'Tingkatkan Literasi Kritis, Mahasiswa PBSI Unsika Gelar Acara Gebyar Literasi - Radar Karawang', 'source': 'Radar Karawang', 'url': 'https://news.google.com/rss/articles/CBMipAFBVV95cUxPY1hDRTJXMld6aEJ2TmxiQTNEZ2UweHY1dTFVYm5pMHh2LUhxdHRPcGlGR1h4dE41Z01SZUdEMjV6NU15OW81RUs5ZlZvSFY1ck1WQ29Jd3h4d1VsNlpGVHVXZ1RJNnV4ZGtkU2pDYVU4YWM1aDhLVjlid1AyYUtVUGkyOWRtZVZFT0xjc01HclQwMjZjLXIzVkxySjd1UUJVQlowNw?oc=5', 'published_date': 'Thu, 28 May 2026 07:00:00 GMT', 'scraped_at': datetime.datetime(2026, 6, 24, 13, 46, 0, 316810)}, {'keyword_id': 1, 'title': 'Mahasiswa KKN Unsika Gelar Kegiatan Calistung dan Ecoprint - Radar Karawang', 'source': 'Radar Karawang', 'url': 'https://news.google.com/rss/articles/CBMijAFBVV95cUxOWDdWdWVDQWtPVTMtZXBrc1NTbGw1Wks3OXVtMFNkMVpmYUdhd1RYWHk5MjJ0U3lGNk90OF9BOW5RRW5scjlVand3eUFzVmVtbkNOU1JYY085UXY5ZThiZHJOS2lMTV95S0RuaFJkSGx6cjd5WDZkdlE0M0JYWS1OLWFUZnhreFVHWXdZeA?oc=5', 'published_date': 'Sun, 25 Jan 2026 08:00:00 GMT', 'scraped_at': datetime.datetime(2026, 6, 24, 13, 46, 0, 319824)})]
(Background on this error at: https://sqlalche.me/e/14/gkpj)
[2026-06-24T13:46:00.353+0700] {logging_mixin.py:190} INFO - 🔎 Sedang mencari: 'Universitas Singaperbangsa Karawang' (ID: 2)...
[2026-06-24T13:46:01.463+0700] {logging_mixin.py:190} INFO -    ⚠️ Gagal menyimpan ke DB: (psycopg2.errors.UniqueViolation) duplicate key value violates unique constraint "news_raw_url_key"
DETAIL:  Key (url)=(https://news.google.com/rss/articles/CBMisgFBVV95cUxONlNoakxwcmpCbzBxTzZOdFlCSVoycnV1dWh6d2FvN24zUnlxZUxtN3d2SGlWRVpVeHVjRFlraHJSYnRvb2trSmVGTGJmNW9oYmpTNlZSbG5MY1ZZSjI2aG9wMkxZWXViUjcxWURad2U0WVF5UVB3bUd0N25vaEh0TDI5aS1VVTA5bVc5ZUtQUm5mNWx2Z2xmVURmS1ZuRDJzSkpCY0RpZ19hT200d2ZCb0hB?oc=5) already exists.

[SQL: INSERT INTO news_raw (keyword_id, title, source, url, published_date, scraped_at) VALUES (%(keyword_id)s, %(title)s, %(source)s, %(url)s, %(published_date)s, %(scraped_at)s)]
[parameters: ({'keyword_id': 2, 'title': 'Wisuda UNSIKA: 1571 Lulusan Siap Mengabdi untuk Masyarakat dan Bangsa - detik suara rakyat', 'source': 'detik suara rakyat', 'url': 'https://news.google.com/rss/articles/CBMisgFBVV95cUxONlNoakxwcmpCbzBxTzZOdFlCSVoycnV1dWh6d2FvN24zUnlxZUxtN3d2SGlWRVpVeHVjRFlraHJSYnRvb2trSmVGTGJmNW9oYmpTNlZSbG5MY1ZZSjI2aG9wMkxZWXViUjcxWURad2U0WVF5UVB3bUd0N25vaEh0TDI5aS1VVTA5bVc5ZUtQUm5mNWx2Z2xmVURmS1ZuRDJzSkpCY0RpZ19hT200d2ZCb0hB?oc=5', 'published_date': 'Tue, 18 Nov 2025 08:00:00 GMT', 'scraped_at': datetime.datetime(2026, 6, 24, 13, 46, 1, 435264)}, {'keyword_id': 2, 'title': 'Mahasiswa Universitas Singaperbangsa Karawang Gelar Penyuluhan, Penanaman Toga dan Pembuatan Minuman Herbal di Pondok Pesantren Nurul Alam Karawang - Kompasiana.com - Kompasiana.com', 'source': 'Kompasiana.com', 'url': 'https://news.google.com/rss/articles/CBMitwJBVV95cUxNQ2MyS3hVSUo4SE9fZ3lnZlZCRGdpREFPdHdjcFoyUU9vRm9Kc19sdE1DcE5PX3pRdkU3UVFmQzZtcVRTTVh4TkowVkc2NV93 ... (592 characters truncated) ... eWZEdGNneVllYUNScmtwdGt1dUpPa2o1SEx1R0tJU1NERDBRXzAzVXRVSlVIRlp1cV9BWXNfeVgwVy1ualJpc3B0MG41MTZWRmxQaWRLVUtVSTk2N3JTY2o5RGxiTjdxWndUck1CQXBycC1s?oc=5', 'published_date': 'Wed, 29 Jan 2025 08:00:00 GMT', 'scraped_at': datetime.datetime(2026, 6, 24, 13, 46, 1, 436664)})]
(Background on this error at: https://sqlalche.me/e/14/gkpj)
[2026-06-24T13:46:01.464+0700] {logging_mixin.py:190} INFO - 🔎 Sedang mencari: 'unsikuy' (ID: 3)...
[2026-06-24T13:46:04.038+0700] {logging_mixin.py:190} INFO -    ⚠️ Tidak ditemukan berita.
[2026-06-24T13:46:04.040+0700] {logging_mixin.py:190} INFO - 🔎 Sedang mencari: 'Fasilkom UNSIKA' (ID: 4)...
[2026-06-24T13:46:05.416+0700] {logging_mixin.py:190} INFO -    ℹ️  Dapat berita, tapi semuanya duplikat.
[2026-06-24T13:46:05.417+0700] {logging_mixin.py:190} INFO - 🏁 Job Selesai. Total 0 berita baru.
[2026-06-24T13:46:05.418+0700] {python.py:240} INFO - Done. Returned value was: None
[2026-06-24T13:46:05.431+0700] {taskinstance.py:340} INFO - ::group::Post task execution logs
[2026-06-24T13:46:05.432+0700] {taskinstance.py:352} INFO - Marking task as SUCCESS. dag_id=remosy_master_end_to_end, task_id=scrape_news, run_id=scheduled__2026-06-22T17:00:00+00:00, execution_date=20260622T170000, start_date=20260624T064542, end_date=20260624T064605
[2026-06-24T13:46:05.478+0700] {local_task_job_runner.py:261} INFO - Task exited with return code 0
[2026-06-24T13:46:05.503+0700] {taskinstance.py:3891} INFO - 1 downstream tasks scheduled from follow-on schedule check
[2026-06-24T13:46:05.508+0700] {local_task_job_runner.py:240} INFO - ::endgroup::
