[2026-03-27T14:20:28.823+0700] {local_task_job_runner.py:123} INFO - ::group::Pre task execution logs
[2026-03-27T14:20:28.842+0700] {taskinstance.py:2603} INFO - Dependencies all met for dep_context=non-requeueable deps ti=<TaskInstance: dag_scraping_daily.task_process_sentiment scheduled__2026-03-26T17:00:00+00:00 [queued]>
[2026-03-27T14:20:28.853+0700] {taskinstance.py:2603} INFO - Dependencies all met for dep_context=requeueable deps ti=<TaskInstance: dag_scraping_daily.task_process_sentiment scheduled__2026-03-26T17:00:00+00:00 [queued]>
[2026-03-27T14:20:28.854+0700] {taskinstance.py:2856} INFO - Starting attempt 2 of 2
[2026-03-27T14:20:28.870+0700] {taskinstance.py:2879} INFO - Executing <Task(PythonOperator): task_process_sentiment> on 2026-03-26 17:00:00+00:00
[2026-03-27T14:20:28.880+0700] {logging_mixin.py:190} WARNING - /home/***/.local/lib/python3.12/site-packages/***/task/task_runner/standard_task_runner.py:70 DeprecationWarning: This process (pid=1488) is multi-threaded, use of fork() may lead to deadlocks in the child.
[2026-03-27T14:20:28.882+0700] {standard_task_runner.py:72} INFO - Started process 1489 to run task
[2026-03-27T14:20:28.880+0700] {standard_task_runner.py:104} INFO - Running: ['***', 'tasks', 'run', 'dag_scraping_daily', 'task_process_sentiment', 'scheduled__2026-03-26T17:00:00+00:00', '--job-id', '220', '--raw', '--subdir', 'DAGS_FOLDER/dag_scraping_daily.py', '--cfg-path', '/tmp/tmpewzyb00t']
[2026-03-27T14:20:28.884+0700] {standard_task_runner.py:105} INFO - Job 220: Subtask task_process_sentiment
[2026-03-27T14:20:28.902+0700] {logging_mixin.py:190} WARNING - /home/***/.local/lib/python3.12/site-packages/***/settings.py:209 DeprecationWarning: The sql_alchemy_conn option in [core] has been moved to the sql_alchemy_conn option in [database] - the old setting has been used, but please update your config.
[2026-03-27T14:20:28.959+0700] {task_command.py:467} INFO - Running <TaskInstance: dag_scraping_daily.task_process_sentiment scheduled__2026-03-26T17:00:00+00:00 [running]> on host 3d4a04637ed2
[2026-03-27T14:20:28.962+0700] {logging_mixin.py:190} WARNING - /home/***/.local/lib/python3.12/site-packages/***/settings.py:449 DeprecationWarning: The sql_alchemy_conn option in [core] has been moved to the sql_alchemy_conn option in [database] - the old setting has been used, but please update your config.
[2026-03-27T14:20:29.065+0700] {taskinstance.py:3122} INFO - Exporting env vars: AIRFLOW_CTX_DAG_OWNER='remosy_admin' AIRFLOW_CTX_DAG_ID='dag_scraping_daily' AIRFLOW_CTX_TASK_ID='task_process_sentiment' AIRFLOW_CTX_EXECUTION_DATE='2026-03-26T17:00:00+00:00' AIRFLOW_CTX_TRY_NUMBER='2' AIRFLOW_CTX_DAG_RUN_ID='scheduled__2026-03-26T17:00:00+00:00'
[2026-03-27T14:20:29.066+0700] {taskinstance.py:731} INFO - ::endgroup::
[2026-03-27T14:20:39.119+0700] {logging_mixin.py:190} INFO - 🚀 Memulai Job Pemrosesan Berita (Smart Sentiment)...
[2026-03-27T14:20:39.143+0700] {logging_mixin.py:190} INFO -    ✅ Tidak ada berita baru untuk diproses.
[2026-03-27T14:20:39.144+0700] {python.py:240} INFO - Done. Returned value was: None
[2026-03-27T14:20:39.155+0700] {taskinstance.py:340} INFO - ::group::Post task execution logs
[2026-03-27T14:20:39.156+0700] {taskinstance.py:352} INFO - Marking task as SUCCESS. dag_id=dag_scraping_daily, task_id=task_process_sentiment, run_id=scheduled__2026-03-26T17:00:00+00:00, execution_date=20260326T170000, start_date=20260327T072028, end_date=20260327T072039
[2026-03-27T14:20:39.198+0700] {local_task_job_runner.py:261} INFO - Task exited with return code 0
[2026-03-27T14:20:39.212+0700] {taskinstance.py:3891} INFO - 0 downstream tasks scheduled from follow-on schedule check
[2026-03-27T14:20:39.215+0700] {local_task_job_runner.py:240} INFO - ::endgroup::
