[2026-06-02T09:12:49.850+0700] {processor.py:186} INFO - Started process (PID=178) to work on /opt/airflow/dags/dag_scraping_daily.py
[2026-06-02T09:12:49.852+0700] {processor.py:914} INFO - Processing file /opt/airflow/dags/dag_scraping_daily.py for tasks to queue
[2026-06-02T09:12:49.856+0700] {logging_mixin.py:190} INFO - [2026-06-02T09:12:49.855+0700] {dagbag.py:587} INFO - Filling up the DagBag from /opt/airflow/dags/dag_scraping_daily.py
[2026-06-02T09:12:49.884+0700] {processor.py:925} INFO - DAG(s) 'dag_scraping_daily' retrieved from /opt/airflow/dags/dag_scraping_daily.py
[2026-06-02T09:12:49.954+0700] {logging_mixin.py:190} INFO - [2026-06-02T09:12:49.954+0700] {dag.py:3211} INFO - Sync 1 DAGs
[2026-06-02T09:12:49.998+0700] {logging_mixin.py:190} INFO - [2026-06-02T09:12:49.997+0700] {dag.py:4138} INFO - Setting next_dagrun for dag_scraping_daily to 2026-06-01 17:00:00+00:00, run_after=2026-06-02 05:00:00+00:00
[2026-06-02T09:12:50.029+0700] {processor.py:208} INFO - Processing /opt/airflow/dags/dag_scraping_daily.py took 0.188 seconds
[2026-06-02T09:13:20.209+0700] {processor.py:186} INFO - Started process (PID=283) to work on /opt/airflow/dags/dag_scraping_daily.py
[2026-06-02T09:13:20.213+0700] {processor.py:914} INFO - Processing file /opt/airflow/dags/dag_scraping_daily.py for tasks to queue
[2026-06-02T09:13:20.216+0700] {logging_mixin.py:190} INFO - [2026-06-02T09:13:20.216+0700] {dagbag.py:587} INFO - Filling up the DagBag from /opt/airflow/dags/dag_scraping_daily.py
[2026-06-02T09:13:20.238+0700] {processor.py:925} INFO - DAG(s) 'dag_scraping_daily' retrieved from /opt/airflow/dags/dag_scraping_daily.py
[2026-06-02T09:13:20.266+0700] {logging_mixin.py:190} INFO - [2026-06-02T09:13:20.266+0700] {dag.py:3211} INFO - Sync 1 DAGs
[2026-06-02T09:13:20.290+0700] {logging_mixin.py:190} INFO - [2026-06-02T09:13:20.290+0700] {dag.py:4138} INFO - Setting next_dagrun for dag_scraping_daily to 2026-06-01 17:00:00+00:00, run_after=2026-06-02 05:00:00+00:00
[2026-06-02T09:13:20.310+0700] {processor.py:208} INFO - Processing /opt/airflow/dags/dag_scraping_daily.py took 0.111 seconds
[2026-06-02T09:13:50.813+0700] {processor.py:186} INFO - Started process (PID=377) to work on /opt/airflow/dags/dag_scraping_daily.py
[2026-06-02T09:13:50.814+0700] {processor.py:914} INFO - Processing file /opt/airflow/dags/dag_scraping_daily.py for tasks to queue
[2026-06-02T09:13:50.816+0700] {logging_mixin.py:190} INFO - [2026-06-02T09:13:50.816+0700] {dagbag.py:587} INFO - Filling up the DagBag from /opt/airflow/dags/dag_scraping_daily.py
[2026-06-02T09:13:50.836+0700] {processor.py:925} INFO - DAG(s) 'dag_scraping_daily' retrieved from /opt/airflow/dags/dag_scraping_daily.py
[2026-06-02T09:13:50.872+0700] {logging_mixin.py:190} INFO - [2026-06-02T09:13:50.872+0700] {dag.py:3211} INFO - Sync 1 DAGs
[2026-06-02T09:13:50.900+0700] {logging_mixin.py:190} INFO - [2026-06-02T09:13:50.900+0700] {dag.py:4138} INFO - Setting next_dagrun for dag_scraping_daily to 2026-06-01 17:00:00+00:00, run_after=2026-06-02 05:00:00+00:00
[2026-06-02T09:13:50.925+0700] {processor.py:208} INFO - Processing /opt/airflow/dags/dag_scraping_daily.py took 0.117 seconds
[2026-06-02T09:14:21.215+0700] {processor.py:186} INFO - Started process (PID=405) to work on /opt/airflow/dags/dag_scraping_daily.py
[2026-06-02T09:14:21.216+0700] {processor.py:914} INFO - Processing file /opt/airflow/dags/dag_scraping_daily.py for tasks to queue
[2026-06-02T09:14:21.220+0700] {logging_mixin.py:190} INFO - [2026-06-02T09:14:21.220+0700] {dagbag.py:587} INFO - Filling up the DagBag from /opt/airflow/dags/dag_scraping_daily.py
[2026-06-02T09:14:21.248+0700] {processor.py:925} INFO - DAG(s) 'dag_scraping_daily' retrieved from /opt/airflow/dags/dag_scraping_daily.py
[2026-06-02T09:14:21.284+0700] {logging_mixin.py:190} INFO - [2026-06-02T09:14:21.283+0700] {dag.py:3211} INFO - Sync 1 DAGs
[2026-06-02T09:14:21.323+0700] {logging_mixin.py:190} INFO - [2026-06-02T09:14:21.323+0700] {dag.py:4138} INFO - Setting next_dagrun for dag_scraping_daily to 2026-06-01 17:00:00+00:00, run_after=2026-06-02 05:00:00+00:00
[2026-06-02T09:14:21.352+0700] {processor.py:208} INFO - Processing /opt/airflow/dags/dag_scraping_daily.py took 0.145 seconds
[2026-06-02T09:14:51.541+0700] {processor.py:186} INFO - Started process (PID=433) to work on /opt/airflow/dags/dag_scraping_daily.py
[2026-06-02T09:14:51.542+0700] {processor.py:914} INFO - Processing file /opt/airflow/dags/dag_scraping_daily.py for tasks to queue
[2026-06-02T09:14:51.546+0700] {logging_mixin.py:190} INFO - [2026-06-02T09:14:51.545+0700] {dagbag.py:587} INFO - Filling up the DagBag from /opt/airflow/dags/dag_scraping_daily.py
[2026-06-02T09:14:51.571+0700] {processor.py:925} INFO - DAG(s) 'dag_scraping_daily' retrieved from /opt/airflow/dags/dag_scraping_daily.py
[2026-06-02T09:14:51.603+0700] {logging_mixin.py:190} INFO - [2026-06-02T09:14:51.603+0700] {dag.py:3211} INFO - Sync 1 DAGs
[2026-06-02T09:14:51.631+0700] {logging_mixin.py:190} INFO - [2026-06-02T09:14:51.631+0700] {dag.py:4138} INFO - Setting next_dagrun for dag_scraping_daily to 2026-06-01 17:00:00+00:00, run_after=2026-06-02 05:00:00+00:00
[2026-06-02T09:14:51.657+0700] {processor.py:208} INFO - Processing /opt/airflow/dags/dag_scraping_daily.py took 0.124 seconds
[2026-06-02T09:15:22.016+0700] {processor.py:186} INFO - Started process (PID=461) to work on /opt/airflow/dags/dag_scraping_daily.py
[2026-06-02T09:15:22.019+0700] {processor.py:914} INFO - Processing file /opt/airflow/dags/dag_scraping_daily.py for tasks to queue
[2026-06-02T09:15:22.023+0700] {logging_mixin.py:190} INFO - [2026-06-02T09:15:22.023+0700] {dagbag.py:587} INFO - Filling up the DagBag from /opt/airflow/dags/dag_scraping_daily.py
[2026-06-02T09:15:22.065+0700] {processor.py:925} INFO - DAG(s) 'dag_scraping_daily' retrieved from /opt/airflow/dags/dag_scraping_daily.py
[2026-06-02T09:15:22.108+0700] {logging_mixin.py:190} INFO - [2026-06-02T09:15:22.107+0700] {dag.py:3211} INFO - Sync 1 DAGs
[2026-06-02T09:15:22.145+0700] {logging_mixin.py:190} INFO - [2026-06-02T09:15:22.144+0700] {dag.py:4138} INFO - Setting next_dagrun for dag_scraping_daily to 2026-06-01 17:00:00+00:00, run_after=2026-06-02 05:00:00+00:00
[2026-06-02T09:15:22.173+0700] {processor.py:208} INFO - Processing /opt/airflow/dags/dag_scraping_daily.py took 0.166 seconds
[2026-06-02T09:15:52.522+0700] {processor.py:186} INFO - Started process (PID=490) to work on /opt/airflow/dags/dag_scraping_daily.py
[2026-06-02T09:15:52.526+0700] {processor.py:914} INFO - Processing file /opt/airflow/dags/dag_scraping_daily.py for tasks to queue
[2026-06-02T09:15:52.536+0700] {logging_mixin.py:190} INFO - [2026-06-02T09:15:52.536+0700] {dagbag.py:587} INFO - Filling up the DagBag from /opt/airflow/dags/dag_scraping_daily.py
[2026-06-02T09:15:52.611+0700] {processor.py:925} INFO - DAG(s) 'dag_scraping_daily' retrieved from /opt/airflow/dags/dag_scraping_daily.py
[2026-06-02T09:15:52.734+0700] {logging_mixin.py:190} INFO - [2026-06-02T09:15:52.733+0700] {dag.py:3211} INFO - Sync 1 DAGs
[2026-06-02T09:15:53.138+0700] {logging_mixin.py:190} INFO - [2026-06-02T09:15:53.137+0700] {dag.py:4138} INFO - Setting next_dagrun for dag_scraping_daily to 2026-06-01 17:00:00+00:00, run_after=2026-06-02 05:00:00+00:00
[2026-06-02T09:15:53.217+0700] {processor.py:208} INFO - Processing /opt/airflow/dags/dag_scraping_daily.py took 0.715 seconds
[2026-06-02T09:16:23.669+0700] {processor.py:186} INFO - Started process (PID=519) to work on /opt/airflow/dags/dag_scraping_daily.py
[2026-06-02T09:16:23.675+0700] {processor.py:914} INFO - Processing file /opt/airflow/dags/dag_scraping_daily.py for tasks to queue
[2026-06-02T09:16:23.698+0700] {logging_mixin.py:190} INFO - [2026-06-02T09:16:23.695+0700] {dagbag.py:587} INFO - Filling up the DagBag from /opt/airflow/dags/dag_scraping_daily.py
[2026-06-02T09:16:23.756+0700] {processor.py:925} INFO - DAG(s) 'dag_scraping_daily' retrieved from /opt/airflow/dags/dag_scraping_daily.py
[2026-06-02T09:16:23.828+0700] {logging_mixin.py:190} INFO - [2026-06-02T09:16:23.828+0700] {dag.py:3211} INFO - Sync 1 DAGs
[2026-06-02T09:16:23.882+0700] {logging_mixin.py:190} INFO - [2026-06-02T09:16:23.882+0700] {dag.py:4138} INFO - Setting next_dagrun for dag_scraping_daily to 2026-06-01 17:00:00+00:00, run_after=2026-06-02 05:00:00+00:00
[2026-06-02T09:16:24.864+0700] {processor.py:208} INFO - Processing /opt/airflow/dags/dag_scraping_daily.py took 1.220 seconds
[2026-06-02T09:16:55.128+0700] {processor.py:186} INFO - Started process (PID=547) to work on /opt/airflow/dags/dag_scraping_daily.py
[2026-06-02T09:16:55.129+0700] {processor.py:914} INFO - Processing file /opt/airflow/dags/dag_scraping_daily.py for tasks to queue
[2026-06-02T09:16:55.133+0700] {logging_mixin.py:190} INFO - [2026-06-02T09:16:55.133+0700] {dagbag.py:587} INFO - Filling up the DagBag from /opt/airflow/dags/dag_scraping_daily.py
[2026-06-02T09:16:55.153+0700] {processor.py:925} INFO - DAG(s) 'dag_scraping_daily' retrieved from /opt/airflow/dags/dag_scraping_daily.py
[2026-06-02T09:16:55.186+0700] {logging_mixin.py:190} INFO - [2026-06-02T09:16:55.186+0700] {dag.py:3211} INFO - Sync 1 DAGs
[2026-06-02T09:16:55.567+0700] {logging_mixin.py:190} INFO - [2026-06-02T09:16:55.566+0700] {dag.py:4138} INFO - Setting next_dagrun for dag_scraping_daily to 2026-06-01 17:00:00+00:00, run_after=2026-06-02 05:00:00+00:00
[2026-06-02T09:16:55.589+0700] {processor.py:208} INFO - Processing /opt/airflow/dags/dag_scraping_daily.py took 0.469 seconds
[2026-06-02T09:17:25.905+0700] {processor.py:186} INFO - Started process (PID=576) to work on /opt/airflow/dags/dag_scraping_daily.py
[2026-06-02T09:17:25.935+0700] {processor.py:914} INFO - Processing file /opt/airflow/dags/dag_scraping_daily.py for tasks to queue
[2026-06-02T09:17:25.940+0700] {logging_mixin.py:190} INFO - [2026-06-02T09:17:25.939+0700] {dagbag.py:587} INFO - Filling up the DagBag from /opt/airflow/dags/dag_scraping_daily.py
[2026-06-02T09:17:25.982+0700] {processor.py:925} INFO - DAG(s) 'dag_scraping_daily' retrieved from /opt/airflow/dags/dag_scraping_daily.py
[2026-06-02T09:17:26.027+0700] {logging_mixin.py:190} INFO - [2026-06-02T09:17:26.026+0700] {dag.py:3211} INFO - Sync 1 DAGs
[2026-06-02T09:17:26.979+0700] {logging_mixin.py:190} INFO - [2026-06-02T09:17:26.979+0700] {dag.py:4138} INFO - Setting next_dagrun for dag_scraping_daily to 2026-06-01 17:00:00+00:00, run_after=2026-06-02 05:00:00+00:00
[2026-06-02T09:17:27.023+0700] {processor.py:208} INFO - Processing /opt/airflow/dags/dag_scraping_daily.py took 1.148 seconds
[2026-06-02T09:17:57.352+0700] {processor.py:186} INFO - Started process (PID=605) to work on /opt/airflow/dags/dag_scraping_daily.py
[2026-06-02T09:17:57.354+0700] {processor.py:914} INFO - Processing file /opt/airflow/dags/dag_scraping_daily.py for tasks to queue
[2026-06-02T09:17:57.357+0700] {logging_mixin.py:190} INFO - [2026-06-02T09:17:57.357+0700] {dagbag.py:587} INFO - Filling up the DagBag from /opt/airflow/dags/dag_scraping_daily.py
[2026-06-02T09:17:57.381+0700] {processor.py:925} INFO - DAG(s) 'dag_scraping_daily' retrieved from /opt/airflow/dags/dag_scraping_daily.py
[2026-06-02T09:17:57.812+0700] {logging_mixin.py:190} INFO - [2026-06-02T09:17:57.811+0700] {dag.py:3211} INFO - Sync 1 DAGs
[2026-06-02T09:17:57.844+0700] {logging_mixin.py:190} INFO - [2026-06-02T09:17:57.844+0700] {dag.py:4138} INFO - Setting next_dagrun for dag_scraping_daily to 2026-06-01 17:00:00+00:00, run_after=2026-06-02 05:00:00+00:00
[2026-06-02T09:17:57.870+0700] {processor.py:208} INFO - Processing /opt/airflow/dags/dag_scraping_daily.py took 0.524 seconds
[2026-06-02T09:18:28.260+0700] {processor.py:186} INFO - Started process (PID=633) to work on /opt/airflow/dags/dag_scraping_daily.py
[2026-06-02T09:18:28.261+0700] {processor.py:914} INFO - Processing file /opt/airflow/dags/dag_scraping_daily.py for tasks to queue
[2026-06-02T09:18:28.263+0700] {logging_mixin.py:190} INFO - [2026-06-02T09:18:28.263+0700] {dagbag.py:587} INFO - Filling up the DagBag from /opt/airflow/dags/dag_scraping_daily.py
[2026-06-02T09:18:28.286+0700] {processor.py:925} INFO - DAG(s) 'dag_scraping_daily' retrieved from /opt/airflow/dags/dag_scraping_daily.py
[2026-06-02T09:18:28.311+0700] {logging_mixin.py:190} INFO - [2026-06-02T09:18:28.310+0700] {dag.py:3211} INFO - Sync 1 DAGs
[2026-06-02T09:18:28.346+0700] {logging_mixin.py:190} INFO - [2026-06-02T09:18:28.345+0700] {dag.py:4138} INFO - Setting next_dagrun for dag_scraping_daily to 2026-06-01 17:00:00+00:00, run_after=2026-06-02 05:00:00+00:00
[2026-06-02T09:18:28.368+0700] {processor.py:208} INFO - Processing /opt/airflow/dags/dag_scraping_daily.py took 0.114 seconds
[2026-06-02T09:18:58.965+0700] {processor.py:186} INFO - Started process (PID=673) to work on /opt/airflow/dags/dag_scraping_daily.py
[2026-06-02T09:18:58.966+0700] {processor.py:914} INFO - Processing file /opt/airflow/dags/dag_scraping_daily.py for tasks to queue
[2026-06-02T09:18:58.969+0700] {logging_mixin.py:190} INFO - [2026-06-02T09:18:58.969+0700] {dagbag.py:587} INFO - Filling up the DagBag from /opt/airflow/dags/dag_scraping_daily.py
[2026-06-02T09:18:58.988+0700] {processor.py:925} INFO - DAG(s) 'dag_scraping_daily' retrieved from /opt/airflow/dags/dag_scraping_daily.py
[2026-06-02T09:18:59.030+0700] {logging_mixin.py:190} INFO - [2026-06-02T09:18:59.029+0700] {dag.py:3211} INFO - Sync 1 DAGs
[2026-06-02T09:18:59.094+0700] {logging_mixin.py:190} INFO - [2026-06-02T09:18:59.094+0700] {dag.py:4138} INFO - Setting next_dagrun for dag_scraping_daily to 2026-06-01 17:00:00+00:00, run_after=2026-06-02 05:00:00+00:00
[2026-06-02T09:18:59.162+0700] {processor.py:208} INFO - Processing /opt/airflow/dags/dag_scraping_daily.py took 0.203 seconds
[2026-06-02T09:19:30.123+0700] {processor.py:186} INFO - Started process (PID=730) to work on /opt/airflow/dags/dag_scraping_daily.py
[2026-06-02T09:19:30.137+0700] {processor.py:914} INFO - Processing file /opt/airflow/dags/dag_scraping_daily.py for tasks to queue
[2026-06-02T09:19:30.171+0700] {logging_mixin.py:190} INFO - [2026-06-02T09:19:30.170+0700] {dagbag.py:587} INFO - Filling up the DagBag from /opt/airflow/dags/dag_scraping_daily.py
[2026-06-02T09:19:30.380+0700] {processor.py:925} INFO - DAG(s) 'dag_scraping_daily' retrieved from /opt/airflow/dags/dag_scraping_daily.py
[2026-06-02T09:19:30.520+0700] {logging_mixin.py:190} INFO - [2026-06-02T09:19:30.520+0700] {dag.py:3211} INFO - Sync 1 DAGs
[2026-06-02T09:19:30.622+0700] {logging_mixin.py:190} INFO - [2026-06-02T09:19:30.621+0700] {dag.py:4138} INFO - Setting next_dagrun for dag_scraping_daily to 2026-06-01 17:00:00+00:00, run_after=2026-06-02 05:00:00+00:00
[2026-06-02T09:19:30.694+0700] {processor.py:208} INFO - Processing /opt/airflow/dags/dag_scraping_daily.py took 0.632 seconds
[2026-06-02T09:20:01.052+0700] {processor.py:186} INFO - Started process (PID=780) to work on /opt/airflow/dags/dag_scraping_daily.py
[2026-06-02T09:20:01.053+0700] {processor.py:914} INFO - Processing file /opt/airflow/dags/dag_scraping_daily.py for tasks to queue
[2026-06-02T09:20:01.059+0700] {logging_mixin.py:190} INFO - [2026-06-02T09:20:01.058+0700] {dagbag.py:587} INFO - Filling up the DagBag from /opt/airflow/dags/dag_scraping_daily.py
[2026-06-02T09:20:01.085+0700] {processor.py:925} INFO - DAG(s) 'dag_scraping_daily' retrieved from /opt/airflow/dags/dag_scraping_daily.py
[2026-06-02T09:20:01.122+0700] {logging_mixin.py:190} INFO - [2026-06-02T09:20:01.121+0700] {dag.py:3211} INFO - Sync 1 DAGs
[2026-06-02T09:20:01.159+0700] {logging_mixin.py:190} INFO - [2026-06-02T09:20:01.159+0700] {dag.py:4138} INFO - Setting next_dagrun for dag_scraping_daily to 2026-06-01 17:00:00+00:00, run_after=2026-06-02 05:00:00+00:00
[2026-06-02T09:20:01.193+0700] {processor.py:208} INFO - Processing /opt/airflow/dags/dag_scraping_daily.py took 0.151 seconds
[2026-06-02T09:20:31.298+0700] {processor.py:186} INFO - Started process (PID=809) to work on /opt/airflow/dags/dag_scraping_daily.py
[2026-06-02T09:20:31.299+0700] {processor.py:914} INFO - Processing file /opt/airflow/dags/dag_scraping_daily.py for tasks to queue
[2026-06-02T09:20:31.302+0700] {logging_mixin.py:190} INFO - [2026-06-02T09:20:31.302+0700] {dagbag.py:587} INFO - Filling up the DagBag from /opt/airflow/dags/dag_scraping_daily.py
[2026-06-02T09:20:31.339+0700] {processor.py:925} INFO - DAG(s) 'dag_scraping_daily' retrieved from /opt/airflow/dags/dag_scraping_daily.py
[2026-06-02T09:20:31.401+0700] {logging_mixin.py:190} INFO - [2026-06-02T09:20:31.401+0700] {dag.py:3211} INFO - Sync 1 DAGs
[2026-06-02T09:20:31.453+0700] {logging_mixin.py:190} INFO - [2026-06-02T09:20:31.452+0700] {dag.py:4138} INFO - Setting next_dagrun for dag_scraping_daily to 2026-06-01 17:00:00+00:00, run_after=2026-06-02 05:00:00+00:00
[2026-06-02T09:20:31.488+0700] {processor.py:208} INFO - Processing /opt/airflow/dags/dag_scraping_daily.py took 0.197 seconds
[2026-06-02T09:21:01.775+0700] {processor.py:186} INFO - Started process (PID=940) to work on /opt/airflow/dags/dag_scraping_daily.py
[2026-06-02T09:21:01.778+0700] {processor.py:914} INFO - Processing file /opt/airflow/dags/dag_scraping_daily.py for tasks to queue
[2026-06-02T09:21:01.786+0700] {logging_mixin.py:190} INFO - [2026-06-02T09:21:01.785+0700] {dagbag.py:587} INFO - Filling up the DagBag from /opt/airflow/dags/dag_scraping_daily.py
[2026-06-02T09:21:01.858+0700] {processor.py:925} INFO - DAG(s) 'dag_scraping_daily' retrieved from /opt/airflow/dags/dag_scraping_daily.py
[2026-06-02T09:21:01.957+0700] {logging_mixin.py:190} INFO - [2026-06-02T09:21:01.957+0700] {dag.py:3211} INFO - Sync 1 DAGs
[2026-06-02T09:21:02.015+0700] {logging_mixin.py:190} INFO - [2026-06-02T09:21:02.015+0700] {dag.py:4138} INFO - Setting next_dagrun for dag_scraping_daily to 2026-06-01 17:00:00+00:00, run_after=2026-06-02 05:00:00+00:00
[2026-06-02T09:21:02.040+0700] {processor.py:208} INFO - Processing /opt/airflow/dags/dag_scraping_daily.py took 0.284 seconds
[2026-06-02T09:21:32.714+0700] {processor.py:186} INFO - Started process (PID=1193) to work on /opt/airflow/dags/dag_scraping_daily.py
[2026-06-02T09:21:32.715+0700] {processor.py:914} INFO - Processing file /opt/airflow/dags/dag_scraping_daily.py for tasks to queue
[2026-06-02T09:21:32.738+0700] {logging_mixin.py:190} INFO - [2026-06-02T09:21:32.737+0700] {dagbag.py:587} INFO - Filling up the DagBag from /opt/airflow/dags/dag_scraping_daily.py
[2026-06-02T09:21:32.792+0700] {processor.py:925} INFO - DAG(s) 'dag_scraping_daily' retrieved from /opt/airflow/dags/dag_scraping_daily.py
[2026-06-02T09:21:32.849+0700] {logging_mixin.py:190} INFO - [2026-06-02T09:21:32.848+0700] {dag.py:3211} INFO - Sync 1 DAGs
[2026-06-02T09:21:32.900+0700] {logging_mixin.py:190} INFO - [2026-06-02T09:21:32.900+0700] {dag.py:4138} INFO - Setting next_dagrun for dag_scraping_daily to 2026-06-01 17:00:00+00:00, run_after=2026-06-02 05:00:00+00:00
[2026-06-02T09:21:32.926+0700] {processor.py:208} INFO - Processing /opt/airflow/dags/dag_scraping_daily.py took 0.223 seconds
[2026-06-02T09:22:03.366+0700] {processor.py:186} INFO - Started process (PID=1342) to work on /opt/airflow/dags/dag_scraping_daily.py
[2026-06-02T09:22:03.368+0700] {processor.py:914} INFO - Processing file /opt/airflow/dags/dag_scraping_daily.py for tasks to queue
[2026-06-02T09:22:03.372+0700] {logging_mixin.py:190} INFO - [2026-06-02T09:22:03.372+0700] {dagbag.py:587} INFO - Filling up the DagBag from /opt/airflow/dags/dag_scraping_daily.py
[2026-06-02T09:22:03.398+0700] {processor.py:925} INFO - DAG(s) 'dag_scraping_daily' retrieved from /opt/airflow/dags/dag_scraping_daily.py
[2026-06-02T09:22:03.425+0700] {logging_mixin.py:190} INFO - [2026-06-02T09:22:03.425+0700] {dag.py:3211} INFO - Sync 1 DAGs
[2026-06-02T09:22:03.454+0700] {logging_mixin.py:190} INFO - [2026-06-02T09:22:03.453+0700] {dag.py:4138} INFO - Setting next_dagrun for dag_scraping_daily to 2026-06-01 17:00:00+00:00, run_after=2026-06-02 05:00:00+00:00
[2026-06-02T09:22:03.478+0700] {processor.py:208} INFO - Processing /opt/airflow/dags/dag_scraping_daily.py took 0.121 seconds
[2026-06-02T09:22:33.789+0700] {processor.py:186} INFO - Started process (PID=1370) to work on /opt/airflow/dags/dag_scraping_daily.py
[2026-06-02T09:22:33.793+0700] {processor.py:914} INFO - Processing file /opt/airflow/dags/dag_scraping_daily.py for tasks to queue
[2026-06-02T09:22:33.799+0700] {logging_mixin.py:190} INFO - [2026-06-02T09:22:33.798+0700] {dagbag.py:587} INFO - Filling up the DagBag from /opt/airflow/dags/dag_scraping_daily.py
[2026-06-02T09:22:33.829+0700] {processor.py:925} INFO - DAG(s) 'dag_scraping_daily' retrieved from /opt/airflow/dags/dag_scraping_daily.py
[2026-06-02T09:22:33.863+0700] {logging_mixin.py:190} INFO - [2026-06-02T09:22:33.863+0700] {dag.py:3211} INFO - Sync 1 DAGs
[2026-06-02T09:22:33.905+0700] {logging_mixin.py:190} INFO - [2026-06-02T09:22:33.905+0700] {dag.py:4138} INFO - Setting next_dagrun for dag_scraping_daily to 2026-06-01 17:00:00+00:00, run_after=2026-06-02 05:00:00+00:00
[2026-06-02T09:22:33.938+0700] {processor.py:208} INFO - Processing /opt/airflow/dags/dag_scraping_daily.py took 0.161 seconds
[2026-06-02T09:23:04.107+0700] {processor.py:186} INFO - Started process (PID=1398) to work on /opt/airflow/dags/dag_scraping_daily.py
[2026-06-02T09:23:04.108+0700] {processor.py:914} INFO - Processing file /opt/airflow/dags/dag_scraping_daily.py for tasks to queue
[2026-06-02T09:23:04.113+0700] {logging_mixin.py:190} INFO - [2026-06-02T09:23:04.112+0700] {dagbag.py:587} INFO - Filling up the DagBag from /opt/airflow/dags/dag_scraping_daily.py
[2026-06-02T09:23:04.135+0700] {processor.py:925} INFO - DAG(s) 'dag_scraping_daily' retrieved from /opt/airflow/dags/dag_scraping_daily.py
[2026-06-02T09:23:04.169+0700] {logging_mixin.py:190} INFO - [2026-06-02T09:23:04.168+0700] {dag.py:3211} INFO - Sync 1 DAGs
[2026-06-02T09:23:04.201+0700] {logging_mixin.py:190} INFO - [2026-06-02T09:23:04.201+0700] {dag.py:4138} INFO - Setting next_dagrun for dag_scraping_daily to 2026-06-01 17:00:00+00:00, run_after=2026-06-02 05:00:00+00:00
[2026-06-02T09:23:04.227+0700] {processor.py:208} INFO - Processing /opt/airflow/dags/dag_scraping_daily.py took 0.127 seconds
[2026-06-02T09:23:34.311+0700] {processor.py:186} INFO - Started process (PID=1425) to work on /opt/airflow/dags/dag_scraping_daily.py
[2026-06-02T09:23:34.312+0700] {processor.py:914} INFO - Processing file /opt/airflow/dags/dag_scraping_daily.py for tasks to queue
[2026-06-02T09:23:34.315+0700] {logging_mixin.py:190} INFO - [2026-06-02T09:23:34.315+0700] {dagbag.py:587} INFO - Filling up the DagBag from /opt/airflow/dags/dag_scraping_daily.py
[2026-06-02T09:23:34.332+0700] {processor.py:925} INFO - DAG(s) 'dag_scraping_daily' retrieved from /opt/airflow/dags/dag_scraping_daily.py
[2026-06-02T09:23:34.359+0700] {logging_mixin.py:190} INFO - [2026-06-02T09:23:34.358+0700] {dag.py:3211} INFO - Sync 1 DAGs
[2026-06-02T09:23:34.383+0700] {logging_mixin.py:190} INFO - [2026-06-02T09:23:34.383+0700] {dag.py:4138} INFO - Setting next_dagrun for dag_scraping_daily to 2026-06-01 17:00:00+00:00, run_after=2026-06-02 05:00:00+00:00
[2026-06-02T09:23:34.403+0700] {processor.py:208} INFO - Processing /opt/airflow/dags/dag_scraping_daily.py took 0.100 seconds
[2026-06-02T09:24:05.124+0700] {processor.py:186} INFO - Started process (PID=1567) to work on /opt/airflow/dags/dag_scraping_daily.py
[2026-06-02T09:24:05.132+0700] {processor.py:914} INFO - Processing file /opt/airflow/dags/dag_scraping_daily.py for tasks to queue
[2026-06-02T09:24:05.139+0700] {logging_mixin.py:190} INFO - [2026-06-02T09:24:05.138+0700] {dagbag.py:587} INFO - Filling up the DagBag from /opt/airflow/dags/dag_scraping_daily.py
[2026-06-02T09:24:05.225+0700] {processor.py:925} INFO - DAG(s) 'dag_scraping_daily' retrieved from /opt/airflow/dags/dag_scraping_daily.py
[2026-06-02T09:24:05.337+0700] {logging_mixin.py:190} INFO - [2026-06-02T09:24:05.337+0700] {dag.py:3211} INFO - Sync 1 DAGs
[2026-06-02T09:24:05.429+0700] {logging_mixin.py:190} INFO - [2026-06-02T09:24:05.428+0700] {dag.py:4138} INFO - Setting next_dagrun for dag_scraping_daily to 2026-06-01 17:00:00+00:00, run_after=2026-06-02 05:00:00+00:00
[2026-06-02T09:24:05.498+0700] {processor.py:208} INFO - Processing /opt/airflow/dags/dag_scraping_daily.py took 0.420 seconds
[2026-06-02T09:24:35.733+0700] {processor.py:186} INFO - Started process (PID=1730) to work on /opt/airflow/dags/dag_scraping_daily.py
[2026-06-02T09:24:35.734+0700] {processor.py:914} INFO - Processing file /opt/airflow/dags/dag_scraping_daily.py for tasks to queue
[2026-06-02T09:24:35.736+0700] {logging_mixin.py:190} INFO - [2026-06-02T09:24:35.736+0700] {dagbag.py:587} INFO - Filling up the DagBag from /opt/airflow/dags/dag_scraping_daily.py
[2026-06-02T09:24:35.757+0700] {processor.py:925} INFO - DAG(s) 'dag_scraping_daily' retrieved from /opt/airflow/dags/dag_scraping_daily.py
[2026-06-02T09:24:35.790+0700] {logging_mixin.py:190} INFO - [2026-06-02T09:24:35.790+0700] {dag.py:3211} INFO - Sync 1 DAGs
[2026-06-02T09:24:35.826+0700] {logging_mixin.py:190} INFO - [2026-06-02T09:24:35.826+0700] {dag.py:4138} INFO - Setting next_dagrun for dag_scraping_daily to 2026-06-01 17:00:00+00:00, run_after=2026-06-02 05:00:00+00:00
[2026-06-02T09:24:35.865+0700] {processor.py:208} INFO - Processing /opt/airflow/dags/dag_scraping_daily.py took 0.141 seconds
[2026-06-02T09:25:06.239+0700] {processor.py:186} INFO - Started process (PID=1758) to work on /opt/airflow/dags/dag_scraping_daily.py
[2026-06-02T09:25:06.240+0700] {processor.py:914} INFO - Processing file /opt/airflow/dags/dag_scraping_daily.py for tasks to queue
[2026-06-02T09:25:06.243+0700] {logging_mixin.py:190} INFO - [2026-06-02T09:25:06.243+0700] {dagbag.py:587} INFO - Filling up the DagBag from /opt/airflow/dags/dag_scraping_daily.py
[2026-06-02T09:25:06.260+0700] {processor.py:925} INFO - DAG(s) 'dag_scraping_daily' retrieved from /opt/airflow/dags/dag_scraping_daily.py
[2026-06-02T09:25:06.286+0700] {logging_mixin.py:190} INFO - [2026-06-02T09:25:06.286+0700] {dag.py:3211} INFO - Sync 1 DAGs
[2026-06-02T09:25:06.310+0700] {logging_mixin.py:190} INFO - [2026-06-02T09:25:06.310+0700] {dag.py:4138} INFO - Setting next_dagrun for dag_scraping_daily to 2026-06-01 17:00:00+00:00, run_after=2026-06-02 05:00:00+00:00
[2026-06-02T09:25:06.331+0700] {processor.py:208} INFO - Processing /opt/airflow/dags/dag_scraping_daily.py took 0.099 seconds
[2026-06-02T09:25:36.594+0700] {processor.py:186} INFO - Started process (PID=1786) to work on /opt/airflow/dags/dag_scraping_daily.py
[2026-06-02T09:25:36.596+0700] {processor.py:914} INFO - Processing file /opt/airflow/dags/dag_scraping_daily.py for tasks to queue
[2026-06-02T09:25:36.598+0700] {logging_mixin.py:190} INFO - [2026-06-02T09:25:36.598+0700] {dagbag.py:587} INFO - Filling up the DagBag from /opt/airflow/dags/dag_scraping_daily.py
[2026-06-02T09:25:36.620+0700] {processor.py:925} INFO - DAG(s) 'dag_scraping_daily' retrieved from /opt/airflow/dags/dag_scraping_daily.py
[2026-06-02T09:25:36.654+0700] {logging_mixin.py:190} INFO - [2026-06-02T09:25:36.654+0700] {dag.py:3211} INFO - Sync 1 DAGs
[2026-06-02T09:25:36.687+0700] {logging_mixin.py:190} INFO - [2026-06-02T09:25:36.687+0700] {dag.py:4138} INFO - Setting next_dagrun for dag_scraping_daily to 2026-06-01 17:00:00+00:00, run_after=2026-06-02 05:00:00+00:00
[2026-06-02T09:25:36.711+0700] {processor.py:208} INFO - Processing /opt/airflow/dags/dag_scraping_daily.py took 0.124 seconds
[2026-06-02T09:26:06.905+0700] {processor.py:186} INFO - Started process (PID=1814) to work on /opt/airflow/dags/dag_scraping_daily.py
[2026-06-02T09:26:06.906+0700] {processor.py:914} INFO - Processing file /opt/airflow/dags/dag_scraping_daily.py for tasks to queue
[2026-06-02T09:26:06.909+0700] {logging_mixin.py:190} INFO - [2026-06-02T09:26:06.908+0700] {dagbag.py:587} INFO - Filling up the DagBag from /opt/airflow/dags/dag_scraping_daily.py
[2026-06-02T09:26:06.929+0700] {processor.py:925} INFO - DAG(s) 'dag_scraping_daily' retrieved from /opt/airflow/dags/dag_scraping_daily.py
[2026-06-02T09:26:06.956+0700] {logging_mixin.py:190} INFO - [2026-06-02T09:26:06.956+0700] {dag.py:3211} INFO - Sync 1 DAGs
[2026-06-02T09:26:06.981+0700] {logging_mixin.py:190} INFO - [2026-06-02T09:26:06.981+0700] {dag.py:4138} INFO - Setting next_dagrun for dag_scraping_daily to 2026-06-01 17:00:00+00:00, run_after=2026-06-02 05:00:00+00:00
[2026-06-02T09:26:07.004+0700] {processor.py:208} INFO - Processing /opt/airflow/dags/dag_scraping_daily.py took 0.105 seconds
[2026-06-02T09:26:37.358+0700] {processor.py:186} INFO - Started process (PID=1871) to work on /opt/airflow/dags/dag_scraping_daily.py
[2026-06-02T09:26:37.359+0700] {processor.py:914} INFO - Processing file /opt/airflow/dags/dag_scraping_daily.py for tasks to queue
[2026-06-02T09:26:37.362+0700] {logging_mixin.py:190} INFO - [2026-06-02T09:26:37.362+0700] {dagbag.py:587} INFO - Filling up the DagBag from /opt/airflow/dags/dag_scraping_daily.py
[2026-06-02T09:26:37.391+0700] {processor.py:925} INFO - DAG(s) 'dag_scraping_daily' retrieved from /opt/airflow/dags/dag_scraping_daily.py
[2026-06-02T09:26:37.421+0700] {logging_mixin.py:190} INFO - [2026-06-02T09:26:37.421+0700] {dag.py:3211} INFO - Sync 1 DAGs
[2026-06-02T09:26:37.451+0700] {logging_mixin.py:190} INFO - [2026-06-02T09:26:37.451+0700] {dag.py:4138} INFO - Setting next_dagrun for dag_scraping_daily to 2026-06-01 17:00:00+00:00, run_after=2026-06-02 05:00:00+00:00
[2026-06-02T09:26:37.477+0700] {processor.py:208} INFO - Processing /opt/airflow/dags/dag_scraping_daily.py took 0.128 seconds
[2026-06-02T09:27:07.621+0700] {processor.py:186} INFO - Started process (PID=1917) to work on /opt/airflow/dags/dag_scraping_daily.py
[2026-06-02T09:27:07.622+0700] {processor.py:914} INFO - Processing file /opt/airflow/dags/dag_scraping_daily.py for tasks to queue
[2026-06-02T09:27:07.626+0700] {logging_mixin.py:190} INFO - [2026-06-02T09:27:07.626+0700] {dagbag.py:587} INFO - Filling up the DagBag from /opt/airflow/dags/dag_scraping_daily.py
[2026-06-02T09:27:07.647+0700] {processor.py:925} INFO - DAG(s) 'dag_scraping_daily' retrieved from /opt/airflow/dags/dag_scraping_daily.py
[2026-06-02T09:27:07.677+0700] {logging_mixin.py:190} INFO - [2026-06-02T09:27:07.676+0700] {dag.py:3211} INFO - Sync 1 DAGs
[2026-06-02T09:27:07.705+0700] {logging_mixin.py:190} INFO - [2026-06-02T09:27:07.705+0700] {dag.py:4138} INFO - Setting next_dagrun for dag_scraping_daily to 2026-06-01 17:00:00+00:00, run_after=2026-06-02 05:00:00+00:00
[2026-06-02T09:27:07.730+0700] {processor.py:208} INFO - Processing /opt/airflow/dags/dag_scraping_daily.py took 0.117 seconds
[2026-06-02T09:27:37.986+0700] {processor.py:186} INFO - Started process (PID=1945) to work on /opt/airflow/dags/dag_scraping_daily.py
[2026-06-02T09:27:37.989+0700] {processor.py:914} INFO - Processing file /opt/airflow/dags/dag_scraping_daily.py for tasks to queue
[2026-06-02T09:27:37.993+0700] {logging_mixin.py:190} INFO - [2026-06-02T09:27:37.992+0700] {dagbag.py:587} INFO - Filling up the DagBag from /opt/airflow/dags/dag_scraping_daily.py
[2026-06-02T09:27:38.013+0700] {processor.py:925} INFO - DAG(s) 'dag_scraping_daily' retrieved from /opt/airflow/dags/dag_scraping_daily.py
[2026-06-02T09:27:38.041+0700] {logging_mixin.py:190} INFO - [2026-06-02T09:27:38.041+0700] {dag.py:3211} INFO - Sync 1 DAGs
[2026-06-02T09:27:38.069+0700] {logging_mixin.py:190} INFO - [2026-06-02T09:27:38.068+0700] {dag.py:4138} INFO - Setting next_dagrun for dag_scraping_daily to 2026-06-01 17:00:00+00:00, run_after=2026-06-02 05:00:00+00:00
[2026-06-02T09:27:38.093+0700] {processor.py:208} INFO - Processing /opt/airflow/dags/dag_scraping_daily.py took 0.116 seconds
[2026-06-02T09:28:08.327+0700] {processor.py:186} INFO - Started process (PID=1973) to work on /opt/airflow/dags/dag_scraping_daily.py
[2026-06-02T09:28:08.328+0700] {processor.py:914} INFO - Processing file /opt/airflow/dags/dag_scraping_daily.py for tasks to queue
[2026-06-02T09:28:08.331+0700] {logging_mixin.py:190} INFO - [2026-06-02T09:28:08.330+0700] {dagbag.py:587} INFO - Filling up the DagBag from /opt/airflow/dags/dag_scraping_daily.py
[2026-06-02T09:28:08.351+0700] {processor.py:925} INFO - DAG(s) 'dag_scraping_daily' retrieved from /opt/airflow/dags/dag_scraping_daily.py
[2026-06-02T09:28:08.383+0700] {logging_mixin.py:190} INFO - [2026-06-02T09:28:08.383+0700] {dag.py:3211} INFO - Sync 1 DAGs
[2026-06-02T09:28:08.414+0700] {logging_mixin.py:190} INFO - [2026-06-02T09:28:08.414+0700] {dag.py:4138} INFO - Setting next_dagrun for dag_scraping_daily to 2026-06-01 17:00:00+00:00, run_after=2026-06-02 05:00:00+00:00
[2026-06-02T09:28:08.438+0700] {processor.py:208} INFO - Processing /opt/airflow/dags/dag_scraping_daily.py took 0.120 seconds
[2026-06-02T09:28:38.641+0700] {processor.py:186} INFO - Started process (PID=2001) to work on /opt/airflow/dags/dag_scraping_daily.py
[2026-06-02T09:28:38.642+0700] {processor.py:914} INFO - Processing file /opt/airflow/dags/dag_scraping_daily.py for tasks to queue
[2026-06-02T09:28:38.644+0700] {logging_mixin.py:190} INFO - [2026-06-02T09:28:38.644+0700] {dagbag.py:587} INFO - Filling up the DagBag from /opt/airflow/dags/dag_scraping_daily.py
[2026-06-02T09:28:38.668+0700] {processor.py:925} INFO - DAG(s) 'dag_scraping_daily' retrieved from /opt/airflow/dags/dag_scraping_daily.py
[2026-06-02T09:28:38.700+0700] {logging_mixin.py:190} INFO - [2026-06-02T09:28:38.700+0700] {dag.py:3211} INFO - Sync 1 DAGs
[2026-06-02T09:28:38.729+0700] {logging_mixin.py:190} INFO - [2026-06-02T09:28:38.729+0700] {dag.py:4138} INFO - Setting next_dagrun for dag_scraping_daily to 2026-06-01 17:00:00+00:00, run_after=2026-06-02 05:00:00+00:00
[2026-06-02T09:28:38.751+0700] {processor.py:208} INFO - Processing /opt/airflow/dags/dag_scraping_daily.py took 0.116 seconds
[2026-06-02T09:29:09.039+0700] {processor.py:186} INFO - Started process (PID=2029) to work on /opt/airflow/dags/dag_scraping_daily.py
[2026-06-02T09:29:09.040+0700] {processor.py:914} INFO - Processing file /opt/airflow/dags/dag_scraping_daily.py for tasks to queue
[2026-06-02T09:29:09.043+0700] {logging_mixin.py:190} INFO - [2026-06-02T09:29:09.043+0700] {dagbag.py:587} INFO - Filling up the DagBag from /opt/airflow/dags/dag_scraping_daily.py
[2026-06-02T09:29:09.065+0700] {processor.py:925} INFO - DAG(s) 'dag_scraping_daily' retrieved from /opt/airflow/dags/dag_scraping_daily.py
[2026-06-02T09:29:09.097+0700] {logging_mixin.py:190} INFO - [2026-06-02T09:29:09.096+0700] {dag.py:3211} INFO - Sync 1 DAGs
[2026-06-02T09:29:09.126+0700] {logging_mixin.py:190} INFO - [2026-06-02T09:29:09.126+0700] {dag.py:4138} INFO - Setting next_dagrun for dag_scraping_daily to 2026-06-01 17:00:00+00:00, run_after=2026-06-02 05:00:00+00:00
[2026-06-02T09:29:09.150+0700] {processor.py:208} INFO - Processing /opt/airflow/dags/dag_scraping_daily.py took 0.117 seconds
[2026-06-02T09:29:39.430+0700] {processor.py:186} INFO - Started process (PID=2057) to work on /opt/airflow/dags/dag_scraping_daily.py
[2026-06-02T09:29:39.431+0700] {processor.py:914} INFO - Processing file /opt/airflow/dags/dag_scraping_daily.py for tasks to queue
[2026-06-02T09:29:39.433+0700] {logging_mixin.py:190} INFO - [2026-06-02T09:29:39.433+0700] {dagbag.py:587} INFO - Filling up the DagBag from /opt/airflow/dags/dag_scraping_daily.py
[2026-06-02T09:29:39.453+0700] {processor.py:925} INFO - DAG(s) 'dag_scraping_daily' retrieved from /opt/airflow/dags/dag_scraping_daily.py
[2026-06-02T09:29:39.484+0700] {logging_mixin.py:190} INFO - [2026-06-02T09:29:39.484+0700] {dag.py:3211} INFO - Sync 1 DAGs
[2026-06-02T09:29:39.514+0700] {logging_mixin.py:190} INFO - [2026-06-02T09:29:39.514+0700] {dag.py:4138} INFO - Setting next_dagrun for dag_scraping_daily to 2026-06-01 17:00:00+00:00, run_after=2026-06-02 05:00:00+00:00
[2026-06-02T09:29:39.536+0700] {processor.py:208} INFO - Processing /opt/airflow/dags/dag_scraping_daily.py took 0.112 seconds
[2026-06-02T09:30:09.796+0700] {processor.py:186} INFO - Started process (PID=2085) to work on /opt/airflow/dags/dag_scraping_daily.py
[2026-06-02T09:30:09.797+0700] {processor.py:914} INFO - Processing file /opt/airflow/dags/dag_scraping_daily.py for tasks to queue
[2026-06-02T09:30:09.799+0700] {logging_mixin.py:190} INFO - [2026-06-02T09:30:09.799+0700] {dagbag.py:587} INFO - Filling up the DagBag from /opt/airflow/dags/dag_scraping_daily.py
[2026-06-02T09:30:09.820+0700] {processor.py:925} INFO - DAG(s) 'dag_scraping_daily' retrieved from /opt/airflow/dags/dag_scraping_daily.py
[2026-06-02T09:30:09.847+0700] {logging_mixin.py:190} INFO - [2026-06-02T09:30:09.847+0700] {dag.py:3211} INFO - Sync 1 DAGs
[2026-06-02T09:30:09.881+0700] {logging_mixin.py:190} INFO - [2026-06-02T09:30:09.880+0700] {dag.py:4138} INFO - Setting next_dagrun for dag_scraping_daily to 2026-06-01 17:00:00+00:00, run_after=2026-06-02 05:00:00+00:00
[2026-06-02T09:30:09.905+0700] {processor.py:208} INFO - Processing /opt/airflow/dags/dag_scraping_daily.py took 0.115 seconds
[2026-06-02T09:30:40.186+0700] {processor.py:186} INFO - Started process (PID=2114) to work on /opt/airflow/dags/dag_scraping_daily.py
[2026-06-02T09:30:40.187+0700] {processor.py:914} INFO - Processing file /opt/airflow/dags/dag_scraping_daily.py for tasks to queue
[2026-06-02T09:30:40.190+0700] {logging_mixin.py:190} INFO - [2026-06-02T09:30:40.190+0700] {dagbag.py:587} INFO - Filling up the DagBag from /opt/airflow/dags/dag_scraping_daily.py
[2026-06-02T09:30:40.212+0700] {processor.py:925} INFO - DAG(s) 'dag_scraping_daily' retrieved from /opt/airflow/dags/dag_scraping_daily.py
[2026-06-02T09:30:40.243+0700] {logging_mixin.py:190} INFO - [2026-06-02T09:30:40.243+0700] {dag.py:3211} INFO - Sync 1 DAGs
[2026-06-02T09:30:40.270+0700] {logging_mixin.py:190} INFO - [2026-06-02T09:30:40.270+0700] {dag.py:4138} INFO - Setting next_dagrun for dag_scraping_daily to 2026-06-01 17:00:00+00:00, run_after=2026-06-02 05:00:00+00:00
[2026-06-02T09:30:40.291+0700] {processor.py:208} INFO - Processing /opt/airflow/dags/dag_scraping_daily.py took 0.112 seconds
[2026-06-02T09:31:10.500+0700] {processor.py:186} INFO - Started process (PID=2142) to work on /opt/airflow/dags/dag_scraping_daily.py
[2026-06-02T09:31:10.501+0700] {processor.py:914} INFO - Processing file /opt/airflow/dags/dag_scraping_daily.py for tasks to queue
[2026-06-02T09:31:10.505+0700] {logging_mixin.py:190} INFO - [2026-06-02T09:31:10.505+0700] {dagbag.py:587} INFO - Filling up the DagBag from /opt/airflow/dags/dag_scraping_daily.py
[2026-06-02T09:31:10.525+0700] {processor.py:925} INFO - DAG(s) 'dag_scraping_daily' retrieved from /opt/airflow/dags/dag_scraping_daily.py
[2026-06-02T09:31:10.553+0700] {logging_mixin.py:190} INFO - [2026-06-02T09:31:10.553+0700] {dag.py:3211} INFO - Sync 1 DAGs
[2026-06-02T09:31:10.582+0700] {logging_mixin.py:190} INFO - [2026-06-02T09:31:10.582+0700] {dag.py:4138} INFO - Setting next_dagrun for dag_scraping_daily to 2026-06-01 17:00:00+00:00, run_after=2026-06-02 05:00:00+00:00
[2026-06-02T09:31:10.606+0700] {processor.py:208} INFO - Processing /opt/airflow/dags/dag_scraping_daily.py took 0.114 seconds
[2026-06-02T09:31:58.152+0700] {processor.py:186} INFO - Started process (PID=173) to work on /opt/airflow/dags/dag_scraping_daily.py
[2026-06-02T09:31:58.154+0700] {processor.py:914} INFO - Processing file /opt/airflow/dags/dag_scraping_daily.py for tasks to queue
[2026-06-02T09:31:58.159+0700] {logging_mixin.py:190} INFO - [2026-06-02T09:31:58.158+0700] {dagbag.py:587} INFO - Filling up the DagBag from /opt/airflow/dags/dag_scraping_daily.py
[2026-06-02T09:31:58.209+0700] {processor.py:925} INFO - DAG(s) 'dag_scraping_daily' retrieved from /opt/airflow/dags/dag_scraping_daily.py
[2026-06-02T09:31:58.300+0700] {logging_mixin.py:190} INFO - [2026-06-02T09:31:58.300+0700] {dag.py:3211} INFO - Sync 1 DAGs
[2026-06-02T09:31:58.386+0700] {logging_mixin.py:190} INFO - [2026-06-02T09:31:58.386+0700] {dag.py:4138} INFO - Setting next_dagrun for dag_scraping_daily to 2026-06-01 17:00:00+00:00, run_after=2026-06-02 05:00:00+00:00
[2026-06-02T09:31:58.432+0700] {processor.py:208} INFO - Processing /opt/airflow/dags/dag_scraping_daily.py took 0.290 seconds
[2026-06-02T09:32:28.773+0700] {processor.py:186} INFO - Started process (PID=201) to work on /opt/airflow/dags/dag_scraping_daily.py
[2026-06-02T09:32:28.774+0700] {processor.py:914} INFO - Processing file /opt/airflow/dags/dag_scraping_daily.py for tasks to queue
[2026-06-02T09:32:28.783+0700] {logging_mixin.py:190} INFO - [2026-06-02T09:32:28.782+0700] {dagbag.py:587} INFO - Filling up the DagBag from /opt/airflow/dags/dag_scraping_daily.py
[2026-06-02T09:32:28.814+0700] {processor.py:925} INFO - DAG(s) 'dag_scraping_daily' retrieved from /opt/airflow/dags/dag_scraping_daily.py
[2026-06-02T09:32:28.852+0700] {logging_mixin.py:190} INFO - [2026-06-02T09:32:28.851+0700] {dag.py:3211} INFO - Sync 1 DAGs
[2026-06-02T09:32:28.887+0700] {logging_mixin.py:190} INFO - [2026-06-02T09:32:28.887+0700] {dag.py:4138} INFO - Setting next_dagrun for dag_scraping_daily to 2026-06-01 17:00:00+00:00, run_after=2026-06-02 05:00:00+00:00
[2026-06-02T09:32:28.927+0700] {processor.py:208} INFO - Processing /opt/airflow/dags/dag_scraping_daily.py took 0.164 seconds
[2026-06-02T09:32:59.294+0700] {processor.py:186} INFO - Started process (PID=235) to work on /opt/airflow/dags/dag_scraping_daily.py
[2026-06-02T09:32:59.295+0700] {processor.py:914} INFO - Processing file /opt/airflow/dags/dag_scraping_daily.py for tasks to queue
[2026-06-02T09:32:59.299+0700] {logging_mixin.py:190} INFO - [2026-06-02T09:32:59.298+0700] {dagbag.py:587} INFO - Filling up the DagBag from /opt/airflow/dags/dag_scraping_daily.py
[2026-06-02T09:32:59.324+0700] {processor.py:925} INFO - DAG(s) 'dag_scraping_daily' retrieved from /opt/airflow/dags/dag_scraping_daily.py
[2026-06-02T09:32:59.372+0700] {logging_mixin.py:190} INFO - [2026-06-02T09:32:59.371+0700] {dag.py:3211} INFO - Sync 1 DAGs
[2026-06-02T09:32:59.427+0700] {logging_mixin.py:190} INFO - [2026-06-02T09:32:59.426+0700] {dag.py:4138} INFO - Setting next_dagrun for dag_scraping_daily to 2026-06-01 17:00:00+00:00, run_after=2026-06-02 05:00:00+00:00
[2026-06-02T09:32:59.468+0700] {processor.py:208} INFO - Processing /opt/airflow/dags/dag_scraping_daily.py took 0.185 seconds
[2026-06-02T09:33:29.983+0700] {processor.py:186} INFO - Started process (PID=264) to work on /opt/airflow/dags/dag_scraping_daily.py
[2026-06-02T09:33:29.990+0700] {processor.py:914} INFO - Processing file /opt/airflow/dags/dag_scraping_daily.py for tasks to queue
[2026-06-02T09:33:29.997+0700] {logging_mixin.py:190} INFO - [2026-06-02T09:33:29.997+0700] {dagbag.py:587} INFO - Filling up the DagBag from /opt/airflow/dags/dag_scraping_daily.py
[2026-06-02T09:33:30.046+0700] {processor.py:925} INFO - DAG(s) 'dag_scraping_daily' retrieved from /opt/airflow/dags/dag_scraping_daily.py
[2026-06-02T09:33:30.084+0700] {logging_mixin.py:190} INFO - [2026-06-02T09:33:30.084+0700] {dag.py:3211} INFO - Sync 1 DAGs
[2026-06-02T09:33:30.119+0700] {logging_mixin.py:190} INFO - [2026-06-02T09:33:30.119+0700] {dag.py:4138} INFO - Setting next_dagrun for dag_scraping_daily to 2026-06-01 17:00:00+00:00, run_after=2026-06-02 05:00:00+00:00
[2026-06-02T09:33:30.140+0700] {processor.py:208} INFO - Processing /opt/airflow/dags/dag_scraping_daily.py took 0.166 seconds
[2026-06-02T09:34:00.301+0700] {processor.py:186} INFO - Started process (PID=292) to work on /opt/airflow/dags/dag_scraping_daily.py
[2026-06-02T09:34:00.302+0700] {processor.py:914} INFO - Processing file /opt/airflow/dags/dag_scraping_daily.py for tasks to queue
[2026-06-02T09:34:00.305+0700] {logging_mixin.py:190} INFO - [2026-06-02T09:34:00.304+0700] {dagbag.py:587} INFO - Filling up the DagBag from /opt/airflow/dags/dag_scraping_daily.py
[2026-06-02T09:34:00.324+0700] {processor.py:925} INFO - DAG(s) 'dag_scraping_daily' retrieved from /opt/airflow/dags/dag_scraping_daily.py
[2026-06-02T09:34:00.350+0700] {logging_mixin.py:190} INFO - [2026-06-02T09:34:00.350+0700] {dag.py:3211} INFO - Sync 1 DAGs
[2026-06-02T09:34:00.380+0700] {logging_mixin.py:190} INFO - [2026-06-02T09:34:00.380+0700] {dag.py:4138} INFO - Setting next_dagrun for dag_scraping_daily to 2026-06-01 17:00:00+00:00, run_after=2026-06-02 05:00:00+00:00
[2026-06-02T09:34:00.404+0700] {processor.py:208} INFO - Processing /opt/airflow/dags/dag_scraping_daily.py took 0.110 seconds
[2026-06-02T09:34:53.947+0700] {processor.py:186} INFO - Started process (PID=179) to work on /opt/airflow/dags/dag_scraping_daily.py
[2026-06-02T09:34:53.949+0700] {processor.py:914} INFO - Processing file /opt/airflow/dags/dag_scraping_daily.py for tasks to queue
[2026-06-02T09:34:53.952+0700] {logging_mixin.py:190} INFO - [2026-06-02T09:34:53.952+0700] {dagbag.py:587} INFO - Filling up the DagBag from /opt/airflow/dags/dag_scraping_daily.py
[2026-06-02T09:34:53.988+0700] {processor.py:925} INFO - DAG(s) 'dag_scraping_daily' retrieved from /opt/airflow/dags/dag_scraping_daily.py
[2026-06-02T09:34:54.041+0700] {logging_mixin.py:190} INFO - [2026-06-02T09:34:54.041+0700] {dag.py:3211} INFO - Sync 1 DAGs
[2026-06-02T09:34:54.089+0700] {logging_mixin.py:190} INFO - [2026-06-02T09:34:54.089+0700] {dag.py:4138} INFO - Setting next_dagrun for dag_scraping_daily to 2026-06-01 17:00:00+00:00, run_after=2026-06-02 05:00:00+00:00
[2026-06-02T09:34:54.123+0700] {processor.py:208} INFO - Processing /opt/airflow/dags/dag_scraping_daily.py took 0.183 seconds
[2026-06-02T09:35:24.671+0700] {processor.py:186} INFO - Started process (PID=207) to work on /opt/airflow/dags/dag_scraping_daily.py
[2026-06-02T09:35:24.671+0700] {processor.py:914} INFO - Processing file /opt/airflow/dags/dag_scraping_daily.py for tasks to queue
[2026-06-02T09:35:24.674+0700] {logging_mixin.py:190} INFO - [2026-06-02T09:35:24.674+0700] {dagbag.py:587} INFO - Filling up the DagBag from /opt/airflow/dags/dag_scraping_daily.py
[2026-06-02T09:35:24.696+0700] {processor.py:925} INFO - DAG(s) 'dag_scraping_daily' retrieved from /opt/airflow/dags/dag_scraping_daily.py
[2026-06-02T09:35:24.721+0700] {logging_mixin.py:190} INFO - [2026-06-02T09:35:24.721+0700] {dag.py:3211} INFO - Sync 1 DAGs
[2026-06-02T09:35:24.744+0700] {logging_mixin.py:190} INFO - [2026-06-02T09:35:24.744+0700] {dag.py:4138} INFO - Setting next_dagrun for dag_scraping_daily to 2026-06-01 17:00:00+00:00, run_after=2026-06-02 05:00:00+00:00
[2026-06-02T09:35:24.765+0700] {processor.py:208} INFO - Processing /opt/airflow/dags/dag_scraping_daily.py took 0.100 seconds
[2026-06-02T09:35:55.202+0700] {processor.py:186} INFO - Started process (PID=235) to work on /opt/airflow/dags/dag_scraping_daily.py
[2026-06-02T09:35:55.204+0700] {processor.py:914} INFO - Processing file /opt/airflow/dags/dag_scraping_daily.py for tasks to queue
[2026-06-02T09:35:55.208+0700] {logging_mixin.py:190} INFO - [2026-06-02T09:35:55.207+0700] {dagbag.py:587} INFO - Filling up the DagBag from /opt/airflow/dags/dag_scraping_daily.py
[2026-06-02T09:35:55.236+0700] {processor.py:925} INFO - DAG(s) 'dag_scraping_daily' retrieved from /opt/airflow/dags/dag_scraping_daily.py
[2026-06-02T09:35:55.272+0700] {logging_mixin.py:190} INFO - [2026-06-02T09:35:55.272+0700] {dag.py:3211} INFO - Sync 1 DAGs
[2026-06-02T09:35:55.301+0700] {logging_mixin.py:190} INFO - [2026-06-02T09:35:55.301+0700] {dag.py:4138} INFO - Setting next_dagrun for dag_scraping_daily to 2026-06-01 17:00:00+00:00, run_after=2026-06-02 05:00:00+00:00
[2026-06-02T09:35:55.331+0700] {processor.py:208} INFO - Processing /opt/airflow/dags/dag_scraping_daily.py took 0.140 seconds
[2026-06-02T09:36:25.727+0700] {processor.py:186} INFO - Started process (PID=263) to work on /opt/airflow/dags/dag_scraping_daily.py
[2026-06-02T09:36:25.729+0700] {processor.py:914} INFO - Processing file /opt/airflow/dags/dag_scraping_daily.py for tasks to queue
[2026-06-02T09:36:25.732+0700] {logging_mixin.py:190} INFO - [2026-06-02T09:36:25.732+0700] {dagbag.py:587} INFO - Filling up the DagBag from /opt/airflow/dags/dag_scraping_daily.py
[2026-06-02T09:36:25.757+0700] {processor.py:925} INFO - DAG(s) 'dag_scraping_daily' retrieved from /opt/airflow/dags/dag_scraping_daily.py
[2026-06-02T09:36:25.789+0700] {logging_mixin.py:190} INFO - [2026-06-02T09:36:25.789+0700] {dag.py:3211} INFO - Sync 1 DAGs
[2026-06-02T09:36:25.819+0700] {logging_mixin.py:190} INFO - [2026-06-02T09:36:25.819+0700] {dag.py:4138} INFO - Setting next_dagrun for dag_scraping_daily to 2026-06-01 17:00:00+00:00, run_after=2026-06-02 05:00:00+00:00
[2026-06-02T09:36:25.840+0700] {processor.py:208} INFO - Processing /opt/airflow/dags/dag_scraping_daily.py took 0.121 seconds
[2026-06-02T09:36:56.123+0700] {processor.py:186} INFO - Started process (PID=292) to work on /opt/airflow/dags/dag_scraping_daily.py
[2026-06-02T09:36:56.123+0700] {processor.py:914} INFO - Processing file /opt/airflow/dags/dag_scraping_daily.py for tasks to queue
[2026-06-02T09:36:56.125+0700] {logging_mixin.py:190} INFO - [2026-06-02T09:36:56.125+0700] {dagbag.py:587} INFO - Filling up the DagBag from /opt/airflow/dags/dag_scraping_daily.py
[2026-06-02T09:36:56.142+0700] {processor.py:925} INFO - DAG(s) 'dag_scraping_daily' retrieved from /opt/airflow/dags/dag_scraping_daily.py
[2026-06-02T09:36:56.172+0700] {logging_mixin.py:190} INFO - [2026-06-02T09:36:56.172+0700] {dag.py:3211} INFO - Sync 1 DAGs
[2026-06-02T09:36:56.194+0700] {logging_mixin.py:190} INFO - [2026-06-02T09:36:56.194+0700] {dag.py:4138} INFO - Setting next_dagrun for dag_scraping_daily to 2026-06-01 17:00:00+00:00, run_after=2026-06-02 05:00:00+00:00
[2026-06-02T09:36:56.213+0700] {processor.py:208} INFO - Processing /opt/airflow/dags/dag_scraping_daily.py took 0.095 seconds
[2026-06-02T09:37:26.495+0700] {processor.py:186} INFO - Started process (PID=320) to work on /opt/airflow/dags/dag_scraping_daily.py
[2026-06-02T09:37:26.496+0700] {processor.py:914} INFO - Processing file /opt/airflow/dags/dag_scraping_daily.py for tasks to queue
[2026-06-02T09:37:26.498+0700] {logging_mixin.py:190} INFO - [2026-06-02T09:37:26.497+0700] {dagbag.py:587} INFO - Filling up the DagBag from /opt/airflow/dags/dag_scraping_daily.py
[2026-06-02T09:37:26.514+0700] {processor.py:925} INFO - DAG(s) 'dag_scraping_daily' retrieved from /opt/airflow/dags/dag_scraping_daily.py
[2026-06-02T09:37:26.542+0700] {logging_mixin.py:190} INFO - [2026-06-02T09:37:26.541+0700] {dag.py:3211} INFO - Sync 1 DAGs
[2026-06-02T09:37:26.566+0700] {logging_mixin.py:190} INFO - [2026-06-02T09:37:26.565+0700] {dag.py:4138} INFO - Setting next_dagrun for dag_scraping_daily to 2026-06-01 17:00:00+00:00, run_after=2026-06-02 05:00:00+00:00
[2026-06-02T09:37:26.586+0700] {processor.py:208} INFO - Processing /opt/airflow/dags/dag_scraping_daily.py took 0.096 seconds
[2026-06-02T09:37:56.787+0700] {processor.py:186} INFO - Started process (PID=348) to work on /opt/airflow/dags/dag_scraping_daily.py
[2026-06-02T09:37:56.788+0700] {processor.py:914} INFO - Processing file /opt/airflow/dags/dag_scraping_daily.py for tasks to queue
[2026-06-02T09:37:56.790+0700] {logging_mixin.py:190} INFO - [2026-06-02T09:37:56.789+0700] {dagbag.py:587} INFO - Filling up the DagBag from /opt/airflow/dags/dag_scraping_daily.py
[2026-06-02T09:37:56.806+0700] {processor.py:925} INFO - DAG(s) 'dag_scraping_daily' retrieved from /opt/airflow/dags/dag_scraping_daily.py
[2026-06-02T09:37:56.833+0700] {logging_mixin.py:190} INFO - [2026-06-02T09:37:56.833+0700] {dag.py:3211} INFO - Sync 1 DAGs
[2026-06-02T09:37:56.855+0700] {logging_mixin.py:190} INFO - [2026-06-02T09:37:56.855+0700] {dag.py:4138} INFO - Setting next_dagrun for dag_scraping_daily to 2026-06-01 17:00:00+00:00, run_after=2026-06-02 05:00:00+00:00
[2026-06-02T09:37:56.875+0700] {processor.py:208} INFO - Processing /opt/airflow/dags/dag_scraping_daily.py took 0.093 seconds
[2026-06-02T09:38:27.137+0700] {processor.py:186} INFO - Started process (PID=377) to work on /opt/airflow/dags/dag_scraping_daily.py
[2026-06-02T09:38:27.139+0700] {processor.py:914} INFO - Processing file /opt/airflow/dags/dag_scraping_daily.py for tasks to queue
[2026-06-02T09:38:27.144+0700] {logging_mixin.py:190} INFO - [2026-06-02T09:38:27.143+0700] {dagbag.py:587} INFO - Filling up the DagBag from /opt/airflow/dags/dag_scraping_daily.py
[2026-06-02T09:38:27.167+0700] {processor.py:925} INFO - DAG(s) 'dag_scraping_daily' retrieved from /opt/airflow/dags/dag_scraping_daily.py
[2026-06-02T09:38:27.200+0700] {logging_mixin.py:190} INFO - [2026-06-02T09:38:27.199+0700] {dag.py:3211} INFO - Sync 1 DAGs
[2026-06-02T09:38:27.234+0700] {logging_mixin.py:190} INFO - [2026-06-02T09:38:27.234+0700] {dag.py:4138} INFO - Setting next_dagrun for dag_scraping_daily to 2026-06-01 17:00:00+00:00, run_after=2026-06-02 05:00:00+00:00
[2026-06-02T09:38:27.490+0700] {processor.py:208} INFO - Processing /opt/airflow/dags/dag_scraping_daily.py took 0.362 seconds
[2026-06-02T09:38:57.788+0700] {processor.py:186} INFO - Started process (PID=405) to work on /opt/airflow/dags/dag_scraping_daily.py
[2026-06-02T09:38:57.794+0700] {processor.py:914} INFO - Processing file /opt/airflow/dags/dag_scraping_daily.py for tasks to queue
[2026-06-02T09:38:57.801+0700] {logging_mixin.py:190} INFO - [2026-06-02T09:38:57.800+0700] {dagbag.py:587} INFO - Filling up the DagBag from /opt/airflow/dags/dag_scraping_daily.py
[2026-06-02T09:38:57.851+0700] {processor.py:925} INFO - DAG(s) 'dag_scraping_daily' retrieved from /opt/airflow/dags/dag_scraping_daily.py
[2026-06-02T09:38:57.905+0700] {logging_mixin.py:190} INFO - [2026-06-02T09:38:57.905+0700] {dag.py:3211} INFO - Sync 1 DAGs
[2026-06-02T09:38:58.188+0700] {logging_mixin.py:190} INFO - [2026-06-02T09:38:58.188+0700] {dag.py:4138} INFO - Setting next_dagrun for dag_scraping_daily to 2026-06-01 17:00:00+00:00, run_after=2026-06-02 05:00:00+00:00
[2026-06-02T09:38:58.207+0700] {processor.py:208} INFO - Processing /opt/airflow/dags/dag_scraping_daily.py took 0.432 seconds
[2026-06-02T09:39:28.484+0700] {processor.py:186} INFO - Started process (PID=433) to work on /opt/airflow/dags/dag_scraping_daily.py
[2026-06-02T09:39:28.486+0700] {processor.py:914} INFO - Processing file /opt/airflow/dags/dag_scraping_daily.py for tasks to queue
[2026-06-02T09:39:28.491+0700] {logging_mixin.py:190} INFO - [2026-06-02T09:39:28.490+0700] {dagbag.py:587} INFO - Filling up the DagBag from /opt/airflow/dags/dag_scraping_daily.py
[2026-06-02T09:39:28.519+0700] {processor.py:925} INFO - DAG(s) 'dag_scraping_daily' retrieved from /opt/airflow/dags/dag_scraping_daily.py
[2026-06-02T09:39:28.823+0700] {logging_mixin.py:190} INFO - [2026-06-02T09:39:28.823+0700] {dag.py:3211} INFO - Sync 1 DAGs
[2026-06-02T09:39:28.851+0700] {logging_mixin.py:190} INFO - [2026-06-02T09:39:28.851+0700] {dag.py:4138} INFO - Setting next_dagrun for dag_scraping_daily to 2026-06-01 17:00:00+00:00, run_after=2026-06-02 05:00:00+00:00
[2026-06-02T09:39:28.874+0700] {processor.py:208} INFO - Processing /opt/airflow/dags/dag_scraping_daily.py took 0.401 seconds
[2026-06-02T09:39:59.157+0700] {processor.py:186} INFO - Started process (PID=461) to work on /opt/airflow/dags/dag_scraping_daily.py
[2026-06-02T09:39:59.159+0700] {processor.py:914} INFO - Processing file /opt/airflow/dags/dag_scraping_daily.py for tasks to queue
[2026-06-02T09:39:59.161+0700] {logging_mixin.py:190} INFO - [2026-06-02T09:39:59.161+0700] {dagbag.py:587} INFO - Filling up the DagBag from /opt/airflow/dags/dag_scraping_daily.py
[2026-06-02T09:39:59.401+0700] {processor.py:925} INFO - DAG(s) 'dag_scraping_daily' retrieved from /opt/airflow/dags/dag_scraping_daily.py
[2026-06-02T09:39:59.428+0700] {logging_mixin.py:190} INFO - [2026-06-02T09:39:59.427+0700] {dag.py:3211} INFO - Sync 1 DAGs
[2026-06-02T09:39:59.451+0700] {logging_mixin.py:190} INFO - [2026-06-02T09:39:59.451+0700] {dag.py:4138} INFO - Setting next_dagrun for dag_scraping_daily to 2026-06-01 17:00:00+00:00, run_after=2026-06-02 05:00:00+00:00
[2026-06-02T09:39:59.474+0700] {processor.py:208} INFO - Processing /opt/airflow/dags/dag_scraping_daily.py took 0.324 seconds
[2026-06-02T09:40:29.783+0700] {processor.py:186} INFO - Started process (PID=491) to work on /opt/airflow/dags/dag_scraping_daily.py
[2026-06-02T09:40:29.785+0700] {processor.py:914} INFO - Processing file /opt/airflow/dags/dag_scraping_daily.py for tasks to queue
[2026-06-02T09:40:29.788+0700] {logging_mixin.py:190} INFO - [2026-06-02T09:40:29.787+0700] {dagbag.py:587} INFO - Filling up the DagBag from /opt/airflow/dags/dag_scraping_daily.py
[2026-06-02T09:40:29.813+0700] {processor.py:925} INFO - DAG(s) 'dag_scraping_daily' retrieved from /opt/airflow/dags/dag_scraping_daily.py
[2026-06-02T09:40:29.846+0700] {logging_mixin.py:190} INFO - [2026-06-02T09:40:29.846+0700] {dag.py:3211} INFO - Sync 1 DAGs
[2026-06-02T09:40:29.875+0700] {logging_mixin.py:190} INFO - [2026-06-02T09:40:29.875+0700] {dag.py:4138} INFO - Setting next_dagrun for dag_scraping_daily to 2026-06-01 17:00:00+00:00, run_after=2026-06-02 05:00:00+00:00
[2026-06-02T09:40:29.902+0700] {processor.py:208} INFO - Processing /opt/airflow/dags/dag_scraping_daily.py took 0.127 seconds
[2026-06-02T09:41:00.087+0700] {processor.py:186} INFO - Started process (PID=517) to work on /opt/airflow/dags/dag_scraping_daily.py
[2026-06-02T09:41:00.088+0700] {processor.py:914} INFO - Processing file /opt/airflow/dags/dag_scraping_daily.py for tasks to queue
[2026-06-02T09:41:00.091+0700] {logging_mixin.py:190} INFO - [2026-06-02T09:41:00.091+0700] {dagbag.py:587} INFO - Filling up the DagBag from /opt/airflow/dags/dag_scraping_daily.py
[2026-06-02T09:41:00.112+0700] {processor.py:925} INFO - DAG(s) 'dag_scraping_daily' retrieved from /opt/airflow/dags/dag_scraping_daily.py
[2026-06-02T09:41:00.144+0700] {logging_mixin.py:190} INFO - [2026-06-02T09:41:00.143+0700] {dag.py:3211} INFO - Sync 1 DAGs
[2026-06-02T09:41:00.174+0700] {logging_mixin.py:190} INFO - [2026-06-02T09:41:00.174+0700] {dag.py:4138} INFO - Setting next_dagrun for dag_scraping_daily to 2026-06-01 17:00:00+00:00, run_after=2026-06-02 05:00:00+00:00
[2026-06-02T09:41:00.199+0700] {processor.py:208} INFO - Processing /opt/airflow/dags/dag_scraping_daily.py took 0.120 seconds
[2026-06-02T09:41:30.463+0700] {processor.py:186} INFO - Started process (PID=546) to work on /opt/airflow/dags/dag_scraping_daily.py
[2026-06-02T09:41:30.464+0700] {processor.py:914} INFO - Processing file /opt/airflow/dags/dag_scraping_daily.py for tasks to queue
[2026-06-02T09:41:30.467+0700] {logging_mixin.py:190} INFO - [2026-06-02T09:41:30.466+0700] {dagbag.py:587} INFO - Filling up the DagBag from /opt/airflow/dags/dag_scraping_daily.py
[2026-06-02T09:41:30.486+0700] {processor.py:925} INFO - DAG(s) 'dag_scraping_daily' retrieved from /opt/airflow/dags/dag_scraping_daily.py
[2026-06-02T09:41:30.513+0700] {logging_mixin.py:190} INFO - [2026-06-02T09:41:30.513+0700] {dag.py:3211} INFO - Sync 1 DAGs
[2026-06-02T09:41:30.539+0700] {logging_mixin.py:190} INFO - [2026-06-02T09:41:30.539+0700] {dag.py:4138} INFO - Setting next_dagrun for dag_scraping_daily to 2026-06-01 17:00:00+00:00, run_after=2026-06-02 05:00:00+00:00
[2026-06-02T09:41:30.560+0700] {processor.py:208} INFO - Processing /opt/airflow/dags/dag_scraping_daily.py took 0.102 seconds
[2026-06-02T09:42:00.720+0700] {processor.py:186} INFO - Started process (PID=574) to work on /opt/airflow/dags/dag_scraping_daily.py
[2026-06-02T09:42:00.721+0700] {processor.py:914} INFO - Processing file /opt/airflow/dags/dag_scraping_daily.py for tasks to queue
[2026-06-02T09:42:00.724+0700] {logging_mixin.py:190} INFO - [2026-06-02T09:42:00.724+0700] {dagbag.py:587} INFO - Filling up the DagBag from /opt/airflow/dags/dag_scraping_daily.py
[2026-06-02T09:42:00.742+0700] {processor.py:925} INFO - DAG(s) 'dag_scraping_daily' retrieved from /opt/airflow/dags/dag_scraping_daily.py
[2026-06-02T09:42:00.771+0700] {logging_mixin.py:190} INFO - [2026-06-02T09:42:00.771+0700] {dag.py:3211} INFO - Sync 1 DAGs
[2026-06-02T09:42:00.796+0700] {logging_mixin.py:190} INFO - [2026-06-02T09:42:00.795+0700] {dag.py:4138} INFO - Setting next_dagrun for dag_scraping_daily to 2026-06-01 17:00:00+00:00, run_after=2026-06-02 05:00:00+00:00
[2026-06-02T09:42:00.822+0700] {processor.py:208} INFO - Processing /opt/airflow/dags/dag_scraping_daily.py took 0.108 seconds
[2026-06-02T09:42:31.178+0700] {processor.py:186} INFO - Started process (PID=602) to work on /opt/airflow/dags/dag_scraping_daily.py
[2026-06-02T09:42:31.181+0700] {processor.py:914} INFO - Processing file /opt/airflow/dags/dag_scraping_daily.py for tasks to queue
[2026-06-02T09:42:31.206+0700] {logging_mixin.py:190} INFO - [2026-06-02T09:42:31.196+0700] {dagbag.py:587} INFO - Filling up the DagBag from /opt/airflow/dags/dag_scraping_daily.py
[2026-06-02T09:42:31.335+0700] {processor.py:925} INFO - DAG(s) 'dag_scraping_daily' retrieved from /opt/airflow/dags/dag_scraping_daily.py
[2026-06-02T09:42:31.416+0700] {logging_mixin.py:190} INFO - [2026-06-02T09:42:31.416+0700] {dag.py:3211} INFO - Sync 1 DAGs
[2026-06-02T09:42:31.490+0700] {logging_mixin.py:190} INFO - [2026-06-02T09:42:31.484+0700] {dag.py:4138} INFO - Setting next_dagrun for dag_scraping_daily to 2026-06-01 17:00:00+00:00, run_after=2026-06-02 05:00:00+00:00
[2026-06-02T09:42:31.589+0700] {processor.py:208} INFO - Processing /opt/airflow/dags/dag_scraping_daily.py took 0.424 seconds
[2026-06-02T09:43:01.951+0700] {processor.py:186} INFO - Started process (PID=630) to work on /opt/airflow/dags/dag_scraping_daily.py
[2026-06-02T09:43:01.952+0700] {processor.py:914} INFO - Processing file /opt/airflow/dags/dag_scraping_daily.py for tasks to queue
[2026-06-02T09:43:01.955+0700] {logging_mixin.py:190} INFO - [2026-06-02T09:43:01.955+0700] {dagbag.py:587} INFO - Filling up the DagBag from /opt/airflow/dags/dag_scraping_daily.py
[2026-06-02T09:43:01.974+0700] {processor.py:925} INFO - DAG(s) 'dag_scraping_daily' retrieved from /opt/airflow/dags/dag_scraping_daily.py
[2026-06-02T09:43:01.999+0700] {logging_mixin.py:190} INFO - [2026-06-02T09:43:01.999+0700] {dag.py:3211} INFO - Sync 1 DAGs
[2026-06-02T09:43:02.021+0700] {logging_mixin.py:190} INFO - [2026-06-02T09:43:02.021+0700] {dag.py:4138} INFO - Setting next_dagrun for dag_scraping_daily to 2026-06-01 17:00:00+00:00, run_after=2026-06-02 05:00:00+00:00
[2026-06-02T09:43:02.042+0700] {processor.py:208} INFO - Processing /opt/airflow/dags/dag_scraping_daily.py took 0.097 seconds
[2026-06-02T09:43:32.241+0700] {processor.py:186} INFO - Started process (PID=658) to work on /opt/airflow/dags/dag_scraping_daily.py
[2026-06-02T09:43:32.243+0700] {processor.py:914} INFO - Processing file /opt/airflow/dags/dag_scraping_daily.py for tasks to queue
[2026-06-02T09:43:32.246+0700] {logging_mixin.py:190} INFO - [2026-06-02T09:43:32.246+0700] {dagbag.py:587} INFO - Filling up the DagBag from /opt/airflow/dags/dag_scraping_daily.py
[2026-06-02T09:43:32.272+0700] {processor.py:925} INFO - DAG(s) 'dag_scraping_daily' retrieved from /opt/airflow/dags/dag_scraping_daily.py
[2026-06-02T09:43:32.301+0700] {logging_mixin.py:190} INFO - [2026-06-02T09:43:32.301+0700] {dag.py:3211} INFO - Sync 1 DAGs
[2026-06-02T09:43:32.328+0700] {logging_mixin.py:190} INFO - [2026-06-02T09:43:32.327+0700] {dag.py:4138} INFO - Setting next_dagrun for dag_scraping_daily to 2026-06-01 17:00:00+00:00, run_after=2026-06-02 05:00:00+00:00
[2026-06-02T09:43:32.353+0700] {processor.py:208} INFO - Processing /opt/airflow/dags/dag_scraping_daily.py took 0.121 seconds
[2026-06-02T09:44:02.662+0700] {processor.py:186} INFO - Started process (PID=686) to work on /opt/airflow/dags/dag_scraping_daily.py
[2026-06-02T09:44:02.665+0700] {processor.py:914} INFO - Processing file /opt/airflow/dags/dag_scraping_daily.py for tasks to queue
[2026-06-02T09:44:02.670+0700] {logging_mixin.py:190} INFO - [2026-06-02T09:44:02.669+0700] {dagbag.py:587} INFO - Filling up the DagBag from /opt/airflow/dags/dag_scraping_daily.py
[2026-06-02T09:44:02.706+0700] {processor.py:925} INFO - DAG(s) 'dag_scraping_daily' retrieved from /opt/airflow/dags/dag_scraping_daily.py
[2026-06-02T09:44:02.749+0700] {logging_mixin.py:190} INFO - [2026-06-02T09:44:02.749+0700] {dag.py:3211} INFO - Sync 1 DAGs
[2026-06-02T09:44:02.792+0700] {logging_mixin.py:190} INFO - [2026-06-02T09:44:02.791+0700] {dag.py:4138} INFO - Setting next_dagrun for dag_scraping_daily to 2026-06-01 17:00:00+00:00, run_after=2026-06-02 05:00:00+00:00
[2026-06-02T09:44:02.826+0700] {processor.py:208} INFO - Processing /opt/airflow/dags/dag_scraping_daily.py took 0.177 seconds
[2026-06-02T09:44:33.415+0700] {processor.py:186} INFO - Started process (PID=714) to work on /opt/airflow/dags/dag_scraping_daily.py
[2026-06-02T09:44:33.416+0700] {processor.py:914} INFO - Processing file /opt/airflow/dags/dag_scraping_daily.py for tasks to queue
[2026-06-02T09:44:33.419+0700] {logging_mixin.py:190} INFO - [2026-06-02T09:44:33.418+0700] {dagbag.py:587} INFO - Filling up the DagBag from /opt/airflow/dags/dag_scraping_daily.py
[2026-06-02T09:44:33.437+0700] {processor.py:925} INFO - DAG(s) 'dag_scraping_daily' retrieved from /opt/airflow/dags/dag_scraping_daily.py
[2026-06-02T09:44:33.470+0700] {logging_mixin.py:190} INFO - [2026-06-02T09:44:33.469+0700] {dag.py:3211} INFO - Sync 1 DAGs
[2026-06-02T09:44:33.502+0700] {logging_mixin.py:190} INFO - [2026-06-02T09:44:33.501+0700] {dag.py:4138} INFO - Setting next_dagrun for dag_scraping_daily to 2026-06-01 17:00:00+00:00, run_after=2026-06-02 05:00:00+00:00
[2026-06-02T09:44:33.525+0700] {processor.py:208} INFO - Processing /opt/airflow/dags/dag_scraping_daily.py took 0.117 seconds
[2026-06-02T09:45:03.959+0700] {processor.py:186} INFO - Started process (PID=742) to work on /opt/airflow/dags/dag_scraping_daily.py
[2026-06-02T09:45:03.972+0700] {processor.py:914} INFO - Processing file /opt/airflow/dags/dag_scraping_daily.py for tasks to queue
[2026-06-02T09:45:03.976+0700] {logging_mixin.py:190} INFO - [2026-06-02T09:45:03.976+0700] {dagbag.py:587} INFO - Filling up the DagBag from /opt/airflow/dags/dag_scraping_daily.py
[2026-06-02T09:45:04.070+0700] {processor.py:925} INFO - DAG(s) 'dag_scraping_daily' retrieved from /opt/airflow/dags/dag_scraping_daily.py
[2026-06-02T09:45:04.119+0700] {logging_mixin.py:190} INFO - [2026-06-02T09:45:04.118+0700] {dag.py:3211} INFO - Sync 1 DAGs
[2026-06-02T09:45:04.180+0700] {logging_mixin.py:190} INFO - [2026-06-02T09:45:04.180+0700] {dag.py:4138} INFO - Setting next_dagrun for dag_scraping_daily to 2026-06-01 17:00:00+00:00, run_after=2026-06-02 05:00:00+00:00
[2026-06-02T09:45:04.205+0700] {processor.py:208} INFO - Processing /opt/airflow/dags/dag_scraping_daily.py took 0.255 seconds
[2026-06-02T09:45:34.471+0700] {processor.py:186} INFO - Started process (PID=770) to work on /opt/airflow/dags/dag_scraping_daily.py
[2026-06-02T09:45:34.472+0700] {processor.py:914} INFO - Processing file /opt/airflow/dags/dag_scraping_daily.py for tasks to queue
[2026-06-02T09:45:34.476+0700] {logging_mixin.py:190} INFO - [2026-06-02T09:45:34.475+0700] {dagbag.py:587} INFO - Filling up the DagBag from /opt/airflow/dags/dag_scraping_daily.py
[2026-06-02T09:45:34.500+0700] {processor.py:925} INFO - DAG(s) 'dag_scraping_daily' retrieved from /opt/airflow/dags/dag_scraping_daily.py
[2026-06-02T09:45:34.536+0700] {logging_mixin.py:190} INFO - [2026-06-02T09:45:34.536+0700] {dag.py:3211} INFO - Sync 1 DAGs
[2026-06-02T09:45:34.574+0700] {logging_mixin.py:190} INFO - [2026-06-02T09:45:34.573+0700] {dag.py:4138} INFO - Setting next_dagrun for dag_scraping_daily to 2026-06-01 17:00:00+00:00, run_after=2026-06-02 05:00:00+00:00
[2026-06-02T09:45:34.597+0700] {processor.py:208} INFO - Processing /opt/airflow/dags/dag_scraping_daily.py took 0.135 seconds
[2026-06-02T09:46:05.017+0700] {processor.py:186} INFO - Started process (PID=798) to work on /opt/airflow/dags/dag_scraping_daily.py
[2026-06-02T09:46:05.018+0700] {processor.py:914} INFO - Processing file /opt/airflow/dags/dag_scraping_daily.py for tasks to queue
[2026-06-02T09:46:05.023+0700] {logging_mixin.py:190} INFO - [2026-06-02T09:46:05.022+0700] {dagbag.py:587} INFO - Filling up the DagBag from /opt/airflow/dags/dag_scraping_daily.py
[2026-06-02T09:46:05.044+0700] {processor.py:925} INFO - DAG(s) 'dag_scraping_daily' retrieved from /opt/airflow/dags/dag_scraping_daily.py
[2026-06-02T09:46:05.075+0700] {logging_mixin.py:190} INFO - [2026-06-02T09:46:05.075+0700] {dag.py:3211} INFO - Sync 1 DAGs
[2026-06-02T09:46:05.100+0700] {logging_mixin.py:190} INFO - [2026-06-02T09:46:05.100+0700] {dag.py:4138} INFO - Setting next_dagrun for dag_scraping_daily to 2026-06-01 17:00:00+00:00, run_after=2026-06-02 05:00:00+00:00
[2026-06-02T09:46:05.120+0700] {processor.py:208} INFO - Processing /opt/airflow/dags/dag_scraping_daily.py took 0.111 seconds
