[2026-06-02T09:12:49.838+0700] {processor.py:186} INFO - Started process (PID=175) to work on /opt/airflow/dags/dag_scraping_twitter.py
[2026-06-02T09:12:49.839+0700] {processor.py:914} INFO - Processing file /opt/airflow/dags/dag_scraping_twitter.py for tasks to queue
[2026-06-02T09:12:49.844+0700] {logging_mixin.py:190} INFO - [2026-06-02T09:12:49.843+0700] {dagbag.py:587} INFO - Filling up the DagBag from /opt/airflow/dags/dag_scraping_twitter.py
[2026-06-02T09:12:49.878+0700] {processor.py:925} INFO - DAG(s) 'dag_scraping_twitter' retrieved from /opt/airflow/dags/dag_scraping_twitter.py
[2026-06-02T09:12:49.954+0700] {logging_mixin.py:190} INFO - [2026-06-02T09:12:49.954+0700] {dag.py:3211} INFO - Sync 1 DAGs
[2026-06-02T09:12:49.999+0700] {logging_mixin.py:190} INFO - [2026-06-02T09:12:49.998+0700] {dag.py:4138} INFO - Setting next_dagrun for dag_scraping_twitter to 2026-06-01 23:00:00+00:00, run_after=2026-06-02 11:00:00+00:00
[2026-06-02T09:12:50.032+0700] {processor.py:208} INFO - Processing /opt/airflow/dags/dag_scraping_twitter.py took 0.205 seconds
[2026-06-02T09:13:20.207+0700] {processor.py:186} INFO - Started process (PID=280) to work on /opt/airflow/dags/dag_scraping_twitter.py
[2026-06-02T09:13:20.213+0700] {processor.py:914} INFO - Processing file /opt/airflow/dags/dag_scraping_twitter.py for tasks to queue
[2026-06-02T09:13:20.217+0700] {logging_mixin.py:190} INFO - [2026-06-02T09:13:20.216+0700] {dagbag.py:587} INFO - Filling up the DagBag from /opt/airflow/dags/dag_scraping_twitter.py
[2026-06-02T09:13:20.238+0700] {processor.py:925} INFO - DAG(s) 'dag_scraping_twitter' retrieved from /opt/airflow/dags/dag_scraping_twitter.py
[2026-06-02T09:13:20.266+0700] {logging_mixin.py:190} INFO - [2026-06-02T09:13:20.266+0700] {dag.py:3211} INFO - Sync 1 DAGs
[2026-06-02T09:13:20.290+0700] {logging_mixin.py:190} INFO - [2026-06-02T09:13:20.290+0700] {dag.py:4138} INFO - Setting next_dagrun for dag_scraping_twitter to 2026-06-01 23:00:00+00:00, run_after=2026-06-02 11:00:00+00:00
[2026-06-02T09:13:20.310+0700] {processor.py:208} INFO - Processing /opt/airflow/dags/dag_scraping_twitter.py took 0.115 seconds
[2026-06-02T09:13:50.802+0700] {processor.py:186} INFO - Started process (PID=374) to work on /opt/airflow/dags/dag_scraping_twitter.py
[2026-06-02T09:13:50.803+0700] {processor.py:914} INFO - Processing file /opt/airflow/dags/dag_scraping_twitter.py for tasks to queue
[2026-06-02T09:13:50.807+0700] {logging_mixin.py:190} INFO - [2026-06-02T09:13:50.807+0700] {dagbag.py:587} INFO - Filling up the DagBag from /opt/airflow/dags/dag_scraping_twitter.py
[2026-06-02T09:13:50.827+0700] {processor.py:925} INFO - DAG(s) 'dag_scraping_twitter' retrieved from /opt/airflow/dags/dag_scraping_twitter.py
[2026-06-02T09:13:50.858+0700] {logging_mixin.py:190} INFO - [2026-06-02T09:13:50.858+0700] {dag.py:3211} INFO - Sync 1 DAGs
[2026-06-02T09:13:50.889+0700] {logging_mixin.py:190} INFO - [2026-06-02T09:13:50.888+0700] {dag.py:4138} INFO - Setting next_dagrun for dag_scraping_twitter to 2026-06-01 23:00:00+00:00, run_after=2026-06-02 11:00:00+00:00
[2026-06-02T09:13:50.913+0700] {processor.py:208} INFO - Processing /opt/airflow/dags/dag_scraping_twitter.py took 0.118 seconds
[2026-06-02T09:14:21.212+0700] {processor.py:186} INFO - Started process (PID=402) to work on /opt/airflow/dags/dag_scraping_twitter.py
[2026-06-02T09:14:21.214+0700] {processor.py:914} INFO - Processing file /opt/airflow/dags/dag_scraping_twitter.py for tasks to queue
[2026-06-02T09:14:21.218+0700] {logging_mixin.py:190} INFO - [2026-06-02T09:14:21.217+0700] {dagbag.py:587} INFO - Filling up the DagBag from /opt/airflow/dags/dag_scraping_twitter.py
[2026-06-02T09:14:21.248+0700] {processor.py:925} INFO - DAG(s) 'dag_scraping_twitter' retrieved from /opt/airflow/dags/dag_scraping_twitter.py
[2026-06-02T09:14:21.284+0700] {logging_mixin.py:190} INFO - [2026-06-02T09:14:21.284+0700] {dag.py:3211} INFO - Sync 1 DAGs
[2026-06-02T09:14:21.322+0700] {logging_mixin.py:190} INFO - [2026-06-02T09:14:21.322+0700] {dag.py:4138} INFO - Setting next_dagrun for dag_scraping_twitter to 2026-06-01 23:00:00+00:00, run_after=2026-06-02 11:00:00+00:00
[2026-06-02T09:14:21.352+0700] {processor.py:208} INFO - Processing /opt/airflow/dags/dag_scraping_twitter.py took 0.152 seconds
[2026-06-02T09:14:51.533+0700] {processor.py:186} INFO - Started process (PID=430) to work on /opt/airflow/dags/dag_scraping_twitter.py
[2026-06-02T09:14:51.535+0700] {processor.py:914} INFO - Processing file /opt/airflow/dags/dag_scraping_twitter.py for tasks to queue
[2026-06-02T09:14:51.537+0700] {logging_mixin.py:190} INFO - [2026-06-02T09:14:51.537+0700] {dagbag.py:587} INFO - Filling up the DagBag from /opt/airflow/dags/dag_scraping_twitter.py
[2026-06-02T09:14:51.560+0700] {processor.py:925} INFO - DAG(s) 'dag_scraping_twitter' retrieved from /opt/airflow/dags/dag_scraping_twitter.py
[2026-06-02T09:14:51.596+0700] {logging_mixin.py:190} INFO - [2026-06-02T09:14:51.596+0700] {dag.py:3211} INFO - Sync 1 DAGs
[2026-06-02T09:14:51.623+0700] {logging_mixin.py:190} INFO - [2026-06-02T09:14:51.623+0700] {dag.py:4138} INFO - Setting next_dagrun for dag_scraping_twitter to 2026-06-01 23:00:00+00:00, run_after=2026-06-02 11:00:00+00:00
[2026-06-02T09:14:51.650+0700] {processor.py:208} INFO - Processing /opt/airflow/dags/dag_scraping_twitter.py took 0.125 seconds
[2026-06-02T09:15:22.008+0700] {processor.py:186} INFO - Started process (PID=458) to work on /opt/airflow/dags/dag_scraping_twitter.py
[2026-06-02T09:15:22.011+0700] {processor.py:914} INFO - Processing file /opt/airflow/dags/dag_scraping_twitter.py for tasks to queue
[2026-06-02T09:15:22.014+0700] {logging_mixin.py:190} INFO - [2026-06-02T09:15:22.014+0700] {dagbag.py:587} INFO - Filling up the DagBag from /opt/airflow/dags/dag_scraping_twitter.py
[2026-06-02T09:15:22.057+0700] {processor.py:925} INFO - DAG(s) 'dag_scraping_twitter' retrieved from /opt/airflow/dags/dag_scraping_twitter.py
[2026-06-02T09:15:22.108+0700] {logging_mixin.py:190} INFO - [2026-06-02T09:15:22.107+0700] {dag.py:3211} INFO - Sync 1 DAGs
[2026-06-02T09:15:22.145+0700] {logging_mixin.py:190} INFO - [2026-06-02T09:15:22.145+0700] {dag.py:4138} INFO - Setting next_dagrun for dag_scraping_twitter to 2026-06-01 23:00:00+00:00, run_after=2026-06-02 11:00:00+00:00
[2026-06-02T09:15:22.174+0700] {processor.py:208} INFO - Processing /opt/airflow/dags/dag_scraping_twitter.py took 0.180 seconds
[2026-06-02T09:15:52.494+0700] {processor.py:186} INFO - Started process (PID=487) to work on /opt/airflow/dags/dag_scraping_twitter.py
[2026-06-02T09:15:52.502+0700] {processor.py:914} INFO - Processing file /opt/airflow/dags/dag_scraping_twitter.py for tasks to queue
[2026-06-02T09:15:52.509+0700] {logging_mixin.py:190} INFO - [2026-06-02T09:15:52.508+0700] {dagbag.py:587} INFO - Filling up the DagBag from /opt/airflow/dags/dag_scraping_twitter.py
[2026-06-02T09:15:52.601+0700] {processor.py:925} INFO - DAG(s) 'dag_scraping_twitter' retrieved from /opt/airflow/dags/dag_scraping_twitter.py
[2026-06-02T09:15:52.799+0700] {logging_mixin.py:190} INFO - [2026-06-02T09:15:52.798+0700] {dag.py:3211} INFO - Sync 1 DAGs
[2026-06-02T09:15:53.169+0700] {logging_mixin.py:190} INFO - [2026-06-02T09:15:53.169+0700] {dag.py:4138} INFO - Setting next_dagrun for dag_scraping_twitter to 2026-06-01 23:00:00+00:00, run_after=2026-06-02 11:00:00+00:00
[2026-06-02T09:15:53.260+0700] {processor.py:208} INFO - Processing /opt/airflow/dags/dag_scraping_twitter.py took 0.778 seconds
[2026-06-02T09:16:23.658+0700] {processor.py:186} INFO - Started process (PID=516) to work on /opt/airflow/dags/dag_scraping_twitter.py
[2026-06-02T09:16:23.663+0700] {processor.py:914} INFO - Processing file /opt/airflow/dags/dag_scraping_twitter.py for tasks to queue
[2026-06-02T09:16:23.675+0700] {logging_mixin.py:190} INFO - [2026-06-02T09:16:23.672+0700] {dagbag.py:587} INFO - Filling up the DagBag from /opt/airflow/dags/dag_scraping_twitter.py
[2026-06-02T09:16:23.754+0700] {processor.py:925} INFO - DAG(s) 'dag_scraping_twitter' retrieved from /opt/airflow/dags/dag_scraping_twitter.py
[2026-06-02T09:16:23.831+0700] {logging_mixin.py:190} INFO - [2026-06-02T09:16:23.831+0700] {dag.py:3211} INFO - Sync 1 DAGs
[2026-06-02T09:16:23.881+0700] {logging_mixin.py:190} INFO - [2026-06-02T09:16:23.881+0700] {dag.py:4138} INFO - Setting next_dagrun for dag_scraping_twitter to 2026-06-01 23:00:00+00:00, run_after=2026-06-02 11:00:00+00:00
[2026-06-02T09:16:24.864+0700] {processor.py:208} INFO - Processing /opt/airflow/dags/dag_scraping_twitter.py took 1.233 seconds
[2026-06-02T09:16:55.120+0700] {processor.py:186} INFO - Started process (PID=544) to work on /opt/airflow/dags/dag_scraping_twitter.py
[2026-06-02T09:16:55.121+0700] {processor.py:914} INFO - Processing file /opt/airflow/dags/dag_scraping_twitter.py for tasks to queue
[2026-06-02T09:16:55.125+0700] {logging_mixin.py:190} INFO - [2026-06-02T09:16:55.124+0700] {dagbag.py:587} INFO - Filling up the DagBag from /opt/airflow/dags/dag_scraping_twitter.py
[2026-06-02T09:16:55.149+0700] {processor.py:925} INFO - DAG(s) 'dag_scraping_twitter' retrieved from /opt/airflow/dags/dag_scraping_twitter.py
[2026-06-02T09:16:55.184+0700] {logging_mixin.py:190} INFO - [2026-06-02T09:16:55.184+0700] {dag.py:3211} INFO - Sync 1 DAGs
[2026-06-02T09:16:55.568+0700] {logging_mixin.py:190} INFO - [2026-06-02T09:16:55.567+0700] {dag.py:4138} INFO - Setting next_dagrun for dag_scraping_twitter to 2026-06-01 23:00:00+00:00, run_after=2026-06-02 11:00:00+00:00
[2026-06-02T09:16:55.588+0700] {processor.py:208} INFO - Processing /opt/airflow/dags/dag_scraping_twitter.py took 0.475 seconds
[2026-06-02T09:17:25.864+0700] {processor.py:186} INFO - Started process (PID=573) to work on /opt/airflow/dags/dag_scraping_twitter.py
[2026-06-02T09:17:25.866+0700] {processor.py:914} INFO - Processing file /opt/airflow/dags/dag_scraping_twitter.py for tasks to queue
[2026-06-02T09:17:25.877+0700] {logging_mixin.py:190} INFO - [2026-06-02T09:17:25.875+0700] {dagbag.py:587} INFO - Filling up the DagBag from /opt/airflow/dags/dag_scraping_twitter.py
[2026-06-02T09:17:25.982+0700] {processor.py:925} INFO - DAG(s) 'dag_scraping_twitter' retrieved from /opt/airflow/dags/dag_scraping_twitter.py
[2026-06-02T09:17:26.020+0700] {logging_mixin.py:190} INFO - [2026-06-02T09:17:26.020+0700] {dag.py:3211} INFO - Sync 1 DAGs
[2026-06-02T09:17:27.041+0700] {logging_mixin.py:190} INFO - [2026-06-02T09:17:27.040+0700] {dag.py:4138} INFO - Setting next_dagrun for dag_scraping_twitter to 2026-06-01 23:00:00+00:00, run_after=2026-06-02 11:00:00+00:00
[2026-06-02T09:17:27.069+0700] {processor.py:208} INFO - Processing /opt/airflow/dags/dag_scraping_twitter.py took 1.219 seconds
[2026-06-02T09:17:57.342+0700] {processor.py:186} INFO - Started process (PID=602) to work on /opt/airflow/dags/dag_scraping_twitter.py
[2026-06-02T09:17:57.344+0700] {processor.py:914} INFO - Processing file /opt/airflow/dags/dag_scraping_twitter.py for tasks to queue
[2026-06-02T09:17:57.348+0700] {logging_mixin.py:190} INFO - [2026-06-02T09:17:57.347+0700] {dagbag.py:587} INFO - Filling up the DagBag from /opt/airflow/dags/dag_scraping_twitter.py
[2026-06-02T09:17:57.375+0700] {processor.py:925} INFO - DAG(s) 'dag_scraping_twitter' retrieved from /opt/airflow/dags/dag_scraping_twitter.py
[2026-06-02T09:17:57.829+0700] {logging_mixin.py:190} INFO - [2026-06-02T09:17:57.829+0700] {dag.py:3211} INFO - Sync 1 DAGs
[2026-06-02T09:17:57.861+0700] {logging_mixin.py:190} INFO - [2026-06-02T09:17:57.861+0700] {dag.py:4138} INFO - Setting next_dagrun for dag_scraping_twitter to 2026-06-01 23:00:00+00:00, run_after=2026-06-02 11:00:00+00:00
[2026-06-02T09:17:57.887+0700] {processor.py:208} INFO - Processing /opt/airflow/dags/dag_scraping_twitter.py took 0.552 seconds
[2026-06-02T09:18:28.252+0700] {processor.py:186} INFO - Started process (PID=630) to work on /opt/airflow/dags/dag_scraping_twitter.py
[2026-06-02T09:18:28.253+0700] {processor.py:914} INFO - Processing file /opt/airflow/dags/dag_scraping_twitter.py for tasks to queue
[2026-06-02T09:18:28.255+0700] {logging_mixin.py:190} INFO - [2026-06-02T09:18:28.255+0700] {dagbag.py:587} INFO - Filling up the DagBag from /opt/airflow/dags/dag_scraping_twitter.py
[2026-06-02T09:18:28.275+0700] {processor.py:925} INFO - DAG(s) 'dag_scraping_twitter' retrieved from /opt/airflow/dags/dag_scraping_twitter.py
[2026-06-02T09:18:28.301+0700] {logging_mixin.py:190} INFO - [2026-06-02T09:18:28.301+0700] {dag.py:3211} INFO - Sync 1 DAGs
[2026-06-02T09:18:28.329+0700] {logging_mixin.py:190} INFO - [2026-06-02T09:18:28.328+0700] {dag.py:4138} INFO - Setting next_dagrun for dag_scraping_twitter to 2026-06-01 23:00:00+00:00, run_after=2026-06-02 11:00:00+00:00
[2026-06-02T09:18:28.356+0700] {processor.py:208} INFO - Processing /opt/airflow/dags/dag_scraping_twitter.py took 0.111 seconds
[2026-06-02T09:18:58.959+0700] {processor.py:186} INFO - Started process (PID=670) to work on /opt/airflow/dags/dag_scraping_twitter.py
[2026-06-02T09:18:58.960+0700] {processor.py:914} INFO - Processing file /opt/airflow/dags/dag_scraping_twitter.py for tasks to queue
[2026-06-02T09:18:58.966+0700] {logging_mixin.py:190} INFO - [2026-06-02T09:18:58.966+0700] {dagbag.py:587} INFO - Filling up the DagBag from /opt/airflow/dags/dag_scraping_twitter.py
[2026-06-02T09:18:58.986+0700] {processor.py:925} INFO - DAG(s) 'dag_scraping_twitter' retrieved from /opt/airflow/dags/dag_scraping_twitter.py
[2026-06-02T09:18:59.030+0700] {logging_mixin.py:190} INFO - [2026-06-02T09:18:59.030+0700] {dag.py:3211} INFO - Sync 1 DAGs
[2026-06-02T09:18:59.093+0700] {logging_mixin.py:190} INFO - [2026-06-02T09:18:59.092+0700] {dag.py:4138} INFO - Setting next_dagrun for dag_scraping_twitter to 2026-06-01 23:00:00+00:00, run_after=2026-06-02 11:00:00+00:00
[2026-06-02T09:18:59.146+0700] {processor.py:208} INFO - Processing /opt/airflow/dags/dag_scraping_twitter.py took 0.195 seconds
[2026-06-02T09:19:30.033+0700] {processor.py:186} INFO - Started process (PID=727) to work on /opt/airflow/dags/dag_scraping_twitter.py
[2026-06-02T09:19:30.064+0700] {processor.py:914} INFO - Processing file /opt/airflow/dags/dag_scraping_twitter.py for tasks to queue
[2026-06-02T09:19:30.097+0700] {logging_mixin.py:190} INFO - [2026-06-02T09:19:30.096+0700] {dagbag.py:587} INFO - Filling up the DagBag from /opt/airflow/dags/dag_scraping_twitter.py
[2026-06-02T09:19:30.362+0700] {processor.py:925} INFO - DAG(s) 'dag_scraping_twitter' retrieved from /opt/airflow/dags/dag_scraping_twitter.py
[2026-06-02T09:19:30.500+0700] {logging_mixin.py:190} INFO - [2026-06-02T09:19:30.499+0700] {dag.py:3211} INFO - Sync 1 DAGs
[2026-06-02T09:19:30.607+0700] {logging_mixin.py:190} INFO - [2026-06-02T09:19:30.607+0700] {dag.py:4138} INFO - Setting next_dagrun for dag_scraping_twitter to 2026-06-01 23:00:00+00:00, run_after=2026-06-02 11:00:00+00:00
[2026-06-02T09:19:30.662+0700] {processor.py:208} INFO - Processing /opt/airflow/dags/dag_scraping_twitter.py took 0.681 seconds
[2026-06-02T09:20:01.044+0700] {processor.py:186} INFO - Started process (PID=777) to work on /opt/airflow/dags/dag_scraping_twitter.py
[2026-06-02T09:20:01.046+0700] {processor.py:914} INFO - Processing file /opt/airflow/dags/dag_scraping_twitter.py for tasks to queue
[2026-06-02T09:20:01.049+0700] {logging_mixin.py:190} INFO - [2026-06-02T09:20:01.048+0700] {dagbag.py:587} INFO - Filling up the DagBag from /opt/airflow/dags/dag_scraping_twitter.py
[2026-06-02T09:20:01.082+0700] {processor.py:925} INFO - DAG(s) 'dag_scraping_twitter' retrieved from /opt/airflow/dags/dag_scraping_twitter.py
[2026-06-02T09:20:01.121+0700] {logging_mixin.py:190} INFO - [2026-06-02T09:20:01.121+0700] {dag.py:3211} INFO - Sync 1 DAGs
[2026-06-02T09:20:01.157+0700] {logging_mixin.py:190} INFO - [2026-06-02T09:20:01.157+0700] {dag.py:4138} INFO - Setting next_dagrun for dag_scraping_twitter to 2026-06-01 23:00:00+00:00, run_after=2026-06-02 11:00:00+00:00
[2026-06-02T09:20:01.193+0700] {processor.py:208} INFO - Processing /opt/airflow/dags/dag_scraping_twitter.py took 0.167 seconds
[2026-06-02T09:20:31.292+0700] {processor.py:186} INFO - Started process (PID=806) to work on /opt/airflow/dags/dag_scraping_twitter.py
[2026-06-02T09:20:31.293+0700] {processor.py:914} INFO - Processing file /opt/airflow/dags/dag_scraping_twitter.py for tasks to queue
[2026-06-02T09:20:31.296+0700] {logging_mixin.py:190} INFO - [2026-06-02T09:20:31.296+0700] {dagbag.py:587} INFO - Filling up the DagBag from /opt/airflow/dags/dag_scraping_twitter.py
[2026-06-02T09:20:31.337+0700] {processor.py:925} INFO - DAG(s) 'dag_scraping_twitter' retrieved from /opt/airflow/dags/dag_scraping_twitter.py
[2026-06-02T09:20:31.405+0700] {logging_mixin.py:190} INFO - [2026-06-02T09:20:31.405+0700] {dag.py:3211} INFO - Sync 1 DAGs
[2026-06-02T09:20:31.454+0700] {logging_mixin.py:190} INFO - [2026-06-02T09:20:31.453+0700] {dag.py:4138} INFO - Setting next_dagrun for dag_scraping_twitter to 2026-06-01 23:00:00+00:00, run_after=2026-06-02 11:00:00+00:00
[2026-06-02T09:20:31.487+0700] {processor.py:208} INFO - Processing /opt/airflow/dags/dag_scraping_twitter.py took 0.203 seconds
[2026-06-02T09:21:01.767+0700] {processor.py:186} INFO - Started process (PID=937) to work on /opt/airflow/dags/dag_scraping_twitter.py
[2026-06-02T09:21:01.772+0700] {processor.py:914} INFO - Processing file /opt/airflow/dags/dag_scraping_twitter.py for tasks to queue
[2026-06-02T09:21:01.781+0700] {logging_mixin.py:190} INFO - [2026-06-02T09:21:01.780+0700] {dagbag.py:587} INFO - Filling up the DagBag from /opt/airflow/dags/dag_scraping_twitter.py
[2026-06-02T09:21:01.846+0700] {processor.py:925} INFO - DAG(s) 'dag_scraping_twitter' retrieved from /opt/airflow/dags/dag_scraping_twitter.py
[2026-06-02T09:21:01.952+0700] {logging_mixin.py:190} INFO - [2026-06-02T09:21:01.952+0700] {dag.py:3211} INFO - Sync 1 DAGs
[2026-06-02T09:21:02.016+0700] {logging_mixin.py:190} INFO - [2026-06-02T09:21:02.016+0700] {dag.py:4138} INFO - Setting next_dagrun for dag_scraping_twitter to 2026-06-01 23:00:00+00:00, run_after=2026-06-02 11:00:00+00:00
[2026-06-02T09:21:02.060+0700] {processor.py:208} INFO - Processing /opt/airflow/dags/dag_scraping_twitter.py took 0.333 seconds
[2026-06-02T09:21:32.691+0700] {processor.py:186} INFO - Started process (PID=1190) to work on /opt/airflow/dags/dag_scraping_twitter.py
[2026-06-02T09:21:32.696+0700] {processor.py:914} INFO - Processing file /opt/airflow/dags/dag_scraping_twitter.py for tasks to queue
[2026-06-02T09:21:32.700+0700] {logging_mixin.py:190} INFO - [2026-06-02T09:21:32.699+0700] {dagbag.py:587} INFO - Filling up the DagBag from /opt/airflow/dags/dag_scraping_twitter.py
[2026-06-02T09:21:32.743+0700] {processor.py:925} INFO - DAG(s) 'dag_scraping_twitter' retrieved from /opt/airflow/dags/dag_scraping_twitter.py
[2026-06-02T09:21:32.803+0700] {logging_mixin.py:190} INFO - [2026-06-02T09:21:32.803+0700] {dag.py:3211} INFO - Sync 1 DAGs
[2026-06-02T09:21:32.859+0700] {logging_mixin.py:190} INFO - [2026-06-02T09:21:32.858+0700] {dag.py:4138} INFO - Setting next_dagrun for dag_scraping_twitter to 2026-06-01 23:00:00+00:00, run_after=2026-06-02 11:00:00+00:00
[2026-06-02T09:21:32.905+0700] {processor.py:208} INFO - Processing /opt/airflow/dags/dag_scraping_twitter.py took 0.228 seconds
[2026-06-02T09:22:03.357+0700] {processor.py:186} INFO - Started process (PID=1339) to work on /opt/airflow/dags/dag_scraping_twitter.py
[2026-06-02T09:22:03.359+0700] {processor.py:914} INFO - Processing file /opt/airflow/dags/dag_scraping_twitter.py for tasks to queue
[2026-06-02T09:22:03.361+0700] {logging_mixin.py:190} INFO - [2026-06-02T09:22:03.361+0700] {dagbag.py:587} INFO - Filling up the DagBag from /opt/airflow/dags/dag_scraping_twitter.py
[2026-06-02T09:22:03.397+0700] {processor.py:925} INFO - DAG(s) 'dag_scraping_twitter' retrieved from /opt/airflow/dags/dag_scraping_twitter.py
[2026-06-02T09:22:03.426+0700] {logging_mixin.py:190} INFO - [2026-06-02T09:22:03.426+0700] {dag.py:3211} INFO - Sync 1 DAGs
[2026-06-02T09:22:03.454+0700] {logging_mixin.py:190} INFO - [2026-06-02T09:22:03.453+0700] {dag.py:4138} INFO - Setting next_dagrun for dag_scraping_twitter to 2026-06-01 23:00:00+00:00, run_after=2026-06-02 11:00:00+00:00
[2026-06-02T09:22:03.477+0700] {processor.py:208} INFO - Processing /opt/airflow/dags/dag_scraping_twitter.py took 0.128 seconds
[2026-06-02T09:22:33.761+0700] {processor.py:186} INFO - Started process (PID=1367) to work on /opt/airflow/dags/dag_scraping_twitter.py
[2026-06-02T09:22:33.767+0700] {processor.py:914} INFO - Processing file /opt/airflow/dags/dag_scraping_twitter.py for tasks to queue
[2026-06-02T09:22:33.777+0700] {logging_mixin.py:190} INFO - [2026-06-02T09:22:33.776+0700] {dagbag.py:587} INFO - Filling up the DagBag from /opt/airflow/dags/dag_scraping_twitter.py
[2026-06-02T09:22:33.828+0700] {processor.py:925} INFO - DAG(s) 'dag_scraping_twitter' retrieved from /opt/airflow/dags/dag_scraping_twitter.py
[2026-06-02T09:22:33.863+0700] {logging_mixin.py:190} INFO - [2026-06-02T09:22:33.863+0700] {dag.py:3211} INFO - Sync 1 DAGs
[2026-06-02T09:22:33.909+0700] {logging_mixin.py:190} INFO - [2026-06-02T09:22:33.908+0700] {dag.py:4138} INFO - Setting next_dagrun for dag_scraping_twitter to 2026-06-01 23:00:00+00:00, run_after=2026-06-02 11:00:00+00:00
[2026-06-02T09:22:33.948+0700] {processor.py:208} INFO - Processing /opt/airflow/dags/dag_scraping_twitter.py took 0.199 seconds
[2026-06-02T09:23:04.095+0700] {processor.py:186} INFO - Started process (PID=1395) to work on /opt/airflow/dags/dag_scraping_twitter.py
[2026-06-02T09:23:04.096+0700] {processor.py:914} INFO - Processing file /opt/airflow/dags/dag_scraping_twitter.py for tasks to queue
[2026-06-02T09:23:04.100+0700] {logging_mixin.py:190} INFO - [2026-06-02T09:23:04.100+0700] {dagbag.py:587} INFO - Filling up the DagBag from /opt/airflow/dags/dag_scraping_twitter.py
[2026-06-02T09:23:04.122+0700] {processor.py:925} INFO - DAG(s) 'dag_scraping_twitter' retrieved from /opt/airflow/dags/dag_scraping_twitter.py
[2026-06-02T09:23:04.156+0700] {logging_mixin.py:190} INFO - [2026-06-02T09:23:04.156+0700] {dag.py:3211} INFO - Sync 1 DAGs
[2026-06-02T09:23:04.186+0700] {logging_mixin.py:190} INFO - [2026-06-02T09:23:04.186+0700] {dag.py:4138} INFO - Setting next_dagrun for dag_scraping_twitter to 2026-06-01 23:00:00+00:00, run_after=2026-06-02 11:00:00+00:00
[2026-06-02T09:23:04.218+0700] {processor.py:208} INFO - Processing /opt/airflow/dags/dag_scraping_twitter.py took 0.130 seconds
[2026-06-02T09:23:34.298+0700] {processor.py:186} INFO - Started process (PID=1422) to work on /opt/airflow/dags/dag_scraping_twitter.py
[2026-06-02T09:23:34.299+0700] {processor.py:914} INFO - Processing file /opt/airflow/dags/dag_scraping_twitter.py for tasks to queue
[2026-06-02T09:23:34.302+0700] {logging_mixin.py:190} INFO - [2026-06-02T09:23:34.301+0700] {dagbag.py:587} INFO - Filling up the DagBag from /opt/airflow/dags/dag_scraping_twitter.py
[2026-06-02T09:23:34.323+0700] {processor.py:925} INFO - DAG(s) 'dag_scraping_twitter' retrieved from /opt/airflow/dags/dag_scraping_twitter.py
[2026-06-02T09:23:34.349+0700] {logging_mixin.py:190} INFO - [2026-06-02T09:23:34.349+0700] {dag.py:3211} INFO - Sync 1 DAGs
[2026-06-02T09:23:34.372+0700] {logging_mixin.py:190} INFO - [2026-06-02T09:23:34.372+0700] {dag.py:4138} INFO - Setting next_dagrun for dag_scraping_twitter to 2026-06-01 23:00:00+00:00, run_after=2026-06-02 11:00:00+00:00
[2026-06-02T09:23:34.402+0700] {processor.py:208} INFO - Processing /opt/airflow/dags/dag_scraping_twitter.py took 0.111 seconds
[2026-06-02T09:24:05.066+0700] {processor.py:186} INFO - Started process (PID=1564) to work on /opt/airflow/dags/dag_scraping_twitter.py
[2026-06-02T09:24:05.081+0700] {processor.py:914} INFO - Processing file /opt/airflow/dags/dag_scraping_twitter.py for tasks to queue
[2026-06-02T09:24:05.113+0700] {logging_mixin.py:190} INFO - [2026-06-02T09:24:05.112+0700] {dagbag.py:587} INFO - Filling up the DagBag from /opt/airflow/dags/dag_scraping_twitter.py
[2026-06-02T09:24:05.189+0700] {processor.py:925} INFO - DAG(s) 'dag_scraping_twitter' retrieved from /opt/airflow/dags/dag_scraping_twitter.py
[2026-06-02T09:24:05.291+0700] {logging_mixin.py:190} INFO - [2026-06-02T09:24:05.291+0700] {dag.py:3211} INFO - Sync 1 DAGs
[2026-06-02T09:24:05.391+0700] {logging_mixin.py:190} INFO - [2026-06-02T09:24:05.391+0700] {dag.py:4138} INFO - Setting next_dagrun for dag_scraping_twitter to 2026-06-01 23:00:00+00:00, run_after=2026-06-02 11:00:00+00:00
[2026-06-02T09:24:05.466+0700] {processor.py:208} INFO - Processing /opt/airflow/dags/dag_scraping_twitter.py took 0.449 seconds
[2026-06-02T09:24:35.721+0700] {processor.py:186} INFO - Started process (PID=1727) to work on /opt/airflow/dags/dag_scraping_twitter.py
[2026-06-02T09:24:35.722+0700] {processor.py:914} INFO - Processing file /opt/airflow/dags/dag_scraping_twitter.py for tasks to queue
[2026-06-02T09:24:35.725+0700] {logging_mixin.py:190} INFO - [2026-06-02T09:24:35.725+0700] {dagbag.py:587} INFO - Filling up the DagBag from /opt/airflow/dags/dag_scraping_twitter.py
[2026-06-02T09:24:35.746+0700] {processor.py:925} INFO - DAG(s) 'dag_scraping_twitter' retrieved from /opt/airflow/dags/dag_scraping_twitter.py
[2026-06-02T09:24:35.779+0700] {logging_mixin.py:190} INFO - [2026-06-02T09:24:35.779+0700] {dag.py:3211} INFO - Sync 1 DAGs
[2026-06-02T09:24:35.815+0700] {logging_mixin.py:190} INFO - [2026-06-02T09:24:35.815+0700] {dag.py:4138} INFO - Setting next_dagrun for dag_scraping_twitter to 2026-06-01 23:00:00+00:00, run_after=2026-06-02 11:00:00+00:00
[2026-06-02T09:24:35.846+0700] {processor.py:208} INFO - Processing /opt/airflow/dags/dag_scraping_twitter.py took 0.135 seconds
[2026-06-02T09:25:06.230+0700] {processor.py:186} INFO - Started process (PID=1755) to work on /opt/airflow/dags/dag_scraping_twitter.py
[2026-06-02T09:25:06.232+0700] {processor.py:914} INFO - Processing file /opt/airflow/dags/dag_scraping_twitter.py for tasks to queue
[2026-06-02T09:25:06.234+0700] {logging_mixin.py:190} INFO - [2026-06-02T09:25:06.234+0700] {dagbag.py:587} INFO - Filling up the DagBag from /opt/airflow/dags/dag_scraping_twitter.py
[2026-06-02T09:25:06.255+0700] {processor.py:925} INFO - DAG(s) 'dag_scraping_twitter' retrieved from /opt/airflow/dags/dag_scraping_twitter.py
[2026-06-02T09:25:06.284+0700] {logging_mixin.py:190} INFO - [2026-06-02T09:25:06.284+0700] {dag.py:3211} INFO - Sync 1 DAGs
[2026-06-02T09:25:06.310+0700] {logging_mixin.py:190} INFO - [2026-06-02T09:25:06.310+0700] {dag.py:4138} INFO - Setting next_dagrun for dag_scraping_twitter to 2026-06-01 23:00:00+00:00, run_after=2026-06-02 11:00:00+00:00
[2026-06-02T09:25:06.330+0700] {processor.py:208} INFO - Processing /opt/airflow/dags/dag_scraping_twitter.py took 0.107 seconds
[2026-06-02T09:25:36.586+0700] {processor.py:186} INFO - Started process (PID=1783) to work on /opt/airflow/dags/dag_scraping_twitter.py
[2026-06-02T09:25:36.587+0700] {processor.py:914} INFO - Processing file /opt/airflow/dags/dag_scraping_twitter.py for tasks to queue
[2026-06-02T09:25:36.591+0700] {logging_mixin.py:190} INFO - [2026-06-02T09:25:36.590+0700] {dagbag.py:587} INFO - Filling up the DagBag from /opt/airflow/dags/dag_scraping_twitter.py
[2026-06-02T09:25:36.614+0700] {processor.py:925} INFO - DAG(s) 'dag_scraping_twitter' retrieved from /opt/airflow/dags/dag_scraping_twitter.py
[2026-06-02T09:25:36.653+0700] {logging_mixin.py:190} INFO - [2026-06-02T09:25:36.652+0700] {dag.py:3211} INFO - Sync 1 DAGs
[2026-06-02T09:25:36.688+0700] {logging_mixin.py:190} INFO - [2026-06-02T09:25:36.688+0700] {dag.py:4138} INFO - Setting next_dagrun for dag_scraping_twitter to 2026-06-01 23:00:00+00:00, run_after=2026-06-02 11:00:00+00:00
[2026-06-02T09:25:36.711+0700] {processor.py:208} INFO - Processing /opt/airflow/dags/dag_scraping_twitter.py took 0.132 seconds
[2026-06-02T09:26:06.897+0700] {processor.py:186} INFO - Started process (PID=1811) to work on /opt/airflow/dags/dag_scraping_twitter.py
[2026-06-02T09:26:06.898+0700] {processor.py:914} INFO - Processing file /opt/airflow/dags/dag_scraping_twitter.py for tasks to queue
[2026-06-02T09:26:06.901+0700] {logging_mixin.py:190} INFO - [2026-06-02T09:26:06.900+0700] {dagbag.py:587} INFO - Filling up the DagBag from /opt/airflow/dags/dag_scraping_twitter.py
[2026-06-02T09:26:06.922+0700] {processor.py:925} INFO - DAG(s) 'dag_scraping_twitter' retrieved from /opt/airflow/dags/dag_scraping_twitter.py
[2026-06-02T09:26:06.951+0700] {logging_mixin.py:190} INFO - [2026-06-02T09:26:06.951+0700] {dag.py:3211} INFO - Sync 1 DAGs
[2026-06-02T09:26:06.980+0700] {logging_mixin.py:190} INFO - [2026-06-02T09:26:06.979+0700] {dag.py:4138} INFO - Setting next_dagrun for dag_scraping_twitter to 2026-06-01 23:00:00+00:00, run_after=2026-06-02 11:00:00+00:00
[2026-06-02T09:26:07.004+0700] {processor.py:208} INFO - Processing /opt/airflow/dags/dag_scraping_twitter.py took 0.112 seconds
[2026-06-02T09:26:37.348+0700] {processor.py:186} INFO - Started process (PID=1868) to work on /opt/airflow/dags/dag_scraping_twitter.py
[2026-06-02T09:26:37.349+0700] {processor.py:914} INFO - Processing file /opt/airflow/dags/dag_scraping_twitter.py for tasks to queue
[2026-06-02T09:26:37.353+0700] {logging_mixin.py:190} INFO - [2026-06-02T09:26:37.353+0700] {dagbag.py:587} INFO - Filling up the DagBag from /opt/airflow/dags/dag_scraping_twitter.py
[2026-06-02T09:26:37.383+0700] {processor.py:925} INFO - DAG(s) 'dag_scraping_twitter' retrieved from /opt/airflow/dags/dag_scraping_twitter.py
[2026-06-02T09:26:37.419+0700] {logging_mixin.py:190} INFO - [2026-06-02T09:26:37.419+0700] {dag.py:3211} INFO - Sync 1 DAGs
[2026-06-02T09:26:37.451+0700] {logging_mixin.py:190} INFO - [2026-06-02T09:26:37.450+0700] {dag.py:4138} INFO - Setting next_dagrun for dag_scraping_twitter to 2026-06-01 23:00:00+00:00, run_after=2026-06-02 11:00:00+00:00
[2026-06-02T09:26:37.477+0700] {processor.py:208} INFO - Processing /opt/airflow/dags/dag_scraping_twitter.py took 0.140 seconds
[2026-06-02T09:27:07.613+0700] {processor.py:186} INFO - Started process (PID=1914) to work on /opt/airflow/dags/dag_scraping_twitter.py
[2026-06-02T09:27:07.615+0700] {processor.py:914} INFO - Processing file /opt/airflow/dags/dag_scraping_twitter.py for tasks to queue
[2026-06-02T09:27:07.619+0700] {logging_mixin.py:190} INFO - [2026-06-02T09:27:07.618+0700] {dagbag.py:587} INFO - Filling up the DagBag from /opt/airflow/dags/dag_scraping_twitter.py
[2026-06-02T09:27:07.641+0700] {processor.py:925} INFO - DAG(s) 'dag_scraping_twitter' retrieved from /opt/airflow/dags/dag_scraping_twitter.py
[2026-06-02T09:27:07.674+0700] {logging_mixin.py:190} INFO - [2026-06-02T09:27:07.674+0700] {dag.py:3211} INFO - Sync 1 DAGs
[2026-06-02T09:27:07.703+0700] {logging_mixin.py:190} INFO - [2026-06-02T09:27:07.703+0700] {dag.py:4138} INFO - Setting next_dagrun for dag_scraping_twitter to 2026-06-01 23:00:00+00:00, run_after=2026-06-02 11:00:00+00:00
[2026-06-02T09:27:07.730+0700] {processor.py:208} INFO - Processing /opt/airflow/dags/dag_scraping_twitter.py took 0.124 seconds
[2026-06-02T09:27:37.971+0700] {processor.py:186} INFO - Started process (PID=1942) to work on /opt/airflow/dags/dag_scraping_twitter.py
[2026-06-02T09:27:37.973+0700] {processor.py:914} INFO - Processing file /opt/airflow/dags/dag_scraping_twitter.py for tasks to queue
[2026-06-02T09:27:37.977+0700] {logging_mixin.py:190} INFO - [2026-06-02T09:27:37.976+0700] {dagbag.py:587} INFO - Filling up the DagBag from /opt/airflow/dags/dag_scraping_twitter.py
[2026-06-02T09:27:38.005+0700] {processor.py:925} INFO - DAG(s) 'dag_scraping_twitter' retrieved from /opt/airflow/dags/dag_scraping_twitter.py
[2026-06-02T09:27:38.036+0700] {logging_mixin.py:190} INFO - [2026-06-02T09:27:38.036+0700] {dag.py:3211} INFO - Sync 1 DAGs
[2026-06-02T09:27:38.064+0700] {logging_mixin.py:190} INFO - [2026-06-02T09:27:38.064+0700] {dag.py:4138} INFO - Setting next_dagrun for dag_scraping_twitter to 2026-06-01 23:00:00+00:00, run_after=2026-06-02 11:00:00+00:00
[2026-06-02T09:27:38.090+0700] {processor.py:208} INFO - Processing /opt/airflow/dags/dag_scraping_twitter.py took 0.129 seconds
[2026-06-02T09:28:08.320+0700] {processor.py:186} INFO - Started process (PID=1970) to work on /opt/airflow/dags/dag_scraping_twitter.py
[2026-06-02T09:28:08.322+0700] {processor.py:914} INFO - Processing file /opt/airflow/dags/dag_scraping_twitter.py for tasks to queue
[2026-06-02T09:28:08.326+0700] {logging_mixin.py:190} INFO - [2026-06-02T09:28:08.325+0700] {dagbag.py:587} INFO - Filling up the DagBag from /opt/airflow/dags/dag_scraping_twitter.py
[2026-06-02T09:28:08.350+0700] {processor.py:925} INFO - DAG(s) 'dag_scraping_twitter' retrieved from /opt/airflow/dags/dag_scraping_twitter.py
[2026-06-02T09:28:08.383+0700] {logging_mixin.py:190} INFO - [2026-06-02T09:28:08.383+0700] {dag.py:3211} INFO - Sync 1 DAGs
[2026-06-02T09:28:08.414+0700] {logging_mixin.py:190} INFO - [2026-06-02T09:28:08.414+0700] {dag.py:4138} INFO - Setting next_dagrun for dag_scraping_twitter to 2026-06-01 23:00:00+00:00, run_after=2026-06-02 11:00:00+00:00
[2026-06-02T09:28:08.438+0700] {processor.py:208} INFO - Processing /opt/airflow/dags/dag_scraping_twitter.py took 0.125 seconds
[2026-06-02T09:28:38.631+0700] {processor.py:186} INFO - Started process (PID=1998) to work on /opt/airflow/dags/dag_scraping_twitter.py
[2026-06-02T09:28:38.632+0700] {processor.py:914} INFO - Processing file /opt/airflow/dags/dag_scraping_twitter.py for tasks to queue
[2026-06-02T09:28:38.634+0700] {logging_mixin.py:190} INFO - [2026-06-02T09:28:38.634+0700] {dagbag.py:587} INFO - Filling up the DagBag from /opt/airflow/dags/dag_scraping_twitter.py
[2026-06-02T09:28:38.656+0700] {processor.py:925} INFO - DAG(s) 'dag_scraping_twitter' retrieved from /opt/airflow/dags/dag_scraping_twitter.py
[2026-06-02T09:28:38.691+0700] {logging_mixin.py:190} INFO - [2026-06-02T09:28:38.691+0700] {dag.py:3211} INFO - Sync 1 DAGs
[2026-06-02T09:28:38.721+0700] {logging_mixin.py:190} INFO - [2026-06-02T09:28:38.721+0700] {dag.py:4138} INFO - Setting next_dagrun for dag_scraping_twitter to 2026-06-01 23:00:00+00:00, run_after=2026-06-02 11:00:00+00:00
[2026-06-02T09:28:38.742+0700] {processor.py:208} INFO - Processing /opt/airflow/dags/dag_scraping_twitter.py took 0.118 seconds
[2026-06-02T09:29:09.032+0700] {processor.py:186} INFO - Started process (PID=2026) to work on /opt/airflow/dags/dag_scraping_twitter.py
[2026-06-02T09:29:09.034+0700] {processor.py:914} INFO - Processing file /opt/airflow/dags/dag_scraping_twitter.py for tasks to queue
[2026-06-02T09:29:09.036+0700] {logging_mixin.py:190} INFO - [2026-06-02T09:29:09.036+0700] {dagbag.py:587} INFO - Filling up the DagBag from /opt/airflow/dags/dag_scraping_twitter.py
[2026-06-02T09:29:09.065+0700] {processor.py:925} INFO - DAG(s) 'dag_scraping_twitter' retrieved from /opt/airflow/dags/dag_scraping_twitter.py
[2026-06-02T09:29:09.097+0700] {logging_mixin.py:190} INFO - [2026-06-02T09:29:09.096+0700] {dag.py:3211} INFO - Sync 1 DAGs
[2026-06-02T09:29:09.126+0700] {logging_mixin.py:190} INFO - [2026-06-02T09:29:09.126+0700] {dag.py:4138} INFO - Setting next_dagrun for dag_scraping_twitter to 2026-06-01 23:00:00+00:00, run_after=2026-06-02 11:00:00+00:00
[2026-06-02T09:29:09.151+0700] {processor.py:208} INFO - Processing /opt/airflow/dags/dag_scraping_twitter.py took 0.125 seconds
[2026-06-02T09:29:39.420+0700] {processor.py:186} INFO - Started process (PID=2054) to work on /opt/airflow/dags/dag_scraping_twitter.py
[2026-06-02T09:29:39.422+0700] {processor.py:914} INFO - Processing file /opt/airflow/dags/dag_scraping_twitter.py for tasks to queue
[2026-06-02T09:29:39.424+0700] {logging_mixin.py:190} INFO - [2026-06-02T09:29:39.424+0700] {dagbag.py:587} INFO - Filling up the DagBag from /opt/airflow/dags/dag_scraping_twitter.py
[2026-06-02T09:29:39.444+0700] {processor.py:925} INFO - DAG(s) 'dag_scraping_twitter' retrieved from /opt/airflow/dags/dag_scraping_twitter.py
[2026-06-02T09:29:39.474+0700] {logging_mixin.py:190} INFO - [2026-06-02T09:29:39.474+0700] {dag.py:3211} INFO - Sync 1 DAGs
[2026-06-02T09:29:39.503+0700] {logging_mixin.py:190} INFO - [2026-06-02T09:29:39.502+0700] {dag.py:4138} INFO - Setting next_dagrun for dag_scraping_twitter to 2026-06-01 23:00:00+00:00, run_after=2026-06-02 11:00:00+00:00
[2026-06-02T09:29:39.527+0700] {processor.py:208} INFO - Processing /opt/airflow/dags/dag_scraping_twitter.py took 0.113 seconds
[2026-06-02T09:30:09.787+0700] {processor.py:186} INFO - Started process (PID=2082) to work on /opt/airflow/dags/dag_scraping_twitter.py
[2026-06-02T09:30:09.788+0700] {processor.py:914} INFO - Processing file /opt/airflow/dags/dag_scraping_twitter.py for tasks to queue
[2026-06-02T09:30:09.791+0700] {logging_mixin.py:190} INFO - [2026-06-02T09:30:09.790+0700] {dagbag.py:587} INFO - Filling up the DagBag from /opt/airflow/dags/dag_scraping_twitter.py
[2026-06-02T09:30:09.810+0700] {processor.py:925} INFO - DAG(s) 'dag_scraping_twitter' retrieved from /opt/airflow/dags/dag_scraping_twitter.py
[2026-06-02T09:30:09.841+0700] {logging_mixin.py:190} INFO - [2026-06-02T09:30:09.841+0700] {dag.py:3211} INFO - Sync 1 DAGs
[2026-06-02T09:30:09.868+0700] {logging_mixin.py:190} INFO - [2026-06-02T09:30:09.867+0700] {dag.py:4138} INFO - Setting next_dagrun for dag_scraping_twitter to 2026-06-01 23:00:00+00:00, run_after=2026-06-02 11:00:00+00:00
[2026-06-02T09:30:09.890+0700] {processor.py:208} INFO - Processing /opt/airflow/dags/dag_scraping_twitter.py took 0.109 seconds
[2026-06-02T09:30:40.178+0700] {processor.py:186} INFO - Started process (PID=2111) to work on /opt/airflow/dags/dag_scraping_twitter.py
[2026-06-02T09:30:40.180+0700] {processor.py:914} INFO - Processing file /opt/airflow/dags/dag_scraping_twitter.py for tasks to queue
[2026-06-02T09:30:40.184+0700] {logging_mixin.py:190} INFO - [2026-06-02T09:30:40.183+0700] {dagbag.py:587} INFO - Filling up the DagBag from /opt/airflow/dags/dag_scraping_twitter.py
[2026-06-02T09:30:40.206+0700] {processor.py:925} INFO - DAG(s) 'dag_scraping_twitter' retrieved from /opt/airflow/dags/dag_scraping_twitter.py
[2026-06-02T09:30:40.238+0700] {logging_mixin.py:190} INFO - [2026-06-02T09:30:40.237+0700] {dag.py:3211} INFO - Sync 1 DAGs
[2026-06-02T09:30:40.266+0700] {logging_mixin.py:190} INFO - [2026-06-02T09:30:40.266+0700] {dag.py:4138} INFO - Setting next_dagrun for dag_scraping_twitter to 2026-06-01 23:00:00+00:00, run_after=2026-06-02 11:00:00+00:00
[2026-06-02T09:30:40.291+0700] {processor.py:208} INFO - Processing /opt/airflow/dags/dag_scraping_twitter.py took 0.120 seconds
[2026-06-02T09:31:10.492+0700] {processor.py:186} INFO - Started process (PID=2139) to work on /opt/airflow/dags/dag_scraping_twitter.py
[2026-06-02T09:31:10.493+0700] {processor.py:914} INFO - Processing file /opt/airflow/dags/dag_scraping_twitter.py for tasks to queue
[2026-06-02T09:31:10.496+0700] {logging_mixin.py:190} INFO - [2026-06-02T09:31:10.495+0700] {dagbag.py:587} INFO - Filling up the DagBag from /opt/airflow/dags/dag_scraping_twitter.py
[2026-06-02T09:31:10.515+0700] {processor.py:925} INFO - DAG(s) 'dag_scraping_twitter' retrieved from /opt/airflow/dags/dag_scraping_twitter.py
[2026-06-02T09:31:10.545+0700] {logging_mixin.py:190} INFO - [2026-06-02T09:31:10.545+0700] {dag.py:3211} INFO - Sync 1 DAGs
[2026-06-02T09:31:10.570+0700] {logging_mixin.py:190} INFO - [2026-06-02T09:31:10.569+0700] {dag.py:4138} INFO - Setting next_dagrun for dag_scraping_twitter to 2026-06-01 23:00:00+00:00, run_after=2026-06-02 11:00:00+00:00
[2026-06-02T09:31:10.598+0700] {processor.py:208} INFO - Processing /opt/airflow/dags/dag_scraping_twitter.py took 0.113 seconds
[2026-06-02T09:31:58.141+0700] {processor.py:186} INFO - Started process (PID=170) to work on /opt/airflow/dags/dag_scraping_twitter.py
[2026-06-02T09:31:58.143+0700] {processor.py:914} INFO - Processing file /opt/airflow/dags/dag_scraping_twitter.py for tasks to queue
[2026-06-02T09:31:58.148+0700] {logging_mixin.py:190} INFO - [2026-06-02T09:31:58.147+0700] {dagbag.py:587} INFO - Filling up the DagBag from /opt/airflow/dags/dag_scraping_twitter.py
[2026-06-02T09:31:58.207+0700] {processor.py:925} INFO - DAG(s) 'dag_scraping_twitter' retrieved from /opt/airflow/dags/dag_scraping_twitter.py
[2026-06-02T09:31:58.300+0700] {logging_mixin.py:190} INFO - [2026-06-02T09:31:58.300+0700] {dag.py:3211} INFO - Sync 1 DAGs
[2026-06-02T09:31:58.408+0700] {logging_mixin.py:190} INFO - [2026-06-02T09:31:58.408+0700] {dag.py:4138} INFO - Setting next_dagrun for dag_scraping_twitter to 2026-06-01 23:00:00+00:00, run_after=2026-06-02 11:00:00+00:00
[2026-06-02T09:31:58.452+0700] {processor.py:208} INFO - Processing /opt/airflow/dags/dag_scraping_twitter.py took 0.320 seconds
[2026-06-02T09:32:28.767+0700] {processor.py:186} INFO - Started process (PID=198) to work on /opt/airflow/dags/dag_scraping_twitter.py
[2026-06-02T09:32:28.770+0700] {processor.py:914} INFO - Processing file /opt/airflow/dags/dag_scraping_twitter.py for tasks to queue
[2026-06-02T09:32:28.775+0700] {logging_mixin.py:190} INFO - [2026-06-02T09:32:28.774+0700] {dagbag.py:587} INFO - Filling up the DagBag from /opt/airflow/dags/dag_scraping_twitter.py
[2026-06-02T09:32:28.814+0700] {processor.py:925} INFO - DAG(s) 'dag_scraping_twitter' retrieved from /opt/airflow/dags/dag_scraping_twitter.py
[2026-06-02T09:32:28.852+0700] {logging_mixin.py:190} INFO - [2026-06-02T09:32:28.851+0700] {dag.py:3211} INFO - Sync 1 DAGs
[2026-06-02T09:32:28.887+0700] {logging_mixin.py:190} INFO - [2026-06-02T09:32:28.887+0700] {dag.py:4138} INFO - Setting next_dagrun for dag_scraping_twitter to 2026-06-01 23:00:00+00:00, run_after=2026-06-02 11:00:00+00:00
[2026-06-02T09:32:28.924+0700] {processor.py:208} INFO - Processing /opt/airflow/dags/dag_scraping_twitter.py took 0.172 seconds
[2026-06-02T09:32:59.286+0700] {processor.py:186} INFO - Started process (PID=232) to work on /opt/airflow/dags/dag_scraping_twitter.py
[2026-06-02T09:32:59.288+0700] {processor.py:914} INFO - Processing file /opt/airflow/dags/dag_scraping_twitter.py for tasks to queue
[2026-06-02T09:32:59.294+0700] {logging_mixin.py:190} INFO - [2026-06-02T09:32:59.293+0700] {dagbag.py:587} INFO - Filling up the DagBag from /opt/airflow/dags/dag_scraping_twitter.py
[2026-06-02T09:32:59.317+0700] {processor.py:925} INFO - DAG(s) 'dag_scraping_twitter' retrieved from /opt/airflow/dags/dag_scraping_twitter.py
[2026-06-02T09:32:59.367+0700] {logging_mixin.py:190} INFO - [2026-06-02T09:32:59.366+0700] {dag.py:3211} INFO - Sync 1 DAGs
[2026-06-02T09:32:59.437+0700] {logging_mixin.py:190} INFO - [2026-06-02T09:32:59.433+0700] {dag.py:4138} INFO - Setting next_dagrun for dag_scraping_twitter to 2026-06-01 23:00:00+00:00, run_after=2026-06-02 11:00:00+00:00
[2026-06-02T09:32:59.476+0700] {processor.py:208} INFO - Processing /opt/airflow/dags/dag_scraping_twitter.py took 0.235 seconds
[2026-06-02T09:33:29.973+0700] {processor.py:186} INFO - Started process (PID=261) to work on /opt/airflow/dags/dag_scraping_twitter.py
[2026-06-02T09:33:29.978+0700] {processor.py:914} INFO - Processing file /opt/airflow/dags/dag_scraping_twitter.py for tasks to queue
[2026-06-02T09:33:29.989+0700] {logging_mixin.py:190} INFO - [2026-06-02T09:33:29.989+0700] {dagbag.py:587} INFO - Filling up the DagBag from /opt/airflow/dags/dag_scraping_twitter.py
[2026-06-02T09:33:30.046+0700] {processor.py:925} INFO - DAG(s) 'dag_scraping_twitter' retrieved from /opt/airflow/dags/dag_scraping_twitter.py
[2026-06-02T09:33:30.084+0700] {logging_mixin.py:190} INFO - [2026-06-02T09:33:30.083+0700] {dag.py:3211} INFO - Sync 1 DAGs
[2026-06-02T09:33:30.120+0700] {logging_mixin.py:190} INFO - [2026-06-02T09:33:30.120+0700] {dag.py:4138} INFO - Setting next_dagrun for dag_scraping_twitter to 2026-06-01 23:00:00+00:00, run_after=2026-06-02 11:00:00+00:00
[2026-06-02T09:33:30.142+0700] {processor.py:208} INFO - Processing /opt/airflow/dags/dag_scraping_twitter.py took 0.183 seconds
[2026-06-02T09:34:00.293+0700] {processor.py:186} INFO - Started process (PID=289) to work on /opt/airflow/dags/dag_scraping_twitter.py
[2026-06-02T09:34:00.294+0700] {processor.py:914} INFO - Processing file /opt/airflow/dags/dag_scraping_twitter.py for tasks to queue
[2026-06-02T09:34:00.296+0700] {logging_mixin.py:190} INFO - [2026-06-02T09:34:00.296+0700] {dagbag.py:587} INFO - Filling up the DagBag from /opt/airflow/dags/dag_scraping_twitter.py
[2026-06-02T09:34:00.319+0700] {processor.py:925} INFO - DAG(s) 'dag_scraping_twitter' retrieved from /opt/airflow/dags/dag_scraping_twitter.py
[2026-06-02T09:34:00.346+0700] {logging_mixin.py:190} INFO - [2026-06-02T09:34:00.346+0700] {dag.py:3211} INFO - Sync 1 DAGs
[2026-06-02T09:34:00.374+0700] {logging_mixin.py:190} INFO - [2026-06-02T09:34:00.374+0700] {dag.py:4138} INFO - Setting next_dagrun for dag_scraping_twitter to 2026-06-01 23:00:00+00:00, run_after=2026-06-02 11:00:00+00:00
[2026-06-02T09:34:00.398+0700] {processor.py:208} INFO - Processing /opt/airflow/dags/dag_scraping_twitter.py took 0.112 seconds
[2026-06-02T09:34:53.941+0700] {processor.py:186} INFO - Started process (PID=176) to work on /opt/airflow/dags/dag_scraping_twitter.py
[2026-06-02T09:34:53.942+0700] {processor.py:914} INFO - Processing file /opt/airflow/dags/dag_scraping_twitter.py for tasks to queue
[2026-06-02T09:34:53.946+0700] {logging_mixin.py:190} INFO - [2026-06-02T09:34:53.945+0700] {dagbag.py:587} INFO - Filling up the DagBag from /opt/airflow/dags/dag_scraping_twitter.py
[2026-06-02T09:34:53.989+0700] {processor.py:925} INFO - DAG(s) 'dag_scraping_twitter' retrieved from /opt/airflow/dags/dag_scraping_twitter.py
[2026-06-02T09:34:54.041+0700] {logging_mixin.py:190} INFO - [2026-06-02T09:34:54.041+0700] {dag.py:3211} INFO - Sync 1 DAGs
[2026-06-02T09:34:54.082+0700] {logging_mixin.py:190} INFO - [2026-06-02T09:34:54.081+0700] {dag.py:4138} INFO - Setting next_dagrun for dag_scraping_twitter to 2026-06-01 23:00:00+00:00, run_after=2026-06-02 11:00:00+00:00
[2026-06-02T09:34:54.111+0700] {processor.py:208} INFO - Processing /opt/airflow/dags/dag_scraping_twitter.py took 0.180 seconds
[2026-06-02T09:35:24.663+0700] {processor.py:186} INFO - Started process (PID=204) to work on /opt/airflow/dags/dag_scraping_twitter.py
[2026-06-02T09:35:24.664+0700] {processor.py:914} INFO - Processing file /opt/airflow/dags/dag_scraping_twitter.py for tasks to queue
[2026-06-02T09:35:24.668+0700] {logging_mixin.py:190} INFO - [2026-06-02T09:35:24.668+0700] {dagbag.py:587} INFO - Filling up the DagBag from /opt/airflow/dags/dag_scraping_twitter.py
[2026-06-02T09:35:24.691+0700] {processor.py:925} INFO - DAG(s) 'dag_scraping_twitter' retrieved from /opt/airflow/dags/dag_scraping_twitter.py
[2026-06-02T09:35:24.717+0700] {logging_mixin.py:190} INFO - [2026-06-02T09:35:24.717+0700] {dag.py:3211} INFO - Sync 1 DAGs
[2026-06-02T09:35:24.740+0700] {logging_mixin.py:190} INFO - [2026-06-02T09:35:24.740+0700] {dag.py:4138} INFO - Setting next_dagrun for dag_scraping_twitter to 2026-06-01 23:00:00+00:00, run_after=2026-06-02 11:00:00+00:00
[2026-06-02T09:35:24.759+0700] {processor.py:208} INFO - Processing /opt/airflow/dags/dag_scraping_twitter.py took 0.105 seconds
[2026-06-02T09:35:55.185+0700] {processor.py:186} INFO - Started process (PID=232) to work on /opt/airflow/dags/dag_scraping_twitter.py
[2026-06-02T09:35:55.187+0700] {processor.py:914} INFO - Processing file /opt/airflow/dags/dag_scraping_twitter.py for tasks to queue
[2026-06-02T09:35:55.195+0700] {logging_mixin.py:190} INFO - [2026-06-02T09:35:55.195+0700] {dagbag.py:587} INFO - Filling up the DagBag from /opt/airflow/dags/dag_scraping_twitter.py
[2026-06-02T09:35:55.225+0700] {processor.py:925} INFO - DAG(s) 'dag_scraping_twitter' retrieved from /opt/airflow/dags/dag_scraping_twitter.py
[2026-06-02T09:35:55.262+0700] {logging_mixin.py:190} INFO - [2026-06-02T09:35:55.262+0700] {dag.py:3211} INFO - Sync 1 DAGs
[2026-06-02T09:35:55.294+0700] {logging_mixin.py:190} INFO - [2026-06-02T09:35:55.294+0700] {dag.py:4138} INFO - Setting next_dagrun for dag_scraping_twitter to 2026-06-01 23:00:00+00:00, run_after=2026-06-02 11:00:00+00:00
[2026-06-02T09:35:55.329+0700] {processor.py:208} INFO - Processing /opt/airflow/dags/dag_scraping_twitter.py took 0.154 seconds
[2026-06-02T09:36:25.692+0700] {processor.py:186} INFO - Started process (PID=260) to work on /opt/airflow/dags/dag_scraping_twitter.py
[2026-06-02T09:36:25.701+0700] {processor.py:914} INFO - Processing file /opt/airflow/dags/dag_scraping_twitter.py for tasks to queue
[2026-06-02T09:36:25.707+0700] {logging_mixin.py:190} INFO - [2026-06-02T09:36:25.706+0700] {dagbag.py:587} INFO - Filling up the DagBag from /opt/airflow/dags/dag_scraping_twitter.py
[2026-06-02T09:36:25.743+0700] {processor.py:925} INFO - DAG(s) 'dag_scraping_twitter' retrieved from /opt/airflow/dags/dag_scraping_twitter.py
[2026-06-02T09:36:25.779+0700] {logging_mixin.py:190} INFO - [2026-06-02T09:36:25.779+0700] {dag.py:3211} INFO - Sync 1 DAGs
[2026-06-02T09:36:25.803+0700] {logging_mixin.py:190} INFO - [2026-06-02T09:36:25.803+0700] {dag.py:4138} INFO - Setting next_dagrun for dag_scraping_twitter to 2026-06-01 23:00:00+00:00, run_after=2026-06-02 11:00:00+00:00
[2026-06-02T09:36:25.823+0700] {processor.py:208} INFO - Processing /opt/airflow/dags/dag_scraping_twitter.py took 0.138 seconds
[2026-06-02T09:36:56.116+0700] {processor.py:186} INFO - Started process (PID=289) to work on /opt/airflow/dags/dag_scraping_twitter.py
[2026-06-02T09:36:56.117+0700] {processor.py:914} INFO - Processing file /opt/airflow/dags/dag_scraping_twitter.py for tasks to queue
[2026-06-02T09:36:56.119+0700] {logging_mixin.py:190} INFO - [2026-06-02T09:36:56.119+0700] {dagbag.py:587} INFO - Filling up the DagBag from /opt/airflow/dags/dag_scraping_twitter.py
[2026-06-02T09:36:56.137+0700] {processor.py:925} INFO - DAG(s) 'dag_scraping_twitter' retrieved from /opt/airflow/dags/dag_scraping_twitter.py
[2026-06-02T09:36:56.168+0700] {logging_mixin.py:190} INFO - [2026-06-02T09:36:56.167+0700] {dag.py:3211} INFO - Sync 1 DAGs
[2026-06-02T09:36:56.192+0700] {logging_mixin.py:190} INFO - [2026-06-02T09:36:56.192+0700] {dag.py:4138} INFO - Setting next_dagrun for dag_scraping_twitter to 2026-06-01 23:00:00+00:00, run_after=2026-06-02 11:00:00+00:00
[2026-06-02T09:36:56.212+0700] {processor.py:208} INFO - Processing /opt/airflow/dags/dag_scraping_twitter.py took 0.102 seconds
[2026-06-02T09:37:26.488+0700] {processor.py:186} INFO - Started process (PID=317) to work on /opt/airflow/dags/dag_scraping_twitter.py
[2026-06-02T09:37:26.489+0700] {processor.py:914} INFO - Processing file /opt/airflow/dags/dag_scraping_twitter.py for tasks to queue
[2026-06-02T09:37:26.491+0700] {logging_mixin.py:190} INFO - [2026-06-02T09:37:26.491+0700] {dagbag.py:587} INFO - Filling up the DagBag from /opt/airflow/dags/dag_scraping_twitter.py
[2026-06-02T09:37:26.507+0700] {processor.py:925} INFO - DAG(s) 'dag_scraping_twitter' retrieved from /opt/airflow/dags/dag_scraping_twitter.py
[2026-06-02T09:37:26.535+0700] {logging_mixin.py:190} INFO - [2026-06-02T09:37:26.535+0700] {dag.py:3211} INFO - Sync 1 DAGs
[2026-06-02T09:37:26.558+0700] {logging_mixin.py:190} INFO - [2026-06-02T09:37:26.558+0700] {dag.py:4138} INFO - Setting next_dagrun for dag_scraping_twitter to 2026-06-01 23:00:00+00:00, run_after=2026-06-02 11:00:00+00:00
[2026-06-02T09:37:26.580+0700] {processor.py:208} INFO - Processing /opt/airflow/dags/dag_scraping_twitter.py took 0.097 seconds
[2026-06-02T09:37:56.779+0700] {processor.py:186} INFO - Started process (PID=345) to work on /opt/airflow/dags/dag_scraping_twitter.py
[2026-06-02T09:37:56.780+0700] {processor.py:914} INFO - Processing file /opt/airflow/dags/dag_scraping_twitter.py for tasks to queue
[2026-06-02T09:37:56.783+0700] {logging_mixin.py:190} INFO - [2026-06-02T09:37:56.782+0700] {dagbag.py:587} INFO - Filling up the DagBag from /opt/airflow/dags/dag_scraping_twitter.py
[2026-06-02T09:37:56.799+0700] {processor.py:925} INFO - DAG(s) 'dag_scraping_twitter' retrieved from /opt/airflow/dags/dag_scraping_twitter.py
[2026-06-02T09:37:56.827+0700] {logging_mixin.py:190} INFO - [2026-06-02T09:37:56.826+0700] {dag.py:3211} INFO - Sync 1 DAGs
[2026-06-02T09:37:56.849+0700] {logging_mixin.py:190} INFO - [2026-06-02T09:37:56.849+0700] {dag.py:4138} INFO - Setting next_dagrun for dag_scraping_twitter to 2026-06-01 23:00:00+00:00, run_after=2026-06-02 11:00:00+00:00
[2026-06-02T09:37:56.869+0700] {processor.py:208} INFO - Processing /opt/airflow/dags/dag_scraping_twitter.py took 0.096 seconds
[2026-06-02T09:38:27.128+0700] {processor.py:186} INFO - Started process (PID=374) to work on /opt/airflow/dags/dag_scraping_twitter.py
[2026-06-02T09:38:27.129+0700] {processor.py:914} INFO - Processing file /opt/airflow/dags/dag_scraping_twitter.py for tasks to queue
[2026-06-02T09:38:27.133+0700] {logging_mixin.py:190} INFO - [2026-06-02T09:38:27.132+0700] {dagbag.py:587} INFO - Filling up the DagBag from /opt/airflow/dags/dag_scraping_twitter.py
[2026-06-02T09:38:27.163+0700] {processor.py:925} INFO - DAG(s) 'dag_scraping_twitter' retrieved from /opt/airflow/dags/dag_scraping_twitter.py
[2026-06-02T09:38:27.200+0700] {logging_mixin.py:190} INFO - [2026-06-02T09:38:27.199+0700] {dag.py:3211} INFO - Sync 1 DAGs
[2026-06-02T09:38:27.234+0700] {logging_mixin.py:190} INFO - [2026-06-02T09:38:27.234+0700] {dag.py:4138} INFO - Setting next_dagrun for dag_scraping_twitter to 2026-06-01 23:00:00+00:00, run_after=2026-06-02 11:00:00+00:00
[2026-06-02T09:38:27.486+0700] {processor.py:208} INFO - Processing /opt/airflow/dags/dag_scraping_twitter.py took 0.365 seconds
[2026-06-02T09:38:57.781+0700] {processor.py:186} INFO - Started process (PID=402) to work on /opt/airflow/dags/dag_scraping_twitter.py
[2026-06-02T09:38:57.784+0700] {processor.py:914} INFO - Processing file /opt/airflow/dags/dag_scraping_twitter.py for tasks to queue
[2026-06-02T09:38:57.789+0700] {logging_mixin.py:190} INFO - [2026-06-02T09:38:57.788+0700] {dagbag.py:587} INFO - Filling up the DagBag from /opt/airflow/dags/dag_scraping_twitter.py
[2026-06-02T09:38:57.842+0700] {processor.py:925} INFO - DAG(s) 'dag_scraping_twitter' retrieved from /opt/airflow/dags/dag_scraping_twitter.py
[2026-06-02T09:38:57.905+0700] {logging_mixin.py:190} INFO - [2026-06-02T09:38:57.905+0700] {dag.py:3211} INFO - Sync 1 DAGs
[2026-06-02T09:38:58.188+0700] {logging_mixin.py:190} INFO - [2026-06-02T09:38:58.188+0700] {dag.py:4138} INFO - Setting next_dagrun for dag_scraping_twitter to 2026-06-01 23:00:00+00:00, run_after=2026-06-02 11:00:00+00:00
[2026-06-02T09:38:58.207+0700] {processor.py:208} INFO - Processing /opt/airflow/dags/dag_scraping_twitter.py took 0.440 seconds
[2026-06-02T09:39:28.469+0700] {processor.py:186} INFO - Started process (PID=430) to work on /opt/airflow/dags/dag_scraping_twitter.py
[2026-06-02T09:39:28.471+0700] {processor.py:914} INFO - Processing file /opt/airflow/dags/dag_scraping_twitter.py for tasks to queue
[2026-06-02T09:39:28.476+0700] {logging_mixin.py:190} INFO - [2026-06-02T09:39:28.475+0700] {dagbag.py:587} INFO - Filling up the DagBag from /opt/airflow/dags/dag_scraping_twitter.py
[2026-06-02T09:39:28.506+0700] {processor.py:925} INFO - DAG(s) 'dag_scraping_twitter' retrieved from /opt/airflow/dags/dag_scraping_twitter.py
[2026-06-02T09:39:28.792+0700] {logging_mixin.py:190} INFO - [2026-06-02T09:39:28.792+0700] {dag.py:3211} INFO - Sync 1 DAGs
[2026-06-02T09:39:28.825+0700] {logging_mixin.py:190} INFO - [2026-06-02T09:39:28.825+0700] {dag.py:4138} INFO - Setting next_dagrun for dag_scraping_twitter to 2026-06-01 23:00:00+00:00, run_after=2026-06-02 11:00:00+00:00
[2026-06-02T09:39:28.849+0700] {processor.py:208} INFO - Processing /opt/airflow/dags/dag_scraping_twitter.py took 0.389 seconds
[2026-06-02T09:39:59.146+0700] {processor.py:186} INFO - Started process (PID=458) to work on /opt/airflow/dags/dag_scraping_twitter.py
[2026-06-02T09:39:59.147+0700] {processor.py:914} INFO - Processing file /opt/airflow/dags/dag_scraping_twitter.py for tasks to queue
[2026-06-02T09:39:59.151+0700] {logging_mixin.py:190} INFO - [2026-06-02T09:39:59.150+0700] {dagbag.py:587} INFO - Filling up the DagBag from /opt/airflow/dags/dag_scraping_twitter.py
[2026-06-02T09:39:59.392+0700] {processor.py:925} INFO - DAG(s) 'dag_scraping_twitter' retrieved from /opt/airflow/dags/dag_scraping_twitter.py
[2026-06-02T09:39:59.421+0700] {logging_mixin.py:190} INFO - [2026-06-02T09:39:59.421+0700] {dag.py:3211} INFO - Sync 1 DAGs
[2026-06-02T09:39:59.444+0700] {logging_mixin.py:190} INFO - [2026-06-02T09:39:59.444+0700] {dag.py:4138} INFO - Setting next_dagrun for dag_scraping_twitter to 2026-06-01 23:00:00+00:00, run_after=2026-06-02 11:00:00+00:00
[2026-06-02T09:39:59.471+0700] {processor.py:208} INFO - Processing /opt/airflow/dags/dag_scraping_twitter.py took 0.333 seconds
[2026-06-02T09:40:29.532+0700] {processor.py:186} INFO - Started process (PID=486) to work on /opt/airflow/dags/dag_scraping_twitter.py
[2026-06-02T09:40:29.534+0700] {processor.py:914} INFO - Processing file /opt/airflow/dags/dag_scraping_twitter.py for tasks to queue
[2026-06-02T09:40:29.537+0700] {logging_mixin.py:190} INFO - [2026-06-02T09:40:29.537+0700] {dagbag.py:587} INFO - Filling up the DagBag from /opt/airflow/dags/dag_scraping_twitter.py
[2026-06-02T09:40:29.566+0700] {processor.py:925} INFO - DAG(s) 'dag_scraping_twitter' retrieved from /opt/airflow/dags/dag_scraping_twitter.py
[2026-06-02T09:40:29.605+0700] {logging_mixin.py:190} INFO - [2026-06-02T09:40:29.605+0700] {dag.py:3211} INFO - Sync 1 DAGs
[2026-06-02T09:40:29.636+0700] {logging_mixin.py:190} INFO - [2026-06-02T09:40:29.636+0700] {dag.py:4138} INFO - Setting next_dagrun for dag_scraping_twitter to 2026-06-01 23:00:00+00:00, run_after=2026-06-02 11:00:00+00:00
[2026-06-02T09:40:29.664+0700] {processor.py:208} INFO - Processing /opt/airflow/dags/dag_scraping_twitter.py took 0.141 seconds
[2026-06-02T09:41:00.077+0700] {processor.py:186} INFO - Started process (PID=514) to work on /opt/airflow/dags/dag_scraping_twitter.py
[2026-06-02T09:41:00.078+0700] {processor.py:914} INFO - Processing file /opt/airflow/dags/dag_scraping_twitter.py for tasks to queue
[2026-06-02T09:41:00.081+0700] {logging_mixin.py:190} INFO - [2026-06-02T09:41:00.081+0700] {dagbag.py:587} INFO - Filling up the DagBag from /opt/airflow/dags/dag_scraping_twitter.py
[2026-06-02T09:41:00.103+0700] {processor.py:925} INFO - DAG(s) 'dag_scraping_twitter' retrieved from /opt/airflow/dags/dag_scraping_twitter.py
[2026-06-02T09:41:00.133+0700] {logging_mixin.py:190} INFO - [2026-06-02T09:41:00.132+0700] {dag.py:3211} INFO - Sync 1 DAGs
[2026-06-02T09:41:00.163+0700] {logging_mixin.py:190} INFO - [2026-06-02T09:41:00.163+0700] {dag.py:4138} INFO - Setting next_dagrun for dag_scraping_twitter to 2026-06-01 23:00:00+00:00, run_after=2026-06-02 11:00:00+00:00
[2026-06-02T09:41:00.189+0700] {processor.py:208} INFO - Processing /opt/airflow/dags/dag_scraping_twitter.py took 0.118 seconds
[2026-06-02T09:41:30.458+0700] {processor.py:186} INFO - Started process (PID=543) to work on /opt/airflow/dags/dag_scraping_twitter.py
[2026-06-02T09:41:30.459+0700] {processor.py:914} INFO - Processing file /opt/airflow/dags/dag_scraping_twitter.py for tasks to queue
[2026-06-02T09:41:30.462+0700] {logging_mixin.py:190} INFO - [2026-06-02T09:41:30.461+0700] {dagbag.py:587} INFO - Filling up the DagBag from /opt/airflow/dags/dag_scraping_twitter.py
[2026-06-02T09:41:30.483+0700] {processor.py:925} INFO - DAG(s) 'dag_scraping_twitter' retrieved from /opt/airflow/dags/dag_scraping_twitter.py
[2026-06-02T09:41:30.513+0700] {logging_mixin.py:190} INFO - [2026-06-02T09:41:30.513+0700] {dag.py:3211} INFO - Sync 1 DAGs
[2026-06-02T09:41:30.539+0700] {logging_mixin.py:190} INFO - [2026-06-02T09:41:30.539+0700] {dag.py:4138} INFO - Setting next_dagrun for dag_scraping_twitter to 2026-06-01 23:00:00+00:00, run_after=2026-06-02 11:00:00+00:00
[2026-06-02T09:41:30.560+0700] {processor.py:208} INFO - Processing /opt/airflow/dags/dag_scraping_twitter.py took 0.109 seconds
[2026-06-02T09:42:00.711+0700] {processor.py:186} INFO - Started process (PID=571) to work on /opt/airflow/dags/dag_scraping_twitter.py
[2026-06-02T09:42:00.712+0700] {processor.py:914} INFO - Processing file /opt/airflow/dags/dag_scraping_twitter.py for tasks to queue
[2026-06-02T09:42:00.715+0700] {logging_mixin.py:190} INFO - [2026-06-02T09:42:00.714+0700] {dagbag.py:587} INFO - Filling up the DagBag from /opt/airflow/dags/dag_scraping_twitter.py
[2026-06-02T09:42:00.733+0700] {processor.py:925} INFO - DAG(s) 'dag_scraping_twitter' retrieved from /opt/airflow/dags/dag_scraping_twitter.py
[2026-06-02T09:42:00.763+0700] {logging_mixin.py:190} INFO - [2026-06-02T09:42:00.763+0700] {dag.py:3211} INFO - Sync 1 DAGs
[2026-06-02T09:42:00.787+0700] {logging_mixin.py:190} INFO - [2026-06-02T09:42:00.786+0700] {dag.py:4138} INFO - Setting next_dagrun for dag_scraping_twitter to 2026-06-01 23:00:00+00:00, run_after=2026-06-02 11:00:00+00:00
[2026-06-02T09:42:00.809+0700] {processor.py:208} INFO - Processing /opt/airflow/dags/dag_scraping_twitter.py took 0.104 seconds
[2026-06-02T09:42:31.152+0700] {processor.py:186} INFO - Started process (PID=599) to work on /opt/airflow/dags/dag_scraping_twitter.py
[2026-06-02T09:42:31.161+0700] {processor.py:914} INFO - Processing file /opt/airflow/dags/dag_scraping_twitter.py for tasks to queue
[2026-06-02T09:42:31.174+0700] {logging_mixin.py:190} INFO - [2026-06-02T09:42:31.173+0700] {dagbag.py:587} INFO - Filling up the DagBag from /opt/airflow/dags/dag_scraping_twitter.py
[2026-06-02T09:42:31.326+0700] {processor.py:925} INFO - DAG(s) 'dag_scraping_twitter' retrieved from /opt/airflow/dags/dag_scraping_twitter.py
[2026-06-02T09:42:31.420+0700] {logging_mixin.py:190} INFO - [2026-06-02T09:42:31.420+0700] {dag.py:3211} INFO - Sync 1 DAGs
[2026-06-02T09:42:31.521+0700] {logging_mixin.py:190} INFO - [2026-06-02T09:42:31.520+0700] {dag.py:4138} INFO - Setting next_dagrun for dag_scraping_twitter to 2026-06-01 23:00:00+00:00, run_after=2026-06-02 11:00:00+00:00
[2026-06-02T09:42:31.623+0700] {processor.py:208} INFO - Processing /opt/airflow/dags/dag_scraping_twitter.py took 0.491 seconds
[2026-06-02T09:43:01.943+0700] {processor.py:186} INFO - Started process (PID=627) to work on /opt/airflow/dags/dag_scraping_twitter.py
[2026-06-02T09:43:01.944+0700] {processor.py:914} INFO - Processing file /opt/airflow/dags/dag_scraping_twitter.py for tasks to queue
[2026-06-02T09:43:01.947+0700] {logging_mixin.py:190} INFO - [2026-06-02T09:43:01.947+0700] {dagbag.py:587} INFO - Filling up the DagBag from /opt/airflow/dags/dag_scraping_twitter.py
[2026-06-02T09:43:01.969+0700] {processor.py:925} INFO - DAG(s) 'dag_scraping_twitter' retrieved from /opt/airflow/dags/dag_scraping_twitter.py
[2026-06-02T09:43:01.998+0700] {logging_mixin.py:190} INFO - [2026-06-02T09:43:01.998+0700] {dag.py:3211} INFO - Sync 1 DAGs
[2026-06-02T09:43:02.021+0700] {logging_mixin.py:190} INFO - [2026-06-02T09:43:02.021+0700] {dag.py:4138} INFO - Setting next_dagrun for dag_scraping_twitter to 2026-06-01 23:00:00+00:00, run_after=2026-06-02 11:00:00+00:00
[2026-06-02T09:43:02.042+0700] {processor.py:208} INFO - Processing /opt/airflow/dags/dag_scraping_twitter.py took 0.105 seconds
[2026-06-02T09:43:32.230+0700] {processor.py:186} INFO - Started process (PID=655) to work on /opt/airflow/dags/dag_scraping_twitter.py
[2026-06-02T09:43:32.231+0700] {processor.py:914} INFO - Processing file /opt/airflow/dags/dag_scraping_twitter.py for tasks to queue
[2026-06-02T09:43:32.234+0700] {logging_mixin.py:190} INFO - [2026-06-02T09:43:32.233+0700] {dagbag.py:587} INFO - Filling up the DagBag from /opt/airflow/dags/dag_scraping_twitter.py
[2026-06-02T09:43:32.262+0700] {processor.py:925} INFO - DAG(s) 'dag_scraping_twitter' retrieved from /opt/airflow/dags/dag_scraping_twitter.py
[2026-06-02T09:43:32.298+0700] {logging_mixin.py:190} INFO - [2026-06-02T09:43:32.298+0700] {dag.py:3211} INFO - Sync 1 DAGs
[2026-06-02T09:43:32.328+0700] {logging_mixin.py:190} INFO - [2026-06-02T09:43:32.327+0700] {dag.py:4138} INFO - Setting next_dagrun for dag_scraping_twitter to 2026-06-01 23:00:00+00:00, run_after=2026-06-02 11:00:00+00:00
[2026-06-02T09:43:32.353+0700] {processor.py:208} INFO - Processing /opt/airflow/dags/dag_scraping_twitter.py took 0.132 seconds
[2026-06-02T09:44:02.647+0700] {processor.py:186} INFO - Started process (PID=683) to work on /opt/airflow/dags/dag_scraping_twitter.py
[2026-06-02T09:44:02.649+0700] {processor.py:914} INFO - Processing file /opt/airflow/dags/dag_scraping_twitter.py for tasks to queue
[2026-06-02T09:44:02.653+0700] {logging_mixin.py:190} INFO - [2026-06-02T09:44:02.652+0700] {dagbag.py:587} INFO - Filling up the DagBag from /opt/airflow/dags/dag_scraping_twitter.py
[2026-06-02T09:44:02.692+0700] {processor.py:925} INFO - DAG(s) 'dag_scraping_twitter' retrieved from /opt/airflow/dags/dag_scraping_twitter.py
[2026-06-02T09:44:02.743+0700] {logging_mixin.py:190} INFO - [2026-06-02T09:44:02.742+0700] {dag.py:3211} INFO - Sync 1 DAGs
[2026-06-02T09:44:02.781+0700] {logging_mixin.py:190} INFO - [2026-06-02T09:44:02.781+0700] {dag.py:4138} INFO - Setting next_dagrun for dag_scraping_twitter to 2026-06-01 23:00:00+00:00, run_after=2026-06-02 11:00:00+00:00
[2026-06-02T09:44:02.812+0700] {processor.py:208} INFO - Processing /opt/airflow/dags/dag_scraping_twitter.py took 0.178 seconds
[2026-06-02T09:44:33.409+0700] {processor.py:186} INFO - Started process (PID=711) to work on /opt/airflow/dags/dag_scraping_twitter.py
[2026-06-02T09:44:33.410+0700] {processor.py:914} INFO - Processing file /opt/airflow/dags/dag_scraping_twitter.py for tasks to queue
[2026-06-02T09:44:33.413+0700] {logging_mixin.py:190} INFO - [2026-06-02T09:44:33.413+0700] {dagbag.py:587} INFO - Filling up the DagBag from /opt/airflow/dags/dag_scraping_twitter.py
[2026-06-02T09:44:33.434+0700] {processor.py:925} INFO - DAG(s) 'dag_scraping_twitter' retrieved from /opt/airflow/dags/dag_scraping_twitter.py
[2026-06-02T09:44:33.470+0700] {logging_mixin.py:190} INFO - [2026-06-02T09:44:33.469+0700] {dag.py:3211} INFO - Sync 1 DAGs
[2026-06-02T09:44:33.502+0700] {logging_mixin.py:190} INFO - [2026-06-02T09:44:33.501+0700] {dag.py:4138} INFO - Setting next_dagrun for dag_scraping_twitter to 2026-06-01 23:00:00+00:00, run_after=2026-06-02 11:00:00+00:00
[2026-06-02T09:44:33.525+0700] {processor.py:208} INFO - Processing /opt/airflow/dags/dag_scraping_twitter.py took 0.124 seconds
[2026-06-02T09:45:03.943+0700] {processor.py:186} INFO - Started process (PID=739) to work on /opt/airflow/dags/dag_scraping_twitter.py
[2026-06-02T09:45:03.951+0700] {processor.py:914} INFO - Processing file /opt/airflow/dags/dag_scraping_twitter.py for tasks to queue
[2026-06-02T09:45:03.954+0700] {logging_mixin.py:190} INFO - [2026-06-02T09:45:03.954+0700] {dagbag.py:587} INFO - Filling up the DagBag from /opt/airflow/dags/dag_scraping_twitter.py
[2026-06-02T09:45:04.034+0700] {processor.py:925} INFO - DAG(s) 'dag_scraping_twitter' retrieved from /opt/airflow/dags/dag_scraping_twitter.py
[2026-06-02T09:45:04.089+0700] {logging_mixin.py:190} INFO - [2026-06-02T09:45:04.088+0700] {dag.py:3211} INFO - Sync 1 DAGs
[2026-06-02T09:45:04.156+0700] {logging_mixin.py:190} INFO - [2026-06-02T09:45:04.156+0700] {dag.py:4138} INFO - Setting next_dagrun for dag_scraping_twitter to 2026-06-01 23:00:00+00:00, run_after=2026-06-02 11:00:00+00:00
[2026-06-02T09:45:04.186+0700] {processor.py:208} INFO - Processing /opt/airflow/dags/dag_scraping_twitter.py took 0.253 seconds
[2026-06-02T09:45:34.457+0700] {processor.py:186} INFO - Started process (PID=767) to work on /opt/airflow/dags/dag_scraping_twitter.py
[2026-06-02T09:45:34.458+0700] {processor.py:914} INFO - Processing file /opt/airflow/dags/dag_scraping_twitter.py for tasks to queue
[2026-06-02T09:45:34.463+0700] {logging_mixin.py:190} INFO - [2026-06-02T09:45:34.462+0700] {dagbag.py:587} INFO - Filling up the DagBag from /opt/airflow/dags/dag_scraping_twitter.py
[2026-06-02T09:45:34.489+0700] {processor.py:925} INFO - DAG(s) 'dag_scraping_twitter' retrieved from /opt/airflow/dags/dag_scraping_twitter.py
[2026-06-02T09:45:34.519+0700] {logging_mixin.py:190} INFO - [2026-06-02T09:45:34.519+0700] {dag.py:3211} INFO - Sync 1 DAGs
[2026-06-02T09:45:34.546+0700] {logging_mixin.py:190} INFO - [2026-06-02T09:45:34.546+0700] {dag.py:4138} INFO - Setting next_dagrun for dag_scraping_twitter to 2026-06-01 23:00:00+00:00, run_after=2026-06-02 11:00:00+00:00
[2026-06-02T09:45:34.573+0700] {processor.py:208} INFO - Processing /opt/airflow/dags/dag_scraping_twitter.py took 0.124 seconds
[2026-06-02T09:46:05.007+0700] {processor.py:186} INFO - Started process (PID=795) to work on /opt/airflow/dags/dag_scraping_twitter.py
[2026-06-02T09:46:05.008+0700] {processor.py:914} INFO - Processing file /opt/airflow/dags/dag_scraping_twitter.py for tasks to queue
[2026-06-02T09:46:05.011+0700] {logging_mixin.py:190} INFO - [2026-06-02T09:46:05.011+0700] {dagbag.py:587} INFO - Filling up the DagBag from /opt/airflow/dags/dag_scraping_twitter.py
[2026-06-02T09:46:05.035+0700] {processor.py:925} INFO - DAG(s) 'dag_scraping_twitter' retrieved from /opt/airflow/dags/dag_scraping_twitter.py
[2026-06-02T09:46:05.066+0700] {logging_mixin.py:190} INFO - [2026-06-02T09:46:05.065+0700] {dag.py:3211} INFO - Sync 1 DAGs
[2026-06-02T09:46:05.095+0700] {logging_mixin.py:190} INFO - [2026-06-02T09:46:05.094+0700] {dag.py:4138} INFO - Setting next_dagrun for dag_scraping_twitter to 2026-06-01 23:00:00+00:00, run_after=2026-06-02 11:00:00+00:00
[2026-06-02T09:46:05.119+0700] {processor.py:208} INFO - Processing /opt/airflow/dags/dag_scraping_twitter.py took 0.118 seconds
