[2026-06-12T07:49:49.878+0700] {processor.py:186} INFO - Started process (PID=175) to work on /opt/airflow/dags/dag_remosy_master.py
[2026-06-12T07:49:49.880+0700] {processor.py:914} INFO - Processing file /opt/airflow/dags/dag_remosy_master.py for tasks to queue
[2026-06-12T07:49:49.883+0700] {logging_mixin.py:190} INFO - [2026-06-12T07:49:49.883+0700] {dagbag.py:587} INFO - Filling up the DagBag from /opt/airflow/dags/dag_remosy_master.py
[2026-06-12T07:49:49.921+0700] {processor.py:925} INFO - DAG(s) 'remosy_master_end_to_end' retrieved from /opt/airflow/dags/dag_remosy_master.py
[2026-06-12T07:49:49.991+0700] {logging_mixin.py:190} INFO - [2026-06-12T07:49:49.991+0700] {dag.py:3211} INFO - Sync 1 DAGs
[2026-06-12T07:49:50.038+0700] {logging_mixin.py:190} INFO - [2026-06-12T07:49:50.038+0700] {dag.py:4138} INFO - Setting next_dagrun for remosy_master_end_to_end to 2026-06-11 17:00:00+00:00, run_after=2026-06-12 05:00:00+00:00
[2026-06-12T07:49:50.068+0700] {processor.py:208} INFO - Processing /opt/airflow/dags/dag_remosy_master.py took 0.199 seconds
[2026-06-12T07:50:20.250+0700] {processor.py:186} INFO - Started process (PID=231) to work on /opt/airflow/dags/dag_remosy_master.py
[2026-06-12T07:50:20.251+0700] {processor.py:914} INFO - Processing file /opt/airflow/dags/dag_remosy_master.py for tasks to queue
[2026-06-12T07:50:20.254+0700] {logging_mixin.py:190} INFO - [2026-06-12T07:50:20.253+0700] {dagbag.py:587} INFO - Filling up the DagBag from /opt/airflow/dags/dag_remosy_master.py
[2026-06-12T07:50:20.291+0700] {processor.py:925} INFO - DAG(s) 'remosy_master_end_to_end' retrieved from /opt/airflow/dags/dag_remosy_master.py
[2026-06-12T07:50:20.325+0700] {logging_mixin.py:190} INFO - [2026-06-12T07:50:20.325+0700] {dag.py:3211} INFO - Sync 1 DAGs
[2026-06-12T07:50:20.349+0700] {logging_mixin.py:190} INFO - [2026-06-12T07:50:20.349+0700] {dag.py:4138} INFO - Setting next_dagrun for remosy_master_end_to_end to 2026-06-11 17:00:00+00:00, run_after=2026-06-12 05:00:00+00:00
[2026-06-12T07:50:20.389+0700] {processor.py:208} INFO - Processing /opt/airflow/dags/dag_remosy_master.py took 0.145 seconds
[2026-06-12T07:50:51.116+0700] {processor.py:186} INFO - Started process (PID=254) to work on /opt/airflow/dags/dag_remosy_master.py
[2026-06-12T07:50:51.118+0700] {processor.py:914} INFO - Processing file /opt/airflow/dags/dag_remosy_master.py for tasks to queue
[2026-06-12T07:50:51.122+0700] {logging_mixin.py:190} INFO - [2026-06-12T07:50:51.121+0700] {dagbag.py:587} INFO - Filling up the DagBag from /opt/airflow/dags/dag_remosy_master.py
[2026-06-12T07:50:51.154+0700] {processor.py:925} INFO - DAG(s) 'remosy_master_end_to_end' retrieved from /opt/airflow/dags/dag_remosy_master.py
[2026-06-12T07:50:51.189+0700] {logging_mixin.py:190} INFO - [2026-06-12T07:50:51.189+0700] {dag.py:3211} INFO - Sync 1 DAGs
[2026-06-12T07:50:51.219+0700] {logging_mixin.py:190} INFO - [2026-06-12T07:50:51.219+0700] {dag.py:4138} INFO - Setting next_dagrun for remosy_master_end_to_end to 2026-06-11 17:00:00+00:00, run_after=2026-06-12 05:00:00+00:00
[2026-06-12T07:50:51.240+0700] {processor.py:208} INFO - Processing /opt/airflow/dags/dag_remosy_master.py took 0.130 seconds
[2026-06-12T07:51:21.516+0700] {processor.py:186} INFO - Started process (PID=289) to work on /opt/airflow/dags/dag_remosy_master.py
[2026-06-12T07:51:21.517+0700] {processor.py:914} INFO - Processing file /opt/airflow/dags/dag_remosy_master.py for tasks to queue
[2026-06-12T07:51:21.519+0700] {logging_mixin.py:190} INFO - [2026-06-12T07:51:21.519+0700] {dagbag.py:587} INFO - Filling up the DagBag from /opt/airflow/dags/dag_remosy_master.py
[2026-06-12T07:51:21.545+0700] {processor.py:925} INFO - DAG(s) 'remosy_master_end_to_end' retrieved from /opt/airflow/dags/dag_remosy_master.py
[2026-06-12T07:51:21.579+0700] {logging_mixin.py:190} INFO - [2026-06-12T07:51:21.579+0700] {dag.py:3211} INFO - Sync 1 DAGs
[2026-06-12T07:51:21.611+0700] {logging_mixin.py:190} INFO - [2026-06-12T07:51:21.611+0700] {dag.py:4138} INFO - Setting next_dagrun for remosy_master_end_to_end to 2026-06-11 17:00:00+00:00, run_after=2026-06-12 05:00:00+00:00
[2026-06-12T07:51:21.633+0700] {processor.py:208} INFO - Processing /opt/airflow/dags/dag_remosy_master.py took 0.123 seconds
[2026-06-12T07:51:52.333+0700] {processor.py:186} INFO - Started process (PID=312) to work on /opt/airflow/dags/dag_remosy_master.py
[2026-06-12T07:51:52.334+0700] {processor.py:914} INFO - Processing file /opt/airflow/dags/dag_remosy_master.py for tasks to queue
[2026-06-12T07:51:52.338+0700] {logging_mixin.py:190} INFO - [2026-06-12T07:51:52.337+0700] {dagbag.py:587} INFO - Filling up the DagBag from /opt/airflow/dags/dag_remosy_master.py
[2026-06-12T07:51:52.362+0700] {processor.py:925} INFO - DAG(s) 'remosy_master_end_to_end' retrieved from /opt/airflow/dags/dag_remosy_master.py
[2026-06-12T07:51:52.397+0700] {logging_mixin.py:190} INFO - [2026-06-12T07:51:52.396+0700] {dag.py:3211} INFO - Sync 1 DAGs
[2026-06-12T07:51:52.422+0700] {logging_mixin.py:190} INFO - [2026-06-12T07:51:52.422+0700] {dag.py:4138} INFO - Setting next_dagrun for remosy_master_end_to_end to 2026-06-11 17:00:00+00:00, run_after=2026-06-12 05:00:00+00:00
[2026-06-12T07:51:52.441+0700] {processor.py:208} INFO - Processing /opt/airflow/dags/dag_remosy_master.py took 0.115 seconds
[2026-06-12T07:52:22.560+0700] {processor.py:186} INFO - Started process (PID=335) to work on /opt/airflow/dags/dag_remosy_master.py
[2026-06-12T07:52:22.561+0700] {processor.py:914} INFO - Processing file /opt/airflow/dags/dag_remosy_master.py for tasks to queue
[2026-06-12T07:52:22.567+0700] {logging_mixin.py:190} INFO - [2026-06-12T07:52:22.566+0700] {dagbag.py:587} INFO - Filling up the DagBag from /opt/airflow/dags/dag_remosy_master.py
[2026-06-12T07:52:22.593+0700] {processor.py:925} INFO - DAG(s) 'remosy_master_end_to_end' retrieved from /opt/airflow/dags/dag_remosy_master.py
[2026-06-12T07:52:22.635+0700] {logging_mixin.py:190} INFO - [2026-06-12T07:52:22.635+0700] {dag.py:3211} INFO - Sync 1 DAGs
[2026-06-12T07:52:22.676+0700] {logging_mixin.py:190} INFO - [2026-06-12T07:52:22.675+0700] {dag.py:4138} INFO - Setting next_dagrun for remosy_master_end_to_end to 2026-06-11 17:00:00+00:00, run_after=2026-06-12 05:00:00+00:00
[2026-06-12T07:52:22.703+0700] {processor.py:208} INFO - Processing /opt/airflow/dags/dag_remosy_master.py took 0.152 seconds
[2026-06-12T07:52:52.917+0700] {processor.py:186} INFO - Started process (PID=358) to work on /opt/airflow/dags/dag_remosy_master.py
[2026-06-12T07:52:52.918+0700] {processor.py:914} INFO - Processing file /opt/airflow/dags/dag_remosy_master.py for tasks to queue
[2026-06-12T07:52:52.921+0700] {logging_mixin.py:190} INFO - [2026-06-12T07:52:52.920+0700] {dagbag.py:587} INFO - Filling up the DagBag from /opt/airflow/dags/dag_remosy_master.py
[2026-06-12T07:52:52.940+0700] {processor.py:925} INFO - DAG(s) 'remosy_master_end_to_end' retrieved from /opt/airflow/dags/dag_remosy_master.py
[2026-06-12T07:52:52.974+0700] {logging_mixin.py:190} INFO - [2026-06-12T07:52:52.973+0700] {dag.py:3211} INFO - Sync 1 DAGs
[2026-06-12T07:52:53.004+0700] {logging_mixin.py:190} INFO - [2026-06-12T07:52:53.004+0700] {dag.py:4138} INFO - Setting next_dagrun for remosy_master_end_to_end to 2026-06-11 17:00:00+00:00, run_after=2026-06-12 05:00:00+00:00
[2026-06-12T07:52:53.027+0700] {processor.py:208} INFO - Processing /opt/airflow/dags/dag_remosy_master.py took 0.115 seconds
[2026-06-12T07:53:23.315+0700] {processor.py:186} INFO - Started process (PID=381) to work on /opt/airflow/dags/dag_remosy_master.py
[2026-06-12T07:53:23.316+0700] {processor.py:914} INFO - Processing file /opt/airflow/dags/dag_remosy_master.py for tasks to queue
[2026-06-12T07:53:23.322+0700] {logging_mixin.py:190} INFO - [2026-06-12T07:53:23.320+0700] {dagbag.py:587} INFO - Filling up the DagBag from /opt/airflow/dags/dag_remosy_master.py
[2026-06-12T07:53:23.355+0700] {processor.py:925} INFO - DAG(s) 'remosy_master_end_to_end' retrieved from /opt/airflow/dags/dag_remosy_master.py
[2026-06-12T07:53:23.402+0700] {logging_mixin.py:190} INFO - [2026-06-12T07:53:23.402+0700] {dag.py:3211} INFO - Sync 1 DAGs
[2026-06-12T07:53:23.442+0700] {logging_mixin.py:190} INFO - [2026-06-12T07:53:23.442+0700] {dag.py:4138} INFO - Setting next_dagrun for remosy_master_end_to_end to 2026-06-11 17:00:00+00:00, run_after=2026-06-12 05:00:00+00:00
[2026-06-12T07:53:23.474+0700] {processor.py:208} INFO - Processing /opt/airflow/dags/dag_remosy_master.py took 0.168 seconds
[2026-06-12T07:53:53.613+0700] {processor.py:186} INFO - Started process (PID=404) to work on /opt/airflow/dags/dag_remosy_master.py
[2026-06-12T07:53:53.614+0700] {processor.py:914} INFO - Processing file /opt/airflow/dags/dag_remosy_master.py for tasks to queue
[2026-06-12T07:53:53.616+0700] {logging_mixin.py:190} INFO - [2026-06-12T07:53:53.616+0700] {dagbag.py:587} INFO - Filling up the DagBag from /opt/airflow/dags/dag_remosy_master.py
[2026-06-12T07:53:53.638+0700] {processor.py:925} INFO - DAG(s) 'remosy_master_end_to_end' retrieved from /opt/airflow/dags/dag_remosy_master.py
[2026-06-12T07:53:53.667+0700] {logging_mixin.py:190} INFO - [2026-06-12T07:53:53.666+0700] {dag.py:3211} INFO - Sync 1 DAGs
[2026-06-12T07:53:53.692+0700] {logging_mixin.py:190} INFO - [2026-06-12T07:53:53.692+0700] {dag.py:4138} INFO - Setting next_dagrun for remosy_master_end_to_end to 2026-06-11 17:00:00+00:00, run_after=2026-06-12 05:00:00+00:00
[2026-06-12T07:53:53.713+0700] {processor.py:208} INFO - Processing /opt/airflow/dags/dag_remosy_master.py took 0.105 seconds
[2026-06-12T07:54:23.891+0700] {processor.py:186} INFO - Started process (PID=427) to work on /opt/airflow/dags/dag_remosy_master.py
[2026-06-12T07:54:23.892+0700] {processor.py:914} INFO - Processing file /opt/airflow/dags/dag_remosy_master.py for tasks to queue
[2026-06-12T07:54:23.896+0700] {logging_mixin.py:190} INFO - [2026-06-12T07:54:23.895+0700] {dagbag.py:587} INFO - Filling up the DagBag from /opt/airflow/dags/dag_remosy_master.py
[2026-06-12T07:54:23.920+0700] {processor.py:925} INFO - DAG(s) 'remosy_master_end_to_end' retrieved from /opt/airflow/dags/dag_remosy_master.py
[2026-06-12T07:54:23.954+0700] {logging_mixin.py:190} INFO - [2026-06-12T07:54:23.954+0700] {dag.py:3211} INFO - Sync 1 DAGs
[2026-06-12T07:54:23.984+0700] {logging_mixin.py:190} INFO - [2026-06-12T07:54:23.984+0700] {dag.py:4138} INFO - Setting next_dagrun for remosy_master_end_to_end to 2026-06-11 17:00:00+00:00, run_after=2026-06-12 05:00:00+00:00
[2026-06-12T07:54:24.007+0700] {processor.py:208} INFO - Processing /opt/airflow/dags/dag_remosy_master.py took 0.125 seconds
[2026-06-12T07:54:54.927+0700] {processor.py:186} INFO - Started process (PID=450) to work on /opt/airflow/dags/dag_remosy_master.py
[2026-06-12T07:54:54.929+0700] {processor.py:914} INFO - Processing file /opt/airflow/dags/dag_remosy_master.py for tasks to queue
[2026-06-12T07:54:54.937+0700] {logging_mixin.py:190} INFO - [2026-06-12T07:54:54.937+0700] {dagbag.py:587} INFO - Filling up the DagBag from /opt/airflow/dags/dag_remosy_master.py
[2026-06-12T07:54:54.964+0700] {processor.py:925} INFO - DAG(s) 'remosy_master_end_to_end' retrieved from /opt/airflow/dags/dag_remosy_master.py
[2026-06-12T07:54:55.004+0700] {logging_mixin.py:190} INFO - [2026-06-12T07:54:55.004+0700] {dag.py:3211} INFO - Sync 1 DAGs
[2026-06-12T07:54:55.039+0700] {logging_mixin.py:190} INFO - [2026-06-12T07:54:55.039+0700] {dag.py:4138} INFO - Setting next_dagrun for remosy_master_end_to_end to 2026-06-11 17:00:00+00:00, run_after=2026-06-12 05:00:00+00:00
[2026-06-12T07:54:55.068+0700] {processor.py:208} INFO - Processing /opt/airflow/dags/dag_remosy_master.py took 0.150 seconds
[2026-06-12T07:55:25.646+0700] {processor.py:186} INFO - Started process (PID=473) to work on /opt/airflow/dags/dag_remosy_master.py
[2026-06-12T07:55:25.650+0700] {processor.py:914} INFO - Processing file /opt/airflow/dags/dag_remosy_master.py for tasks to queue
[2026-06-12T07:55:25.653+0700] {logging_mixin.py:190} INFO - [2026-06-12T07:55:25.652+0700] {dagbag.py:587} INFO - Filling up the DagBag from /opt/airflow/dags/dag_remosy_master.py
[2026-06-12T07:55:25.683+0700] {processor.py:925} INFO - DAG(s) 'remosy_master_end_to_end' retrieved from /opt/airflow/dags/dag_remosy_master.py
[2026-06-12T07:55:25.723+0700] {logging_mixin.py:190} INFO - [2026-06-12T07:55:25.723+0700] {dag.py:3211} INFO - Sync 1 DAGs
[2026-06-12T07:55:25.749+0700] {logging_mixin.py:190} INFO - [2026-06-12T07:55:25.748+0700] {dag.py:4138} INFO - Setting next_dagrun for remosy_master_end_to_end to 2026-06-11 17:00:00+00:00, run_after=2026-06-12 05:00:00+00:00
[2026-06-12T07:55:25.769+0700] {processor.py:208} INFO - Processing /opt/airflow/dags/dag_remosy_master.py took 0.130 seconds
[2026-06-12T07:55:56.834+0700] {processor.py:186} INFO - Started process (PID=496) to work on /opt/airflow/dags/dag_remosy_master.py
[2026-06-12T07:55:56.836+0700] {processor.py:914} INFO - Processing file /opt/airflow/dags/dag_remosy_master.py for tasks to queue
[2026-06-12T07:55:56.841+0700] {logging_mixin.py:190} INFO - [2026-06-12T07:55:56.840+0700] {dagbag.py:587} INFO - Filling up the DagBag from /opt/airflow/dags/dag_remosy_master.py
[2026-06-12T07:55:56.880+0700] {processor.py:925} INFO - DAG(s) 'remosy_master_end_to_end' retrieved from /opt/airflow/dags/dag_remosy_master.py
[2026-06-12T07:55:56.936+0700] {logging_mixin.py:190} INFO - [2026-06-12T07:55:56.935+0700] {dag.py:3211} INFO - Sync 1 DAGs
[2026-06-12T07:55:56.982+0700] {logging_mixin.py:190} INFO - [2026-06-12T07:55:56.982+0700] {dag.py:4138} INFO - Setting next_dagrun for remosy_master_end_to_end to 2026-06-11 17:00:00+00:00, run_after=2026-06-12 05:00:00+00:00
[2026-06-12T07:55:57.020+0700] {processor.py:208} INFO - Processing /opt/airflow/dags/dag_remosy_master.py took 0.197 seconds
[2026-06-12T07:56:27.545+0700] {processor.py:186} INFO - Started process (PID=520) to work on /opt/airflow/dags/dag_remosy_master.py
[2026-06-12T07:56:27.546+0700] {processor.py:914} INFO - Processing file /opt/airflow/dags/dag_remosy_master.py for tasks to queue
[2026-06-12T07:56:27.553+0700] {logging_mixin.py:190} INFO - [2026-06-12T07:56:27.552+0700] {dagbag.py:587} INFO - Filling up the DagBag from /opt/airflow/dags/dag_remosy_master.py
[2026-06-12T07:56:27.583+0700] {processor.py:925} INFO - DAG(s) 'remosy_master_end_to_end' retrieved from /opt/airflow/dags/dag_remosy_master.py
[2026-06-12T07:56:27.630+0700] {logging_mixin.py:190} INFO - [2026-06-12T07:56:27.630+0700] {dag.py:3211} INFO - Sync 1 DAGs
[2026-06-12T07:56:27.675+0700] {logging_mixin.py:190} INFO - [2026-06-12T07:56:27.675+0700] {dag.py:4138} INFO - Setting next_dagrun for remosy_master_end_to_end to 2026-06-11 17:00:00+00:00, run_after=2026-06-12 05:00:00+00:00
[2026-06-12T07:56:28.068+0700] {processor.py:208} INFO - Processing /opt/airflow/dags/dag_remosy_master.py took 0.530 seconds
[2026-06-12T07:56:58.620+0700] {processor.py:186} INFO - Started process (PID=543) to work on /opt/airflow/dags/dag_remosy_master.py
[2026-06-12T07:56:58.621+0700] {processor.py:914} INFO - Processing file /opt/airflow/dags/dag_remosy_master.py for tasks to queue
[2026-06-12T07:56:58.623+0700] {logging_mixin.py:190} INFO - [2026-06-12T07:56:58.623+0700] {dagbag.py:587} INFO - Filling up the DagBag from /opt/airflow/dags/dag_remosy_master.py
[2026-06-12T07:56:58.643+0700] {processor.py:925} INFO - DAG(s) 'remosy_master_end_to_end' retrieved from /opt/airflow/dags/dag_remosy_master.py
[2026-06-12T07:56:58.668+0700] {logging_mixin.py:190} INFO - [2026-06-12T07:56:58.668+0700] {dag.py:3211} INFO - Sync 1 DAGs
[2026-06-12T07:56:58.836+0700] {logging_mixin.py:190} INFO - [2026-06-12T07:56:58.836+0700] {dag.py:4138} INFO - Setting next_dagrun for remosy_master_end_to_end to 2026-06-11 17:00:00+00:00, run_after=2026-06-12 05:00:00+00:00
[2026-06-12T07:56:58.855+0700] {processor.py:208} INFO - Processing /opt/airflow/dags/dag_remosy_master.py took 0.240 seconds
[2026-06-12T07:57:29.334+0700] {processor.py:186} INFO - Started process (PID=578) to work on /opt/airflow/dags/dag_remosy_master.py
[2026-06-12T07:57:29.335+0700] {processor.py:914} INFO - Processing file /opt/airflow/dags/dag_remosy_master.py for tasks to queue
[2026-06-12T07:57:29.338+0700] {logging_mixin.py:190} INFO - [2026-06-12T07:57:29.337+0700] {dagbag.py:587} INFO - Filling up the DagBag from /opt/airflow/dags/dag_remosy_master.py
[2026-06-12T07:57:29.359+0700] {processor.py:925} INFO - DAG(s) 'remosy_master_end_to_end' retrieved from /opt/airflow/dags/dag_remosy_master.py
[2026-06-12T07:57:29.540+0700] {logging_mixin.py:190} INFO - [2026-06-12T07:57:29.540+0700] {dag.py:3211} INFO - Sync 1 DAGs
[2026-06-12T07:57:29.559+0700] {logging_mixin.py:190} INFO - [2026-06-12T07:57:29.558+0700] {dag.py:4138} INFO - Setting next_dagrun for remosy_master_end_to_end to 2026-06-11 17:00:00+00:00, run_after=2026-06-12 05:00:00+00:00
[2026-06-12T07:57:29.574+0700] {processor.py:208} INFO - Processing /opt/airflow/dags/dag_remosy_master.py took 0.246 seconds
[2026-06-12T07:57:59.955+0700] {processor.py:186} INFO - Started process (PID=601) to work on /opt/airflow/dags/dag_remosy_master.py
[2026-06-12T07:57:59.955+0700] {processor.py:914} INFO - Processing file /opt/airflow/dags/dag_remosy_master.py for tasks to queue
[2026-06-12T07:57:59.957+0700] {logging_mixin.py:190} INFO - [2026-06-12T07:57:59.957+0700] {dagbag.py:587} INFO - Filling up the DagBag from /opt/airflow/dags/dag_remosy_master.py
[2026-06-12T07:57:59.975+0700] {processor.py:925} INFO - DAG(s) 'remosy_master_end_to_end' retrieved from /opt/airflow/dags/dag_remosy_master.py
[2026-06-12T07:58:00.154+0700] {logging_mixin.py:190} INFO - [2026-06-12T07:58:00.154+0700] {dag.py:3211} INFO - Sync 1 DAGs
[2026-06-12T07:58:00.173+0700] {logging_mixin.py:190} INFO - [2026-06-12T07:58:00.173+0700] {dag.py:4138} INFO - Setting next_dagrun for remosy_master_end_to_end to 2026-06-11 17:00:00+00:00, run_after=2026-06-12 05:00:00+00:00
[2026-06-12T07:58:00.190+0700] {processor.py:208} INFO - Processing /opt/airflow/dags/dag_remosy_master.py took 0.240 seconds
[2026-06-12T07:58:30.246+0700] {processor.py:186} INFO - Started process (PID=681) to work on /opt/airflow/dags/dag_remosy_master.py
[2026-06-12T07:58:30.247+0700] {processor.py:914} INFO - Processing file /opt/airflow/dags/dag_remosy_master.py for tasks to queue
[2026-06-12T07:58:30.250+0700] {logging_mixin.py:190} INFO - [2026-06-12T07:58:30.249+0700] {dagbag.py:587} INFO - Filling up the DagBag from /opt/airflow/dags/dag_remosy_master.py
[2026-06-12T07:58:30.270+0700] {processor.py:925} INFO - DAG(s) 'remosy_master_end_to_end' retrieved from /opt/airflow/dags/dag_remosy_master.py
[2026-06-12T07:58:30.302+0700] {logging_mixin.py:190} INFO - [2026-06-12T07:58:30.302+0700] {dag.py:3211} INFO - Sync 1 DAGs
[2026-06-12T07:58:30.330+0700] {logging_mixin.py:190} INFO - [2026-06-12T07:58:30.330+0700] {dag.py:4138} INFO - Setting next_dagrun for remosy_master_end_to_end to 2026-06-11 17:00:00+00:00, run_after=2026-06-12 05:00:00+00:00
[2026-06-12T07:58:30.369+0700] {processor.py:208} INFO - Processing /opt/airflow/dags/dag_remosy_master.py took 0.132 seconds
