[2026-06-16T12:00:01.316+0700] {local_task_job_runner.py:123} INFO - ::group::Pre task execution logs
[2026-06-16T12:00:01.336+0700] {taskinstance.py:2603} INFO - Dependencies all met for dep_context=non-requeueable deps ti=<TaskInstance: remosy_master_end_to_end.scrape_twitter scheduled__2026-06-15T17:00:00+00:00 [queued]>
[2026-06-16T12:00:01.351+0700] {taskinstance.py:2603} INFO - Dependencies all met for dep_context=requeueable deps ti=<TaskInstance: remosy_master_end_to_end.scrape_twitter scheduled__2026-06-15T17:00:00+00:00 [queued]>
[2026-06-16T12:00:01.352+0700] {taskinstance.py:2856} INFO - Starting attempt 1 of 1
[2026-06-16T12:00:01.369+0700] {taskinstance.py:2879} INFO - Executing <Task(PythonOperator): scrape_twitter> on 2026-06-15 17:00:00+00:00
[2026-06-16T12:00:01.379+0700] {logging_mixin.py:190} WARNING - /home/***/.local/lib/python3.12/site-packages/***/task/task_runner/standard_task_runner.py:70 DeprecationWarning: This process (pid=12099) is multi-threaded, use of fork() may lead to deadlocks in the child.
[2026-06-16T12:00:01.379+0700] {standard_task_runner.py:104} INFO - Running: ['***', 'tasks', 'run', 'remosy_master_end_to_end', 'scrape_twitter', 'scheduled__2026-06-15T17:00:00+00:00', '--job-id', '496', '--raw', '--subdir', 'DAGS_FOLDER/dag_remosy_master.py', '--cfg-path', '/tmp/tmpzbibgbid']
[2026-06-16T12:00:01.382+0700] {standard_task_runner.py:72} INFO - Started process 12101 to run task
[2026-06-16T12:00:01.382+0700] {standard_task_runner.py:105} INFO - Job 496: Subtask scrape_twitter
[2026-06-16T12:00:01.402+0700] {logging_mixin.py:190} WARNING - /home/***/.local/lib/python3.12/site-packages/***/settings.py:209 DeprecationWarning: The sql_alchemy_conn option in [core] has been moved to the sql_alchemy_conn option in [database] - the old setting has been used, but please update your config.
[2026-06-16T12:00:01.451+0700] {task_command.py:467} INFO - Running <TaskInstance: remosy_master_end_to_end.scrape_twitter scheduled__2026-06-15T17:00:00+00:00 [running]> on host 61dfca9b63ac
[2026-06-16T12:00:01.453+0700] {logging_mixin.py:190} WARNING - /home/***/.local/lib/python3.12/site-packages/***/settings.py:449 DeprecationWarning: The sql_alchemy_conn option in [core] has been moved to the sql_alchemy_conn option in [database] - the old setting has been used, but please update your config.
[2026-06-16T12:00:01.571+0700] {taskinstance.py:3122} INFO - Exporting env vars: AIRFLOW_CTX_DAG_OWNER='remosy' AIRFLOW_CTX_DAG_ID='remosy_master_end_to_end' AIRFLOW_CTX_TASK_ID='scrape_twitter' AIRFLOW_CTX_EXECUTION_DATE='2026-06-15T17:00:00+00:00' AIRFLOW_CTX_TRY_NUMBER='1' AIRFLOW_CTX_DAG_RUN_ID='scheduled__2026-06-15T17:00:00+00:00'
[2026-06-16T12:00:01.574+0700] {taskinstance.py:731} INFO - ::endgroup::
[2026-06-16T12:00:03.376+0700] {logging_mixin.py:190} INFO - Memulai Job Scraping Twitter (Relational Schema)...
[2026-06-16T12:00:03.427+0700] {logging_mixin.py:190} INFO - Mencari Tweet: UNSIKA...
[2026-06-16T12:00:26.837+0700] {logging_mixin.py:190} WARNING - /opt/***/src/scrapers/twitter_scraper.py:53 UserWarning: Could not infer format, so each element will be parsed individually, falling back to `dateutil`. To ensure parsing is consistent and as-expected, please specify a format.
[2026-06-16T12:00:26.866+0700] {logging_mixin.py:190} INFO -    ✅ Menyimpan 7 tweet BARU (Relasi ID: 1).
[2026-06-16T12:00:26.867+0700] {logging_mixin.py:190} INFO - Mencari Tweet: Universitas Singaperbangsa Karawang...
[2026-06-16T12:02:56.476+0700] {logging_mixin.py:190} WARNING - /opt/***/src/scrapers/twitter_scraper.py:53 UserWarning: Could not infer format, so each element will be parsed individually, falling back to `dateutil`. To ensure parsing is consistent and as-expected, please specify a format.
[2026-06-16T12:02:56.491+0700] {logging_mixin.py:190} INFO -    ✅ Menyimpan 3 tweet BARU (Relasi ID: 2).
[2026-06-16T12:02:56.492+0700] {logging_mixin.py:190} INFO - Mencari Tweet: unsikuy...
[2026-06-16T12:03:02.484+0700] {logging_mixin.py:190} WARNING - /opt/***/src/scrapers/twitter_scraper.py:53 UserWarning: Could not infer format, so each element will be parsed individually, falling back to `dateutil`. To ensure parsing is consistent and as-expected, please specify a format.
[2026-06-16T12:03:02.492+0700] {logging_mixin.py:190} INFO -    ✅ Menyimpan 4 tweet BARU (Relasi ID: 3).
[2026-06-16T12:03:02.493+0700] {logging_mixin.py:190} INFO - Job Twitter Selesai. Total 14 tweet baru tersimpan.
[2026-06-16T12:03:02.494+0700] {python.py:240} INFO - Done. Returned value was: None
[2026-06-16T12:03:02.506+0700] {taskinstance.py:340} INFO - ::group::Post task execution logs
[2026-06-16T12:03:02.506+0700] {taskinstance.py:352} INFO - Marking task as SUCCESS. dag_id=remosy_master_end_to_end, task_id=scrape_twitter, run_id=scheduled__2026-06-15T17:00:00+00:00, execution_date=20260615T170000, start_date=20260616T050001, end_date=20260616T050302
[2026-06-16T12:03:02.530+0700] {local_task_job_runner.py:261} INFO - Task exited with return code 0
[2026-06-16T12:03:03.612+0700] {taskinstance.py:3891} INFO - 1 downstream tasks scheduled from follow-on schedule check
[2026-06-16T12:03:03.614+0700] {local_task_job_runner.py:240} INFO - ::endgroup::
