[2026-06-06T09:11:43.680+0700] {local_task_job_runner.py:123} INFO - ::group::Pre task execution logs
[2026-06-06T09:11:43.708+0700] {taskinstance.py:2603} INFO - Dependencies all met for dep_context=non-requeueable deps ti=<TaskInstance: dag_scraping_daily.task_process_sentiment scheduled__2026-06-03T05:00:00+00:00 [queued]>
[2026-06-06T09:11:43.723+0700] {taskinstance.py:2603} INFO - Dependencies all met for dep_context=requeueable deps ti=<TaskInstance: dag_scraping_daily.task_process_sentiment scheduled__2026-06-03T05:00:00+00:00 [queued]>
[2026-06-06T09:11:43.724+0700] {taskinstance.py:2856} INFO - Starting attempt 1 of 2
[2026-06-06T09:11:43.744+0700] {taskinstance.py:2879} INFO - Executing <Task(PythonOperator): task_process_sentiment> on 2026-06-03 05:00:00+00:00
[2026-06-06T09:11:43.755+0700] {logging_mixin.py:190} WARNING - /home/***/.local/lib/python3.12/site-packages/***/task/task_runner/standard_task_runner.py:70 DeprecationWarning: This process (pid=232) is multi-threaded, use of fork() may lead to deadlocks in the child.
[2026-06-06T09:11:43.759+0700] {standard_task_runner.py:72} INFO - Started process 235 to run task
[2026-06-06T09:11:43.761+0700] {standard_task_runner.py:104} INFO - Running: ['***', 'tasks', 'run', 'dag_scraping_daily', 'task_process_sentiment', 'scheduled__2026-06-03T05:00:00+00:00', '--job-id', '396', '--raw', '--subdir', 'DAGS_FOLDER/dag_scraping_daily.py', '--cfg-path', '/tmp/tmpv72wnefg']
[2026-06-06T09:11:43.764+0700] {standard_task_runner.py:105} INFO - Job 396: Subtask task_process_sentiment
[2026-06-06T09:11:43.780+0700] {logging_mixin.py:190} WARNING - /home/***/.local/lib/python3.12/site-packages/***/settings.py:209 DeprecationWarning: The sql_alchemy_conn option in [core] has been moved to the sql_alchemy_conn option in [database] - the old setting has been used, but please update your config.
[2026-06-06T09:11:43.833+0700] {task_command.py:467} INFO - Running <TaskInstance: dag_scraping_daily.task_process_sentiment scheduled__2026-06-03T05:00:00+00:00 [running]> on host af68be27e225
[2026-06-06T09:11:43.836+0700] {logging_mixin.py:190} WARNING - /home/***/.local/lib/python3.12/site-packages/***/settings.py:449 DeprecationWarning: The sql_alchemy_conn option in [core] has been moved to the sql_alchemy_conn option in [database] - the old setting has been used, but please update your config.
[2026-06-06T09:11:43.987+0700] {taskinstance.py:3122} INFO - Exporting env vars: AIRFLOW_CTX_DAG_OWNER='remosy_admin' AIRFLOW_CTX_DAG_ID='dag_scraping_daily' AIRFLOW_CTX_TASK_ID='task_process_sentiment' AIRFLOW_CTX_EXECUTION_DATE='2026-06-03T05:00:00+00:00' AIRFLOW_CTX_TRY_NUMBER='1' AIRFLOW_CTX_DAG_RUN_ID='scheduled__2026-06-03T05:00:00+00:00'
[2026-06-06T09:11:43.988+0700] {taskinstance.py:731} INFO - ::endgroup::
[2026-06-06T09:11:55.765+0700] {logging_mixin.py:190} INFO - 🚀 Memulai Job Pemrosesan Berita (Smart Sentiment & Relevance Filter)...
[2026-06-06T09:11:55.790+0700] {logging_mixin.py:190} INFO -    📦 Memproses 18 berita baru...
[2026-06-06T09:11:55.790+0700] {logging_mixin.py:190} INFO -    🤖 Sedang memuat model AI (IndoBERT)...
[2026-06-06T09:11:56.191+0700] {_client.py:1025} INFO - HTTP Request: HEAD https://huggingface.co/w11wo/indonesian-roberta-base-sentiment-classifier/resolve/main/config.json "HTTP/1.1 307 Temporary Redirect"
[2026-06-06T09:11:56.193+0700] {logging_mixin.py:190} WARNING - Warning: You are sending unauthenticated requests to the HF Hub. Please set a HF_TOKEN to enable higher rate limits and faster downloads.
[2026-06-06T09:11:56.193+0700] {_http.py:904} WARNING - Warning: You are sending unauthenticated requests to the HF Hub. Please set a HF_TOKEN to enable higher rate limits and faster downloads.
[2026-06-06T09:11:56.218+0700] {_client.py:1025} INFO - HTTP Request: HEAD https://huggingface.co/api/resolve-cache/models/w11wo/indonesian-roberta-base-sentiment-classifier/ac452dcb0f4966130bba44f4ee0013bb5d52c282/config.json "HTTP/1.1 200 OK"
[2026-06-06T09:11:56.588+0700] {_client.py:1025} INFO - HTTP Request: HEAD https://huggingface.co/w11wo/indonesian-roberta-base-sentiment-classifier/resolve/main/model.safetensors "HTTP/1.1 302 Found"
[2026-06-06T09:12:59.682+0700] {logging_mixin.py:190} WARNING - Loading weights:   0%|          | 0/201 [00:00<?, ?it/s]
[2026-06-06T09:12:59.786+0700] {logging_mixin.py:190} WARNING - Loading weights:  89%|████████▉ | 179/201 [00:00<00:00, 1769.10it/s]
[2026-06-06T09:12:59.788+0700] {logging_mixin.py:190} WARNING - Loading weights: 100%|██████████| 201/201 [00:00<00:00, 1950.70it/s]
[2026-06-06T09:13:00.157+0700] {_client.py:1025} INFO - HTTP Request: HEAD https://huggingface.co/w11wo/indonesian-roberta-base-sentiment-classifier/resolve/main/tokenizer_config.json "HTTP/1.1 307 Temporary Redirect"
[2026-06-06T09:13:00.201+0700] {_client.py:1025} INFO - HTTP Request: HEAD https://huggingface.co/api/resolve-cache/models/w11wo/indonesian-roberta-base-sentiment-classifier/ac452dcb0f4966130bba44f4ee0013bb5d52c282/tokenizer_config.json "HTTP/1.1 200 OK"
[2026-06-06T09:13:00.240+0700] {_client.py:1025} INFO - HTTP Request: GET https://huggingface.co/api/resolve-cache/models/w11wo/indonesian-roberta-base-sentiment-classifier/ac452dcb0f4966130bba44f4ee0013bb5d52c282/tokenizer_config.json "HTTP/1.1 200 OK"
[2026-06-06T09:13:00.538+0700] {_client.py:1025} INFO - HTTP Request: GET https://huggingface.co/api/models/w11wo/indonesian-roberta-base-sentiment-classifier/tree/main/additional_chat_templates?recursive=false&expand=false "HTTP/1.1 404 Not Found"
[2026-06-06T09:13:00.838+0700] {_client.py:1025} INFO - HTTP Request: GET https://huggingface.co/api/models/w11wo/indonesian-roberta-base-sentiment-classifier/tree/main?recursive=true&expand=false "HTTP/1.1 200 OK"
[2026-06-06T09:13:01.113+0700] {_client.py:1025} INFO - HTTP Request: HEAD https://huggingface.co/w11wo/indonesian-roberta-base-sentiment-classifier/resolve/main/vocab.json "HTTP/1.1 307 Temporary Redirect"
[2026-06-06T09:13:01.148+0700] {_client.py:1025} INFO - HTTP Request: HEAD https://huggingface.co/api/resolve-cache/models/w11wo/indonesian-roberta-base-sentiment-classifier/ac452dcb0f4966130bba44f4ee0013bb5d52c282/vocab.json "HTTP/1.1 200 OK"
[2026-06-06T09:13:01.502+0700] {_client.py:1025} INFO - HTTP Request: HEAD https://huggingface.co/w11wo/indonesian-roberta-base-sentiment-classifier/resolve/main/merges.txt "HTTP/1.1 307 Temporary Redirect"
[2026-06-06T09:13:01.523+0700] {_client.py:1025} INFO - HTTP Request: HEAD https://huggingface.co/api/resolve-cache/models/w11wo/indonesian-roberta-base-sentiment-classifier/ac452dcb0f4966130bba44f4ee0013bb5d52c282/merges.txt "HTTP/1.1 200 OK"
[2026-06-06T09:13:01.544+0700] {_client.py:1025} INFO - HTTP Request: GET https://huggingface.co/api/resolve-cache/models/w11wo/indonesian-roberta-base-sentiment-classifier/ac452dcb0f4966130bba44f4ee0013bb5d52c282/merges.txt "HTTP/1.1 200 OK"
[2026-06-06T09:13:01.857+0700] {_client.py:1025} INFO - HTTP Request: HEAD https://huggingface.co/w11wo/indonesian-roberta-base-sentiment-classifier/resolve/main/tokenizer.json "HTTP/1.1 307 Temporary Redirect"
[2026-06-06T09:13:01.876+0700] {_client.py:1025} INFO - HTTP Request: HEAD https://huggingface.co/api/resolve-cache/models/w11wo/indonesian-roberta-base-sentiment-classifier/ac452dcb0f4966130bba44f4ee0013bb5d52c282/tokenizer.json "HTTP/1.1 200 OK"
[2026-06-06T09:13:01.896+0700] {_client.py:1025} INFO - HTTP Request: GET https://huggingface.co/api/resolve-cache/models/w11wo/indonesian-roberta-base-sentiment-classifier/ac452dcb0f4966130bba44f4ee0013bb5d52c282/tokenizer.json "HTTP/1.1 200 OK"
[2026-06-06T09:13:02.210+0700] {_client.py:1025} INFO - HTTP Request: HEAD https://huggingface.co/w11wo/indonesian-roberta-base-sentiment-classifier/resolve/main/added_tokens.json "HTTP/1.1 404 Not Found"
[2026-06-06T09:13:02.481+0700] {_client.py:1025} INFO - HTTP Request: HEAD https://huggingface.co/w11wo/indonesian-roberta-base-sentiment-classifier/resolve/main/special_tokens_map.json "HTTP/1.1 307 Temporary Redirect"
[2026-06-06T09:13:02.498+0700] {_client.py:1025} INFO - HTTP Request: HEAD https://huggingface.co/api/resolve-cache/models/w11wo/indonesian-roberta-base-sentiment-classifier/ac452dcb0f4966130bba44f4ee0013bb5d52c282/special_tokens_map.json "HTTP/1.1 200 OK"
[2026-06-06T09:13:02.516+0700] {_client.py:1025} INFO - HTTP Request: GET https://huggingface.co/api/resolve-cache/models/w11wo/indonesian-roberta-base-sentiment-classifier/ac452dcb0f4966130bba44f4ee0013bb5d52c282/special_tokens_map.json "HTTP/1.1 200 OK"
[2026-06-06T09:13:02.793+0700] {_client.py:1025} INFO - HTTP Request: HEAD https://huggingface.co/w11wo/indonesian-roberta-base-sentiment-classifier/resolve/main/chat_template.jinja "HTTP/1.1 404 Not Found"
[2026-06-06T09:13:03.200+0700] {logging_mixin.py:190} INFO -    ✨ FIX: 'Polantas Menyapa, Satlantas Po...' | AI: neutral -> SMART: Positive
[2026-06-06T09:13:03.208+0700] {logging_mixin.py:190} INFO -    🗑️ HAPUS (Berita Nyasar): 'Mengabdi Puluhan Tahun, Masih Belum Nikmati T...'
[2026-06-06T09:13:03.212+0700] {logging_mixin.py:190} INFO -    🗑️ HAPUS (Berita Nyasar): 'Working in Harmony Nurturing the Future - Uni...'
[2026-06-06T09:13:03.335+0700] {logging_mixin.py:190} INFO -    Process: 'Sadar Akan Hal Kecil Dimulai d...' -> Neutral
[2026-06-06T09:13:03.594+0700] {logging_mixin.py:190} INFO -    Process: 'Mahasiswa Unsika Suarakan Isu ...' -> Neutral
[2026-06-06T09:13:03.600+0700] {logging_mixin.py:190} INFO -    🗑️ HAPUS (Berita Nyasar): 'Pengembangan Usaha Kreatif, Mahasiswa UMB Rai...'
[2026-06-06T09:13:03.678+0700] {logging_mixin.py:190} INFO -    Process: 'PT Jaya Abadi Kontruksindo Pel...' -> Neutral
[2026-06-06T09:13:03.685+0700] {logging_mixin.py:190} INFO -    🗑️ HAPUS (Berita Nyasar): 'Peluang Mahasiswa Indonesia Bekerja di Bidang...'
[2026-06-06T09:13:03.840+0700] {logging_mixin.py:190} INFO -    ✨ FIX: 'KKN Universitas SIngaperbangsa...' | AI: neutral -> SMART: Positive
[2026-06-06T09:13:04.095+0700] {logging_mixin.py:190} INFO -    Process: 'Akali Kekurangan Ruang Kelas, ...' -> Neutral
[2026-06-06T09:13:04.203+0700] {logging_mixin.py:190} INFO -    Process: 'Bupati Karawang Cellica dapat ...' -> Neutral
[2026-06-06T09:13:04.318+0700] {logging_mixin.py:190} INFO -    ✨ FIX: '172 Pegawai Unsika Gelar Unjuk...' | AI: neutral -> SMART: Positive
[2026-06-06T09:13:04.392+0700] {logging_mixin.py:190} INFO -    Process: 'Mahasiswa Tagih Janji Penghapu...' -> Neutral
[2026-06-06T09:13:04.606+0700] {logging_mixin.py:190} INFO -    ✨ FIX: 'Keseruan Unsika Menggelar Fest...' | AI: neutral -> SMART: Positive
[2026-06-06T09:13:04.745+0700] {logging_mixin.py:190} INFO -    ✨ FIX: 'UNSIKA Gelar Wisuda Gelombang ...' | AI: neutral -> SMART: Positive
[2026-06-06T09:13:04.906+0700] {logging_mixin.py:190} INFO -    Process: 'Keren, Unsika Raih Dua Prestas...' -> Positive
[2026-06-06T09:13:05.018+0700] {logging_mixin.py:190} INFO -    Process: 'Timbulkan Klaster Covid-19, In...' -> Neutral
[2026-06-06T09:13:05.182+0700] {logging_mixin.py:190} INFO -    ✨ FIX: 'Terkait Dugaan Monopoli Proyek...' | AI: neutral -> SMART: Negative
[2026-06-06T09:13:05.194+0700] {taskinstance.py:3301} ERROR - Task failed with exception
Traceback (most recent call last):
  File "/home/airflow/.local/lib/python3.12/site-packages/sqlalchemy/engine/base.py", line 1890, in _execute_context
    self.dialect.do_executemany(
  File "/home/airflow/.local/lib/python3.12/site-packages/sqlalchemy/dialects/postgresql/psycopg2.py", line 982, in do_executemany
    context._psycopg2_fetched_rows = xtras.execute_values(
                                     ^^^^^^^^^^^^^^^^^^^^^
  File "/home/airflow/.local/lib/python3.12/site-packages/psycopg2/extras.py", line 1299, in execute_values
    cur.execute(b''.join(parts))
psycopg2.errors.UniqueViolation: duplicate key value violates unique constraint "news_processed_news_id_key"
DETAIL:  Key (news_id)=(882) already exists.


The above exception was the direct cause of the following exception:

Traceback (most recent call last):
  File "/home/airflow/.local/lib/python3.12/site-packages/airflow/models/taskinstance.py", line 767, in _execute_task
    result = _execute_callable(context=context, **execute_callable_kwargs)
             ^^^^^^^^^^^^^^^^^^^^^^^^^^^^^^^^^^^^^^^^^^^^^^^^^^^^^^^^^^^^^
  File "/home/airflow/.local/lib/python3.12/site-packages/airflow/models/taskinstance.py", line 733, in _execute_callable
    return ExecutionCallableRunner(
           ^^^^^^^^^^^^^^^^^^^^^^^^
  File "/home/airflow/.local/lib/python3.12/site-packages/airflow/utils/operator_helpers.py", line 252, in run
    return self.func(*args, **kwargs)
           ^^^^^^^^^^^^^^^^^^^^^^^^^^
  File "/home/airflow/.local/lib/python3.12/site-packages/airflow/models/baseoperator.py", line 406, in wrapper
    return func(self, *args, **kwargs)
           ^^^^^^^^^^^^^^^^^^^^^^^^^^^
  File "/home/airflow/.local/lib/python3.12/site-packages/airflow/operators/python.py", line 238, in execute
    return_value = self.execute_callable()
                   ^^^^^^^^^^^^^^^^^^^^^^^
  File "/home/airflow/.local/lib/python3.12/site-packages/airflow/operators/python.py", line 256, in execute_callable
    return runner.run(*self.op_args, **self.op_kwargs)
           ^^^^^^^^^^^^^^^^^^^^^^^^^^^^^^^^^^^^^^^^^^^
  File "/home/airflow/.local/lib/python3.12/site-packages/airflow/utils/operator_helpers.py", line 252, in run
    return self.func(*args, **kwargs)
           ^^^^^^^^^^^^^^^^^^^^^^^^^^
  File "/opt/airflow/dags/dag_scraping_daily.py", line 21, in process_news_wrapper
    run_news_processing()
  File "/opt/airflow/src/processing/process_news.py", line 163, in run_news_processing
    df_result.to_sql('news_processed', engine, if_exists='append', index=False)
  File "/home/airflow/.local/lib/python3.12/site-packages/pandas/util/_decorators.py", line 333, in wrapper
    return func(*args, **kwargs)
           ^^^^^^^^^^^^^^^^^^^^^
  File "/home/airflow/.local/lib/python3.12/site-packages/pandas/core/generic.py", line 3008, in to_sql
    return sql.to_sql(
           ^^^^^^^^^^^
  File "/home/airflow/.local/lib/python3.12/site-packages/pandas/io/sql.py", line 788, in to_sql
    return pandas_sql.to_sql(
           ^^^^^^^^^^^^^^^^^^
  File "/home/airflow/.local/lib/python3.12/site-packages/pandas/io/sql.py", line 1958, in to_sql
    total_inserted = sql_engine.insert_records(
                     ^^^^^^^^^^^^^^^^^^^^^^^^^^
  File "/home/airflow/.local/lib/python3.12/site-packages/pandas/io/sql.py", line 1507, in insert_records
    raise err
  File "/home/airflow/.local/lib/python3.12/site-packages/pandas/io/sql.py", line 1498, in insert_records
    return table.insert(chunksize=chunksize, method=method)
           ^^^^^^^^^^^^^^^^^^^^^^^^^^^^^^^^^^^^^^^^^^^^^^^^
  File "/home/airflow/.local/lib/python3.12/site-packages/pandas/io/sql.py", line 1059, in insert
    num_inserted = exec_insert(conn, keys, chunk_iter)
                   ^^^^^^^^^^^^^^^^^^^^^^^^^^^^^^^^^^^
  File "/home/airflow/.local/lib/python3.12/site-packages/pandas/io/sql.py", line 951, in _execute_insert
    result = conn.execute(self.table.insert(), data)
             ^^^^^^^^^^^^^^^^^^^^^^^^^^^^^^^^^^^^^^^
  File "/home/airflow/.local/lib/python3.12/site-packages/sqlalchemy/engine/base.py", line 1385, in execute
    return meth(self, multiparams, params, _EMPTY_EXECUTION_OPTS)
           ^^^^^^^^^^^^^^^^^^^^^^^^^^^^^^^^^^^^^^^^^^^^^^^^^^^^^^
  File "/home/airflow/.local/lib/python3.12/site-packages/sqlalchemy/sql/elements.py", line 334, in _execute_on_connection
    return connection._execute_clauseelement(
           ^^^^^^^^^^^^^^^^^^^^^^^^^^^^^^^^^^
  File "/home/airflow/.local/lib/python3.12/site-packages/sqlalchemy/engine/base.py", line 1577, in _execute_clauseelement
    ret = self._execute_context(
          ^^^^^^^^^^^^^^^^^^^^^^
  File "/home/airflow/.local/lib/python3.12/site-packages/sqlalchemy/engine/base.py", line 1953, in _execute_context
    self._handle_dbapi_exception(
  File "/home/airflow/.local/lib/python3.12/site-packages/sqlalchemy/engine/base.py", line 2134, in _handle_dbapi_exception
    util.raise_(
  File "/home/airflow/.local/lib/python3.12/site-packages/sqlalchemy/util/compat.py", line 211, in raise_
    raise exception
  File "/home/airflow/.local/lib/python3.12/site-packages/sqlalchemy/engine/base.py", line 1890, in _execute_context
    self.dialect.do_executemany(
  File "/home/airflow/.local/lib/python3.12/site-packages/sqlalchemy/dialects/postgresql/psycopg2.py", line 982, in do_executemany
    context._psycopg2_fetched_rows = xtras.execute_values(
                                     ^^^^^^^^^^^^^^^^^^^^^
  File "/home/airflow/.local/lib/python3.12/site-packages/psycopg2/extras.py", line 1299, in execute_values
    cur.execute(b''.join(parts))
sqlalchemy.exc.IntegrityError: (psycopg2.errors.UniqueViolation) duplicate key value violates unique constraint "news_processed_news_id_key"
DETAIL:  Key (news_id)=(882) already exists.

[SQL: INSERT INTO news_processed (news_id, clean_text, sentiment_label, sentiment_score, processed_at) VALUES (%(news_id)s, %(clean_text)s, %(sentiment_label)s, %(sentiment_score)s, %(processed_at)s)]
[parameters: ({'news_id': 882, 'clean_text': 'Polantas Menyapa, Satlantas Polres Karawang Sosialisasi Kamseltibcarlantas Kepada Mahasiswa Fakultas Hukum UNSIKA - Detik Perkara', 'sentiment_label': 'Positive', 'sentiment_score': 0.9, 'processed_at': datetime.datetime(2026, 6, 6, 9, 13, 3, 200702)}, {'news_id': 892, 'clean_text': 'Sadar Akan Hal Kecil Dimulai dari Yang Kecil, Mahasiswa Universitas Singaperbangsa Karawang Melakukan Pendidikan Praktek Tentang Kebersihan - Kompasiana.com - Kompasiana.com', 'sentiment_label': 'Neutral', 'sentiment_score': 0.7526683807373047, 'processed_at': datetime.datetime(2026, 6, 6, 9, 13, 3, 335277)}, {'news_id': 886, 'clean_text': 'Mahasiswa Unsika Suarakan Isu Buruh dan Kemanusiaan Lewat Panggung Puisi - karawangbekasi.disway.id - karawang bekasi disway', 'sentiment_label': 'Neutral', 'sentiment_score': 0.9941376447677612, 'processed_at': datetime.datetime(2026, 6, 6, 9, 13, 3, 594666)}, {'news_id': 888, 'clean_text': 'PT Jaya Abadi Kontruksindo Pelaksana Gedung Kuliah Terpadu Unsika 2 Diduga Melanggar UU KIP - rakyatjelata.com', 'sentiment_label': 'Neutral', 'sentiment_score': 0.9948253631591797, 'processed_at': datetime.datetime(2026, 6, 6, 9, 13, 3, 677919)}, {'news_id': 890, 'clean_text': 'KKN Universitas SIngaperbangsa Karawang Resmi Di Buka: Mengabdi ke Desa, Menginspirasi Dunia - Kompasiana.com - Kompasiana.com', 'sentiment_label': 'Positive', 'sentiment_score': 0.9, 'processed_at': datetime.datetime(2026, 6, 6, 9, 13, 3, 840208)}, {'news_id': 891, 'clean_text': 'Akali Kekurangan Ruang Kelas, Unsika Karawang Akan Pakai 40 Kontainer - kumparan.com - Kumparan.com', 'sentiment_label': 'Neutral', 'sentiment_score': 0.9208271503448486, 'processed_at': datetime.datetime(2026, 6, 6, 9, 13, 4, 95267)}, {'news_id': 895, 'clean_text': 'Bupati Karawang Cellica dapat surat tugas jadi dosen khusus di Unsika - ANTARA News Megapolitan', 'sentiment_label': 'Neutral', 'sentiment_score': 0.99866783618927, 'processed_at': datetime.datetime(2026, 6, 6, 9, 13, 4, 203081)}, {'news_id': 896, 'clean_text': '172 Pegawai Unsika Gelar Unjuk Rasa, Kecewa Belum Diangkat PNS Meski Berstatus Universitas Negeri - tvberita.co.id', 'sentiment_label': 'Positive', 'sentiment_score': 0.9, 'processed_at': datetime.datetime(2026, 6, 6, 9, 13, 4, 318312)}  ... displaying 10 of 14 total bound parameter sets ...  {'news_id': 901, 'clean_text': 'Timbulkan Klaster Covid-19, Ini Penjelasan Unsika - tvberita.co.id', 'sentiment_label': 'Neutral', 'sentiment_score': 0.9358217716217041, 'processed_at': datetime.datetime(2026, 6, 6, 9, 13, 5, 18079)}, {'news_id': 902, 'clean_text': 'Terkait Dugaan Monopoli Proyek Di Unsika , Narasumber Minta Maaf Sebesar-Besar-nya - rakyatjelata.com', 'sentiment_label': 'Negative', 'sentiment_score': 0.85, 'processed_at': datetime.datetime(2026, 6, 6, 9, 13, 5, 182213)})]
(Background on this error at: https://sqlalche.me/e/14/gkpj)
[2026-06-06T09:13:05.230+0700] {taskinstance.py:1225} INFO - Marking task as UP_FOR_RETRY. dag_id=dag_scraping_daily, task_id=task_process_sentiment, run_id=scheduled__2026-06-03T05:00:00+00:00, execution_date=20260603T050000, start_date=20260606T021143, end_date=20260606T021305
[2026-06-06T09:13:05.251+0700] {taskinstance.py:340} INFO - ::group::Post task execution logs
[2026-06-06T09:13:05.252+0700] {standard_task_runner.py:124} ERROR - Failed to execute job 396 for task task_process_sentiment ((psycopg2.errors.UniqueViolation) duplicate key value violates unique constraint "news_processed_news_id_key"
DETAIL:  Key (news_id)=(882) already exists.

[SQL: INSERT INTO news_processed (news_id, clean_text, sentiment_label, sentiment_score, processed_at) VALUES (%(news_id)s, %(clean_text)s, %(sentiment_label)s, %(sentiment_score)s, %(processed_at)s)]
[parameters: ({'news_id': 882, 'clean_text': 'Polantas Menyapa, Satlantas Polres Karawang Sosialisasi Kamseltibcarlantas Kepada Mahasiswa Fakultas Hukum UNSIKA - Detik Perkara', 'sentiment_label': 'Positive', 'sentiment_score': 0.9, 'processed_at': datetime.datetime(2026, 6, 6, 9, 13, 3, 200702)}, {'news_id': 892, 'clean_text': 'Sadar Akan Hal Kecil Dimulai dari Yang Kecil, Mahasiswa Universitas Singaperbangsa Karawang Melakukan Pendidikan Praktek Tentang Kebersihan - Kompasiana.com - Kompasiana.com', 'sentiment_label': 'Neutral', 'sentiment_score': 0.7526683807373047, 'processed_at': datetime.datetime(2026, 6, 6, 9, 13, 3, 335277)}, {'news_id': 886, 'clean_text': 'Mahasiswa Unsika Suarakan Isu Buruh dan Kemanusiaan Lewat Panggung Puisi - karawangbekasi.disway.id - karawang bekasi disway', 'sentiment_label': 'Neutral', 'sentiment_score': 0.9941376447677612, 'processed_at': datetime.datetime(2026, 6, 6, 9, 13, 3, 594666)}, {'news_id': 888, 'clean_text': 'PT Jaya Abadi Kontruksindo Pelaksana Gedung Kuliah Terpadu Unsika 2 Diduga Melanggar UU KIP - rakyatjelata.com', 'sentiment_label': 'Neutral', 'sentiment_score': 0.9948253631591797, 'processed_at': datetime.datetime(2026, 6, 6, 9, 13, 3, 677919)}, {'news_id': 890, 'clean_text': 'KKN Universitas SIngaperbangsa Karawang Resmi Di Buka: Mengabdi ke Desa, Menginspirasi Dunia - Kompasiana.com - Kompasiana.com', 'sentiment_label': 'Positive', 'sentiment_score': 0.9, 'processed_at': datetime.datetime(2026, 6, 6, 9, 13, 3, 840208)}, {'news_id': 891, 'clean_text': 'Akali Kekurangan Ruang Kelas, Unsika Karawang Akan Pakai 40 Kontainer - kumparan.com - Kumparan.com', 'sentiment_label': 'Neutral', 'sentiment_score': 0.9208271503448486, 'processed_at': datetime.datetime(2026, 6, 6, 9, 13, 4, 95267)}, {'news_id': 895, 'clean_text': 'Bupati Karawang Cellica dapat surat tugas jadi dosen khusus di Unsika - ANTARA News Megapolitan', 'sentiment_label': 'Neutral', 'sentiment_score': 0.99866783618927, 'processed_at': datetime.datetime(2026, 6, 6, 9, 13, 4, 203081)}, {'news_id': 896, 'clean_text': '172 Pegawai Unsika Gelar Unjuk Rasa, Kecewa Belum Diangkat PNS Meski Berstatus Universitas Negeri - tvberita.co.id', 'sentiment_label': 'Positive', 'sentiment_score': 0.9, 'processed_at': datetime.datetime(2026, 6, 6, 9, 13, 4, 318312)}  ... displaying 10 of 14 total bound parameter sets ...  {'news_id': 901, 'clean_text': 'Timbulkan Klaster Covid-19, Ini Penjelasan Unsika - tvberita.co.id', 'sentiment_label': 'Neutral', 'sentiment_score': 0.9358217716217041, 'processed_at': datetime.datetime(2026, 6, 6, 9, 13, 5, 18079)}, {'news_id': 902, 'clean_text': 'Terkait Dugaan Monopoli Proyek Di Unsika , Narasumber Minta Maaf Sebesar-Besar-nya - rakyatjelata.com', 'sentiment_label': 'Negative', 'sentiment_score': 0.85, 'processed_at': datetime.datetime(2026, 6, 6, 9, 13, 5, 182213)})]
(Background on this error at: https://sqlalche.me/e/14/gkpj); 235)
Traceback (most recent call last):
  File "/home/airflow/.local/lib/python3.12/site-packages/sqlalchemy/engine/base.py", line 1890, in _execute_context
    self.dialect.do_executemany(
  File "/home/airflow/.local/lib/python3.12/site-packages/sqlalchemy/dialects/postgresql/psycopg2.py", line 982, in do_executemany
    context._psycopg2_fetched_rows = xtras.execute_values(
                                     ^^^^^^^^^^^^^^^^^^^^^
  File "/home/airflow/.local/lib/python3.12/site-packages/psycopg2/extras.py", line 1299, in execute_values
    cur.execute(b''.join(parts))
psycopg2.errors.UniqueViolation: duplicate key value violates unique constraint "news_processed_news_id_key"
DETAIL:  Key (news_id)=(882) already exists.


The above exception was the direct cause of the following exception:

Traceback (most recent call last):
  File "/home/airflow/.local/lib/python3.12/site-packages/airflow/task/task_runner/standard_task_runner.py", line 117, in _start_by_fork
    ret = args.func(args, dag=self.dag)
          ^^^^^^^^^^^^^^^^^^^^^^^^^^^^^
  File "/home/airflow/.local/lib/python3.12/site-packages/airflow/cli/cli_config.py", line 49, in command
    return func(*args, **kwargs)
           ^^^^^^^^^^^^^^^^^^^^^
  File "/home/airflow/.local/lib/python3.12/site-packages/airflow/utils/cli.py", line 115, in wrapper
    return f(*args, **kwargs)
           ^^^^^^^^^^^^^^^^^^
  File "/home/airflow/.local/lib/python3.12/site-packages/airflow/cli/commands/task_command.py", line 483, in task_run
    task_return_code = _run_task_by_selected_method(args, _dag, ti)
                       ^^^^^^^^^^^^^^^^^^^^^^^^^^^^^^^^^^^^^^^^^^^^
  File "/home/airflow/.local/lib/python3.12/site-packages/airflow/cli/commands/task_command.py", line 256, in _run_task_by_selected_method
    return _run_raw_task(args, ti)
           ^^^^^^^^^^^^^^^^^^^^^^^
  File "/home/airflow/.local/lib/python3.12/site-packages/airflow/cli/commands/task_command.py", line 341, in _run_raw_task
    return ti._run_raw_task(
           ^^^^^^^^^^^^^^^^^
  File "/home/airflow/.local/lib/python3.12/site-packages/airflow/utils/session.py", line 97, in wrapper
    return func(*args, session=session, **kwargs)
           ^^^^^^^^^^^^^^^^^^^^^^^^^^^^^^^^^^^^^^
  File "/home/airflow/.local/lib/python3.12/site-packages/airflow/models/taskinstance.py", line 2995, in _run_raw_task
    return _run_raw_task(
           ^^^^^^^^^^^^^^
  File "/home/airflow/.local/lib/python3.12/site-packages/airflow/models/taskinstance.py", line 273, in _run_raw_task
    TaskInstance._execute_task_with_callbacks(
  File "/home/airflow/.local/lib/python3.12/site-packages/airflow/models/taskinstance.py", line 3149, in _execute_task_with_callbacks
    result = self._execute_task(context, task_orig)
             ^^^^^^^^^^^^^^^^^^^^^^^^^^^^^^^^^^^^^^
  File "/home/airflow/.local/lib/python3.12/site-packages/airflow/models/taskinstance.py", line 3173, in _execute_task
    return _execute_task(self, context, task_orig)
           ^^^^^^^^^^^^^^^^^^^^^^^^^^^^^^^^^^^^^^^
  File "/home/airflow/.local/lib/python3.12/site-packages/airflow/models/taskinstance.py", line 767, in _execute_task
    result = _execute_callable(context=context, **execute_callable_kwargs)
             ^^^^^^^^^^^^^^^^^^^^^^^^^^^^^^^^^^^^^^^^^^^^^^^^^^^^^^^^^^^^^
  File "/home/airflow/.local/lib/python3.12/site-packages/airflow/models/taskinstance.py", line 733, in _execute_callable
    return ExecutionCallableRunner(
           ^^^^^^^^^^^^^^^^^^^^^^^^
  File "/home/airflow/.local/lib/python3.12/site-packages/airflow/utils/operator_helpers.py", line 252, in run
    return self.func(*args, **kwargs)
           ^^^^^^^^^^^^^^^^^^^^^^^^^^
  File "/home/airflow/.local/lib/python3.12/site-packages/airflow/models/baseoperator.py", line 406, in wrapper
    return func(self, *args, **kwargs)
           ^^^^^^^^^^^^^^^^^^^^^^^^^^^
  File "/home/airflow/.local/lib/python3.12/site-packages/airflow/operators/python.py", line 238, in execute
    return_value = self.execute_callable()
                   ^^^^^^^^^^^^^^^^^^^^^^^
  File "/home/airflow/.local/lib/python3.12/site-packages/airflow/operators/python.py", line 256, in execute_callable
    return runner.run(*self.op_args, **self.op_kwargs)
           ^^^^^^^^^^^^^^^^^^^^^^^^^^^^^^^^^^^^^^^^^^^
  File "/home/airflow/.local/lib/python3.12/site-packages/airflow/utils/operator_helpers.py", line 252, in run
    return self.func(*args, **kwargs)
           ^^^^^^^^^^^^^^^^^^^^^^^^^^
  File "/opt/airflow/dags/dag_scraping_daily.py", line 21, in process_news_wrapper
    run_news_processing()
  File "/opt/airflow/src/processing/process_news.py", line 163, in run_news_processing
    df_result.to_sql('news_processed', engine, if_exists='append', index=False)
  File "/home/airflow/.local/lib/python3.12/site-packages/pandas/util/_decorators.py", line 333, in wrapper
    return func(*args, **kwargs)
           ^^^^^^^^^^^^^^^^^^^^^
  File "/home/airflow/.local/lib/python3.12/site-packages/pandas/core/generic.py", line 3008, in to_sql
    return sql.to_sql(
           ^^^^^^^^^^^
  File "/home/airflow/.local/lib/python3.12/site-packages/pandas/io/sql.py", line 788, in to_sql
    return pandas_sql.to_sql(
           ^^^^^^^^^^^^^^^^^^
  File "/home/airflow/.local/lib/python3.12/site-packages/pandas/io/sql.py", line 1958, in to_sql
    total_inserted = sql_engine.insert_records(
                     ^^^^^^^^^^^^^^^^^^^^^^^^^^
  File "/home/airflow/.local/lib/python3.12/site-packages/pandas/io/sql.py", line 1507, in insert_records
    raise err
  File "/home/airflow/.local/lib/python3.12/site-packages/pandas/io/sql.py", line 1498, in insert_records
    return table.insert(chunksize=chunksize, method=method)
           ^^^^^^^^^^^^^^^^^^^^^^^^^^^^^^^^^^^^^^^^^^^^^^^^
  File "/home/airflow/.local/lib/python3.12/site-packages/pandas/io/sql.py", line 1059, in insert
    num_inserted = exec_insert(conn, keys, chunk_iter)
                   ^^^^^^^^^^^^^^^^^^^^^^^^^^^^^^^^^^^
  File "/home/airflow/.local/lib/python3.12/site-packages/pandas/io/sql.py", line 951, in _execute_insert
    result = conn.execute(self.table.insert(), data)
             ^^^^^^^^^^^^^^^^^^^^^^^^^^^^^^^^^^^^^^^
  File "/home/airflow/.local/lib/python3.12/site-packages/sqlalchemy/engine/base.py", line 1385, in execute
    return meth(self, multiparams, params, _EMPTY_EXECUTION_OPTS)
           ^^^^^^^^^^^^^^^^^^^^^^^^^^^^^^^^^^^^^^^^^^^^^^^^^^^^^^
  File "/home/airflow/.local/lib/python3.12/site-packages/sqlalchemy/sql/elements.py", line 334, in _execute_on_connection
    return connection._execute_clauseelement(
           ^^^^^^^^^^^^^^^^^^^^^^^^^^^^^^^^^^
  File "/home/airflow/.local/lib/python3.12/site-packages/sqlalchemy/engine/base.py", line 1577, in _execute_clauseelement
    ret = self._execute_context(
          ^^^^^^^^^^^^^^^^^^^^^^
  File "/home/airflow/.local/lib/python3.12/site-packages/sqlalchemy/engine/base.py", line 1953, in _execute_context
    self._handle_dbapi_exception(
  File "/home/airflow/.local/lib/python3.12/site-packages/sqlalchemy/engine/base.py", line 2134, in _handle_dbapi_exception
    util.raise_(
  File "/home/airflow/.local/lib/python3.12/site-packages/sqlalchemy/util/compat.py", line 211, in raise_
    raise exception
  File "/home/airflow/.local/lib/python3.12/site-packages/sqlalchemy/engine/base.py", line 1890, in _execute_context
    self.dialect.do_executemany(
  File "/home/airflow/.local/lib/python3.12/site-packages/sqlalchemy/dialects/postgresql/psycopg2.py", line 982, in do_executemany
    context._psycopg2_fetched_rows = xtras.execute_values(
                                     ^^^^^^^^^^^^^^^^^^^^^
  File "/home/airflow/.local/lib/python3.12/site-packages/psycopg2/extras.py", line 1299, in execute_values
    cur.execute(b''.join(parts))
sqlalchemy.exc.IntegrityError: (psycopg2.errors.UniqueViolation) duplicate key value violates unique constraint "news_processed_news_id_key"
DETAIL:  Key (news_id)=(882) already exists.

[SQL: INSERT INTO news_processed (news_id, clean_text, sentiment_label, sentiment_score, processed_at) VALUES (%(news_id)s, %(clean_text)s, %(sentiment_label)s, %(sentiment_score)s, %(processed_at)s)]
[parameters: ({'news_id': 882, 'clean_text': 'Polantas Menyapa, Satlantas Polres Karawang Sosialisasi Kamseltibcarlantas Kepada Mahasiswa Fakultas Hukum UNSIKA - Detik Perkara', 'sentiment_label': 'Positive', 'sentiment_score': 0.9, 'processed_at': datetime.datetime(2026, 6, 6, 9, 13, 3, 200702)}, {'news_id': 892, 'clean_text': 'Sadar Akan Hal Kecil Dimulai dari Yang Kecil, Mahasiswa Universitas Singaperbangsa Karawang Melakukan Pendidikan Praktek Tentang Kebersihan - Kompasiana.com - Kompasiana.com', 'sentiment_label': 'Neutral', 'sentiment_score': 0.7526683807373047, 'processed_at': datetime.datetime(2026, 6, 6, 9, 13, 3, 335277)}, {'news_id': 886, 'clean_text': 'Mahasiswa Unsika Suarakan Isu Buruh dan Kemanusiaan Lewat Panggung Puisi - karawangbekasi.disway.id - karawang bekasi disway', 'sentiment_label': 'Neutral', 'sentiment_score': 0.9941376447677612, 'processed_at': datetime.datetime(2026, 6, 6, 9, 13, 3, 594666)}, {'news_id': 888, 'clean_text': 'PT Jaya Abadi Kontruksindo Pelaksana Gedung Kuliah Terpadu Unsika 2 Diduga Melanggar UU KIP - rakyatjelata.com', 'sentiment_label': 'Neutral', 'sentiment_score': 0.9948253631591797, 'processed_at': datetime.datetime(2026, 6, 6, 9, 13, 3, 677919)}, {'news_id': 890, 'clean_text': 'KKN Universitas SIngaperbangsa Karawang Resmi Di Buka: Mengabdi ke Desa, Menginspirasi Dunia - Kompasiana.com - Kompasiana.com', 'sentiment_label': 'Positive', 'sentiment_score': 0.9, 'processed_at': datetime.datetime(2026, 6, 6, 9, 13, 3, 840208)}, {'news_id': 891, 'clean_text': 'Akali Kekurangan Ruang Kelas, Unsika Karawang Akan Pakai 40 Kontainer - kumparan.com - Kumparan.com', 'sentiment_label': 'Neutral', 'sentiment_score': 0.9208271503448486, 'processed_at': datetime.datetime(2026, 6, 6, 9, 13, 4, 95267)}, {'news_id': 895, 'clean_text': 'Bupati Karawang Cellica dapat surat tugas jadi dosen khusus di Unsika - ANTARA News Megapolitan', 'sentiment_label': 'Neutral', 'sentiment_score': 0.99866783618927, 'processed_at': datetime.datetime(2026, 6, 6, 9, 13, 4, 203081)}, {'news_id': 896, 'clean_text': '172 Pegawai Unsika Gelar Unjuk Rasa, Kecewa Belum Diangkat PNS Meski Berstatus Universitas Negeri - tvberita.co.id', 'sentiment_label': 'Positive', 'sentiment_score': 0.9, 'processed_at': datetime.datetime(2026, 6, 6, 9, 13, 4, 318312)}  ... displaying 10 of 14 total bound parameter sets ...  {'news_id': 901, 'clean_text': 'Timbulkan Klaster Covid-19, Ini Penjelasan Unsika - tvberita.co.id', 'sentiment_label': 'Neutral', 'sentiment_score': 0.9358217716217041, 'processed_at': datetime.datetime(2026, 6, 6, 9, 13, 5, 18079)}, {'news_id': 902, 'clean_text': 'Terkait Dugaan Monopoli Proyek Di Unsika , Narasumber Minta Maaf Sebesar-Besar-nya - rakyatjelata.com', 'sentiment_label': 'Negative', 'sentiment_score': 0.85, 'processed_at': datetime.datetime(2026, 6, 6, 9, 13, 5, 182213)})]
(Background on this error at: https://sqlalche.me/e/14/gkpj)
[2026-06-06T09:13:05.376+0700] {local_task_job_runner.py:261} INFO - Task exited with return code 1
[2026-06-06T09:13:05.394+0700] {taskinstance.py:3891} INFO - 0 downstream tasks scheduled from follow-on schedule check
[2026-06-06T09:13:05.396+0700] {local_task_job_runner.py:240} INFO - ::endgroup::
