[2026-02-01T17:48:47.757+0700] {local_task_job_runner.py:123} INFO - ::group::Pre task execution logs
[2026-02-01T17:48:47.776+0700] {taskinstance.py:2603} INFO - Dependencies all met for dep_context=non-requeueable deps ti=<TaskInstance: dag_scraping_daily.task_scrape_news manual__2026-02-01T10:48:45.935310+00:00 [queued]>
[2026-02-01T17:48:47.786+0700] {taskinstance.py:2603} INFO - Dependencies all met for dep_context=requeueable deps ti=<TaskInstance: dag_scraping_daily.task_scrape_news manual__2026-02-01T10:48:45.935310+00:00 [queued]>
[2026-02-01T17:48:47.790+0700] {taskinstance.py:2856} INFO - Starting attempt 1 of 2
[2026-02-01T17:48:48.611+0700] {taskinstance.py:2879} INFO - Executing <Task(PythonOperator): task_scrape_news> on 2026-02-01 10:48:45.935310+00:00
[2026-02-01T17:48:48.627+0700] {logging_mixin.py:190} WARNING - /home/***/.local/lib/python3.12/site-packages/***/task/task_runner/standard_task_runner.py:70 DeprecationWarning: This process (pid=176) is multi-threaded, use of fork() may lead to deadlocks in the child.
[2026-02-01T17:48:48.628+0700] {standard_task_runner.py:72} INFO - Started process 178 to run task
[2026-02-01T17:48:48.626+0700] {standard_task_runner.py:104} INFO - Running: ['***', 'tasks', 'run', 'dag_scraping_daily', 'task_scrape_news', 'manual__2026-02-01T10:48:45.935310+00:00', '--job-id', '13', '--raw', '--subdir', 'DAGS_FOLDER/dag_scraping_daily.py', '--cfg-path', '/tmp/tmpp88wf37u']
[2026-02-01T17:48:48.629+0700] {standard_task_runner.py:105} INFO - Job 13: Subtask task_scrape_news
[2026-02-01T17:48:48.648+0700] {logging_mixin.py:190} WARNING - /home/***/.local/lib/python3.12/site-packages/***/settings.py:209 DeprecationWarning: The sql_alchemy_conn option in [core] has been moved to the sql_alchemy_conn option in [database] - the old setting has been used, but please update your config.
[2026-02-01T17:48:48.724+0700] {task_command.py:467} INFO - Running <TaskInstance: dag_scraping_daily.task_scrape_news manual__2026-02-01T10:48:45.935310+00:00 [running]> on host b6b644095b1a
[2026-02-01T17:48:48.830+0700] {taskinstance.py:3122} INFO - Exporting env vars: AIRFLOW_CTX_DAG_OWNER='remosy_admin' AIRFLOW_CTX_DAG_ID='dag_scraping_daily' AIRFLOW_CTX_TASK_ID='task_scrape_news' AIRFLOW_CTX_EXECUTION_DATE='2026-02-01T10:48:45.935310+00:00' AIRFLOW_CTX_TRY_NUMBER='1' AIRFLOW_CTX_DAG_RUN_ID='manual__2026-02-01T10:48:45.935310+00:00'
[2026-02-01T17:48:48.832+0700] {taskinstance.py:731} INFO - ::endgroup::
[2026-02-01T17:48:48.861+0700] {logging_mixin.py:190} INFO -  Memulai Job Scraping Harian...
[2026-02-01T17:48:48.862+0700] {logging_mixin.py:190} INFO -  Koneksi DB berhasil.
[2026-02-01T17:48:48.863+0700] {logging_mixin.py:190} INFO -  Membaca konfigurasi kata kunci...
[2026-02-01T17:48:48.887+0700] {logging_mixin.py:190} INFO -  Target (3): ['Universitas Singaperbangsa Karawang', 'UNSIKA', 'Rektor UNSIKA']
[2026-02-01T17:48:48.888+0700] {logging_mixin.py:190} INFO -  Scraping: Universitas Singaperbangsa Karawang
[2026-02-01T17:48:48.889+0700] {logging_mixin.py:190} INFO - 🔍 Mengambil berita untuk: Universitas Singaperbangsa Karawang...
[2026-02-01T17:48:49.509+0700] {logging_mixin.py:190} INFO -  Berhasil mengambil 50 berita.
[2026-02-01T17:48:49.512+0700] {logging_mixin.py:190} INFO -  Scraping: UNSIKA
[2026-02-01T17:48:49.513+0700] {logging_mixin.py:190} INFO - 🔍 Mengambil berita untuk: UNSIKA...
[2026-02-01T17:48:50.213+0700] {logging_mixin.py:190} INFO -  Berhasil mengambil 50 berita.
[2026-02-01T17:48:50.216+0700] {logging_mixin.py:190} INFO -  Scraping: Rektor UNSIKA
[2026-02-01T17:48:50.218+0700] {logging_mixin.py:190} INFO - 🔍 Mengambil berita untuk: Rektor UNSIKA...
[2026-02-01T17:48:50.786+0700] {logging_mixin.py:190} INFO -  Berhasil mengambil 50 berita.
[2026-02-01T17:48:50.790+0700] {logging_mixin.py:190} INFO -  Total mentah: 150 berita.
[2026-02-01T17:48:50.793+0700] {logging_mixin.py:190} INFO -  Total bersih: 126 berita unik.
[2026-02-01T17:48:50.826+0700] {logging_mixin.py:190} INFO -  SUKSES! Data tersimpan di Database.
[2026-02-01T17:48:50.827+0700] {python.py:240} INFO - Done. Returned value was: None
[2026-02-01T17:48:50.841+0700] {taskinstance.py:340} INFO - ::group::Post task execution logs
[2026-02-01T17:48:50.842+0700] {taskinstance.py:352} INFO - Marking task as SUCCESS. dag_id=dag_scraping_daily, task_id=task_scrape_news, run_id=manual__2026-02-01T10:48:45.935310+00:00, execution_date=20260201T104845, start_date=20260201T104847, end_date=20260201T104850
[2026-02-01T17:48:50.869+0700] {local_task_job_runner.py:261} INFO - Task exited with return code 0
[2026-02-01T17:48:50.887+0700] {taskinstance.py:3891} INFO - 0 downstream tasks scheduled from follow-on schedule check
[2026-02-01T17:48:50.891+0700] {local_task_job_runner.py:240} INFO - ::endgroup::
