[2026-06-14T11:01:58.026+0700] {local_task_job_runner.py:123} INFO - ::group::Pre task execution logs
[2026-06-14T11:01:58.058+0700] {taskinstance.py:2603} INFO - Dependencies all met for dep_context=non-requeueable deps ti=<TaskInstance: remosy_master_end_to_end.process_twitter scheduled__2026-06-13T05:00:00+00:00 [queued]>
[2026-06-14T11:01:58.080+0700] {taskinstance.py:2603} INFO - Dependencies all met for dep_context=requeueable deps ti=<TaskInstance: remosy_master_end_to_end.process_twitter scheduled__2026-06-13T05:00:00+00:00 [queued]>
[2026-06-14T11:01:58.084+0700] {taskinstance.py:2856} INFO - Starting attempt 1 of 1
[2026-06-14T11:01:58.114+0700] {taskinstance.py:2879} INFO - Executing <Task(PythonOperator): process_twitter> on 2026-06-13 05:00:00+00:00
[2026-06-14T11:01:58.122+0700] {logging_mixin.py:190} WARNING - /home/***/.local/lib/python3.12/site-packages/***/task/task_runner/standard_task_runner.py:70 DeprecationWarning: This process (pid=1339) is multi-threaded, use of fork() may lead to deadlocks in the child.
[2026-06-14T11:01:58.123+0700] {standard_task_runner.py:72} INFO - Started process 1340 to run task
[2026-06-14T11:01:58.122+0700] {standard_task_runner.py:104} INFO - Running: ['***', 'tasks', 'run', 'remosy_master_end_to_end', 'process_twitter', 'scheduled__2026-06-13T05:00:00+00:00', '--job-id', '449', '--raw', '--subdir', 'DAGS_FOLDER/dag_remosy_master.py', '--cfg-path', '/tmp/tmps3p3uyb5']
[2026-06-14T11:01:58.125+0700] {standard_task_runner.py:105} INFO - Job 449: Subtask process_twitter
[2026-06-14T11:01:58.137+0700] {logging_mixin.py:190} WARNING - /home/***/.local/lib/python3.12/site-packages/***/settings.py:209 DeprecationWarning: The sql_alchemy_conn option in [core] has been moved to the sql_alchemy_conn option in [database] - the old setting has been used, but please update your config.
[2026-06-14T11:01:58.169+0700] {task_command.py:467} INFO - Running <TaskInstance: remosy_master_end_to_end.process_twitter scheduled__2026-06-13T05:00:00+00:00 [running]> on host 6b105ef65571
[2026-06-14T11:01:58.170+0700] {logging_mixin.py:190} WARNING - /home/***/.local/lib/python3.12/site-packages/***/settings.py:449 DeprecationWarning: The sql_alchemy_conn option in [core] has been moved to the sql_alchemy_conn option in [database] - the old setting has been used, but please update your config.
[2026-06-14T11:01:58.255+0700] {taskinstance.py:3122} INFO - Exporting env vars: AIRFLOW_CTX_DAG_OWNER='remosy' AIRFLOW_CTX_DAG_ID='remosy_master_end_to_end' AIRFLOW_CTX_TASK_ID='process_twitter' AIRFLOW_CTX_EXECUTION_DATE='2026-06-13T05:00:00+00:00' AIRFLOW_CTX_TRY_NUMBER='1' AIRFLOW_CTX_DAG_RUN_ID='scheduled__2026-06-13T05:00:00+00:00'
[2026-06-14T11:01:58.256+0700] {taskinstance.py:731} INFO - ::endgroup::
[2026-06-14T11:02:06.759+0700] {logging_mixin.py:190} INFO -  Sedang memuat model AI (IndoBERT)...
[2026-06-14T11:02:07.273+0700] {_client.py:1025} INFO - HTTP Request: HEAD https://huggingface.co/w11wo/indonesian-roberta-base-sentiment-classifier/resolve/main/config.json "HTTP/1.1 307 Temporary Redirect"
[2026-06-14T11:02:07.357+0700] {_client.py:1025} INFO - HTTP Request: HEAD https://huggingface.co/api/resolve-cache/models/w11wo/indonesian-roberta-base-sentiment-classifier/ac452dcb0f4966130bba44f4ee0013bb5d52c282/config.json "HTTP/1.1 200 OK"
[2026-06-14T11:02:07.652+0700] {_client.py:1025} INFO - HTTP Request: HEAD https://huggingface.co/w11wo/indonesian-roberta-base-sentiment-classifier/resolve/main/model.safetensors "HTTP/1.1 302 Found"
[2026-06-14T11:02:42.078+0700] {logging_mixin.py:190} WARNING - Loading weights:   0%|          | 0/201 [00:00<?, ?it/s]
[2026-06-14T11:02:42.171+0700] {logging_mixin.py:190} WARNING - Loading weights: 100%|##########| 201/201 [00:00<00:00, 2184.39it/s]
[2026-06-14T11:02:42.485+0700] {_client.py:1025} INFO - HTTP Request: HEAD https://huggingface.co/w11wo/indonesian-roberta-base-sentiment-classifier/resolve/main/tokenizer_config.json "HTTP/1.1 307 Temporary Redirect"
[2026-06-14T11:02:42.511+0700] {_client.py:1025} INFO - HTTP Request: HEAD https://huggingface.co/api/resolve-cache/models/w11wo/indonesian-roberta-base-sentiment-classifier/ac452dcb0f4966130bba44f4ee0013bb5d52c282/tokenizer_config.json "HTTP/1.1 200 OK"
[2026-06-14T11:02:42.537+0700] {_client.py:1025} INFO - HTTP Request: GET https://huggingface.co/api/resolve-cache/models/w11wo/indonesian-roberta-base-sentiment-classifier/ac452dcb0f4966130bba44f4ee0013bb5d52c282/tokenizer_config.json "HTTP/1.1 200 OK"
[2026-06-14T11:02:42.789+0700] {_client.py:1025} INFO - HTTP Request: GET https://huggingface.co/api/models/w11wo/indonesian-roberta-base-sentiment-classifier/tree/main/additional_chat_templates?recursive=false&expand=false "HTTP/1.1 404 Not Found"
[2026-06-14T11:02:43.050+0700] {_client.py:1025} INFO - HTTP Request: GET https://huggingface.co/api/models/w11wo/indonesian-roberta-base-sentiment-classifier/tree/main?recursive=true&expand=false "HTTP/1.1 200 OK"
[2026-06-14T11:02:43.302+0700] {_client.py:1025} INFO - HTTP Request: HEAD https://huggingface.co/w11wo/indonesian-roberta-base-sentiment-classifier/resolve/main/vocab.json "HTTP/1.1 307 Temporary Redirect"
[2026-06-14T11:02:43.330+0700] {_client.py:1025} INFO - HTTP Request: HEAD https://huggingface.co/api/resolve-cache/models/w11wo/indonesian-roberta-base-sentiment-classifier/ac452dcb0f4966130bba44f4ee0013bb5d52c282/vocab.json "HTTP/1.1 200 OK"
[2026-06-14T11:02:43.349+0700] {_client.py:1025} INFO - HTTP Request: GET https://huggingface.co/api/resolve-cache/models/w11wo/indonesian-roberta-base-sentiment-classifier/ac452dcb0f4966130bba44f4ee0013bb5d52c282/vocab.json "HTTP/1.1 200 OK"
[2026-06-14T11:02:43.637+0700] {_client.py:1025} INFO - HTTP Request: HEAD https://huggingface.co/w11wo/indonesian-roberta-base-sentiment-classifier/resolve/main/merges.txt "HTTP/1.1 307 Temporary Redirect"
[2026-06-14T11:02:43.638+0700] {logging_mixin.py:190} WARNING - Warning: You are sending unauthenticated requests to the HF Hub. Please set a HF_TOKEN to enable higher rate limits and faster downloads.
[2026-06-14T11:02:43.638+0700] {_http.py:904} WARNING - Warning: You are sending unauthenticated requests to the HF Hub. Please set a HF_TOKEN to enable higher rate limits and faster downloads.
[2026-06-14T11:02:43.654+0700] {_client.py:1025} INFO - HTTP Request: HEAD https://huggingface.co/api/resolve-cache/models/w11wo/indonesian-roberta-base-sentiment-classifier/ac452dcb0f4966130bba44f4ee0013bb5d52c282/merges.txt "HTTP/1.1 200 OK"
[2026-06-14T11:02:43.672+0700] {_client.py:1025} INFO - HTTP Request: GET https://huggingface.co/api/resolve-cache/models/w11wo/indonesian-roberta-base-sentiment-classifier/ac452dcb0f4966130bba44f4ee0013bb5d52c282/merges.txt "HTTP/1.1 200 OK"
[2026-06-14T11:02:43.935+0700] {_client.py:1025} INFO - HTTP Request: HEAD https://huggingface.co/w11wo/indonesian-roberta-base-sentiment-classifier/resolve/main/tokenizer.json "HTTP/1.1 307 Temporary Redirect"
[2026-06-14T11:02:43.955+0700] {_client.py:1025} INFO - HTTP Request: HEAD https://huggingface.co/api/resolve-cache/models/w11wo/indonesian-roberta-base-sentiment-classifier/ac452dcb0f4966130bba44f4ee0013bb5d52c282/tokenizer.json "HTTP/1.1 200 OK"
[2026-06-14T11:02:43.973+0700] {_client.py:1025} INFO - HTTP Request: GET https://huggingface.co/api/resolve-cache/models/w11wo/indonesian-roberta-base-sentiment-classifier/ac452dcb0f4966130bba44f4ee0013bb5d52c282/tokenizer.json "HTTP/1.1 200 OK"
[2026-06-14T11:02:44.264+0700] {_client.py:1025} INFO - HTTP Request: HEAD https://huggingface.co/w11wo/indonesian-roberta-base-sentiment-classifier/resolve/main/added_tokens.json "HTTP/1.1 404 Not Found"
[2026-06-14T11:02:44.508+0700] {_client.py:1025} INFO - HTTP Request: HEAD https://huggingface.co/w11wo/indonesian-roberta-base-sentiment-classifier/resolve/main/special_tokens_map.json "HTTP/1.1 307 Temporary Redirect"
[2026-06-14T11:02:44.526+0700] {_client.py:1025} INFO - HTTP Request: HEAD https://huggingface.co/api/resolve-cache/models/w11wo/indonesian-roberta-base-sentiment-classifier/ac452dcb0f4966130bba44f4ee0013bb5d52c282/special_tokens_map.json "HTTP/1.1 200 OK"
[2026-06-14T11:02:44.542+0700] {_client.py:1025} INFO - HTTP Request: GET https://huggingface.co/api/resolve-cache/models/w11wo/indonesian-roberta-base-sentiment-classifier/ac452dcb0f4966130bba44f4ee0013bb5d52c282/special_tokens_map.json "HTTP/1.1 200 OK"
[2026-06-14T11:02:44.777+0700] {_client.py:1025} INFO - HTTP Request: HEAD https://huggingface.co/w11wo/indonesian-roberta-base-sentiment-classifier/resolve/main/chat_template.jinja "HTTP/1.1 404 Not Found"
[2026-06-14T11:02:45.149+0700] {_client.py:1025} INFO - HTTP Request: HEAD https://huggingface.co/w11wo/indonesian-roberta-base-sentiment-classifier/resolve/main/processor_config.json "HTTP/1.1 404 Not Found"
[2026-06-14T11:02:46.564+0700] {_client.py:1025} INFO - HTTP Request: HEAD https://huggingface.co/w11wo/indonesian-roberta-base-sentiment-classifier/resolve/main/video_preprocessor_config.json "HTTP/1.1 404 Not Found"
[2026-06-14T11:02:48.775+0700] {_client.py:1025} INFO - HTTP Request: HEAD https://huggingface.co/w11wo/indonesian-roberta-base-sentiment-classifier/resolve/main/preprocessor_config.json "HTTP/1.1 404 Not Found"
[2026-06-14T11:02:48.782+0700] {logging_mixin.py:190} INFO -  Model AI siap digunakan!
[2026-06-14T11:02:48.783+0700] {logging_mixin.py:190} INFO - 🚀 Memulai Job Pemrosesan Twitter (Cleaning + Sentiment + Relevance Filter)...
[2026-06-14T11:02:48.801+0700] {logging_mixin.py:190} INFO - ❌ Error membaca database: (psycopg2.errors.UndefinedTable) relation "tweets_processed" does not exist
LINE 4:                      LEFT JOIN tweets_processed p ON t.id = ...
                                       ^

[SQL: 
            SELECT t.id, t.full_text
            FROM tweets_raw t
                     LEFT JOIN tweets_processed p ON t.id = p.tweet_id
            WHERE p.tweet_id IS NULL LIMIT 500
            ]
(Background on this error at: https://sqlalche.me/e/14/f405)
[2026-06-14T11:02:48.802+0700] {python.py:240} INFO - Done. Returned value was: None
[2026-06-14T11:02:48.813+0700] {taskinstance.py:340} INFO - ::group::Post task execution logs
[2026-06-14T11:02:48.814+0700] {taskinstance.py:352} INFO - Marking task as SUCCESS. dag_id=remosy_master_end_to_end, task_id=process_twitter, run_id=scheduled__2026-06-13T05:00:00+00:00, execution_date=20260613T050000, start_date=20260614T040158, end_date=20260614T040248
[2026-06-14T11:02:48.908+0700] {local_task_job_runner.py:261} INFO - Task exited with return code 0
[2026-06-14T11:02:48.934+0700] {taskinstance.py:3891} INFO - 1 downstream tasks scheduled from follow-on schedule check
[2026-06-14T11:02:48.936+0700] {local_task_job_runner.py:240} INFO - ::endgroup::
