[2026-06-07T06:05:03.756+0700] {local_task_job_runner.py:123} INFO - ::group::Pre task execution logs
[2026-06-07T06:05:03.775+0700] {taskinstance.py:2603} INFO - Dependencies all met for dep_context=non-requeueable deps ti=<TaskInstance: dag_scraping_twitter.task_process_sentiment scheduled__2026-06-06T11:00:00+00:00 [queued]>
[2026-06-07T06:05:03.786+0700] {taskinstance.py:2603} INFO - Dependencies all met for dep_context=requeueable deps ti=<TaskInstance: dag_scraping_twitter.task_process_sentiment scheduled__2026-06-06T11:00:00+00:00 [queued]>
[2026-06-07T06:05:03.787+0700] {taskinstance.py:2856} INFO - Starting attempt 1 of 1
[2026-06-07T06:05:03.801+0700] {taskinstance.py:2879} INFO - Executing <Task(PythonOperator): task_process_sentiment> on 2026-06-06 11:00:00+00:00
[2026-06-07T06:05:03.811+0700] {logging_mixin.py:190} WARNING - /home/***/.local/lib/python3.12/site-packages/***/task/task_runner/standard_task_runner.py:70 DeprecationWarning: This process (pid=26411) is multi-threaded, use of fork() may lead to deadlocks in the child.
[2026-06-07T06:05:03.810+0700] {standard_task_runner.py:104} INFO - Running: ['***', 'tasks', 'run', 'dag_scraping_twitter', 'task_process_sentiment', 'scheduled__2026-06-06T11:00:00+00:00', '--job-id', '408', '--raw', '--subdir', 'DAGS_FOLDER/dag_scraping_twitter.py', '--cfg-path', '/tmp/tmpn__nvn4a']
[2026-06-07T06:05:03.813+0700] {standard_task_runner.py:72} INFO - Started process 26412 to run task
[2026-06-07T06:05:03.813+0700] {standard_task_runner.py:105} INFO - Job 408: Subtask task_process_sentiment
[2026-06-07T06:05:03.830+0700] {logging_mixin.py:190} WARNING - /home/***/.local/lib/python3.12/site-packages/***/settings.py:209 DeprecationWarning: The sql_alchemy_conn option in [core] has been moved to the sql_alchemy_conn option in [database] - the old setting has been used, but please update your config.
[2026-06-07T06:05:03.865+0700] {task_command.py:467} INFO - Running <TaskInstance: dag_scraping_twitter.task_process_sentiment scheduled__2026-06-06T11:00:00+00:00 [running]> on host b1aa4bc46701
[2026-06-07T06:05:03.867+0700] {logging_mixin.py:190} WARNING - /home/***/.local/lib/python3.12/site-packages/***/settings.py:449 DeprecationWarning: The sql_alchemy_conn option in [core] has been moved to the sql_alchemy_conn option in [database] - the old setting has been used, but please update your config.
[2026-06-07T06:05:03.948+0700] {taskinstance.py:3122} INFO - Exporting env vars: AIRFLOW_CTX_DAG_OWNER='remosy_admin' AIRFLOW_CTX_DAG_ID='dag_scraping_twitter' AIRFLOW_CTX_TASK_ID='task_process_sentiment' AIRFLOW_CTX_EXECUTION_DATE='2026-06-06T11:00:00+00:00' AIRFLOW_CTX_TRY_NUMBER='1' AIRFLOW_CTX_DAG_RUN_ID='scheduled__2026-06-06T11:00:00+00:00'
[2026-06-07T06:05:03.949+0700] {taskinstance.py:731} INFO - ::endgroup::
[2026-06-07T06:05:11.048+0700] {logging_mixin.py:190} INFO -  Sedang memuat model AI (IndoBERT)...
[2026-06-07T06:05:11.408+0700] {_client.py:1025} INFO - HTTP Request: HEAD https://huggingface.co/w11wo/indonesian-roberta-base-sentiment-classifier/resolve/main/config.json "HTTP/1.1 307 Temporary Redirect"
[2026-06-07T06:05:11.410+0700] {logging_mixin.py:190} WARNING - Warning: You are sending unauthenticated requests to the HF Hub. Please set a HF_TOKEN to enable higher rate limits and faster downloads.
[2026-06-07T06:05:11.410+0700] {_http.py:904} WARNING - Warning: You are sending unauthenticated requests to the HF Hub. Please set a HF_TOKEN to enable higher rate limits and faster downloads.
[2026-06-07T06:05:11.428+0700] {_client.py:1025} INFO - HTTP Request: HEAD https://huggingface.co/api/resolve-cache/models/w11wo/indonesian-roberta-base-sentiment-classifier/ac452dcb0f4966130bba44f4ee0013bb5d52c282/config.json "HTTP/1.1 200 OK"
[2026-06-07T06:05:11.572+0700] {logging_mixin.py:190} WARNING - Loading weights:   0%|          | 0/201 [00:00<?, ?it/s]
[2026-06-07T06:05:11.671+0700] {logging_mixin.py:190} WARNING - Loading weights: 100%|██████████| 201/201 [00:00<00:00, 2092.45it/s]
[2026-06-07T06:05:11.956+0700] {_client.py:1025} INFO - HTTP Request: GET https://huggingface.co/api/models/w11wo/indonesian-roberta-base-sentiment-classifier/tree/main/additional_chat_templates?recursive=false&expand=false "HTTP/1.1 404 Not Found"
[2026-06-07T06:05:12.234+0700] {_client.py:1025} INFO - HTTP Request: GET https://huggingface.co/api/models/w11wo/indonesian-roberta-base-sentiment-classifier/tree/main?recursive=true&expand=false "HTTP/1.1 200 OK"
[2026-06-07T06:05:14.589+0700] {logging_mixin.py:190} INFO -  Model AI siap digunakan!
[2026-06-07T06:05:14.592+0700] {logging_mixin.py:190} INFO - 🚀 Memulai Job Pemrosesan Twitter (Cleaning + Sentiment + Relevance Filter)...
[2026-06-07T06:05:14.657+0700] {logging_mixin.py:190} INFO - 📦 Ditemukan 35 tweet baru. Sedang memproses...
[2026-06-07T06:05:14.408+0700] {taskinstance.py:3301} ERROR - Task failed with exception
Traceback (most recent call last):
  File "/home/airflow/.local/lib/python3.12/site-packages/airflow/models/taskinstance.py", line 767, in _execute_task
    result = _execute_callable(context=context, **execute_callable_kwargs)
             ^^^^^^^^^^^^^^^^^^^^^^^^^^^^^^^^^^^^^^^^^^^^^^^^^^^^^^^^^^^^^
  File "/home/airflow/.local/lib/python3.12/site-packages/airflow/models/taskinstance.py", line 733, in _execute_callable
    return ExecutionCallableRunner(
           ^^^^^^^^^^^^^^^^^^^^^^^^
  File "/home/airflow/.local/lib/python3.12/site-packages/airflow/utils/operator_helpers.py", line 252, in run
    return self.func(*args, **kwargs)
           ^^^^^^^^^^^^^^^^^^^^^^^^^^
  File "/home/airflow/.local/lib/python3.12/site-packages/airflow/models/baseoperator.py", line 406, in wrapper
    return func(self, *args, **kwargs)
           ^^^^^^^^^^^^^^^^^^^^^^^^^^^
  File "/home/airflow/.local/lib/python3.12/site-packages/airflow/operators/python.py", line 238, in execute
    return_value = self.execute_callable()
                   ^^^^^^^^^^^^^^^^^^^^^^^
  File "/home/airflow/.local/lib/python3.12/site-packages/airflow/operators/python.py", line 256, in execute_callable
    return runner.run(*self.op_args, **self.op_kwargs)
           ^^^^^^^^^^^^^^^^^^^^^^^^^^^^^^^^^^^^^^^^^^^
  File "/home/airflow/.local/lib/python3.12/site-packages/airflow/utils/operator_helpers.py", line 252, in run
    return self.func(*args, **kwargs)
           ^^^^^^^^^^^^^^^^^^^^^^^^^^
  File "/opt/airflow/dags/dag_scraping_twitter.py", line 18, in process_twitter_wrapper
    run_twitter_processing()
  File "/opt/airflow/src/processing/process_tweets.py", line 121, in run_twitter_processing
    final_label, final_score = refine_sentiment(teks_bersih, label, score)
                               ^^^^^^^^^^^^^^^^^^^^^^^^^^^^^^^^^^^^^^^^^^^
  File "/opt/airflow/src/processing/process_tweets.py", line 52, in refine_sentiment
    if any(word in text_lower for word in academic_positive):
                                          ^^^^^^^^^^^^^^^^^
UnboundLocalError: cannot access local variable 'academic_positive' where it is not associated with a value
[2026-06-07T06:05:14.419+0700] {taskinstance.py:1225} INFO - Marking task as FAILED. dag_id=dag_scraping_twitter, task_id=task_process_sentiment, run_id=scheduled__2026-06-06T11:00:00+00:00, execution_date=20260606T110000, start_date=20260606T230503, end_date=20260606T230514
[2026-06-07T06:05:14.432+0700] {taskinstance.py:340} INFO - ::group::Post task execution logs
[2026-06-07T06:05:14.433+0700] {standard_task_runner.py:124} ERROR - Failed to execute job 408 for task task_process_sentiment (cannot access local variable 'academic_positive' where it is not associated with a value; 26412)
Traceback (most recent call last):
  File "/home/airflow/.local/lib/python3.12/site-packages/airflow/task/task_runner/standard_task_runner.py", line 117, in _start_by_fork
    ret = args.func(args, dag=self.dag)
          ^^^^^^^^^^^^^^^^^^^^^^^^^^^^^
  File "/home/airflow/.local/lib/python3.12/site-packages/airflow/cli/cli_config.py", line 49, in command
    return func(*args, **kwargs)
           ^^^^^^^^^^^^^^^^^^^^^
  File "/home/airflow/.local/lib/python3.12/site-packages/airflow/utils/cli.py", line 115, in wrapper
    return f(*args, **kwargs)
           ^^^^^^^^^^^^^^^^^^
  File "/home/airflow/.local/lib/python3.12/site-packages/airflow/cli/commands/task_command.py", line 483, in task_run
    task_return_code = _run_task_by_selected_method(args, _dag, ti)
                       ^^^^^^^^^^^^^^^^^^^^^^^^^^^^^^^^^^^^^^^^^^^^
  File "/home/airflow/.local/lib/python3.12/site-packages/airflow/cli/commands/task_command.py", line 256, in _run_task_by_selected_method
    return _run_raw_task(args, ti)
           ^^^^^^^^^^^^^^^^^^^^^^^
  File "/home/airflow/.local/lib/python3.12/site-packages/airflow/cli/commands/task_command.py", line 341, in _run_raw_task
    return ti._run_raw_task(
           ^^^^^^^^^^^^^^^^^
  File "/home/airflow/.local/lib/python3.12/site-packages/airflow/utils/session.py", line 97, in wrapper
    return func(*args, session=session, **kwargs)
           ^^^^^^^^^^^^^^^^^^^^^^^^^^^^^^^^^^^^^^
  File "/home/airflow/.local/lib/python3.12/site-packages/airflow/models/taskinstance.py", line 2995, in _run_raw_task
    return _run_raw_task(
           ^^^^^^^^^^^^^^
  File "/home/airflow/.local/lib/python3.12/site-packages/airflow/models/taskinstance.py", line 273, in _run_raw_task
    TaskInstance._execute_task_with_callbacks(
  File "/home/airflow/.local/lib/python3.12/site-packages/airflow/models/taskinstance.py", line 3149, in _execute_task_with_callbacks
    result = self._execute_task(context, task_orig)
             ^^^^^^^^^^^^^^^^^^^^^^^^^^^^^^^^^^^^^^
  File "/home/airflow/.local/lib/python3.12/site-packages/airflow/models/taskinstance.py", line 3173, in _execute_task
    return _execute_task(self, context, task_orig)
           ^^^^^^^^^^^^^^^^^^^^^^^^^^^^^^^^^^^^^^^
  File "/home/airflow/.local/lib/python3.12/site-packages/airflow/models/taskinstance.py", line 767, in _execute_task
    result = _execute_callable(context=context, **execute_callable_kwargs)
             ^^^^^^^^^^^^^^^^^^^^^^^^^^^^^^^^^^^^^^^^^^^^^^^^^^^^^^^^^^^^^
  File "/home/airflow/.local/lib/python3.12/site-packages/airflow/models/taskinstance.py", line 733, in _execute_callable
    return ExecutionCallableRunner(
           ^^^^^^^^^^^^^^^^^^^^^^^^
  File "/home/airflow/.local/lib/python3.12/site-packages/airflow/utils/operator_helpers.py", line 252, in run
    return self.func(*args, **kwargs)
           ^^^^^^^^^^^^^^^^^^^^^^^^^^
  File "/home/airflow/.local/lib/python3.12/site-packages/airflow/models/baseoperator.py", line 406, in wrapper
    return func(self, *args, **kwargs)
           ^^^^^^^^^^^^^^^^^^^^^^^^^^^
  File "/home/airflow/.local/lib/python3.12/site-packages/airflow/operators/python.py", line 238, in execute
    return_value = self.execute_callable()
                   ^^^^^^^^^^^^^^^^^^^^^^^
  File "/home/airflow/.local/lib/python3.12/site-packages/airflow/operators/python.py", line 256, in execute_callable
    return runner.run(*self.op_args, **self.op_kwargs)
           ^^^^^^^^^^^^^^^^^^^^^^^^^^^^^^^^^^^^^^^^^^^
  File "/home/airflow/.local/lib/python3.12/site-packages/airflow/utils/operator_helpers.py", line 252, in run
    return self.func(*args, **kwargs)
           ^^^^^^^^^^^^^^^^^^^^^^^^^^
  File "/opt/airflow/dags/dag_scraping_twitter.py", line 18, in process_twitter_wrapper
    run_twitter_processing()
  File "/opt/airflow/src/processing/process_tweets.py", line 121, in run_twitter_processing
    final_label, final_score = refine_sentiment(teks_bersih, label, score)
                               ^^^^^^^^^^^^^^^^^^^^^^^^^^^^^^^^^^^^^^^^^^^
  File "/opt/airflow/src/processing/process_tweets.py", line 52, in refine_sentiment
    if any(word in text_lower for word in academic_positive):
                                          ^^^^^^^^^^^^^^^^^
UnboundLocalError: cannot access local variable 'academic_positive' where it is not associated with a value
[2026-06-07T06:05:14.537+0700] {local_task_job_runner.py:261} INFO - Task exited with return code 1
[2026-06-07T06:05:14.560+0700] {taskinstance.py:3891} INFO - 0 downstream tasks scheduled from follow-on schedule check
[2026-06-07T06:05:14.564+0700] {local_task_job_runner.py:240} INFO - ::endgroup::
