[2026-05-30T10:21:57.762+0700] {local_task_job_runner.py:123} INFO - ::group::Pre task execution logs
[2026-05-30T10:21:57.895+0700] {taskinstance.py:2603} INFO - Dependencies all met for dep_context=non-requeueable deps ti=<TaskInstance: dag_scraping_daily.task_scrape_news manual__2026-05-30T03:21:55.185104+00:00 [queued]>
[2026-05-30T10:21:57.969+0700] {taskinstance.py:2603} INFO - Dependencies all met for dep_context=requeueable deps ti=<TaskInstance: dag_scraping_daily.task_scrape_news manual__2026-05-30T03:21:55.185104+00:00 [queued]>
[2026-05-30T10:21:57.971+0700] {taskinstance.py:2856} INFO - Starting attempt 1 of 2
[2026-05-30T10:21:58.052+0700] {taskinstance.py:2879} INFO - Executing <Task(PythonOperator): task_scrape_news> on 2026-05-30 03:21:55.185104+00:00
[2026-05-30T10:21:58.080+0700] {logging_mixin.py:190} WARNING - /home/***/.local/lib/python3.12/site-packages/***/task/task_runner/standard_task_runner.py:70 DeprecationWarning: This process (pid=917) is multi-threaded, use of fork() may lead to deadlocks in the child.
[2026-05-30T10:21:58.082+0700] {standard_task_runner.py:72} INFO - Started process 918 to run task
[2026-05-30T10:21:58.084+0700] {standard_task_runner.py:104} INFO - Running: ['***', 'tasks', 'run', 'dag_scraping_daily', 'task_scrape_news', 'manual__2026-05-30T03:21:55.185104+00:00', '--job-id', '347', '--raw', '--subdir', 'DAGS_FOLDER/dag_scraping_daily.py', '--cfg-path', '/tmp/tmpjoprnwg8']
[2026-05-30T10:21:58.090+0700] {standard_task_runner.py:105} INFO - Job 347: Subtask task_scrape_news
[2026-05-30T10:21:58.127+0700] {logging_mixin.py:190} WARNING - /home/***/.local/lib/python3.12/site-packages/***/settings.py:209 DeprecationWarning: The sql_alchemy_conn option in [core] has been moved to the sql_alchemy_conn option in [database] - the old setting has been used, but please update your config.
[2026-05-30T10:21:58.243+0700] {task_command.py:467} INFO - Running <TaskInstance: dag_scraping_daily.task_scrape_news manual__2026-05-30T03:21:55.185104+00:00 [running]> on host fd10d4ef5b00
[2026-05-30T10:21:58.576+0700] {taskinstance.py:3122} INFO - Exporting env vars: AIRFLOW_CTX_DAG_OWNER='remosy_admin' AIRFLOW_CTX_DAG_ID='dag_scraping_daily' AIRFLOW_CTX_TASK_ID='task_scrape_news' AIRFLOW_CTX_EXECUTION_DATE='2026-05-30T03:21:55.185104+00:00' AIRFLOW_CTX_TRY_NUMBER='1' AIRFLOW_CTX_DAG_RUN_ID='manual__2026-05-30T03:21:55.185104+00:00'
[2026-05-30T10:21:58.597+0700] {taskinstance.py:731} INFO - ::endgroup::
[2026-05-30T10:22:04.563+0700] {logging_mixin.py:190} INFO - 🚀 Memulai Job Scraping Google News (Mode Dinamis via Database)...
[2026-05-30T10:22:04.655+0700] {logging_mixin.py:190} INFO - 📋 Menggunakan 4 Kata Kunci dari Database: ['UNSIKA', 'Universitas Singaperbangsa Karawang', 'Unsika', 'Rektor UNSIKA']
[2026-05-30T10:22:04.670+0700] {logging_mixin.py:190} INFO - 📚 Database memiliki 449 berita lama.
[2026-05-30T10:22:04.672+0700] {logging_mixin.py:190} INFO - 🔎 Sedang mencari: 'UNSIKA'...
[2026-05-30T10:22:05.865+0700] {logging_mixin.py:190} INFO -    ✅ Menyimpan 1 berita BARU.
[2026-05-30T10:22:05.866+0700] {logging_mixin.py:190} INFO - 🔎 Sedang mencari: 'Universitas Singaperbangsa Karawang'...
[2026-05-30T10:22:06.723+0700] {logging_mixin.py:190} INFO -    ✅ Menyimpan 6 berita BARU.
[2026-05-30T10:22:06.729+0700] {logging_mixin.py:190} INFO - 🔎 Sedang mencari: 'Unsika'...
[2026-05-30T10:22:07.630+0700] {logging_mixin.py:190} INFO -    ℹ️  Dapat berita, tapi semuanya duplikat (Skip).
[2026-05-30T10:22:07.643+0700] {logging_mixin.py:190} INFO - 🔎 Sedang mencari: 'Rektor UNSIKA'...
[2026-05-30T10:22:08.575+0700] {logging_mixin.py:190} INFO -    ✅ Menyimpan 3 berita BARU.
[2026-05-30T10:22:08.580+0700] {logging_mixin.py:190} INFO - 🏁 Job Selesai. Total 10 berita baru ditambahkan hari ini.
[2026-05-30T10:22:08.584+0700] {python.py:240} INFO - Done. Returned value was: None
[2026-05-30T10:22:08.632+0700] {taskinstance.py:340} INFO - ::group::Post task execution logs
[2026-05-30T10:22:08.635+0700] {taskinstance.py:352} INFO - Marking task as SUCCESS. dag_id=dag_scraping_daily, task_id=task_scrape_news, run_id=manual__2026-05-30T03:21:55.185104+00:00, execution_date=20260530T032155, start_date=20260530T032157, end_date=20260530T032208
[2026-05-30T10:22:08.952+0700] {local_task_job_runner.py:261} INFO - Task exited with return code 0
[2026-05-30T10:22:09.018+0700] {local_task_job_runner.py:240} INFO - ::endgroup::
