[2026-02-22T15:30:54.116+0700] {local_task_job_runner.py:123} INFO - ::group::Pre task execution logs
[2026-02-22T15:30:54.143+0700] {taskinstance.py:2603} INFO - Dependencies all met for dep_context=non-requeueable deps ti=<TaskInstance: dag_scraping_daily.task_process_sentiment scheduled__2026-02-21T17:00:00+00:00 [queued]>
[2026-02-22T15:30:54.156+0700] {taskinstance.py:2603} INFO - Dependencies all met for dep_context=requeueable deps ti=<TaskInstance: dag_scraping_daily.task_process_sentiment scheduled__2026-02-21T17:00:00+00:00 [queued]>
[2026-02-22T15:30:54.157+0700] {taskinstance.py:2856} INFO - Starting attempt 2 of 2
[2026-02-22T15:30:54.174+0700] {taskinstance.py:2879} INFO - Executing <Task(PythonOperator): task_process_sentiment> on 2026-02-21 17:00:00+00:00
[2026-02-22T15:30:54.214+0700] {logging_mixin.py:190} WARNING - /home/***/.local/lib/python3.12/site-packages/***/task/task_runner/standard_task_runner.py:70 DeprecationWarning: This process (pid=1473) is multi-threaded, use of fork() may lead to deadlocks in the child.
[2026-02-22T15:30:54.217+0700] {standard_task_runner.py:72} INFO - Started process 1474 to run task
[2026-02-22T15:30:54.216+0700] {standard_task_runner.py:104} INFO - Running: ['***', 'tasks', 'run', 'dag_scraping_daily', 'task_process_sentiment', 'scheduled__2026-02-21T17:00:00+00:00', '--job-id', '183', '--raw', '--subdir', 'DAGS_FOLDER/dag_scraping_daily.py', '--cfg-path', '/tmp/tmpo22i1bs_']
[2026-02-22T15:30:54.220+0700] {standard_task_runner.py:105} INFO - Job 183: Subtask task_process_sentiment
[2026-02-22T15:30:54.246+0700] {logging_mixin.py:190} WARNING - /home/***/.local/lib/python3.12/site-packages/***/settings.py:209 DeprecationWarning: The sql_alchemy_conn option in [core] has been moved to the sql_alchemy_conn option in [database] - the old setting has been used, but please update your config.
[2026-02-22T15:30:54.297+0700] {task_command.py:467} INFO - Running <TaskInstance: dag_scraping_daily.task_process_sentiment scheduled__2026-02-21T17:00:00+00:00 [running]> on host 7392b0285d7c
[2026-02-22T15:30:54.299+0700] {logging_mixin.py:190} WARNING - /home/***/.local/lib/python3.12/site-packages/***/settings.py:449 DeprecationWarning: The sql_alchemy_conn option in [core] has been moved to the sql_alchemy_conn option in [database] - the old setting has been used, but please update your config.
[2026-02-22T15:30:54.464+0700] {taskinstance.py:3122} INFO - Exporting env vars: AIRFLOW_CTX_DAG_OWNER='remosy_admin' AIRFLOW_CTX_DAG_ID='dag_scraping_daily' AIRFLOW_CTX_TASK_ID='task_process_sentiment' AIRFLOW_CTX_EXECUTION_DATE='2026-02-21T17:00:00+00:00' AIRFLOW_CTX_TRY_NUMBER='2' AIRFLOW_CTX_DAG_RUN_ID='scheduled__2026-02-21T17:00:00+00:00'
[2026-02-22T15:30:54.468+0700] {taskinstance.py:731} INFO - ::endgroup::
[2026-02-22T15:31:03.053+0700] {logging_mixin.py:190} INFO - 🚀 Memulai Job Pemrosesan Berita (Smart Sentiment)...
[2026-02-22T15:31:03.077+0700] {logging_mixin.py:190} INFO -    ✅ Tidak ada berita baru untuk diproses.
[2026-02-22T15:31:03.078+0700] {python.py:240} INFO - Done. Returned value was: None
[2026-02-22T15:31:03.087+0700] {taskinstance.py:340} INFO - ::group::Post task execution logs
[2026-02-22T15:31:03.089+0700] {taskinstance.py:352} INFO - Marking task as SUCCESS. dag_id=dag_scraping_daily, task_id=task_process_sentiment, run_id=scheduled__2026-02-21T17:00:00+00:00, execution_date=20260221T170000, start_date=20260222T083054, end_date=20260222T083103
[2026-02-22T15:31:03.162+0700] {local_task_job_runner.py:261} INFO - Task exited with return code 0
[2026-02-22T15:31:03.180+0700] {taskinstance.py:3891} INFO - 0 downstream tasks scheduled from follow-on schedule check
[2026-02-22T15:31:03.182+0700] {local_task_job_runner.py:240} INFO - ::endgroup::
