[2026-02-12T18:25:59.740+0700] {local_task_job_runner.py:123} INFO - ::group::Pre task execution logs
[2026-02-12T18:25:59.830+0700] {taskinstance.py:2603} INFO - Dependencies all met for dep_context=non-requeueable deps ti=<TaskInstance: dag_scraping_twitter.task_scrape_twitter scheduled__2026-02-06T23:00:00+00:00 [queued]>
[2026-02-12T18:25:59.940+0700] {taskinstance.py:2603} INFO - Dependencies all met for dep_context=requeueable deps ti=<TaskInstance: dag_scraping_twitter.task_scrape_twitter scheduled__2026-02-06T23:00:00+00:00 [queued]>
[2026-02-12T18:25:59.964+0700] {taskinstance.py:2856} INFO - Starting attempt 1 of 1
[2026-02-12T18:26:00.051+0700] {taskinstance.py:2879} INFO - Executing <Task(PythonOperator): task_scrape_twitter> on 2026-02-06 23:00:00+00:00
[2026-02-12T18:26:00.089+0700] {logging_mixin.py:190} WARNING - /home/***/.local/lib/python3.12/site-packages/***/task/task_runner/standard_task_runner.py:70 DeprecationWarning: This process (pid=164) is multi-threaded, use of fork() may lead to deadlocks in the child.
[2026-02-12T18:26:00.120+0700] {standard_task_runner.py:72} INFO - Started process 174 to run task
[2026-02-12T18:26:00.130+0700] {standard_task_runner.py:104} INFO - Running: ['***', 'tasks', 'run', 'dag_scraping_twitter', 'task_scrape_twitter', 'scheduled__2026-02-06T23:00:00+00:00', '--job-id', '96', '--raw', '--subdir', 'DAGS_FOLDER/dag_scraping_twitter.py', '--cfg-path', '/tmp/tmp_zmxuzv9']
[2026-02-12T18:26:00.154+0700] {standard_task_runner.py:105} INFO - Job 96: Subtask task_scrape_twitter
[2026-02-12T18:26:00.271+0700] {logging_mixin.py:190} WARNING - /home/***/.local/lib/python3.12/site-packages/***/settings.py:209 DeprecationWarning: The sql_alchemy_conn option in [core] has been moved to the sql_alchemy_conn option in [database] - the old setting has been used, but please update your config.
[2026-02-12T18:26:02.316+0700] {task_command.py:467} INFO - Running <TaskInstance: dag_scraping_twitter.task_scrape_twitter scheduled__2026-02-06T23:00:00+00:00 [running]> on host 72dd812d095d
[2026-02-12T18:26:02.757+0700] {logging_mixin.py:190} WARNING - /home/***/.local/lib/python3.12/site-packages/***/settings.py:449 DeprecationWarning: The sql_alchemy_conn option in [core] has been moved to the sql_alchemy_conn option in [database] - the old setting has been used, but please update your config.
[2026-02-12T18:26:03.179+0700] {taskinstance.py:3122} INFO - Exporting env vars: AIRFLOW_CTX_DAG_OWNER='remosy_admin' AIRFLOW_CTX_DAG_ID='dag_scraping_twitter' AIRFLOW_CTX_TASK_ID='task_scrape_twitter' AIRFLOW_CTX_EXECUTION_DATE='2026-02-06T23:00:00+00:00' AIRFLOW_CTX_TRY_NUMBER='1' AIRFLOW_CTX_DAG_RUN_ID='scheduled__2026-02-06T23:00:00+00:00'
[2026-02-12T18:26:03.194+0700] {taskinstance.py:731} INFO - ::endgroup::
[2026-02-12T18:26:09.992+0700] {logging_mixin.py:190} INFO - Memulai Job Scraping Twitter (Mode Cerdas)...
[2026-02-12T18:26:10.062+0700] {logging_mixin.py:190} INFO - Database saat ini memiliki 86 tweet.
[2026-02-12T18:26:10.063+0700] {logging_mixin.py:190} INFO - Mencari Tweet: unsika...
[2026-02-12T18:37:54.377+0700] {job.py:229} INFO - Heartbeat recovered after 75.65 seconds
[2026-02-12T18:37:56.063+0700] {logging_mixin.py:190} INFO - Mencari Tweet: universitas singaperbangsa karawang...
[2026-02-12T18:46:32.418+0700] {job.py:229} INFO - Heartbeat recovered after 260.87 seconds
[2026-02-12T18:46:32.764+0700] {logging_mixin.py:190} INFO - Mencari Tweet: mahasiswa unsika...
[2026-02-12T18:46:52.880+0700] {job.py:229} INFO - Heartbeat recovered after 15.41 seconds
[2026-02-12T18:55:12.796+0700] {logging_mixin.py:190} INFO -    Menyimpan 4 tweet BARU.
[2026-02-12T18:55:12.803+0700] {logging_mixin.py:190} INFO - Job Twitter Selesai. Total 4 tweet baru tersimpan.
[2026-02-12T18:55:12.822+0700] {python.py:240} INFO - Done. Returned value was: None
[2026-02-12T18:55:13.103+0700] {taskinstance.py:340} INFO - ::group::Post task execution logs
[2026-02-12T18:55:13.113+0700] {taskinstance.py:352} INFO - Marking task as SUCCESS. dag_id=dag_scraping_twitter, task_id=task_scrape_twitter, run_id=scheduled__2026-02-06T23:00:00+00:00, execution_date=20260206T230000, start_date=20260212T112559, end_date=20260212T115513
[2026-02-12T18:55:13.358+0700] {local_task_job_runner.py:261} INFO - Task exited with return code 0
[2026-02-12T18:55:13.546+0700] {taskinstance.py:3891} INFO - 1 downstream tasks scheduled from follow-on schedule check
[2026-02-12T18:55:13.553+0700] {local_task_job_runner.py:240} INFO - ::endgroup::
