[2026-06-12T07:49:50.214+0700] {local_task_job_runner.py:123} INFO - ::group::Pre task execution logs
[2026-06-12T07:49:50.239+0700] {taskinstance.py:2603} INFO - Dependencies all met for dep_context=non-requeueable deps ti=<TaskInstance: remosy_master_end_to_end.scrape_twitter scheduled__2026-06-11T05:00:00+00:00 [queued]>
[2026-06-12T07:49:50.251+0700] {taskinstance.py:2603} INFO - Dependencies all met for dep_context=requeueable deps ti=<TaskInstance: remosy_master_end_to_end.scrape_twitter scheduled__2026-06-11T05:00:00+00:00 [queued]>
[2026-06-12T07:49:50.251+0700] {taskinstance.py:2856} INFO - Starting attempt 1 of 1
[2026-06-12T07:49:50.267+0700] {taskinstance.py:2879} INFO - Executing <Task(PythonOperator): scrape_twitter> on 2026-06-11 05:00:00+00:00
[2026-06-12T07:49:50.278+0700] {logging_mixin.py:190} WARNING - /home/***/.local/lib/python3.12/site-packages/***/task/task_runner/standard_task_runner.py:70 DeprecationWarning: This process (pid=180) is multi-threaded, use of fork() may lead to deadlocks in the child.
[2026-06-12T07:49:50.280+0700] {standard_task_runner.py:72} INFO - Started process 184 to run task
[2026-06-12T07:49:50.278+0700] {standard_task_runner.py:104} INFO - Running: ['***', 'tasks', 'run', 'remosy_master_end_to_end', 'scrape_twitter', 'scheduled__2026-06-11T05:00:00+00:00', '--job-id', '437', '--raw', '--subdir', 'DAGS_FOLDER/dag_remosy_master.py', '--cfg-path', '/tmp/tmpw4kv1yck']
[2026-06-12T07:49:50.282+0700] {standard_task_runner.py:105} INFO - Job 437: Subtask scrape_twitter
[2026-06-12T07:49:50.313+0700] {logging_mixin.py:190} WARNING - /home/***/.local/lib/python3.12/site-packages/***/settings.py:209 DeprecationWarning: The sql_alchemy_conn option in [core] has been moved to the sql_alchemy_conn option in [database] - the old setting has been used, but please update your config.
[2026-06-12T07:49:50.376+0700] {task_command.py:467} INFO - Running <TaskInstance: remosy_master_end_to_end.scrape_twitter scheduled__2026-06-11T05:00:00+00:00 [running]> on host a98f3862c268
[2026-06-12T07:49:50.380+0700] {logging_mixin.py:190} WARNING - /home/***/.local/lib/python3.12/site-packages/***/settings.py:449 DeprecationWarning: The sql_alchemy_conn option in [core] has been moved to the sql_alchemy_conn option in [database] - the old setting has been used, but please update your config.
[2026-06-12T07:49:50.518+0700] {taskinstance.py:3122} INFO - Exporting env vars: AIRFLOW_CTX_DAG_OWNER='remosy' AIRFLOW_CTX_DAG_ID='remosy_master_end_to_end' AIRFLOW_CTX_TASK_ID='scrape_twitter' AIRFLOW_CTX_EXECUTION_DATE='2026-06-11T05:00:00+00:00' AIRFLOW_CTX_TRY_NUMBER='1' AIRFLOW_CTX_DAG_RUN_ID='scheduled__2026-06-11T05:00:00+00:00'
[2026-06-12T07:49:50.519+0700] {taskinstance.py:731} INFO - ::endgroup::
[2026-06-12T07:49:53.388+0700] {logging_mixin.py:190} INFO - Memulai Job Scraping Twitter (Mode Cerdas)...
[2026-06-12T07:49:53.457+0700] {logging_mixin.py:190} INFO - Database saat ini memiliki 345 tweet.
[2026-06-12T07:49:53.458+0700] {logging_mixin.py:190} INFO - Mencari Tweet: unsika...
[2026-06-12T07:57:18.020+0700] {logging_mixin.py:190} INFO -    -> Berhasil menarik 0 tweet mentah dari X.
[2026-06-12T07:57:18.021+0700] {logging_mixin.py:190} INFO - Mencari Tweet: universitas singaperbangsa karawang...
[2026-06-12T07:58:53.272+0700] {local_task_job_runner.py:127} ERROR - Received SIGTERM. Terminating subprocesses
[2026-06-12T07:58:53.280+0700] {process_utils.py:132} INFO - Sending 15 to group 184. PIDs of all processes in the group: [560, 561, 612, 613, 624, 625, 698, 184]
[2026-06-12T07:58:53.282+0700] {process_utils.py:87} INFO - Sending the signal 15 to group 184
[2026-06-12T07:58:53.286+0700] {taskinstance.py:3083} ERROR - Received SIGTERM. Terminating subprocesses.
[2026-06-12T07:58:53.316+0700] {process_utils.py:80} INFO - Process psutil.Process(pid=625, status='terminated', started='07:58:00') (625) terminated with exit code None
[2026-06-12T07:58:53.317+0700] {process_utils.py:80} INFO - Process psutil.Process(pid=560, status='terminated', started='07:57:12') (560) terminated with exit code None
[2026-06-12T07:58:53.319+0700] {taskinstance.py:3301} ERROR - Task failed with exception
Traceback (most recent call last):
  File "/home/airflow/.local/lib/python3.12/site-packages/airflow/models/taskinstance.py", line 767, in _execute_task
    result = _execute_callable(context=context, **execute_callable_kwargs)
             ^^^^^^^^^^^^^^^^^^^^^^^^^^^^^^^^^^^^^^^^^^^^^^^^^^^^^^^^^^^^^
  File "/home/airflow/.local/lib/python3.12/site-packages/airflow/models/taskinstance.py", line 733, in _execute_callable
    return ExecutionCallableRunner(
           ^^^^^^^^^^^^^^^^^^^^^^^^
  File "/home/airflow/.local/lib/python3.12/site-packages/airflow/utils/operator_helpers.py", line 252, in run
    return self.func(*args, **kwargs)
           ^^^^^^^^^^^^^^^^^^^^^^^^^^
  File "/home/airflow/.local/lib/python3.12/site-packages/airflow/models/baseoperator.py", line 406, in wrapper
    return func(self, *args, **kwargs)
           ^^^^^^^^^^^^^^^^^^^^^^^^^^^
  File "/home/airflow/.local/lib/python3.12/site-packages/airflow/operators/python.py", line 238, in execute
    return_value = self.execute_callable()
                   ^^^^^^^^^^^^^^^^^^^^^^^
  File "/home/airflow/.local/lib/python3.12/site-packages/airflow/operators/python.py", line 256, in execute_callable
    return runner.run(*self.op_args, **self.op_kwargs)
           ^^^^^^^^^^^^^^^^^^^^^^^^^^^^^^^^^^^^^^^^^^^
  File "/home/airflow/.local/lib/python3.12/site-packages/airflow/utils/operator_helpers.py", line 252, in run
    return self.func(*args, **kwargs)
           ^^^^^^^^^^^^^^^^^^^^^^^^^^
  File "/opt/airflow/dags/dag_remosy_master.py", line 15, in scrape_twitter
    run_twitter_scraping_job()
  File "/opt/airflow/src/scrapers/twitter_scraper.py", line 108, in run_twitter_scraping_job
    df = scraper.scrape(keyword, max_items=50)
         ^^^^^^^^^^^^^^^^^^^^^^^^^^^^^^^^^^^^^
  File "/opt/airflow/src/scrapers/twitter_scraper.py", line 40, in scrape
    process = subprocess.run(command, shell=True, capture_output=True, text=True)
              ^^^^^^^^^^^^^^^^^^^^^^^^^^^^^^^^^^^^^^^^^^^^^^^^^^^^^^^^^^^^^^^^^^^
  File "/usr/local/lib/python3.12/subprocess.py", line 550, in run
    stdout, stderr = process.communicate(input, timeout=timeout)
                     ^^^^^^^^^^^^^^^^^^^^^^^^^^^^^^^^^^^^^^^^^^^
  File "/usr/local/lib/python3.12/subprocess.py", line 1209, in communicate
    stdout, stderr = self._communicate(input, endtime, timeout)
                     ^^^^^^^^^^^^^^^^^^^^^^^^^^^^^^^^^^^^^^^^^^
  File "/usr/local/lib/python3.12/subprocess.py", line 2115, in _communicate
    ready = selector.select(timeout)
            ^^^^^^^^^^^^^^^^^^^^^^^^
  File "/usr/local/lib/python3.12/selectors.py", line 415, in select
    fd_event_list = self._selector.poll(timeout)
                    ^^^^^^^^^^^^^^^^^^^^^^^^^^^^
  File "/home/airflow/.local/lib/python3.12/site-packages/airflow/models/taskinstance.py", line 3085, in signal_handler
    raise AirflowTaskTerminated("Task received SIGTERM signal")
airflow.exceptions.AirflowTaskTerminated: Task received SIGTERM signal
[2026-06-12T07:58:53.339+0700] {taskinstance.py:1225} INFO - Marking task as FAILED. dag_id=remosy_master_end_to_end, task_id=scrape_twitter, run_id=scheduled__2026-06-11T05:00:00+00:00, execution_date=20260611T050000, start_date=20260612T004950, end_date=20260612T005853
[2026-06-12T07:58:53.355+0700] {taskinstance.py:340} INFO - ::group::Post task execution logs
[2026-06-12T07:58:53.457+0700] {process_utils.py:80} INFO - Process psutil.Process(pid=613, status='terminated', started='07:57:59') (613) terminated with exit code None
[2026-06-12T07:58:53.459+0700] {process_utils.py:80} INFO - Process psutil.Process(pid=624, status='terminated', started='07:58:00') (624) terminated with exit code None
[2026-06-12T07:58:53.460+0700] {process_utils.py:80} INFO - Process psutil.Process(pid=698, status='terminated', started='07:58:46') (698) terminated with exit code None
[2026-06-12T07:58:53.462+0700] {process_utils.py:80} INFO - Process psutil.Process(pid=184, status='terminated', exitcode=2, started='07:49:49') (184) terminated with exit code 2
[2026-06-12T07:58:53.463+0700] {process_utils.py:80} INFO - Process psutil.Process(pid=612, status='terminated', started='07:57:59') (612) terminated with exit code None
[2026-06-12T07:58:53.639+0700] {process_utils.py:80} INFO - Process psutil.Process(pid=561, status='terminated', started='07:57:12') (561) terminated with exit code None
[2026-06-12T07:58:53.640+0700] {local_task_job_runner.py:261} INFO - Task exited with return code 143
[2026-06-12T07:58:53.671+0700] {taskinstance.py:3891} INFO - 0 downstream tasks scheduled from follow-on schedule check
[2026-06-12T07:58:55.779+0700] {local_task_job_runner.py:240} INFO - ::endgroup::
