[2026-03-29T17:52:15.384+0700] {local_task_job_runner.py:123} INFO - ::group::Pre task execution logs
[2026-03-29T17:52:15.403+0700] {taskinstance.py:2603} INFO - Dependencies all met for dep_context=non-requeueable deps ti=<TaskInstance: dag_scraping_twitter.task_scrape_twitter manual__2026-03-29T10:52:14.264801+00:00 [queued]>
[2026-03-29T17:52:15.413+0700] {taskinstance.py:2603} INFO - Dependencies all met for dep_context=requeueable deps ti=<TaskInstance: dag_scraping_twitter.task_scrape_twitter manual__2026-03-29T10:52:14.264801+00:00 [queued]>
[2026-03-29T17:52:15.414+0700] {taskinstance.py:2856} INFO - Starting attempt 1 of 1
[2026-03-29T17:52:15.430+0700] {taskinstance.py:2879} INFO - Executing <Task(PythonOperator): task_scrape_twitter> on 2026-03-29 10:52:14.264801+00:00
[2026-03-29T17:52:15.447+0700] {logging_mixin.py:190} WARNING - /home/***/.local/lib/python3.12/site-packages/***/task/task_runner/standard_task_runner.py:70 DeprecationWarning: This process (pid=5154) is multi-threaded, use of fork() may lead to deadlocks in the child.
[2026-03-29T17:52:15.449+0700] {standard_task_runner.py:72} INFO - Started process 5155 to run task
[2026-03-29T17:52:15.447+0700] {standard_task_runner.py:104} INFO - Running: ['***', 'tasks', 'run', 'dag_scraping_twitter', 'task_scrape_twitter', 'manual__2026-03-29T10:52:14.264801+00:00', '--job-id', '245', '--raw', '--subdir', 'DAGS_FOLDER/dag_scraping_twitter.py', '--cfg-path', '/tmp/tmpd9es5ijd']
[2026-03-29T17:52:15.451+0700] {standard_task_runner.py:105} INFO - Job 245: Subtask task_scrape_twitter
[2026-03-29T17:52:15.472+0700] {logging_mixin.py:190} WARNING - /home/***/.local/lib/python3.12/site-packages/***/settings.py:209 DeprecationWarning: The sql_alchemy_conn option in [core] has been moved to the sql_alchemy_conn option in [database] - the old setting has been used, but please update your config.
[2026-03-29T17:52:15.530+0700] {task_command.py:467} INFO - Running <TaskInstance: dag_scraping_twitter.task_scrape_twitter manual__2026-03-29T10:52:14.264801+00:00 [running]> on host a32a3aef6157
[2026-03-29T17:52:15.664+0700] {taskinstance.py:3122} INFO - Exporting env vars: AIRFLOW_CTX_DAG_OWNER='remosy_admin' AIRFLOW_CTX_DAG_ID='dag_scraping_twitter' AIRFLOW_CTX_TASK_ID='task_scrape_twitter' AIRFLOW_CTX_EXECUTION_DATE='2026-03-29T10:52:14.264801+00:00' AIRFLOW_CTX_TRY_NUMBER='1' AIRFLOW_CTX_DAG_RUN_ID='manual__2026-03-29T10:52:14.264801+00:00'
[2026-03-29T17:52:15.666+0700] {taskinstance.py:731} INFO - ::endgroup::
[2026-03-29T17:52:17.332+0700] {logging_mixin.py:190} INFO - Memulai Job Scraping Twitter (Mode Cerdas)...
[2026-03-29T17:52:17.355+0700] {logging_mixin.py:190} INFO - Database saat ini memiliki 143 tweet.
[2026-03-29T17:52:17.356+0700] {logging_mixin.py:190} INFO - Mencari Tweet: unsika...
[2026-03-29T17:53:29.344+0700] {logging_mixin.py:190} INFO - Mencari Tweet: universitas singaperbangsa karawang...
[2026-03-29T17:54:35.894+0700] {logging_mixin.py:190} INFO - Mencari Tweet: mahasiswa unsika...
[2026-03-29T17:54:42.638+0700] {logging_mixin.py:190} INFO - Job Twitter Selesai. Total 0 tweet baru tersimpan.
[2026-03-29T17:54:42.639+0700] {python.py:240} INFO - Done. Returned value was: None
[2026-03-29T17:54:42.654+0700] {taskinstance.py:340} INFO - ::group::Post task execution logs
[2026-03-29T17:54:42.655+0700] {taskinstance.py:352} INFO - Marking task as SUCCESS. dag_id=dag_scraping_twitter, task_id=task_scrape_twitter, run_id=manual__2026-03-29T10:52:14.264801+00:00, execution_date=20260329T105214, start_date=20260329T105215, end_date=20260329T105442
[2026-03-29T17:54:42.712+0700] {local_task_job_runner.py:261} INFO - Task exited with return code 0
[2026-03-29T17:54:42.733+0700] {taskinstance.py:3891} INFO - 1 downstream tasks scheduled from follow-on schedule check
[2026-03-29T17:54:42.737+0700] {local_task_job_runner.py:240} INFO - ::endgroup::
