[2026-02-12T18:26:02.295+0700] {local_task_job_runner.py:123} INFO - ::group::Pre task execution logs
[2026-02-12T18:26:02.449+0700] {taskinstance.py:2603} INFO - Dependencies all met for dep_context=non-requeueable deps ti=<TaskInstance: dag_scraping_twitter.task_scrape_twitter scheduled__2026-02-11T23:00:00+00:00 [queued]>
[2026-02-12T18:26:02.772+0700] {taskinstance.py:2603} INFO - Dependencies all met for dep_context=requeueable deps ti=<TaskInstance: dag_scraping_twitter.task_scrape_twitter scheduled__2026-02-11T23:00:00+00:00 [queued]>
[2026-02-12T18:26:02.776+0700] {taskinstance.py:2856} INFO - Starting attempt 1 of 1
[2026-02-12T18:26:02.838+0700] {taskinstance.py:2879} INFO - Executing <Task(PythonOperator): task_scrape_twitter> on 2026-02-11 23:00:00+00:00
[2026-02-12T18:26:02.912+0700] {logging_mixin.py:190} WARNING - /home/***/.local/lib/python3.12/site-packages/***/task/task_runner/standard_task_runner.py:70 DeprecationWarning: This process (pid=170) is multi-threaded, use of fork() may lead to deadlocks in the child.
[2026-02-12T18:26:02.918+0700] {standard_task_runner.py:104} INFO - Running: ['***', 'tasks', 'run', 'dag_scraping_twitter', 'task_scrape_twitter', 'scheduled__2026-02-11T23:00:00+00:00', '--job-id', '97', '--raw', '--subdir', 'DAGS_FOLDER/dag_scraping_twitter.py', '--cfg-path', '/tmp/tmps0ekaou7']
[2026-02-12T18:26:02.940+0700] {standard_task_runner.py:105} INFO - Job 97: Subtask task_scrape_twitter
[2026-02-12T18:26:02.937+0700] {standard_task_runner.py:72} INFO - Started process 182 to run task
[2026-02-12T18:26:02.992+0700] {logging_mixin.py:190} WARNING - /home/***/.local/lib/python3.12/site-packages/***/settings.py:209 DeprecationWarning: The sql_alchemy_conn option in [core] has been moved to the sql_alchemy_conn option in [database] - the old setting has been used, but please update your config.
[2026-02-12T18:26:03.163+0700] {task_command.py:467} INFO - Running <TaskInstance: dag_scraping_twitter.task_scrape_twitter scheduled__2026-02-11T23:00:00+00:00 [running]> on host 72dd812d095d
[2026-02-12T18:26:03.167+0700] {logging_mixin.py:190} WARNING - /home/***/.local/lib/python3.12/site-packages/***/settings.py:449 DeprecationWarning: The sql_alchemy_conn option in [core] has been moved to the sql_alchemy_conn option in [database] - the old setting has been used, but please update your config.
[2026-02-12T18:26:03.433+0700] {taskinstance.py:3122} INFO - Exporting env vars: AIRFLOW_CTX_DAG_OWNER='remosy_admin' AIRFLOW_CTX_DAG_ID='dag_scraping_twitter' AIRFLOW_CTX_TASK_ID='task_scrape_twitter' AIRFLOW_CTX_EXECUTION_DATE='2026-02-11T23:00:00+00:00' AIRFLOW_CTX_TRY_NUMBER='1' AIRFLOW_CTX_DAG_RUN_ID='scheduled__2026-02-11T23:00:00+00:00'
[2026-02-12T18:26:03.441+0700] {taskinstance.py:731} INFO - ::endgroup::
[2026-02-12T18:26:09.992+0700] {logging_mixin.py:190} INFO - Memulai Job Scraping Twitter (Mode Cerdas)...
[2026-02-12T18:26:10.062+0700] {logging_mixin.py:190} INFO - Database saat ini memiliki 86 tweet.
[2026-02-12T18:26:10.063+0700] {logging_mixin.py:190} INFO - Mencari Tweet: unsika...
[2026-02-12T18:34:19.923+0700] {logging_mixin.py:190} INFO - Mencari Tweet: universitas singaperbangsa karawang...
[2026-02-12T18:34:23.098+0700] {logging_mixin.py:190} INFO - Mencari Tweet: mahasiswa unsika...
[2026-02-12T18:34:25.478+0700] {logging_mixin.py:190} INFO - Job Twitter Selesai. Total 0 tweet baru tersimpan.
[2026-02-12T18:34:25.479+0700] {python.py:240} INFO - Done. Returned value was: None
[2026-02-12T18:34:25.492+0700] {taskinstance.py:340} INFO - ::group::Post task execution logs
[2026-02-12T18:34:25.493+0700] {taskinstance.py:352} INFO - Marking task as SUCCESS. dag_id=dag_scraping_twitter, task_id=task_scrape_twitter, run_id=scheduled__2026-02-11T23:00:00+00:00, execution_date=20260211T230000, start_date=20260212T112602, end_date=20260212T113425
[2026-02-12T18:34:25.558+0700] {local_task_job_runner.py:261} INFO - Task exited with return code 0
[2026-02-12T18:34:25.589+0700] {taskinstance.py:3891} INFO - 1 downstream tasks scheduled from follow-on schedule check
[2026-02-12T18:34:25.592+0700] {local_task_job_runner.py:240} INFO - ::endgroup::
