[2026-05-30T23:33:06.535+0700] {local_task_job_runner.py:123} INFO - ::group::Pre task execution logs
[2026-05-30T23:33:06.570+0700] {taskinstance.py:2603} INFO - Dependencies all met for dep_context=non-requeueable deps ti=<TaskInstance: dag_scraping_twitter.task_scrape_twitter manual__2026-05-30T16:33:04.146996+00:00 [queued]>
[2026-05-30T23:33:06.587+0700] {taskinstance.py:2603} INFO - Dependencies all met for dep_context=requeueable deps ti=<TaskInstance: dag_scraping_twitter.task_scrape_twitter manual__2026-05-30T16:33:04.146996+00:00 [queued]>
[2026-05-30T23:33:06.588+0700] {taskinstance.py:2856} INFO - Starting attempt 1 of 1
[2026-05-30T23:33:06.612+0700] {taskinstance.py:2879} INFO - Executing <Task(PythonOperator): task_scrape_twitter> on 2026-05-30 16:33:04.146996+00:00
[2026-05-30T23:33:06.621+0700] {logging_mixin.py:190} WARNING - /home/***/.local/lib/python3.12/site-packages/***/task/task_runner/standard_task_runner.py:70 DeprecationWarning: This process (pid=46186) is multi-threaded, use of fork() may lead to deadlocks in the child.
[2026-05-30T23:33:06.622+0700] {standard_task_runner.py:72} INFO - Started process 46187 to run task
[2026-05-30T23:33:06.621+0700] {standard_task_runner.py:104} INFO - Running: ['***', 'tasks', 'run', 'dag_scraping_twitter', 'task_scrape_twitter', 'manual__2026-05-30T16:33:04.146996+00:00', '--job-id', '358', '--raw', '--subdir', 'DAGS_FOLDER/dag_scraping_twitter.py', '--cfg-path', '/tmp/tmpsohyi6tn']
[2026-05-30T23:33:06.623+0700] {standard_task_runner.py:105} INFO - Job 358: Subtask task_scrape_twitter
[2026-05-30T23:33:06.642+0700] {logging_mixin.py:190} WARNING - /home/***/.local/lib/python3.12/site-packages/***/settings.py:209 DeprecationWarning: The sql_alchemy_conn option in [core] has been moved to the sql_alchemy_conn option in [database] - the old setting has been used, but please update your config.
[2026-05-30T23:33:06.686+0700] {task_command.py:467} INFO - Running <TaskInstance: dag_scraping_twitter.task_scrape_twitter manual__2026-05-30T16:33:04.146996+00:00 [running]> on host fd10d4ef5b00
[2026-05-30T23:33:06.826+0700] {taskinstance.py:3122} INFO - Exporting env vars: AIRFLOW_CTX_DAG_OWNER='remosy_admin' AIRFLOW_CTX_DAG_ID='dag_scraping_twitter' AIRFLOW_CTX_TASK_ID='task_scrape_twitter' AIRFLOW_CTX_EXECUTION_DATE='2026-05-30T16:33:04.146996+00:00' AIRFLOW_CTX_TRY_NUMBER='1' AIRFLOW_CTX_DAG_RUN_ID='manual__2026-05-30T16:33:04.146996+00:00'
[2026-05-30T23:33:06.828+0700] {taskinstance.py:731} INFO - ::endgroup::
[2026-05-30T23:33:10.550+0700] {logging_mixin.py:190} INFO - Memulai Job Scraping Twitter (Mode Cerdas)...
[2026-05-30T23:33:10.607+0700] {logging_mixin.py:190} INFO - Database saat ini memiliki 137 tweet.
[2026-05-30T23:33:10.611+0700] {logging_mixin.py:190} INFO - Mencari Tweet: unsika...
[2026-05-30T23:33:40.875+0700] {logging_mixin.py:190} INFO -    -> Berhasil menarik 60 tweet mentah dari X.
[2026-05-30T23:33:40.915+0700] {logging_mixin.py:190} INFO -    ✅ Menyimpan 60 tweet BARU ke database.
[2026-05-30T23:33:40.916+0700] {logging_mixin.py:190} INFO - Mencari Tweet: universitas singaperbangsa karawang...
[2026-05-30T23:36:12.908+0700] {logging_mixin.py:190} INFO -    -> Berhasil menarik 16 tweet mentah dari X.
[2026-05-30T23:36:12.929+0700] {logging_mixin.py:190} INFO -    ✅ Menyimpan 15 tweet BARU ke database.
[2026-05-30T23:36:12.930+0700] {logging_mixin.py:190} INFO - Mencari Tweet: mahasiswa unsika...
[2026-05-30T23:38:44.735+0700] {logging_mixin.py:190} INFO -    -> Berhasil menarik 35 tweet mentah dari X.
[2026-05-30T23:38:44.756+0700] {logging_mixin.py:190} INFO -    ✅ Menyimpan 31 tweet BARU ke database.
[2026-05-30T23:38:44.756+0700] {logging_mixin.py:190} INFO - Job Twitter Selesai. Total 106 tweet baru tersimpan.
[2026-05-30T23:38:44.757+0700] {python.py:240} INFO - Done. Returned value was: None
[2026-05-30T23:38:44.772+0700] {taskinstance.py:340} INFO - ::group::Post task execution logs
[2026-05-30T23:38:44.773+0700] {taskinstance.py:352} INFO - Marking task as SUCCESS. dag_id=dag_scraping_twitter, task_id=task_scrape_twitter, run_id=manual__2026-05-30T16:33:04.146996+00:00, execution_date=20260530T163304, start_date=20260530T163306, end_date=20260530T163844
[2026-05-30T23:38:44.805+0700] {local_task_job_runner.py:261} INFO - Task exited with return code 0
[2026-05-30T23:38:44.829+0700] {taskinstance.py:3891} INFO - 1 downstream tasks scheduled from follow-on schedule check
[2026-05-30T23:38:44.832+0700] {local_task_job_runner.py:240} INFO - ::endgroup::
