[2026-06-11T14:46:22.695+0700] {processor.py:186} INFO - Started process (PID=181) to work on /opt/airflow/dags/dag_remosy_master.py
[2026-06-11T14:46:22.696+0700] {processor.py:914} INFO - Processing file /opt/airflow/dags/dag_remosy_master.py for tasks to queue
[2026-06-11T14:46:22.698+0700] {logging_mixin.py:190} INFO - [2026-06-11T14:46:22.697+0700] {dagbag.py:587} INFO - Filling up the DagBag from /opt/airflow/dags/dag_remosy_master.py
[2026-06-11T14:46:22.727+0700] {processor.py:925} INFO - DAG(s) 'remosy_master_end_to_end' retrieved from /opt/airflow/dags/dag_remosy_master.py
[2026-06-11T14:46:23.030+0700] {logging_mixin.py:190} INFO - [2026-06-11T14:46:23.029+0700] {override.py:1858} INFO - Created Permission View: can read on DAG:remosy_master_end_to_end
[2026-06-11T14:46:23.043+0700] {logging_mixin.py:190} INFO - [2026-06-11T14:46:23.042+0700] {override.py:1858} INFO - Created Permission View: can edit on DAG:remosy_master_end_to_end
[2026-06-11T14:46:23.053+0700] {logging_mixin.py:190} INFO - [2026-06-11T14:46:23.053+0700] {override.py:1858} INFO - Created Permission View: can delete on DAG:remosy_master_end_to_end
[2026-06-11T14:46:23.054+0700] {logging_mixin.py:190} INFO - [2026-06-11T14:46:23.054+0700] {dag.py:3211} INFO - Sync 1 DAGs
[2026-06-11T14:46:23.071+0700] {logging_mixin.py:190} INFO - [2026-06-11T14:46:23.071+0700] {dag.py:3234} INFO - Creating ORM DAG for remosy_master_end_to_end
[2026-06-11T14:46:23.083+0700] {logging_mixin.py:190} INFO - [2026-06-11T14:46:23.083+0700] {dag.py:4138} INFO - Setting next_dagrun for remosy_master_end_to_end to 2026-06-10 11:00:00+00:00, run_after=2026-06-10 23:00:00+00:00
[2026-06-11T14:46:23.110+0700] {processor.py:208} INFO - Processing /opt/airflow/dags/dag_remosy_master.py took 0.421 seconds
[2026-06-11T14:46:53.216+0700] {processor.py:186} INFO - Started process (PID=204) to work on /opt/airflow/dags/dag_remosy_master.py
[2026-06-11T14:46:53.217+0700] {processor.py:914} INFO - Processing file /opt/airflow/dags/dag_remosy_master.py for tasks to queue
[2026-06-11T14:46:53.221+0700] {logging_mixin.py:190} INFO - [2026-06-11T14:46:53.220+0700] {dagbag.py:587} INFO - Filling up the DagBag from /opt/airflow/dags/dag_remosy_master.py
[2026-06-11T14:46:53.244+0700] {processor.py:925} INFO - DAG(s) 'remosy_master_end_to_end' retrieved from /opt/airflow/dags/dag_remosy_master.py
[2026-06-11T14:46:53.286+0700] {logging_mixin.py:190} INFO - [2026-06-11T14:46:53.286+0700] {dag.py:3211} INFO - Sync 1 DAGs
[2026-06-11T14:46:53.318+0700] {logging_mixin.py:190} INFO - [2026-06-11T14:46:53.318+0700] {dag.py:4138} INFO - Setting next_dagrun for remosy_master_end_to_end to 2026-06-10 11:00:00+00:00, run_after=2026-06-10 23:00:00+00:00
[2026-06-11T14:46:53.345+0700] {processor.py:208} INFO - Processing /opt/airflow/dags/dag_remosy_master.py took 0.136 seconds
[2026-06-11T14:47:23.428+0700] {processor.py:186} INFO - Started process (PID=227) to work on /opt/airflow/dags/dag_remosy_master.py
[2026-06-11T14:47:23.429+0700] {processor.py:914} INFO - Processing file /opt/airflow/dags/dag_remosy_master.py for tasks to queue
[2026-06-11T14:47:23.433+0700] {logging_mixin.py:190} INFO - [2026-06-11T14:47:23.432+0700] {dagbag.py:587} INFO - Filling up the DagBag from /opt/airflow/dags/dag_remosy_master.py
[2026-06-11T14:47:23.455+0700] {processor.py:925} INFO - DAG(s) 'remosy_master_end_to_end' retrieved from /opt/airflow/dags/dag_remosy_master.py
[2026-06-11T14:47:23.496+0700] {logging_mixin.py:190} INFO - [2026-06-11T14:47:23.496+0700] {dag.py:3211} INFO - Sync 1 DAGs
[2026-06-11T14:47:23.535+0700] {logging_mixin.py:190} INFO - [2026-06-11T14:47:23.534+0700] {dag.py:4138} INFO - Setting next_dagrun for remosy_master_end_to_end to 2026-06-10 11:00:00+00:00, run_after=2026-06-10 23:00:00+00:00
[2026-06-11T14:47:23.564+0700] {processor.py:208} INFO - Processing /opt/airflow/dags/dag_remosy_master.py took 0.143 seconds
[2026-06-11T14:47:54.200+0700] {processor.py:186} INFO - Started process (PID=251) to work on /opt/airflow/dags/dag_remosy_master.py
[2026-06-11T14:47:54.201+0700] {processor.py:914} INFO - Processing file /opt/airflow/dags/dag_remosy_master.py for tasks to queue
[2026-06-11T14:47:54.205+0700] {logging_mixin.py:190} INFO - [2026-06-11T14:47:54.204+0700] {dagbag.py:587} INFO - Filling up the DagBag from /opt/airflow/dags/dag_remosy_master.py
[2026-06-11T14:47:54.231+0700] {processor.py:925} INFO - DAG(s) 'remosy_master_end_to_end' retrieved from /opt/airflow/dags/dag_remosy_master.py
[2026-06-11T14:47:54.269+0700] {logging_mixin.py:190} INFO - [2026-06-11T14:47:54.269+0700] {dag.py:3211} INFO - Sync 1 DAGs
[2026-06-11T14:47:54.300+0700] {logging_mixin.py:190} INFO - [2026-06-11T14:47:54.300+0700] {dag.py:4138} INFO - Setting next_dagrun for remosy_master_end_to_end to 2026-06-10 11:00:00+00:00, run_after=2026-06-10 23:00:00+00:00
[2026-06-11T14:47:54.322+0700] {processor.py:208} INFO - Processing /opt/airflow/dags/dag_remosy_master.py took 0.129 seconds
[2026-06-11T14:48:21.884+0700] {processor.py:186} INFO - Started process (PID=274) to work on /opt/airflow/dags/dag_remosy_master.py
[2026-06-11T14:48:21.885+0700] {processor.py:914} INFO - Processing file /opt/airflow/dags/dag_remosy_master.py for tasks to queue
[2026-06-11T14:48:21.888+0700] {logging_mixin.py:190} INFO - [2026-06-11T14:48:21.888+0700] {dagbag.py:587} INFO - Filling up the DagBag from /opt/airflow/dags/dag_remosy_master.py
[2026-06-11T14:48:21.923+0700] {logging_mixin.py:190} INFO - [2026-06-11T14:48:21.919+0700] {dagbag.py:483} ERROR - Failed to bag_dag: /opt/airflow/dags/dag_remosy_master.py
Traceback (most recent call last):
  File "/home/airflow/.local/lib/python3.12/site-packages/croniter/croniter.py", line 230, in _alphaconv
    return cls.ALPHACONV[index][key]
           ~~~~~~~~~~~~~~~~~~~~^^^^^
KeyError: ''

During handling of the above exception, another exception occurred:

Traceback (most recent call last):
  File "/home/airflow/.local/lib/python3.12/site-packages/airflow/timetables/_cron.py", line 102, in validate
    croniter(self._expression)
  File "/home/airflow/.local/lib/python3.12/site-packages/croniter/croniter.py", line 217, in __init__
    self.expanded, self.nth_weekday_of_month = self.expand(
                                               ^^^^^^^^^^^^
  File "/home/airflow/.local/lib/python3.12/site-packages/croniter/croniter.py", line 943, in expand
    return cls._expand(expr_format, hash_id=hash_id,
           ^^^^^^^^^^^^^^^^^^^^^^^^^^^^^^^^^^^^^^^^^
  File "/home/airflow/.local/lib/python3.12/site-packages/croniter/croniter.py", line 876, in _expand
    t = cls._alphaconv(i, t, expressions)
        ^^^^^^^^^^^^^^^^^^^^^^^^^^^^^^^^^
  File "/home/airflow/.local/lib/python3.12/site-packages/croniter/croniter.py", line 232, in _alphaconv
    raise CroniterNotAlphaError(
croniter.croniter.CroniterNotAlphaError: [0 ,18 * * *] is not acceptable

During handling of the above exception, another exception occurred:

Traceback (most recent call last):
  File "/home/airflow/.local/lib/python3.12/site-packages/airflow/models/dagbag.py", line 478, in _process_modules
    dag.validate()
  File "/home/airflow/.local/lib/python3.12/site-packages/airflow/models/dag.py", line 837, in validate
    self.timetable.validate()
  File "/home/airflow/.local/lib/python3.12/site-packages/airflow/timetables/_cron.py", line 104, in validate
    raise AirflowTimetableInvalid(str(e))
airflow.exceptions.AirflowTimetableInvalid: [0 ,18 * * *] is not acceptable
[2026-06-11T14:48:21.924+0700] {processor.py:927} WARNING - No viable dags retrieved from /opt/airflow/dags/dag_remosy_master.py
[2026-06-11T14:48:21.956+0700] {processor.py:208} INFO - Processing /opt/airflow/dags/dag_remosy_master.py took 0.080 seconds
[2026-06-11T14:48:52.792+0700] {processor.py:186} INFO - Started process (PID=297) to work on /opt/airflow/dags/dag_remosy_master.py
[2026-06-11T14:48:52.794+0700] {processor.py:914} INFO - Processing file /opt/airflow/dags/dag_remosy_master.py for tasks to queue
[2026-06-11T14:48:52.796+0700] {logging_mixin.py:190} INFO - [2026-06-11T14:48:52.796+0700] {dagbag.py:587} INFO - Filling up the DagBag from /opt/airflow/dags/dag_remosy_master.py
[2026-06-11T14:48:52.817+0700] {logging_mixin.py:190} INFO - [2026-06-11T14:48:52.814+0700] {dagbag.py:483} ERROR - Failed to bag_dag: /opt/airflow/dags/dag_remosy_master.py
Traceback (most recent call last):
  File "/home/airflow/.local/lib/python3.12/site-packages/croniter/croniter.py", line 230, in _alphaconv
    return cls.ALPHACONV[index][key]
           ~~~~~~~~~~~~~~~~~~~~^^^^^
KeyError: ''

During handling of the above exception, another exception occurred:

Traceback (most recent call last):
  File "/home/airflow/.local/lib/python3.12/site-packages/airflow/timetables/_cron.py", line 102, in validate
    croniter(self._expression)
  File "/home/airflow/.local/lib/python3.12/site-packages/croniter/croniter.py", line 217, in __init__
    self.expanded, self.nth_weekday_of_month = self.expand(
                                               ^^^^^^^^^^^^
  File "/home/airflow/.local/lib/python3.12/site-packages/croniter/croniter.py", line 943, in expand
    return cls._expand(expr_format, hash_id=hash_id,
           ^^^^^^^^^^^^^^^^^^^^^^^^^^^^^^^^^^^^^^^^^
  File "/home/airflow/.local/lib/python3.12/site-packages/croniter/croniter.py", line 876, in _expand
    t = cls._alphaconv(i, t, expressions)
        ^^^^^^^^^^^^^^^^^^^^^^^^^^^^^^^^^
  File "/home/airflow/.local/lib/python3.12/site-packages/croniter/croniter.py", line 232, in _alphaconv
    raise CroniterNotAlphaError(
croniter.croniter.CroniterNotAlphaError: [0 ,18 * * *] is not acceptable

During handling of the above exception, another exception occurred:

Traceback (most recent call last):
  File "/home/airflow/.local/lib/python3.12/site-packages/airflow/models/dagbag.py", line 478, in _process_modules
    dag.validate()
  File "/home/airflow/.local/lib/python3.12/site-packages/airflow/models/dag.py", line 837, in validate
    self.timetable.validate()
  File "/home/airflow/.local/lib/python3.12/site-packages/airflow/timetables/_cron.py", line 104, in validate
    raise AirflowTimetableInvalid(str(e))
airflow.exceptions.AirflowTimetableInvalid: [0 ,18 * * *] is not acceptable
[2026-06-11T14:48:52.817+0700] {processor.py:927} WARNING - No viable dags retrieved from /opt/airflow/dags/dag_remosy_master.py
[2026-06-11T14:48:52.840+0700] {processor.py:208} INFO - Processing /opt/airflow/dags/dag_remosy_master.py took 0.054 seconds
[2026-06-11T14:49:23.450+0700] {processor.py:186} INFO - Started process (PID=320) to work on /opt/airflow/dags/dag_remosy_master.py
[2026-06-11T14:49:23.451+0700] {processor.py:914} INFO - Processing file /opt/airflow/dags/dag_remosy_master.py for tasks to queue
[2026-06-11T14:49:23.453+0700] {logging_mixin.py:190} INFO - [2026-06-11T14:49:23.453+0700] {dagbag.py:587} INFO - Filling up the DagBag from /opt/airflow/dags/dag_remosy_master.py
[2026-06-11T14:49:23.469+0700] {logging_mixin.py:190} INFO - [2026-06-11T14:49:23.467+0700] {dagbag.py:483} ERROR - Failed to bag_dag: /opt/airflow/dags/dag_remosy_master.py
Traceback (most recent call last):
  File "/home/airflow/.local/lib/python3.12/site-packages/croniter/croniter.py", line 230, in _alphaconv
    return cls.ALPHACONV[index][key]
           ~~~~~~~~~~~~~~~~~~~~^^^^^
KeyError: ''

During handling of the above exception, another exception occurred:

Traceback (most recent call last):
  File "/home/airflow/.local/lib/python3.12/site-packages/airflow/timetables/_cron.py", line 102, in validate
    croniter(self._expression)
  File "/home/airflow/.local/lib/python3.12/site-packages/croniter/croniter.py", line 217, in __init__
    self.expanded, self.nth_weekday_of_month = self.expand(
                                               ^^^^^^^^^^^^
  File "/home/airflow/.local/lib/python3.12/site-packages/croniter/croniter.py", line 943, in expand
    return cls._expand(expr_format, hash_id=hash_id,
           ^^^^^^^^^^^^^^^^^^^^^^^^^^^^^^^^^^^^^^^^^
  File "/home/airflow/.local/lib/python3.12/site-packages/croniter/croniter.py", line 876, in _expand
    t = cls._alphaconv(i, t, expressions)
        ^^^^^^^^^^^^^^^^^^^^^^^^^^^^^^^^^
  File "/home/airflow/.local/lib/python3.12/site-packages/croniter/croniter.py", line 232, in _alphaconv
    raise CroniterNotAlphaError(
croniter.croniter.CroniterNotAlphaError: [0 ,18 * * *] is not acceptable

During handling of the above exception, another exception occurred:

Traceback (most recent call last):
  File "/home/airflow/.local/lib/python3.12/site-packages/airflow/models/dagbag.py", line 478, in _process_modules
    dag.validate()
  File "/home/airflow/.local/lib/python3.12/site-packages/airflow/models/dag.py", line 837, in validate
    self.timetable.validate()
  File "/home/airflow/.local/lib/python3.12/site-packages/airflow/timetables/_cron.py", line 104, in validate
    raise AirflowTimetableInvalid(str(e))
airflow.exceptions.AirflowTimetableInvalid: [0 ,18 * * *] is not acceptable
[2026-06-11T14:49:23.470+0700] {processor.py:927} WARNING - No viable dags retrieved from /opt/airflow/dags/dag_remosy_master.py
[2026-06-11T14:49:23.492+0700] {processor.py:208} INFO - Processing /opt/airflow/dags/dag_remosy_master.py took 0.048 seconds
[2026-06-11T14:49:54.526+0700] {processor.py:186} INFO - Started process (PID=343) to work on /opt/airflow/dags/dag_remosy_master.py
[2026-06-11T14:49:54.528+0700] {processor.py:914} INFO - Processing file /opt/airflow/dags/dag_remosy_master.py for tasks to queue
[2026-06-11T14:49:54.532+0700] {logging_mixin.py:190} INFO - [2026-06-11T14:49:54.532+0700] {dagbag.py:587} INFO - Filling up the DagBag from /opt/airflow/dags/dag_remosy_master.py
[2026-06-11T14:49:54.563+0700] {logging_mixin.py:190} INFO - [2026-06-11T14:49:54.555+0700] {dagbag.py:483} ERROR - Failed to bag_dag: /opt/airflow/dags/dag_remosy_master.py
Traceback (most recent call last):
  File "/home/airflow/.local/lib/python3.12/site-packages/croniter/croniter.py", line 230, in _alphaconv
    return cls.ALPHACONV[index][key]
           ~~~~~~~~~~~~~~~~~~~~^^^^^
KeyError: ''

During handling of the above exception, another exception occurred:

Traceback (most recent call last):
  File "/home/airflow/.local/lib/python3.12/site-packages/airflow/timetables/_cron.py", line 102, in validate
    croniter(self._expression)
  File "/home/airflow/.local/lib/python3.12/site-packages/croniter/croniter.py", line 217, in __init__
    self.expanded, self.nth_weekday_of_month = self.expand(
                                               ^^^^^^^^^^^^
  File "/home/airflow/.local/lib/python3.12/site-packages/croniter/croniter.py", line 943, in expand
    return cls._expand(expr_format, hash_id=hash_id,
           ^^^^^^^^^^^^^^^^^^^^^^^^^^^^^^^^^^^^^^^^^
  File "/home/airflow/.local/lib/python3.12/site-packages/croniter/croniter.py", line 876, in _expand
    t = cls._alphaconv(i, t, expressions)
        ^^^^^^^^^^^^^^^^^^^^^^^^^^^^^^^^^
  File "/home/airflow/.local/lib/python3.12/site-packages/croniter/croniter.py", line 232, in _alphaconv
    raise CroniterNotAlphaError(
croniter.croniter.CroniterNotAlphaError: [0 ,18 * * *] is not acceptable

During handling of the above exception, another exception occurred:

Traceback (most recent call last):
  File "/home/airflow/.local/lib/python3.12/site-packages/airflow/models/dagbag.py", line 478, in _process_modules
    dag.validate()
  File "/home/airflow/.local/lib/python3.12/site-packages/airflow/models/dag.py", line 837, in validate
    self.timetable.validate()
  File "/home/airflow/.local/lib/python3.12/site-packages/airflow/timetables/_cron.py", line 104, in validate
    raise AirflowTimetableInvalid(str(e))
airflow.exceptions.AirflowTimetableInvalid: [0 ,18 * * *] is not acceptable
[2026-06-11T14:49:54.564+0700] {processor.py:927} WARNING - No viable dags retrieved from /opt/airflow/dags/dag_remosy_master.py
[2026-06-11T14:49:54.593+0700] {processor.py:208} INFO - Processing /opt/airflow/dags/dag_remosy_master.py took 0.077 seconds
[2026-06-11T14:49:57.587+0700] {processor.py:186} INFO - Started process (PID=348) to work on /opt/airflow/dags/dag_remosy_master.py
[2026-06-11T14:49:57.588+0700] {processor.py:914} INFO - Processing file /opt/airflow/dags/dag_remosy_master.py for tasks to queue
[2026-06-11T14:49:57.590+0700] {logging_mixin.py:190} INFO - [2026-06-11T14:49:57.590+0700] {dagbag.py:587} INFO - Filling up the DagBag from /opt/airflow/dags/dag_remosy_master.py
[2026-06-11T14:49:57.618+0700] {processor.py:925} INFO - DAG(s) 'remosy_master_end_to_end' retrieved from /opt/airflow/dags/dag_remosy_master.py
[2026-06-11T14:49:57.752+0700] {logging_mixin.py:190} INFO - [2026-06-11T14:49:57.752+0700] {dag.py:3211} INFO - Sync 1 DAGs
[2026-06-11T14:49:57.783+0700] {logging_mixin.py:190} INFO - [2026-06-11T14:49:57.783+0700] {dag.py:4138} INFO - Setting next_dagrun for remosy_master_end_to_end to 2026-06-10 17:00:00+00:00, run_after=2026-06-11 05:00:00+00:00
[2026-06-11T14:49:58.004+0700] {processor.py:208} INFO - Processing /opt/airflow/dags/dag_remosy_master.py took 0.423 seconds
[2026-06-11T14:50:28.390+0700] {processor.py:186} INFO - Started process (PID=371) to work on /opt/airflow/dags/dag_remosy_master.py
[2026-06-11T14:50:28.393+0700] {processor.py:914} INFO - Processing file /opt/airflow/dags/dag_remosy_master.py for tasks to queue
[2026-06-11T14:50:28.394+0700] {logging_mixin.py:190} INFO - [2026-06-11T14:50:28.394+0700] {dagbag.py:587} INFO - Filling up the DagBag from /opt/airflow/dags/dag_remosy_master.py
[2026-06-11T14:50:28.416+0700] {processor.py:925} INFO - DAG(s) 'remosy_master_end_to_end' retrieved from /opt/airflow/dags/dag_remosy_master.py
[2026-06-11T14:50:28.445+0700] {logging_mixin.py:190} INFO - [2026-06-11T14:50:28.445+0700] {dag.py:3211} INFO - Sync 1 DAGs
[2026-06-11T14:50:28.470+0700] {logging_mixin.py:190} INFO - [2026-06-11T14:50:28.470+0700] {dag.py:4138} INFO - Setting next_dagrun for remosy_master_end_to_end to 2026-06-10 17:00:00+00:00, run_after=2026-06-11 05:00:00+00:00
[2026-06-11T14:50:28.490+0700] {processor.py:208} INFO - Processing /opt/airflow/dags/dag_remosy_master.py took 0.109 seconds
[2026-06-11T14:50:59.083+0700] {processor.py:186} INFO - Started process (PID=400) to work on /opt/airflow/dags/dag_remosy_master.py
[2026-06-11T14:50:59.084+0700] {processor.py:914} INFO - Processing file /opt/airflow/dags/dag_remosy_master.py for tasks to queue
[2026-06-11T14:50:59.085+0700] {logging_mixin.py:190} INFO - [2026-06-11T14:50:59.085+0700] {dagbag.py:587} INFO - Filling up the DagBag from /opt/airflow/dags/dag_remosy_master.py
[2026-06-11T14:50:59.103+0700] {processor.py:925} INFO - DAG(s) 'remosy_master_end_to_end' retrieved from /opt/airflow/dags/dag_remosy_master.py
[2026-06-11T14:50:59.139+0700] {logging_mixin.py:190} INFO - [2026-06-11T14:50:59.138+0700] {dag.py:3211} INFO - Sync 1 DAGs
[2026-06-11T14:50:59.163+0700] {logging_mixin.py:190} INFO - [2026-06-11T14:50:59.163+0700] {dag.py:4138} INFO - Setting next_dagrun for remosy_master_end_to_end to 2026-06-10 17:00:00+00:00, run_after=2026-06-11 05:00:00+00:00
[2026-06-11T14:50:59.183+0700] {processor.py:208} INFO - Processing /opt/airflow/dags/dag_remosy_master.py took 0.105 seconds
[2026-06-11T14:51:30.180+0700] {processor.py:186} INFO - Started process (PID=423) to work on /opt/airflow/dags/dag_remosy_master.py
[2026-06-11T14:51:30.181+0700] {processor.py:914} INFO - Processing file /opt/airflow/dags/dag_remosy_master.py for tasks to queue
[2026-06-11T14:51:30.184+0700] {logging_mixin.py:190} INFO - [2026-06-11T14:51:30.183+0700] {dagbag.py:587} INFO - Filling up the DagBag from /opt/airflow/dags/dag_remosy_master.py
[2026-06-11T14:51:30.215+0700] {processor.py:925} INFO - DAG(s) 'remosy_master_end_to_end' retrieved from /opt/airflow/dags/dag_remosy_master.py
[2026-06-11T14:51:30.253+0700] {logging_mixin.py:190} INFO - [2026-06-11T14:51:30.253+0700] {dag.py:3211} INFO - Sync 1 DAGs
[2026-06-11T14:51:30.287+0700] {logging_mixin.py:190} INFO - [2026-06-11T14:51:30.287+0700] {dag.py:4138} INFO - Setting next_dagrun for remosy_master_end_to_end to 2026-06-10 17:00:00+00:00, run_after=2026-06-11 05:00:00+00:00
[2026-06-11T14:51:30.313+0700] {processor.py:208} INFO - Processing /opt/airflow/dags/dag_remosy_master.py took 0.150 seconds
[2026-06-11T14:52:00.548+0700] {processor.py:186} INFO - Started process (PID=446) to work on /opt/airflow/dags/dag_remosy_master.py
[2026-06-11T14:52:00.549+0700] {processor.py:914} INFO - Processing file /opt/airflow/dags/dag_remosy_master.py for tasks to queue
[2026-06-11T14:52:00.550+0700] {logging_mixin.py:190} INFO - [2026-06-11T14:52:00.550+0700] {dagbag.py:587} INFO - Filling up the DagBag from /opt/airflow/dags/dag_remosy_master.py
[2026-06-11T14:52:00.569+0700] {processor.py:925} INFO - DAG(s) 'remosy_master_end_to_end' retrieved from /opt/airflow/dags/dag_remosy_master.py
[2026-06-11T14:52:00.595+0700] {logging_mixin.py:190} INFO - [2026-06-11T14:52:00.594+0700] {dag.py:3211} INFO - Sync 1 DAGs
[2026-06-11T14:52:00.618+0700] {logging_mixin.py:190} INFO - [2026-06-11T14:52:00.617+0700] {dag.py:4138} INFO - Setting next_dagrun for remosy_master_end_to_end to 2026-06-10 17:00:00+00:00, run_after=2026-06-11 05:00:00+00:00
[2026-06-11T14:52:00.640+0700] {processor.py:208} INFO - Processing /opt/airflow/dags/dag_remosy_master.py took 0.099 seconds
[2026-06-11T14:52:31.592+0700] {processor.py:186} INFO - Started process (PID=469) to work on /opt/airflow/dags/dag_remosy_master.py
[2026-06-11T14:52:31.594+0700] {processor.py:914} INFO - Processing file /opt/airflow/dags/dag_remosy_master.py for tasks to queue
[2026-06-11T14:52:31.596+0700] {logging_mixin.py:190} INFO - [2026-06-11T14:52:31.595+0700] {dagbag.py:587} INFO - Filling up the DagBag from /opt/airflow/dags/dag_remosy_master.py
[2026-06-11T14:52:31.620+0700] {processor.py:925} INFO - DAG(s) 'remosy_master_end_to_end' retrieved from /opt/airflow/dags/dag_remosy_master.py
[2026-06-11T14:52:31.652+0700] {logging_mixin.py:190} INFO - [2026-06-11T14:52:31.652+0700] {dag.py:3211} INFO - Sync 1 DAGs
[2026-06-11T14:52:31.680+0700] {logging_mixin.py:190} INFO - [2026-06-11T14:52:31.680+0700] {dag.py:4138} INFO - Setting next_dagrun for remosy_master_end_to_end to 2026-06-10 17:00:00+00:00, run_after=2026-06-11 05:00:00+00:00
[2026-06-11T14:52:31.703+0700] {processor.py:208} INFO - Processing /opt/airflow/dags/dag_remosy_master.py took 0.121 seconds
[2026-06-11T14:53:02.218+0700] {processor.py:186} INFO - Started process (PID=492) to work on /opt/airflow/dags/dag_remosy_master.py
[2026-06-11T14:53:02.221+0700] {processor.py:914} INFO - Processing file /opt/airflow/dags/dag_remosy_master.py for tasks to queue
[2026-06-11T14:53:02.225+0700] {logging_mixin.py:190} INFO - [2026-06-11T14:53:02.224+0700] {dagbag.py:587} INFO - Filling up the DagBag from /opt/airflow/dags/dag_remosy_master.py
[2026-06-11T14:53:02.269+0700] {processor.py:925} INFO - DAG(s) 'remosy_master_end_to_end' retrieved from /opt/airflow/dags/dag_remosy_master.py
[2026-06-11T14:53:02.349+0700] {logging_mixin.py:190} INFO - [2026-06-11T14:53:02.349+0700] {dag.py:3211} INFO - Sync 1 DAGs
[2026-06-11T14:53:02.445+0700] {logging_mixin.py:190} INFO - [2026-06-11T14:53:02.444+0700] {dag.py:4138} INFO - Setting next_dagrun for remosy_master_end_to_end to 2026-06-10 17:00:00+00:00, run_after=2026-06-11 05:00:00+00:00
[2026-06-11T14:53:02.845+0700] {processor.py:208} INFO - Processing /opt/airflow/dags/dag_remosy_master.py took 0.639 seconds
[2026-06-11T14:53:33.230+0700] {processor.py:186} INFO - Started process (PID=515) to work on /opt/airflow/dags/dag_remosy_master.py
[2026-06-11T14:53:33.232+0700] {processor.py:914} INFO - Processing file /opt/airflow/dags/dag_remosy_master.py for tasks to queue
[2026-06-11T14:53:33.235+0700] {logging_mixin.py:190} INFO - [2026-06-11T14:53:33.234+0700] {dagbag.py:587} INFO - Filling up the DagBag from /opt/airflow/dags/dag_remosy_master.py
[2026-06-11T14:53:33.264+0700] {processor.py:925} INFO - DAG(s) 'remosy_master_end_to_end' retrieved from /opt/airflow/dags/dag_remosy_master.py
[2026-06-11T14:53:33.308+0700] {logging_mixin.py:190} INFO - [2026-06-11T14:53:33.308+0700] {dag.py:3211} INFO - Sync 1 DAGs
[2026-06-11T14:53:33.622+0700] {logging_mixin.py:190} INFO - [2026-06-11T14:53:33.622+0700] {dag.py:4138} INFO - Setting next_dagrun for remosy_master_end_to_end to 2026-06-10 17:00:00+00:00, run_after=2026-06-11 05:00:00+00:00
[2026-06-11T14:53:33.656+0700] {processor.py:208} INFO - Processing /opt/airflow/dags/dag_remosy_master.py took 0.434 seconds
[2026-06-11T14:54:04.443+0700] {processor.py:186} INFO - Started process (PID=538) to work on /opt/airflow/dags/dag_remosy_master.py
[2026-06-11T14:54:04.448+0700] {processor.py:914} INFO - Processing file /opt/airflow/dags/dag_remosy_master.py for tasks to queue
[2026-06-11T14:54:04.455+0700] {logging_mixin.py:190} INFO - [2026-06-11T14:54:04.454+0700] {dagbag.py:587} INFO - Filling up the DagBag from /opt/airflow/dags/dag_remosy_master.py
[2026-06-11T14:54:04.542+0700] {processor.py:925} INFO - DAG(s) 'remosy_master_end_to_end' retrieved from /opt/airflow/dags/dag_remosy_master.py
[2026-06-11T14:54:04.901+0700] {logging_mixin.py:190} INFO - [2026-06-11T14:54:04.901+0700] {dag.py:3211} INFO - Sync 1 DAGs
[2026-06-11T14:54:04.927+0700] {logging_mixin.py:190} INFO - [2026-06-11T14:54:04.927+0700] {dag.py:4138} INFO - Setting next_dagrun for remosy_master_end_to_end to 2026-06-10 17:00:00+00:00, run_after=2026-06-11 05:00:00+00:00
[2026-06-11T14:54:04.947+0700] {processor.py:208} INFO - Processing /opt/airflow/dags/dag_remosy_master.py took 0.526 seconds
[2026-06-11T14:54:35.493+0700] {processor.py:186} INFO - Started process (PID=567) to work on /opt/airflow/dags/dag_remosy_master.py
[2026-06-11T14:54:35.494+0700] {processor.py:914} INFO - Processing file /opt/airflow/dags/dag_remosy_master.py for tasks to queue
[2026-06-11T14:54:35.496+0700] {logging_mixin.py:190} INFO - [2026-06-11T14:54:35.496+0700] {dagbag.py:587} INFO - Filling up the DagBag from /opt/airflow/dags/dag_remosy_master.py
[2026-06-11T14:54:35.798+0700] {processor.py:925} INFO - DAG(s) 'remosy_master_end_to_end' retrieved from /opt/airflow/dags/dag_remosy_master.py
[2026-06-11T14:54:35.824+0700] {logging_mixin.py:190} INFO - [2026-06-11T14:54:35.824+0700] {dag.py:3211} INFO - Sync 1 DAGs
[2026-06-11T14:54:35.850+0700] {logging_mixin.py:190} INFO - [2026-06-11T14:54:35.850+0700] {dag.py:4138} INFO - Setting next_dagrun for remosy_master_end_to_end to 2026-06-10 17:00:00+00:00, run_after=2026-06-11 05:00:00+00:00
[2026-06-11T14:54:35.921+0700] {processor.py:208} INFO - Processing /opt/airflow/dags/dag_remosy_master.py took 0.439 seconds
[2026-06-11T14:55:06.465+0700] {processor.py:186} INFO - Started process (PID=590) to work on /opt/airflow/dags/dag_remosy_master.py
[2026-06-11T14:55:06.466+0700] {processor.py:914} INFO - Processing file /opt/airflow/dags/dag_remosy_master.py for tasks to queue
[2026-06-11T14:55:06.468+0700] {logging_mixin.py:190} INFO - [2026-06-11T14:55:06.467+0700] {dagbag.py:587} INFO - Filling up the DagBag from /opt/airflow/dags/dag_remosy_master.py
[2026-06-11T14:55:06.489+0700] {processor.py:925} INFO - DAG(s) 'remosy_master_end_to_end' retrieved from /opt/airflow/dags/dag_remosy_master.py
[2026-06-11T14:55:06.524+0700] {logging_mixin.py:190} INFO - [2026-06-11T14:55:06.524+0700] {dag.py:3211} INFO - Sync 1 DAGs
[2026-06-11T14:55:06.554+0700] {logging_mixin.py:190} INFO - [2026-06-11T14:55:06.554+0700] {dag.py:4138} INFO - Setting next_dagrun for remosy_master_end_to_end to 2026-06-10 17:00:00+00:00, run_after=2026-06-11 05:00:00+00:00
[2026-06-11T14:55:06.579+0700] {processor.py:208} INFO - Processing /opt/airflow/dags/dag_remosy_master.py took 0.123 seconds
[2026-06-11T14:55:37.153+0700] {processor.py:186} INFO - Started process (PID=613) to work on /opt/airflow/dags/dag_remosy_master.py
[2026-06-11T14:55:37.155+0700] {processor.py:914} INFO - Processing file /opt/airflow/dags/dag_remosy_master.py for tasks to queue
[2026-06-11T14:55:37.156+0700] {logging_mixin.py:190} INFO - [2026-06-11T14:55:37.156+0700] {dagbag.py:587} INFO - Filling up the DagBag from /opt/airflow/dags/dag_remosy_master.py
[2026-06-11T14:55:37.182+0700] {processor.py:925} INFO - DAG(s) 'remosy_master_end_to_end' retrieved from /opt/airflow/dags/dag_remosy_master.py
[2026-06-11T14:55:37.217+0700] {logging_mixin.py:190} INFO - [2026-06-11T14:55:37.217+0700] {dag.py:3211} INFO - Sync 1 DAGs
[2026-06-11T14:55:37.248+0700] {logging_mixin.py:190} INFO - [2026-06-11T14:55:37.247+0700] {dag.py:4138} INFO - Setting next_dagrun for remosy_master_end_to_end to 2026-06-10 17:00:00+00:00, run_after=2026-06-11 05:00:00+00:00
[2026-06-11T14:55:37.273+0700] {processor.py:208} INFO - Processing /opt/airflow/dags/dag_remosy_master.py took 0.129 seconds
[2026-06-11T14:56:07.552+0700] {processor.py:186} INFO - Started process (PID=636) to work on /opt/airflow/dags/dag_remosy_master.py
[2026-06-11T14:56:07.553+0700] {processor.py:914} INFO - Processing file /opt/airflow/dags/dag_remosy_master.py for tasks to queue
[2026-06-11T14:56:07.555+0700] {logging_mixin.py:190} INFO - [2026-06-11T14:56:07.554+0700] {dagbag.py:587} INFO - Filling up the DagBag from /opt/airflow/dags/dag_remosy_master.py
[2026-06-11T14:56:07.579+0700] {processor.py:925} INFO - DAG(s) 'remosy_master_end_to_end' retrieved from /opt/airflow/dags/dag_remosy_master.py
[2026-06-11T14:56:07.624+0700] {logging_mixin.py:190} INFO - [2026-06-11T14:56:07.624+0700] {dag.py:3211} INFO - Sync 1 DAGs
[2026-06-11T14:56:07.657+0700] {logging_mixin.py:190} INFO - [2026-06-11T14:56:07.657+0700] {dag.py:4138} INFO - Setting next_dagrun for remosy_master_end_to_end to 2026-06-10 17:00:00+00:00, run_after=2026-06-11 05:00:00+00:00
[2026-06-11T14:56:07.683+0700] {processor.py:208} INFO - Processing /opt/airflow/dags/dag_remosy_master.py took 0.139 seconds
[2026-06-11T14:56:37.961+0700] {processor.py:186} INFO - Started process (PID=660) to work on /opt/airflow/dags/dag_remosy_master.py
[2026-06-11T14:56:37.964+0700] {processor.py:914} INFO - Processing file /opt/airflow/dags/dag_remosy_master.py for tasks to queue
[2026-06-11T14:56:37.968+0700] {logging_mixin.py:190} INFO - [2026-06-11T14:56:37.967+0700] {dagbag.py:587} INFO - Filling up the DagBag from /opt/airflow/dags/dag_remosy_master.py
[2026-06-11T14:56:38.013+0700] {processor.py:925} INFO - DAG(s) 'remosy_master_end_to_end' retrieved from /opt/airflow/dags/dag_remosy_master.py
[2026-06-11T14:56:38.064+0700] {logging_mixin.py:190} INFO - [2026-06-11T14:56:38.064+0700] {dag.py:3211} INFO - Sync 1 DAGs
[2026-06-11T14:56:38.106+0700] {logging_mixin.py:190} INFO - [2026-06-11T14:56:38.106+0700] {dag.py:4138} INFO - Setting next_dagrun for remosy_master_end_to_end to 2026-06-10 17:00:00+00:00, run_after=2026-06-11 05:00:00+00:00
[2026-06-11T14:56:38.133+0700] {processor.py:208} INFO - Processing /opt/airflow/dags/dag_remosy_master.py took 0.181 seconds
[2026-06-11T14:57:08.407+0700] {processor.py:186} INFO - Started process (PID=683) to work on /opt/airflow/dags/dag_remosy_master.py
[2026-06-11T14:57:08.408+0700] {processor.py:914} INFO - Processing file /opt/airflow/dags/dag_remosy_master.py for tasks to queue
[2026-06-11T14:57:08.410+0700] {logging_mixin.py:190} INFO - [2026-06-11T14:57:08.410+0700] {dagbag.py:587} INFO - Filling up the DagBag from /opt/airflow/dags/dag_remosy_master.py
[2026-06-11T14:57:08.429+0700] {processor.py:925} INFO - DAG(s) 'remosy_master_end_to_end' retrieved from /opt/airflow/dags/dag_remosy_master.py
[2026-06-11T14:57:08.457+0700] {logging_mixin.py:190} INFO - [2026-06-11T14:57:08.457+0700] {dag.py:3211} INFO - Sync 1 DAGs
[2026-06-11T14:57:08.481+0700] {logging_mixin.py:190} INFO - [2026-06-11T14:57:08.480+0700] {dag.py:4138} INFO - Setting next_dagrun for remosy_master_end_to_end to 2026-06-10 17:00:00+00:00, run_after=2026-06-11 05:00:00+00:00
[2026-06-11T14:57:08.499+0700] {processor.py:208} INFO - Processing /opt/airflow/dags/dag_remosy_master.py took 0.098 seconds
[2026-06-11T14:57:39.440+0700] {processor.py:186} INFO - Started process (PID=706) to work on /opt/airflow/dags/dag_remosy_master.py
[2026-06-11T14:57:39.441+0700] {processor.py:914} INFO - Processing file /opt/airflow/dags/dag_remosy_master.py for tasks to queue
[2026-06-11T14:57:39.443+0700] {logging_mixin.py:190} INFO - [2026-06-11T14:57:39.443+0700] {dagbag.py:587} INFO - Filling up the DagBag from /opt/airflow/dags/dag_remosy_master.py
[2026-06-11T14:57:39.464+0700] {processor.py:925} INFO - DAG(s) 'remosy_master_end_to_end' retrieved from /opt/airflow/dags/dag_remosy_master.py
[2026-06-11T14:57:39.500+0700] {logging_mixin.py:190} INFO - [2026-06-11T14:57:39.500+0700] {dag.py:3211} INFO - Sync 1 DAGs
[2026-06-11T14:57:39.526+0700] {logging_mixin.py:190} INFO - [2026-06-11T14:57:39.526+0700] {dag.py:4138} INFO - Setting next_dagrun for remosy_master_end_to_end to 2026-06-10 17:00:00+00:00, run_after=2026-06-11 05:00:00+00:00
[2026-06-11T14:57:39.545+0700] {processor.py:208} INFO - Processing /opt/airflow/dags/dag_remosy_master.py took 0.110 seconds
[2026-06-11T14:58:10.234+0700] {processor.py:186} INFO - Started process (PID=735) to work on /opt/airflow/dags/dag_remosy_master.py
[2026-06-11T14:58:10.235+0700] {processor.py:914} INFO - Processing file /opt/airflow/dags/dag_remosy_master.py for tasks to queue
[2026-06-11T14:58:10.237+0700] {logging_mixin.py:190} INFO - [2026-06-11T14:58:10.237+0700] {dagbag.py:587} INFO - Filling up the DagBag from /opt/airflow/dags/dag_remosy_master.py
[2026-06-11T14:58:10.263+0700] {processor.py:925} INFO - DAG(s) 'remosy_master_end_to_end' retrieved from /opt/airflow/dags/dag_remosy_master.py
[2026-06-11T14:58:10.308+0700] {logging_mixin.py:190} INFO - [2026-06-11T14:58:10.307+0700] {dag.py:3211} INFO - Sync 1 DAGs
[2026-06-11T14:58:10.337+0700] {logging_mixin.py:190} INFO - [2026-06-11T14:58:10.337+0700] {dag.py:4138} INFO - Setting next_dagrun for remosy_master_end_to_end to 2026-06-10 17:00:00+00:00, run_after=2026-06-11 05:00:00+00:00
[2026-06-11T14:58:10.363+0700] {processor.py:208} INFO - Processing /opt/airflow/dags/dag_remosy_master.py took 0.135 seconds
[2026-06-11T14:58:40.749+0700] {processor.py:186} INFO - Started process (PID=758) to work on /opt/airflow/dags/dag_remosy_master.py
[2026-06-11T14:58:40.750+0700] {processor.py:914} INFO - Processing file /opt/airflow/dags/dag_remosy_master.py for tasks to queue
[2026-06-11T14:58:40.752+0700] {logging_mixin.py:190} INFO - [2026-06-11T14:58:40.752+0700] {dagbag.py:587} INFO - Filling up the DagBag from /opt/airflow/dags/dag_remosy_master.py
[2026-06-11T14:58:40.770+0700] {processor.py:925} INFO - DAG(s) 'remosy_master_end_to_end' retrieved from /opt/airflow/dags/dag_remosy_master.py
[2026-06-11T14:58:40.803+0700] {logging_mixin.py:190} INFO - [2026-06-11T14:58:40.803+0700] {dag.py:3211} INFO - Sync 1 DAGs
[2026-06-11T14:58:40.829+0700] {logging_mixin.py:190} INFO - [2026-06-11T14:58:40.829+0700] {dag.py:4138} INFO - Setting next_dagrun for remosy_master_end_to_end to 2026-06-10 17:00:00+00:00, run_after=2026-06-11 05:00:00+00:00
[2026-06-11T14:58:40.851+0700] {processor.py:208} INFO - Processing /opt/airflow/dags/dag_remosy_master.py took 0.107 seconds
[2026-06-11T14:59:11.223+0700] {processor.py:186} INFO - Started process (PID=781) to work on /opt/airflow/dags/dag_remosy_master.py
[2026-06-11T14:59:11.224+0700] {processor.py:914} INFO - Processing file /opt/airflow/dags/dag_remosy_master.py for tasks to queue
[2026-06-11T14:59:11.225+0700] {logging_mixin.py:190} INFO - [2026-06-11T14:59:11.225+0700] {dagbag.py:587} INFO - Filling up the DagBag from /opt/airflow/dags/dag_remosy_master.py
[2026-06-11T14:59:11.247+0700] {processor.py:925} INFO - DAG(s) 'remosy_master_end_to_end' retrieved from /opt/airflow/dags/dag_remosy_master.py
[2026-06-11T14:59:11.278+0700] {logging_mixin.py:190} INFO - [2026-06-11T14:59:11.278+0700] {dag.py:3211} INFO - Sync 1 DAGs
[2026-06-11T14:59:11.307+0700] {logging_mixin.py:190} INFO - [2026-06-11T14:59:11.306+0700] {dag.py:4138} INFO - Setting next_dagrun for remosy_master_end_to_end to 2026-06-10 17:00:00+00:00, run_after=2026-06-11 05:00:00+00:00
[2026-06-11T14:59:11.330+0700] {processor.py:208} INFO - Processing /opt/airflow/dags/dag_remosy_master.py took 0.114 seconds
[2026-06-11T14:59:41.774+0700] {processor.py:186} INFO - Started process (PID=804) to work on /opt/airflow/dags/dag_remosy_master.py
[2026-06-11T14:59:41.775+0700] {processor.py:914} INFO - Processing file /opt/airflow/dags/dag_remosy_master.py for tasks to queue
[2026-06-11T14:59:41.777+0700] {logging_mixin.py:190} INFO - [2026-06-11T14:59:41.776+0700] {dagbag.py:587} INFO - Filling up the DagBag from /opt/airflow/dags/dag_remosy_master.py
[2026-06-11T14:59:41.795+0700] {processor.py:925} INFO - DAG(s) 'remosy_master_end_to_end' retrieved from /opt/airflow/dags/dag_remosy_master.py
[2026-06-11T14:59:41.823+0700] {logging_mixin.py:190} INFO - [2026-06-11T14:59:41.823+0700] {dag.py:3211} INFO - Sync 1 DAGs
[2026-06-11T14:59:41.849+0700] {logging_mixin.py:190} INFO - [2026-06-11T14:59:41.849+0700] {dag.py:4138} INFO - Setting next_dagrun for remosy_master_end_to_end to 2026-06-10 17:00:00+00:00, run_after=2026-06-11 05:00:00+00:00
[2026-06-11T14:59:41.870+0700] {processor.py:208} INFO - Processing /opt/airflow/dags/dag_remosy_master.py took 0.101 seconds
[2026-06-11T15:00:12.159+0700] {processor.py:186} INFO - Started process (PID=827) to work on /opt/airflow/dags/dag_remosy_master.py
[2026-06-11T15:00:12.160+0700] {processor.py:914} INFO - Processing file /opt/airflow/dags/dag_remosy_master.py for tasks to queue
[2026-06-11T15:00:12.162+0700] {logging_mixin.py:190} INFO - [2026-06-11T15:00:12.161+0700] {dagbag.py:587} INFO - Filling up the DagBag from /opt/airflow/dags/dag_remosy_master.py
[2026-06-11T15:00:12.182+0700] {processor.py:925} INFO - DAG(s) 'remosy_master_end_to_end' retrieved from /opt/airflow/dags/dag_remosy_master.py
[2026-06-11T15:00:12.213+0700] {logging_mixin.py:190} INFO - [2026-06-11T15:00:12.213+0700] {dag.py:3211} INFO - Sync 1 DAGs
[2026-06-11T15:00:12.246+0700] {logging_mixin.py:190} INFO - [2026-06-11T15:00:12.245+0700] {dag.py:4138} INFO - Setting next_dagrun for remosy_master_end_to_end to 2026-06-10 17:00:00+00:00, run_after=2026-06-11 05:00:00+00:00
[2026-06-11T15:00:12.266+0700] {processor.py:208} INFO - Processing /opt/airflow/dags/dag_remosy_master.py took 0.114 seconds
[2026-06-11T15:00:42.604+0700] {processor.py:186} INFO - Started process (PID=851) to work on /opt/airflow/dags/dag_remosy_master.py
[2026-06-11T15:00:42.605+0700] {processor.py:914} INFO - Processing file /opt/airflow/dags/dag_remosy_master.py for tasks to queue
[2026-06-11T15:00:42.606+0700] {logging_mixin.py:190} INFO - [2026-06-11T15:00:42.606+0700] {dagbag.py:587} INFO - Filling up the DagBag from /opt/airflow/dags/dag_remosy_master.py
[2026-06-11T15:00:42.628+0700] {processor.py:925} INFO - DAG(s) 'remosy_master_end_to_end' retrieved from /opt/airflow/dags/dag_remosy_master.py
[2026-06-11T15:00:42.668+0700] {logging_mixin.py:190} INFO - [2026-06-11T15:00:42.668+0700] {dag.py:3211} INFO - Sync 1 DAGs
[2026-06-11T15:00:42.694+0700] {logging_mixin.py:190} INFO - [2026-06-11T15:00:42.694+0700] {dag.py:4138} INFO - Setting next_dagrun for remosy_master_end_to_end to 2026-06-10 17:00:00+00:00, run_after=2026-06-11 05:00:00+00:00
[2026-06-11T15:00:42.715+0700] {processor.py:208} INFO - Processing /opt/airflow/dags/dag_remosy_master.py took 0.117 seconds
[2026-06-11T15:01:13.138+0700] {processor.py:186} INFO - Started process (PID=874) to work on /opt/airflow/dags/dag_remosy_master.py
[2026-06-11T15:01:13.140+0700] {processor.py:914} INFO - Processing file /opt/airflow/dags/dag_remosy_master.py for tasks to queue
[2026-06-11T15:01:13.142+0700] {logging_mixin.py:190} INFO - [2026-06-11T15:01:13.141+0700] {dagbag.py:587} INFO - Filling up the DagBag from /opt/airflow/dags/dag_remosy_master.py
[2026-06-11T15:01:13.171+0700] {processor.py:925} INFO - DAG(s) 'remosy_master_end_to_end' retrieved from /opt/airflow/dags/dag_remosy_master.py
[2026-06-11T15:01:13.217+0700] {logging_mixin.py:190} INFO - [2026-06-11T15:01:13.217+0700] {dag.py:3211} INFO - Sync 1 DAGs
[2026-06-11T15:01:13.256+0700] {logging_mixin.py:190} INFO - [2026-06-11T15:01:13.255+0700] {dag.py:4138} INFO - Setting next_dagrun for remosy_master_end_to_end to 2026-06-10 17:00:00+00:00, run_after=2026-06-11 05:00:00+00:00
[2026-06-11T15:01:13.282+0700] {processor.py:208} INFO - Processing /opt/airflow/dags/dag_remosy_master.py took 0.152 seconds
[2026-06-11T15:01:43.802+0700] {processor.py:186} INFO - Started process (PID=898) to work on /opt/airflow/dags/dag_remosy_master.py
[2026-06-11T15:01:43.804+0700] {processor.py:914} INFO - Processing file /opt/airflow/dags/dag_remosy_master.py for tasks to queue
[2026-06-11T15:01:43.807+0700] {logging_mixin.py:190} INFO - [2026-06-11T15:01:43.806+0700] {dagbag.py:587} INFO - Filling up the DagBag from /opt/airflow/dags/dag_remosy_master.py
[2026-06-11T15:01:43.832+0700] {processor.py:925} INFO - DAG(s) 'remosy_master_end_to_end' retrieved from /opt/airflow/dags/dag_remosy_master.py
[2026-06-11T15:01:43.883+0700] {logging_mixin.py:190} INFO - [2026-06-11T15:01:43.883+0700] {dag.py:3211} INFO - Sync 1 DAGs
[2026-06-11T15:01:43.912+0700] {logging_mixin.py:190} INFO - [2026-06-11T15:01:43.911+0700] {dag.py:4138} INFO - Setting next_dagrun for remosy_master_end_to_end to 2026-06-10 17:00:00+00:00, run_after=2026-06-11 05:00:00+00:00
[2026-06-11T15:01:43.934+0700] {processor.py:208} INFO - Processing /opt/airflow/dags/dag_remosy_master.py took 0.143 seconds
[2026-06-11T15:02:14.321+0700] {processor.py:186} INFO - Started process (PID=921) to work on /opt/airflow/dags/dag_remosy_master.py
[2026-06-11T15:02:14.322+0700] {processor.py:914} INFO - Processing file /opt/airflow/dags/dag_remosy_master.py for tasks to queue
[2026-06-11T15:02:14.327+0700] {logging_mixin.py:190} INFO - [2026-06-11T15:02:14.326+0700] {dagbag.py:587} INFO - Filling up the DagBag from /opt/airflow/dags/dag_remosy_master.py
[2026-06-11T15:02:14.353+0700] {processor.py:925} INFO - DAG(s) 'remosy_master_end_to_end' retrieved from /opt/airflow/dags/dag_remosy_master.py
[2026-06-11T15:02:14.402+0700] {logging_mixin.py:190} INFO - [2026-06-11T15:02:14.402+0700] {dag.py:3211} INFO - Sync 1 DAGs
[2026-06-11T15:02:14.458+0700] {logging_mixin.py:190} INFO - [2026-06-11T15:02:14.458+0700] {dag.py:4138} INFO - Setting next_dagrun for remosy_master_end_to_end to 2026-06-10 17:00:00+00:00, run_after=2026-06-11 05:00:00+00:00
[2026-06-11T15:02:14.487+0700] {processor.py:208} INFO - Processing /opt/airflow/dags/dag_remosy_master.py took 0.175 seconds
[2026-06-11T15:02:44.911+0700] {processor.py:186} INFO - Started process (PID=949) to work on /opt/airflow/dags/dag_remosy_master.py
[2026-06-11T15:02:44.913+0700] {processor.py:914} INFO - Processing file /opt/airflow/dags/dag_remosy_master.py for tasks to queue
[2026-06-11T15:02:44.915+0700] {logging_mixin.py:190} INFO - [2026-06-11T15:02:44.915+0700] {dagbag.py:587} INFO - Filling up the DagBag from /opt/airflow/dags/dag_remosy_master.py
[2026-06-11T15:02:44.948+0700] {processor.py:925} INFO - DAG(s) 'remosy_master_end_to_end' retrieved from /opt/airflow/dags/dag_remosy_master.py
[2026-06-11T15:02:44.989+0700] {logging_mixin.py:190} INFO - [2026-06-11T15:02:44.988+0700] {dag.py:3211} INFO - Sync 1 DAGs
[2026-06-11T15:02:45.025+0700] {logging_mixin.py:190} INFO - [2026-06-11T15:02:45.024+0700] {dag.py:4138} INFO - Setting next_dagrun for remosy_master_end_to_end to 2026-06-10 17:00:00+00:00, run_after=2026-06-11 05:00:00+00:00
[2026-06-11T15:02:45.050+0700] {processor.py:208} INFO - Processing /opt/airflow/dags/dag_remosy_master.py took 0.149 seconds
[2026-06-11T15:03:15.443+0700] {processor.py:186} INFO - Started process (PID=972) to work on /opt/airflow/dags/dag_remosy_master.py
[2026-06-11T15:03:15.445+0700] {processor.py:914} INFO - Processing file /opt/airflow/dags/dag_remosy_master.py for tasks to queue
[2026-06-11T15:03:15.447+0700] {logging_mixin.py:190} INFO - [2026-06-11T15:03:15.446+0700] {dagbag.py:587} INFO - Filling up the DagBag from /opt/airflow/dags/dag_remosy_master.py
[2026-06-11T15:03:15.490+0700] {processor.py:925} INFO - DAG(s) 'remosy_master_end_to_end' retrieved from /opt/airflow/dags/dag_remosy_master.py
[2026-06-11T15:03:15.572+0700] {logging_mixin.py:190} INFO - [2026-06-11T15:03:15.572+0700] {dag.py:3211} INFO - Sync 1 DAGs
[2026-06-11T15:03:15.634+0700] {logging_mixin.py:190} INFO - [2026-06-11T15:03:15.634+0700] {dag.py:4138} INFO - Setting next_dagrun for remosy_master_end_to_end to 2026-06-10 17:00:00+00:00, run_after=2026-06-11 05:00:00+00:00
[2026-06-11T15:03:15.686+0700] {processor.py:208} INFO - Processing /opt/airflow/dags/dag_remosy_master.py took 0.260 seconds
[2026-06-11T15:03:46.009+0700] {processor.py:186} INFO - Started process (PID=995) to work on /opt/airflow/dags/dag_remosy_master.py
[2026-06-11T15:03:46.010+0700] {processor.py:914} INFO - Processing file /opt/airflow/dags/dag_remosy_master.py for tasks to queue
[2026-06-11T15:03:46.012+0700] {logging_mixin.py:190} INFO - [2026-06-11T15:03:46.012+0700] {dagbag.py:587} INFO - Filling up the DagBag from /opt/airflow/dags/dag_remosy_master.py
[2026-06-11T15:03:46.040+0700] {processor.py:925} INFO - DAG(s) 'remosy_master_end_to_end' retrieved from /opt/airflow/dags/dag_remosy_master.py
[2026-06-11T15:03:46.081+0700] {logging_mixin.py:190} INFO - [2026-06-11T15:03:46.080+0700] {dag.py:3211} INFO - Sync 1 DAGs
[2026-06-11T15:03:46.114+0700] {logging_mixin.py:190} INFO - [2026-06-11T15:03:46.114+0700] {dag.py:4138} INFO - Setting next_dagrun for remosy_master_end_to_end to 2026-06-10 17:00:00+00:00, run_after=2026-06-11 05:00:00+00:00
[2026-06-11T15:03:46.136+0700] {processor.py:208} INFO - Processing /opt/airflow/dags/dag_remosy_master.py took 0.134 seconds
[2026-06-11T15:04:16.246+0700] {processor.py:186} INFO - Started process (PID=1018) to work on /opt/airflow/dags/dag_remosy_master.py
[2026-06-11T15:04:16.247+0700] {processor.py:914} INFO - Processing file /opt/airflow/dags/dag_remosy_master.py for tasks to queue
[2026-06-11T15:04:16.250+0700] {logging_mixin.py:190} INFO - [2026-06-11T15:04:16.249+0700] {dagbag.py:587} INFO - Filling up the DagBag from /opt/airflow/dags/dag_remosy_master.py
[2026-06-11T15:04:16.278+0700] {processor.py:925} INFO - DAG(s) 'remosy_master_end_to_end' retrieved from /opt/airflow/dags/dag_remosy_master.py
[2026-06-11T15:04:16.318+0700] {logging_mixin.py:190} INFO - [2026-06-11T15:04:16.318+0700] {dag.py:3211} INFO - Sync 1 DAGs
[2026-06-11T15:04:16.349+0700] {logging_mixin.py:190} INFO - [2026-06-11T15:04:16.349+0700] {dag.py:4138} INFO - Setting next_dagrun for remosy_master_end_to_end to 2026-06-10 17:00:00+00:00, run_after=2026-06-11 05:00:00+00:00
[2026-06-11T15:04:16.374+0700] {processor.py:208} INFO - Processing /opt/airflow/dags/dag_remosy_master.py took 0.136 seconds
[2026-06-11T15:04:46.524+0700] {processor.py:186} INFO - Started process (PID=1041) to work on /opt/airflow/dags/dag_remosy_master.py
[2026-06-11T15:04:46.525+0700] {processor.py:914} INFO - Processing file /opt/airflow/dags/dag_remosy_master.py for tasks to queue
[2026-06-11T15:04:46.528+0700] {logging_mixin.py:190} INFO - [2026-06-11T15:04:46.528+0700] {dagbag.py:587} INFO - Filling up the DagBag from /opt/airflow/dags/dag_remosy_master.py
[2026-06-11T15:04:46.554+0700] {processor.py:925} INFO - DAG(s) 'remosy_master_end_to_end' retrieved from /opt/airflow/dags/dag_remosy_master.py
[2026-06-11T15:04:46.588+0700] {logging_mixin.py:190} INFO - [2026-06-11T15:04:46.588+0700] {dag.py:3211} INFO - Sync 1 DAGs
[2026-06-11T15:04:46.617+0700] {logging_mixin.py:190} INFO - [2026-06-11T15:04:46.616+0700] {dag.py:4138} INFO - Setting next_dagrun for remosy_master_end_to_end to 2026-06-10 17:00:00+00:00, run_after=2026-06-11 05:00:00+00:00
[2026-06-11T15:04:46.638+0700] {processor.py:208} INFO - Processing /opt/airflow/dags/dag_remosy_master.py took 0.121 seconds
[2026-06-11T15:05:16.966+0700] {processor.py:186} INFO - Started process (PID=1064) to work on /opt/airflow/dags/dag_remosy_master.py
[2026-06-11T15:05:16.968+0700] {processor.py:914} INFO - Processing file /opt/airflow/dags/dag_remosy_master.py for tasks to queue
[2026-06-11T15:05:16.970+0700] {logging_mixin.py:190} INFO - [2026-06-11T15:05:16.969+0700] {dagbag.py:587} INFO - Filling up the DagBag from /opt/airflow/dags/dag_remosy_master.py
[2026-06-11T15:05:16.994+0700] {processor.py:925} INFO - DAG(s) 'remosy_master_end_to_end' retrieved from /opt/airflow/dags/dag_remosy_master.py
[2026-06-11T15:05:17.026+0700] {logging_mixin.py:190} INFO - [2026-06-11T15:05:17.026+0700] {dag.py:3211} INFO - Sync 1 DAGs
[2026-06-11T15:05:17.054+0700] {logging_mixin.py:190} INFO - [2026-06-11T15:05:17.054+0700] {dag.py:4138} INFO - Setting next_dagrun for remosy_master_end_to_end to 2026-06-10 17:00:00+00:00, run_after=2026-06-11 05:00:00+00:00
[2026-06-11T15:05:17.074+0700] {processor.py:208} INFO - Processing /opt/airflow/dags/dag_remosy_master.py took 0.116 seconds
[2026-06-11T15:05:47.532+0700] {processor.py:186} INFO - Started process (PID=1087) to work on /opt/airflow/dags/dag_remosy_master.py
[2026-06-11T15:05:47.533+0700] {processor.py:914} INFO - Processing file /opt/airflow/dags/dag_remosy_master.py for tasks to queue
[2026-06-11T15:05:47.535+0700] {logging_mixin.py:190} INFO - [2026-06-11T15:05:47.534+0700] {dagbag.py:587} INFO - Filling up the DagBag from /opt/airflow/dags/dag_remosy_master.py
[2026-06-11T15:05:47.559+0700] {processor.py:925} INFO - DAG(s) 'remosy_master_end_to_end' retrieved from /opt/airflow/dags/dag_remosy_master.py
[2026-06-11T15:05:47.592+0700] {logging_mixin.py:190} INFO - [2026-06-11T15:05:47.592+0700] {dag.py:3211} INFO - Sync 1 DAGs
[2026-06-11T15:05:47.619+0700] {logging_mixin.py:190} INFO - [2026-06-11T15:05:47.619+0700] {dag.py:4138} INFO - Setting next_dagrun for remosy_master_end_to_end to 2026-06-10 17:00:00+00:00, run_after=2026-06-11 05:00:00+00:00
[2026-06-11T15:05:47.649+0700] {processor.py:208} INFO - Processing /opt/airflow/dags/dag_remosy_master.py took 0.123 seconds
[2026-06-11T15:06:17.990+0700] {processor.py:186} INFO - Started process (PID=1111) to work on /opt/airflow/dags/dag_remosy_master.py
[2026-06-11T15:06:17.997+0700] {processor.py:914} INFO - Processing file /opt/airflow/dags/dag_remosy_master.py for tasks to queue
[2026-06-11T15:06:17.999+0700] {logging_mixin.py:190} INFO - [2026-06-11T15:06:17.999+0700] {dagbag.py:587} INFO - Filling up the DagBag from /opt/airflow/dags/dag_remosy_master.py
[2026-06-11T15:06:18.068+0700] {processor.py:925} INFO - DAG(s) 'remosy_master_end_to_end' retrieved from /opt/airflow/dags/dag_remosy_master.py
[2026-06-11T15:06:18.107+0700] {logging_mixin.py:190} INFO - [2026-06-11T15:06:18.107+0700] {dag.py:3211} INFO - Sync 1 DAGs
[2026-06-11T15:06:18.134+0700] {logging_mixin.py:190} INFO - [2026-06-11T15:06:18.133+0700] {dag.py:4138} INFO - Setting next_dagrun for remosy_master_end_to_end to 2026-06-10 17:00:00+00:00, run_after=2026-06-11 05:00:00+00:00
[2026-06-11T15:06:18.151+0700] {processor.py:208} INFO - Processing /opt/airflow/dags/dag_remosy_master.py took 0.170 seconds
[2026-06-11T15:06:48.575+0700] {processor.py:186} INFO - Started process (PID=1134) to work on /opt/airflow/dags/dag_remosy_master.py
[2026-06-11T15:06:48.576+0700] {processor.py:914} INFO - Processing file /opt/airflow/dags/dag_remosy_master.py for tasks to queue
[2026-06-11T15:06:48.578+0700] {logging_mixin.py:190} INFO - [2026-06-11T15:06:48.578+0700] {dagbag.py:587} INFO - Filling up the DagBag from /opt/airflow/dags/dag_remosy_master.py
[2026-06-11T15:06:48.600+0700] {processor.py:925} INFO - DAG(s) 'remosy_master_end_to_end' retrieved from /opt/airflow/dags/dag_remosy_master.py
[2026-06-11T15:06:48.629+0700] {logging_mixin.py:190} INFO - [2026-06-11T15:06:48.629+0700] {dag.py:3211} INFO - Sync 1 DAGs
[2026-06-11T15:06:48.656+0700] {logging_mixin.py:190} INFO - [2026-06-11T15:06:48.656+0700] {dag.py:4138} INFO - Setting next_dagrun for remosy_master_end_to_end to 2026-06-10 17:00:00+00:00, run_after=2026-06-11 05:00:00+00:00
[2026-06-11T15:06:48.687+0700] {processor.py:208} INFO - Processing /opt/airflow/dags/dag_remosy_master.py took 0.118 seconds
[2026-06-11T15:07:19.096+0700] {processor.py:186} INFO - Started process (PID=1158) to work on /opt/airflow/dags/dag_remosy_master.py
[2026-06-11T15:07:19.098+0700] {processor.py:914} INFO - Processing file /opt/airflow/dags/dag_remosy_master.py for tasks to queue
[2026-06-11T15:07:19.101+0700] {logging_mixin.py:190} INFO - [2026-06-11T15:07:19.100+0700] {dagbag.py:587} INFO - Filling up the DagBag from /opt/airflow/dags/dag_remosy_master.py
[2026-06-11T15:07:19.161+0700] {processor.py:925} INFO - DAG(s) 'remosy_master_end_to_end' retrieved from /opt/airflow/dags/dag_remosy_master.py
[2026-06-11T15:07:19.213+0700] {logging_mixin.py:190} INFO - [2026-06-11T15:07:19.213+0700] {dag.py:3211} INFO - Sync 1 DAGs
[2026-06-11T15:07:19.239+0700] {logging_mixin.py:190} INFO - [2026-06-11T15:07:19.239+0700] {dag.py:4138} INFO - Setting next_dagrun for remosy_master_end_to_end to 2026-06-10 17:00:00+00:00, run_after=2026-06-11 05:00:00+00:00
[2026-06-11T15:07:19.260+0700] {processor.py:208} INFO - Processing /opt/airflow/dags/dag_remosy_master.py took 0.182 seconds
[2026-06-11T15:07:49.636+0700] {processor.py:186} INFO - Started process (PID=1187) to work on /opt/airflow/dags/dag_remosy_master.py
[2026-06-11T15:07:49.637+0700] {processor.py:914} INFO - Processing file /opt/airflow/dags/dag_remosy_master.py for tasks to queue
[2026-06-11T15:07:49.639+0700] {logging_mixin.py:190} INFO - [2026-06-11T15:07:49.638+0700] {dagbag.py:587} INFO - Filling up the DagBag from /opt/airflow/dags/dag_remosy_master.py
[2026-06-11T15:07:49.658+0700] {processor.py:925} INFO - DAG(s) 'remosy_master_end_to_end' retrieved from /opt/airflow/dags/dag_remosy_master.py
[2026-06-11T15:07:49.688+0700] {logging_mixin.py:190} INFO - [2026-06-11T15:07:49.688+0700] {dag.py:3211} INFO - Sync 1 DAGs
[2026-06-11T15:07:49.716+0700] {logging_mixin.py:190} INFO - [2026-06-11T15:07:49.716+0700] {dag.py:4138} INFO - Setting next_dagrun for remosy_master_end_to_end to 2026-06-10 17:00:00+00:00, run_after=2026-06-11 05:00:00+00:00
[2026-06-11T15:07:49.743+0700] {processor.py:208} INFO - Processing /opt/airflow/dags/dag_remosy_master.py took 0.112 seconds
[2026-06-11T15:08:20.373+0700] {processor.py:186} INFO - Started process (PID=1210) to work on /opt/airflow/dags/dag_remosy_master.py
[2026-06-11T15:08:20.375+0700] {processor.py:914} INFO - Processing file /opt/airflow/dags/dag_remosy_master.py for tasks to queue
[2026-06-11T15:08:20.376+0700] {logging_mixin.py:190} INFO - [2026-06-11T15:08:20.376+0700] {dagbag.py:587} INFO - Filling up the DagBag from /opt/airflow/dags/dag_remosy_master.py
[2026-06-11T15:08:20.396+0700] {processor.py:925} INFO - DAG(s) 'remosy_master_end_to_end' retrieved from /opt/airflow/dags/dag_remosy_master.py
[2026-06-11T15:08:20.424+0700] {logging_mixin.py:190} INFO - [2026-06-11T15:08:20.424+0700] {dag.py:3211} INFO - Sync 1 DAGs
[2026-06-11T15:08:20.446+0700] {logging_mixin.py:190} INFO - [2026-06-11T15:08:20.446+0700] {dag.py:4138} INFO - Setting next_dagrun for remosy_master_end_to_end to 2026-06-10 17:00:00+00:00, run_after=2026-06-11 05:00:00+00:00
[2026-06-11T15:08:20.464+0700] {processor.py:208} INFO - Processing /opt/airflow/dags/dag_remosy_master.py took 0.097 seconds
[2026-06-11T15:08:50.891+0700] {processor.py:186} INFO - Started process (PID=1233) to work on /opt/airflow/dags/dag_remosy_master.py
[2026-06-11T15:08:50.892+0700] {processor.py:914} INFO - Processing file /opt/airflow/dags/dag_remosy_master.py for tasks to queue
[2026-06-11T15:08:50.894+0700] {logging_mixin.py:190} INFO - [2026-06-11T15:08:50.893+0700] {dagbag.py:587} INFO - Filling up the DagBag from /opt/airflow/dags/dag_remosy_master.py
[2026-06-11T15:08:50.915+0700] {processor.py:925} INFO - DAG(s) 'remosy_master_end_to_end' retrieved from /opt/airflow/dags/dag_remosy_master.py
[2026-06-11T15:08:50.948+0700] {logging_mixin.py:190} INFO - [2026-06-11T15:08:50.947+0700] {dag.py:3211} INFO - Sync 1 DAGs
[2026-06-11T15:08:50.972+0700] {logging_mixin.py:190} INFO - [2026-06-11T15:08:50.972+0700] {dag.py:4138} INFO - Setting next_dagrun for remosy_master_end_to_end to 2026-06-10 17:00:00+00:00, run_after=2026-06-11 05:00:00+00:00
[2026-06-11T15:08:50.996+0700] {processor.py:208} INFO - Processing /opt/airflow/dags/dag_remosy_master.py took 0.112 seconds
[2026-06-11T15:09:21.354+0700] {processor.py:186} INFO - Started process (PID=1256) to work on /opt/airflow/dags/dag_remosy_master.py
[2026-06-11T15:09:21.356+0700] {processor.py:914} INFO - Processing file /opt/airflow/dags/dag_remosy_master.py for tasks to queue
[2026-06-11T15:09:21.358+0700] {logging_mixin.py:190} INFO - [2026-06-11T15:09:21.357+0700] {dagbag.py:587} INFO - Filling up the DagBag from /opt/airflow/dags/dag_remosy_master.py
[2026-06-11T15:09:21.389+0700] {processor.py:925} INFO - DAG(s) 'remosy_master_end_to_end' retrieved from /opt/airflow/dags/dag_remosy_master.py
[2026-06-11T15:09:21.423+0700] {logging_mixin.py:190} INFO - [2026-06-11T15:09:21.423+0700] {dag.py:3211} INFO - Sync 1 DAGs
[2026-06-11T15:09:21.450+0700] {logging_mixin.py:190} INFO - [2026-06-11T15:09:21.449+0700] {dag.py:4138} INFO - Setting next_dagrun for remosy_master_end_to_end to 2026-06-10 17:00:00+00:00, run_after=2026-06-11 05:00:00+00:00
[2026-06-11T15:09:21.478+0700] {processor.py:208} INFO - Processing /opt/airflow/dags/dag_remosy_master.py took 0.132 seconds
[2026-06-11T15:09:51.911+0700] {processor.py:186} INFO - Started process (PID=1280) to work on /opt/airflow/dags/dag_remosy_master.py
[2026-06-11T15:09:51.913+0700] {processor.py:914} INFO - Processing file /opt/airflow/dags/dag_remosy_master.py for tasks to queue
[2026-06-11T15:09:51.915+0700] {logging_mixin.py:190} INFO - [2026-06-11T15:09:51.915+0700] {dagbag.py:587} INFO - Filling up the DagBag from /opt/airflow/dags/dag_remosy_master.py
[2026-06-11T15:09:51.939+0700] {processor.py:925} INFO - DAG(s) 'remosy_master_end_to_end' retrieved from /opt/airflow/dags/dag_remosy_master.py
[2026-06-11T15:09:51.977+0700] {logging_mixin.py:190} INFO - [2026-06-11T15:09:51.976+0700] {dag.py:3211} INFO - Sync 1 DAGs
[2026-06-11T15:09:52.004+0700] {logging_mixin.py:190} INFO - [2026-06-11T15:09:52.004+0700] {dag.py:4138} INFO - Setting next_dagrun for remosy_master_end_to_end to 2026-06-10 17:00:00+00:00, run_after=2026-06-11 05:00:00+00:00
[2026-06-11T15:09:52.025+0700] {processor.py:208} INFO - Processing /opt/airflow/dags/dag_remosy_master.py took 0.121 seconds
[2026-06-11T15:10:22.375+0700] {processor.py:186} INFO - Started process (PID=1304) to work on /opt/airflow/dags/dag_remosy_master.py
[2026-06-11T15:10:22.377+0700] {processor.py:914} INFO - Processing file /opt/airflow/dags/dag_remosy_master.py for tasks to queue
[2026-06-11T15:10:22.379+0700] {logging_mixin.py:190} INFO - [2026-06-11T15:10:22.379+0700] {dagbag.py:587} INFO - Filling up the DagBag from /opt/airflow/dags/dag_remosy_master.py
[2026-06-11T15:10:22.400+0700] {processor.py:925} INFO - DAG(s) 'remosy_master_end_to_end' retrieved from /opt/airflow/dags/dag_remosy_master.py
[2026-06-11T15:10:22.431+0700] {logging_mixin.py:190} INFO - [2026-06-11T15:10:22.431+0700] {dag.py:3211} INFO - Sync 1 DAGs
[2026-06-11T15:10:22.459+0700] {logging_mixin.py:190} INFO - [2026-06-11T15:10:22.459+0700] {dag.py:4138} INFO - Setting next_dagrun for remosy_master_end_to_end to 2026-06-10 17:00:00+00:00, run_after=2026-06-11 05:00:00+00:00
[2026-06-11T15:10:22.484+0700] {processor.py:208} INFO - Processing /opt/airflow/dags/dag_remosy_master.py took 0.115 seconds
[2026-06-11T15:10:52.755+0700] {processor.py:186} INFO - Started process (PID=1327) to work on /opt/airflow/dags/dag_remosy_master.py
[2026-06-11T15:10:52.756+0700] {processor.py:914} INFO - Processing file /opt/airflow/dags/dag_remosy_master.py for tasks to queue
[2026-06-11T15:10:52.758+0700] {logging_mixin.py:190} INFO - [2026-06-11T15:10:52.757+0700] {dagbag.py:587} INFO - Filling up the DagBag from /opt/airflow/dags/dag_remosy_master.py
[2026-06-11T15:10:52.781+0700] {processor.py:925} INFO - DAG(s) 'remosy_master_end_to_end' retrieved from /opt/airflow/dags/dag_remosy_master.py
[2026-06-11T15:10:52.813+0700] {logging_mixin.py:190} INFO - [2026-06-11T15:10:52.812+0700] {dag.py:3211} INFO - Sync 1 DAGs
[2026-06-11T15:10:52.840+0700] {logging_mixin.py:190} INFO - [2026-06-11T15:10:52.840+0700] {dag.py:4138} INFO - Setting next_dagrun for remosy_master_end_to_end to 2026-06-10 17:00:00+00:00, run_after=2026-06-11 05:00:00+00:00
[2026-06-11T15:10:52.861+0700] {processor.py:208} INFO - Processing /opt/airflow/dags/dag_remosy_master.py took 0.113 seconds
[2026-06-11T15:11:23.446+0700] {processor.py:186} INFO - Started process (PID=1351) to work on /opt/airflow/dags/dag_remosy_master.py
[2026-06-11T15:11:23.448+0700] {processor.py:914} INFO - Processing file /opt/airflow/dags/dag_remosy_master.py for tasks to queue
[2026-06-11T15:11:23.450+0700] {logging_mixin.py:190} INFO - [2026-06-11T15:11:23.449+0700] {dagbag.py:587} INFO - Filling up the DagBag from /opt/airflow/dags/dag_remosy_master.py
[2026-06-11T15:11:23.474+0700] {processor.py:925} INFO - DAG(s) 'remosy_master_end_to_end' retrieved from /opt/airflow/dags/dag_remosy_master.py
[2026-06-11T15:11:23.509+0700] {logging_mixin.py:190} INFO - [2026-06-11T15:11:23.509+0700] {dag.py:3211} INFO - Sync 1 DAGs
[2026-06-11T15:11:23.538+0700] {logging_mixin.py:190} INFO - [2026-06-11T15:11:23.538+0700] {dag.py:4138} INFO - Setting next_dagrun for remosy_master_end_to_end to 2026-06-10 17:00:00+00:00, run_after=2026-06-11 05:00:00+00:00
[2026-06-11T15:11:23.561+0700] {processor.py:208} INFO - Processing /opt/airflow/dags/dag_remosy_master.py took 0.123 seconds
[2026-06-11T15:11:53.644+0700] {processor.py:186} INFO - Started process (PID=1380) to work on /opt/airflow/dags/dag_remosy_master.py
[2026-06-11T15:11:53.645+0700] {processor.py:914} INFO - Processing file /opt/airflow/dags/dag_remosy_master.py for tasks to queue
[2026-06-11T15:11:53.647+0700] {logging_mixin.py:190} INFO - [2026-06-11T15:11:53.647+0700] {dagbag.py:587} INFO - Filling up the DagBag from /opt/airflow/dags/dag_remosy_master.py
[2026-06-11T15:11:53.668+0700] {processor.py:925} INFO - DAG(s) 'remosy_master_end_to_end' retrieved from /opt/airflow/dags/dag_remosy_master.py
[2026-06-11T15:11:53.699+0700] {logging_mixin.py:190} INFO - [2026-06-11T15:11:53.699+0700] {dag.py:3211} INFO - Sync 1 DAGs
[2026-06-11T15:11:53.724+0700] {logging_mixin.py:190} INFO - [2026-06-11T15:11:53.724+0700] {dag.py:4138} INFO - Setting next_dagrun for remosy_master_end_to_end to 2026-06-10 17:00:00+00:00, run_after=2026-06-11 05:00:00+00:00
[2026-06-11T15:11:53.747+0700] {processor.py:208} INFO - Processing /opt/airflow/dags/dag_remosy_master.py took 0.109 seconds
[2026-06-11T15:12:24.651+0700] {processor.py:186} INFO - Started process (PID=1403) to work on /opt/airflow/dags/dag_remosy_master.py
[2026-06-11T15:12:24.652+0700] {processor.py:914} INFO - Processing file /opt/airflow/dags/dag_remosy_master.py for tasks to queue
[2026-06-11T15:12:24.654+0700] {logging_mixin.py:190} INFO - [2026-06-11T15:12:24.654+0700] {dagbag.py:587} INFO - Filling up the DagBag from /opt/airflow/dags/dag_remosy_master.py
[2026-06-11T15:12:24.676+0700] {processor.py:925} INFO - DAG(s) 'remosy_master_end_to_end' retrieved from /opt/airflow/dags/dag_remosy_master.py
[2026-06-11T15:12:24.708+0700] {logging_mixin.py:190} INFO - [2026-06-11T15:12:24.708+0700] {dag.py:3211} INFO - Sync 1 DAGs
[2026-06-11T15:12:24.735+0700] {logging_mixin.py:190} INFO - [2026-06-11T15:12:24.734+0700] {dag.py:4138} INFO - Setting next_dagrun for remosy_master_end_to_end to 2026-06-10 17:00:00+00:00, run_after=2026-06-11 05:00:00+00:00
[2026-06-11T15:12:24.756+0700] {processor.py:208} INFO - Processing /opt/airflow/dags/dag_remosy_master.py took 0.111 seconds
[2026-06-11T15:12:55.117+0700] {processor.py:186} INFO - Started process (PID=1426) to work on /opt/airflow/dags/dag_remosy_master.py
[2026-06-11T15:12:55.119+0700] {processor.py:914} INFO - Processing file /opt/airflow/dags/dag_remosy_master.py for tasks to queue
[2026-06-11T15:12:55.121+0700] {logging_mixin.py:190} INFO - [2026-06-11T15:12:55.120+0700] {dagbag.py:587} INFO - Filling up the DagBag from /opt/airflow/dags/dag_remosy_master.py
[2026-06-11T15:12:55.152+0700] {processor.py:925} INFO - DAG(s) 'remosy_master_end_to_end' retrieved from /opt/airflow/dags/dag_remosy_master.py
[2026-06-11T15:12:55.195+0700] {logging_mixin.py:190} INFO - [2026-06-11T15:12:55.195+0700] {dag.py:3211} INFO - Sync 1 DAGs
[2026-06-11T15:12:55.227+0700] {logging_mixin.py:190} INFO - [2026-06-11T15:12:55.227+0700] {dag.py:4138} INFO - Setting next_dagrun for remosy_master_end_to_end to 2026-06-10 17:00:00+00:00, run_after=2026-06-11 05:00:00+00:00
[2026-06-11T15:12:55.257+0700] {processor.py:208} INFO - Processing /opt/airflow/dags/dag_remosy_master.py took 0.151 seconds
[2026-06-11T15:13:25.410+0700] {processor.py:186} INFO - Started process (PID=1489) to work on /opt/airflow/dags/dag_remosy_master.py
[2026-06-11T15:13:25.412+0700] {processor.py:914} INFO - Processing file /opt/airflow/dags/dag_remosy_master.py for tasks to queue
[2026-06-11T15:13:25.414+0700] {logging_mixin.py:190} INFO - [2026-06-11T15:13:25.413+0700] {dagbag.py:587} INFO - Filling up the DagBag from /opt/airflow/dags/dag_remosy_master.py
[2026-06-11T15:13:25.436+0700] {processor.py:925} INFO - DAG(s) 'remosy_master_end_to_end' retrieved from /opt/airflow/dags/dag_remosy_master.py
[2026-06-11T15:13:25.471+0700] {logging_mixin.py:190} INFO - [2026-06-11T15:13:25.470+0700] {dag.py:3211} INFO - Sync 1 DAGs
[2026-06-11T15:13:25.500+0700] {logging_mixin.py:190} INFO - [2026-06-11T15:13:25.500+0700] {dag.py:4138} INFO - Setting next_dagrun for remosy_master_end_to_end to 2026-06-11 05:00:00+00:00, run_after=2026-06-11 17:00:00+00:00
[2026-06-11T15:13:25.524+0700] {processor.py:208} INFO - Processing /opt/airflow/dags/dag_remosy_master.py took 0.120 seconds
[2026-06-11T15:13:56.317+0700] {processor.py:186} INFO - Started process (PID=1556) to work on /opt/airflow/dags/dag_remosy_master.py
[2026-06-11T15:13:56.320+0700] {processor.py:914} INFO - Processing file /opt/airflow/dags/dag_remosy_master.py for tasks to queue
[2026-06-11T15:13:56.325+0700] {logging_mixin.py:190} INFO - [2026-06-11T15:13:56.325+0700] {dagbag.py:587} INFO - Filling up the DagBag from /opt/airflow/dags/dag_remosy_master.py
[2026-06-11T15:13:56.363+0700] {processor.py:925} INFO - DAG(s) 'remosy_master_end_to_end' retrieved from /opt/airflow/dags/dag_remosy_master.py
[2026-06-11T15:13:56.524+0700] {logging_mixin.py:190} INFO - [2026-06-11T15:13:56.524+0700] {dag.py:3211} INFO - Sync 1 DAGs
[2026-06-11T15:13:56.590+0700] {logging_mixin.py:190} INFO - [2026-06-11T15:13:56.589+0700] {dag.py:4138} INFO - Setting next_dagrun for remosy_master_end_to_end to 2026-06-11 05:00:00+00:00, run_after=2026-06-11 17:00:00+00:00
[2026-06-11T15:13:56.632+0700] {processor.py:208} INFO - Processing /opt/airflow/dags/dag_remosy_master.py took 0.332 seconds
[2026-06-11T15:14:26.727+0700] {processor.py:186} INFO - Started process (PID=1579) to work on /opt/airflow/dags/dag_remosy_master.py
[2026-06-11T15:14:26.728+0700] {processor.py:914} INFO - Processing file /opt/airflow/dags/dag_remosy_master.py for tasks to queue
[2026-06-11T15:14:26.729+0700] {logging_mixin.py:190} INFO - [2026-06-11T15:14:26.729+0700] {dagbag.py:587} INFO - Filling up the DagBag from /opt/airflow/dags/dag_remosy_master.py
[2026-06-11T15:14:26.751+0700] {processor.py:925} INFO - DAG(s) 'remosy_master_end_to_end' retrieved from /opt/airflow/dags/dag_remosy_master.py
[2026-06-11T15:14:26.789+0700] {logging_mixin.py:190} INFO - [2026-06-11T15:14:26.789+0700] {dag.py:3211} INFO - Sync 1 DAGs
[2026-06-11T15:14:26.883+0700] {logging_mixin.py:190} INFO - [2026-06-11T15:14:26.883+0700] {dag.py:4138} INFO - Setting next_dagrun for remosy_master_end_to_end to 2026-06-11 05:00:00+00:00, run_after=2026-06-11 17:00:00+00:00
[2026-06-11T15:14:26.917+0700] {processor.py:208} INFO - Processing /opt/airflow/dags/dag_remosy_master.py took 0.198 seconds
[2026-06-11T15:14:57.457+0700] {processor.py:186} INFO - Started process (PID=1602) to work on /opt/airflow/dags/dag_remosy_master.py
[2026-06-11T15:14:57.459+0700] {processor.py:914} INFO - Processing file /opt/airflow/dags/dag_remosy_master.py for tasks to queue
[2026-06-11T15:14:57.460+0700] {logging_mixin.py:190} INFO - [2026-06-11T15:14:57.460+0700] {dagbag.py:587} INFO - Filling up the DagBag from /opt/airflow/dags/dag_remosy_master.py
[2026-06-11T15:14:57.487+0700] {processor.py:925} INFO - DAG(s) 'remosy_master_end_to_end' retrieved from /opt/airflow/dags/dag_remosy_master.py
[2026-06-11T15:14:57.534+0700] {logging_mixin.py:190} INFO - [2026-06-11T15:14:57.534+0700] {dag.py:3211} INFO - Sync 1 DAGs
[2026-06-11T15:14:57.565+0700] {logging_mixin.py:190} INFO - [2026-06-11T15:14:57.565+0700] {dag.py:4138} INFO - Setting next_dagrun for remosy_master_end_to_end to 2026-06-11 05:00:00+00:00, run_after=2026-06-11 17:00:00+00:00
[2026-06-11T15:14:57.584+0700] {processor.py:208} INFO - Processing /opt/airflow/dags/dag_remosy_master.py took 0.134 seconds
[2026-06-11T15:15:27.957+0700] {processor.py:186} INFO - Started process (PID=1625) to work on /opt/airflow/dags/dag_remosy_master.py
[2026-06-11T15:15:27.959+0700] {processor.py:914} INFO - Processing file /opt/airflow/dags/dag_remosy_master.py for tasks to queue
[2026-06-11T15:15:27.961+0700] {logging_mixin.py:190} INFO - [2026-06-11T15:15:27.961+0700] {dagbag.py:587} INFO - Filling up the DagBag from /opt/airflow/dags/dag_remosy_master.py
[2026-06-11T15:15:27.984+0700] {processor.py:925} INFO - DAG(s) 'remosy_master_end_to_end' retrieved from /opt/airflow/dags/dag_remosy_master.py
[2026-06-11T15:15:28.022+0700] {logging_mixin.py:190} INFO - [2026-06-11T15:15:28.022+0700] {dag.py:3211} INFO - Sync 1 DAGs
[2026-06-11T15:15:28.077+0700] {logging_mixin.py:190} INFO - [2026-06-11T15:15:28.077+0700] {dag.py:4138} INFO - Setting next_dagrun for remosy_master_end_to_end to 2026-06-11 05:00:00+00:00, run_after=2026-06-11 17:00:00+00:00
[2026-06-11T15:15:28.099+0700] {processor.py:208} INFO - Processing /opt/airflow/dags/dag_remosy_master.py took 0.151 seconds
[2026-06-11T15:15:58.174+0700] {processor.py:186} INFO - Started process (PID=1655) to work on /opt/airflow/dags/dag_remosy_master.py
[2026-06-11T15:15:58.175+0700] {processor.py:914} INFO - Processing file /opt/airflow/dags/dag_remosy_master.py for tasks to queue
[2026-06-11T15:15:58.177+0700] {logging_mixin.py:190} INFO - [2026-06-11T15:15:58.177+0700] {dagbag.py:587} INFO - Filling up the DagBag from /opt/airflow/dags/dag_remosy_master.py
[2026-06-11T15:15:58.202+0700] {processor.py:925} INFO - DAG(s) 'remosy_master_end_to_end' retrieved from /opt/airflow/dags/dag_remosy_master.py
[2026-06-11T15:15:58.327+0700] {logging_mixin.py:190} INFO - [2026-06-11T15:15:58.326+0700] {dag.py:3211} INFO - Sync 1 DAGs
[2026-06-11T15:15:58.383+0700] {logging_mixin.py:190} INFO - [2026-06-11T15:15:58.383+0700] {dag.py:4138} INFO - Setting next_dagrun for remosy_master_end_to_end to 2026-06-11 05:00:00+00:00, run_after=2026-06-11 17:00:00+00:00
[2026-06-11T15:15:58.424+0700] {processor.py:208} INFO - Processing /opt/airflow/dags/dag_remosy_master.py took 0.258 seconds
[2026-06-11T15:16:29.201+0700] {processor.py:186} INFO - Started process (PID=1678) to work on /opt/airflow/dags/dag_remosy_master.py
[2026-06-11T15:16:29.203+0700] {processor.py:914} INFO - Processing file /opt/airflow/dags/dag_remosy_master.py for tasks to queue
[2026-06-11T15:16:29.206+0700] {logging_mixin.py:190} INFO - [2026-06-11T15:16:29.205+0700] {dagbag.py:587} INFO - Filling up the DagBag from /opt/airflow/dags/dag_remosy_master.py
[2026-06-11T15:16:29.244+0700] {processor.py:925} INFO - DAG(s) 'remosy_master_end_to_end' retrieved from /opt/airflow/dags/dag_remosy_master.py
[2026-06-11T15:16:29.289+0700] {logging_mixin.py:190} INFO - [2026-06-11T15:16:29.288+0700] {dag.py:3211} INFO - Sync 1 DAGs
[2026-06-11T15:16:29.326+0700] {logging_mixin.py:190} INFO - [2026-06-11T15:16:29.325+0700] {dag.py:4138} INFO - Setting next_dagrun for remosy_master_end_to_end to 2026-06-11 05:00:00+00:00, run_after=2026-06-11 17:00:00+00:00
[2026-06-11T15:16:29.362+0700] {processor.py:208} INFO - Processing /opt/airflow/dags/dag_remosy_master.py took 0.177 seconds
[2026-06-11T15:16:59.522+0700] {processor.py:186} INFO - Started process (PID=1702) to work on /opt/airflow/dags/dag_remosy_master.py
[2026-06-11T15:16:59.523+0700] {processor.py:914} INFO - Processing file /opt/airflow/dags/dag_remosy_master.py for tasks to queue
[2026-06-11T15:16:59.526+0700] {logging_mixin.py:190} INFO - [2026-06-11T15:16:59.525+0700] {dagbag.py:587} INFO - Filling up the DagBag from /opt/airflow/dags/dag_remosy_master.py
[2026-06-11T15:16:59.552+0700] {processor.py:925} INFO - DAG(s) 'remosy_master_end_to_end' retrieved from /opt/airflow/dags/dag_remosy_master.py
[2026-06-11T15:16:59.584+0700] {logging_mixin.py:190} INFO - [2026-06-11T15:16:59.583+0700] {dag.py:3211} INFO - Sync 1 DAGs
[2026-06-11T15:16:59.613+0700] {logging_mixin.py:190} INFO - [2026-06-11T15:16:59.613+0700] {dag.py:4138} INFO - Setting next_dagrun for remosy_master_end_to_end to 2026-06-11 05:00:00+00:00, run_after=2026-06-11 17:00:00+00:00
[2026-06-11T15:16:59.637+0700] {processor.py:208} INFO - Processing /opt/airflow/dags/dag_remosy_master.py took 0.126 seconds
[2026-06-11T15:17:29.917+0700] {processor.py:186} INFO - Started process (PID=1725) to work on /opt/airflow/dags/dag_remosy_master.py
[2026-06-11T15:17:29.918+0700] {processor.py:914} INFO - Processing file /opt/airflow/dags/dag_remosy_master.py for tasks to queue
[2026-06-11T15:17:29.920+0700] {logging_mixin.py:190} INFO - [2026-06-11T15:17:29.920+0700] {dagbag.py:587} INFO - Filling up the DagBag from /opt/airflow/dags/dag_remosy_master.py
[2026-06-11T15:17:29.938+0700] {processor.py:925} INFO - DAG(s) 'remosy_master_end_to_end' retrieved from /opt/airflow/dags/dag_remosy_master.py
[2026-06-11T15:17:29.969+0700] {logging_mixin.py:190} INFO - [2026-06-11T15:17:29.969+0700] {dag.py:3211} INFO - Sync 1 DAGs
[2026-06-11T15:17:29.998+0700] {logging_mixin.py:190} INFO - [2026-06-11T15:17:29.998+0700] {dag.py:4138} INFO - Setting next_dagrun for remosy_master_end_to_end to 2026-06-11 05:00:00+00:00, run_after=2026-06-11 17:00:00+00:00
[2026-06-11T15:17:30.018+0700] {processor.py:208} INFO - Processing /opt/airflow/dags/dag_remosy_master.py took 0.108 seconds
[2026-06-11T15:18:00.916+0700] {processor.py:186} INFO - Started process (PID=1754) to work on /opt/airflow/dags/dag_remosy_master.py
[2026-06-11T15:18:00.917+0700] {processor.py:914} INFO - Processing file /opt/airflow/dags/dag_remosy_master.py for tasks to queue
[2026-06-11T15:18:00.919+0700] {logging_mixin.py:190} INFO - [2026-06-11T15:18:00.918+0700] {dagbag.py:587} INFO - Filling up the DagBag from /opt/airflow/dags/dag_remosy_master.py
[2026-06-11T15:18:00.946+0700] {processor.py:925} INFO - DAG(s) 'remosy_master_end_to_end' retrieved from /opt/airflow/dags/dag_remosy_master.py
[2026-06-11T15:18:01.065+0700] {logging_mixin.py:190} INFO - [2026-06-11T15:18:01.064+0700] {dag.py:3211} INFO - Sync 1 DAGs
[2026-06-11T15:18:01.148+0700] {logging_mixin.py:190} INFO - [2026-06-11T15:18:01.148+0700] {dag.py:4138} INFO - Setting next_dagrun for remosy_master_end_to_end to 2026-06-11 05:00:00+00:00, run_after=2026-06-11 17:00:00+00:00
[2026-06-11T15:18:01.179+0700] {processor.py:208} INFO - Processing /opt/airflow/dags/dag_remosy_master.py took 0.270 seconds
[2026-06-11T15:18:31.311+0700] {processor.py:186} INFO - Started process (PID=1779) to work on /opt/airflow/dags/dag_remosy_master.py
[2026-06-11T15:18:31.314+0700] {processor.py:914} INFO - Processing file /opt/airflow/dags/dag_remosy_master.py for tasks to queue
[2026-06-11T15:18:31.336+0700] {logging_mixin.py:190} INFO - [2026-06-11T15:18:31.335+0700] {dagbag.py:587} INFO - Filling up the DagBag from /opt/airflow/dags/dag_remosy_master.py
[2026-06-11T15:18:31.489+0700] {processor.py:925} INFO - DAG(s) 'remosy_master_end_to_end' retrieved from /opt/airflow/dags/dag_remosy_master.py
[2026-06-11T15:18:31.605+0700] {logging_mixin.py:190} INFO - [2026-06-11T15:18:31.604+0700] {dag.py:3211} INFO - Sync 1 DAGs
[2026-06-11T15:18:31.701+0700] {logging_mixin.py:190} INFO - [2026-06-11T15:18:31.700+0700] {dag.py:4138} INFO - Setting next_dagrun for remosy_master_end_to_end to 2026-06-11 05:00:00+00:00, run_after=2026-06-11 17:00:00+00:00
[2026-06-11T15:18:31.741+0700] {processor.py:208} INFO - Processing /opt/airflow/dags/dag_remosy_master.py took 0.444 seconds
[2026-06-11T15:19:01.996+0700] {processor.py:186} INFO - Started process (PID=1802) to work on /opt/airflow/dags/dag_remosy_master.py
[2026-06-11T15:19:01.997+0700] {processor.py:914} INFO - Processing file /opt/airflow/dags/dag_remosy_master.py for tasks to queue
[2026-06-11T15:19:01.999+0700] {logging_mixin.py:190} INFO - [2026-06-11T15:19:01.999+0700] {dagbag.py:587} INFO - Filling up the DagBag from /opt/airflow/dags/dag_remosy_master.py
[2026-06-11T15:19:02.030+0700] {processor.py:925} INFO - DAG(s) 'remosy_master_end_to_end' retrieved from /opt/airflow/dags/dag_remosy_master.py
[2026-06-11T15:19:02.072+0700] {logging_mixin.py:190} INFO - [2026-06-11T15:19:02.072+0700] {dag.py:3211} INFO - Sync 1 DAGs
[2026-06-11T15:19:02.163+0700] {logging_mixin.py:190} INFO - [2026-06-11T15:19:02.163+0700] {dag.py:4138} INFO - Setting next_dagrun for remosy_master_end_to_end to 2026-06-11 05:00:00+00:00, run_after=2026-06-11 17:00:00+00:00
[2026-06-11T15:19:02.201+0700] {processor.py:208} INFO - Processing /opt/airflow/dags/dag_remosy_master.py took 0.216 seconds
[2026-06-11T15:19:33.000+0700] {processor.py:186} INFO - Started process (PID=1825) to work on /opt/airflow/dags/dag_remosy_master.py
[2026-06-11T15:19:33.002+0700] {processor.py:914} INFO - Processing file /opt/airflow/dags/dag_remosy_master.py for tasks to queue
[2026-06-11T15:19:33.004+0700] {logging_mixin.py:190} INFO - [2026-06-11T15:19:33.004+0700] {dagbag.py:587} INFO - Filling up the DagBag from /opt/airflow/dags/dag_remosy_master.py
[2026-06-11T15:19:33.036+0700] {processor.py:925} INFO - DAG(s) 'remosy_master_end_to_end' retrieved from /opt/airflow/dags/dag_remosy_master.py
[2026-06-11T15:19:33.148+0700] {logging_mixin.py:190} INFO - [2026-06-11T15:19:33.148+0700] {dag.py:3211} INFO - Sync 1 DAGs
[2026-06-11T15:19:33.215+0700] {logging_mixin.py:190} INFO - [2026-06-11T15:19:33.214+0700] {dag.py:4138} INFO - Setting next_dagrun for remosy_master_end_to_end to 2026-06-11 05:00:00+00:00, run_after=2026-06-11 17:00:00+00:00
[2026-06-11T15:19:33.253+0700] {processor.py:208} INFO - Processing /opt/airflow/dags/dag_remosy_master.py took 0.260 seconds
[2026-06-11T15:20:03.332+0700] {processor.py:186} INFO - Started process (PID=1854) to work on /opt/airflow/dags/dag_remosy_master.py
[2026-06-11T15:20:03.333+0700] {processor.py:914} INFO - Processing file /opt/airflow/dags/dag_remosy_master.py for tasks to queue
[2026-06-11T15:20:03.334+0700] {logging_mixin.py:190} INFO - [2026-06-11T15:20:03.334+0700] {dagbag.py:587} INFO - Filling up the DagBag from /opt/airflow/dags/dag_remosy_master.py
[2026-06-11T15:20:03.353+0700] {processor.py:925} INFO - DAG(s) 'remosy_master_end_to_end' retrieved from /opt/airflow/dags/dag_remosy_master.py
[2026-06-11T15:20:03.387+0700] {logging_mixin.py:190} INFO - [2026-06-11T15:20:03.387+0700] {dag.py:3211} INFO - Sync 1 DAGs
[2026-06-11T15:20:03.418+0700] {logging_mixin.py:190} INFO - [2026-06-11T15:20:03.417+0700] {dag.py:4138} INFO - Setting next_dagrun for remosy_master_end_to_end to 2026-06-11 05:00:00+00:00, run_after=2026-06-11 17:00:00+00:00
[2026-06-11T15:20:03.442+0700] {processor.py:208} INFO - Processing /opt/airflow/dags/dag_remosy_master.py took 0.117 seconds
[2026-06-11T15:20:33.884+0700] {processor.py:186} INFO - Started process (PID=1877) to work on /opt/airflow/dags/dag_remosy_master.py
[2026-06-11T15:20:33.886+0700] {processor.py:914} INFO - Processing file /opt/airflow/dags/dag_remosy_master.py for tasks to queue
[2026-06-11T15:20:33.890+0700] {logging_mixin.py:190} INFO - [2026-06-11T15:20:33.890+0700] {dagbag.py:587} INFO - Filling up the DagBag from /opt/airflow/dags/dag_remosy_master.py
[2026-06-11T15:20:33.933+0700] {processor.py:925} INFO - DAG(s) 'remosy_master_end_to_end' retrieved from /opt/airflow/dags/dag_remosy_master.py
[2026-06-11T15:20:33.973+0700] {logging_mixin.py:190} INFO - [2026-06-11T15:20:33.973+0700] {dag.py:3211} INFO - Sync 1 DAGs
[2026-06-11T15:20:34.003+0700] {logging_mixin.py:190} INFO - [2026-06-11T15:20:34.003+0700] {dag.py:4138} INFO - Setting next_dagrun for remosy_master_end_to_end to 2026-06-11 05:00:00+00:00, run_after=2026-06-11 17:00:00+00:00
[2026-06-11T15:20:34.030+0700] {processor.py:208} INFO - Processing /opt/airflow/dags/dag_remosy_master.py took 0.161 seconds
[2026-06-11T15:21:04.566+0700] {processor.py:186} INFO - Started process (PID=1933) to work on /opt/airflow/dags/dag_remosy_master.py
[2026-06-11T15:21:04.568+0700] {processor.py:914} INFO - Processing file /opt/airflow/dags/dag_remosy_master.py for tasks to queue
[2026-06-11T15:21:04.570+0700] {logging_mixin.py:190} INFO - [2026-06-11T15:21:04.570+0700] {dagbag.py:587} INFO - Filling up the DagBag from /opt/airflow/dags/dag_remosy_master.py
[2026-06-11T15:21:04.599+0700] {processor.py:925} INFO - DAG(s) 'remosy_master_end_to_end' retrieved from /opt/airflow/dags/dag_remosy_master.py
[2026-06-11T15:21:04.637+0700] {logging_mixin.py:190} INFO - [2026-06-11T15:21:04.637+0700] {dag.py:3211} INFO - Sync 1 DAGs
[2026-06-11T15:21:04.669+0700] {logging_mixin.py:190} INFO - [2026-06-11T15:21:04.669+0700] {dag.py:4138} INFO - Setting next_dagrun for remosy_master_end_to_end to 2026-06-11 05:00:00+00:00, run_after=2026-06-11 17:00:00+00:00
[2026-06-11T15:21:04.701+0700] {processor.py:208} INFO - Processing /opt/airflow/dags/dag_remosy_master.py took 0.142 seconds
[2026-06-11T15:21:34.884+0700] {processor.py:186} INFO - Started process (PID=2002) to work on /opt/airflow/dags/dag_remosy_master.py
[2026-06-11T15:21:34.886+0700] {processor.py:914} INFO - Processing file /opt/airflow/dags/dag_remosy_master.py for tasks to queue
[2026-06-11T15:21:34.888+0700] {logging_mixin.py:190} INFO - [2026-06-11T15:21:34.888+0700] {dagbag.py:587} INFO - Filling up the DagBag from /opt/airflow/dags/dag_remosy_master.py
[2026-06-11T15:21:34.914+0700] {processor.py:925} INFO - DAG(s) 'remosy_master_end_to_end' retrieved from /opt/airflow/dags/dag_remosy_master.py
[2026-06-11T15:21:34.952+0700] {logging_mixin.py:190} INFO - [2026-06-11T15:21:34.951+0700] {dag.py:3211} INFO - Sync 1 DAGs
[2026-06-11T15:21:34.978+0700] {logging_mixin.py:190} INFO - [2026-06-11T15:21:34.978+0700] {dag.py:4138} INFO - Setting next_dagrun for remosy_master_end_to_end to 2026-06-11 05:00:00+00:00, run_after=2026-06-11 17:00:00+00:00
[2026-06-11T15:21:35.001+0700] {processor.py:208} INFO - Processing /opt/airflow/dags/dag_remosy_master.py took 0.124 seconds
[2026-06-11T15:22:05.495+0700] {processor.py:186} INFO - Started process (PID=2026) to work on /opt/airflow/dags/dag_remosy_master.py
[2026-06-11T15:22:05.498+0700] {processor.py:914} INFO - Processing file /opt/airflow/dags/dag_remosy_master.py for tasks to queue
[2026-06-11T15:22:05.501+0700] {logging_mixin.py:190} INFO - [2026-06-11T15:22:05.500+0700] {dagbag.py:587} INFO - Filling up the DagBag from /opt/airflow/dags/dag_remosy_master.py
[2026-06-11T15:22:05.553+0700] {processor.py:925} INFO - DAG(s) 'remosy_master_end_to_end' retrieved from /opt/airflow/dags/dag_remosy_master.py
[2026-06-11T15:22:05.600+0700] {logging_mixin.py:190} INFO - [2026-06-11T15:22:05.600+0700] {dag.py:3211} INFO - Sync 1 DAGs
[2026-06-11T15:22:05.655+0700] {logging_mixin.py:190} INFO - [2026-06-11T15:22:05.655+0700] {dag.py:4138} INFO - Setting next_dagrun for remosy_master_end_to_end to 2026-06-11 05:00:00+00:00, run_after=2026-06-11 17:00:00+00:00
[2026-06-11T15:22:05.683+0700] {processor.py:208} INFO - Processing /opt/airflow/dags/dag_remosy_master.py took 0.202 seconds
[2026-06-11T15:22:36.287+0700] {processor.py:186} INFO - Started process (PID=2055) to work on /opt/airflow/dags/dag_remosy_master.py
[2026-06-11T15:22:36.289+0700] {processor.py:914} INFO - Processing file /opt/airflow/dags/dag_remosy_master.py for tasks to queue
[2026-06-11T15:22:36.290+0700] {logging_mixin.py:190} INFO - [2026-06-11T15:22:36.290+0700] {dagbag.py:587} INFO - Filling up the DagBag from /opt/airflow/dags/dag_remosy_master.py
[2026-06-11T15:22:36.318+0700] {processor.py:925} INFO - DAG(s) 'remosy_master_end_to_end' retrieved from /opt/airflow/dags/dag_remosy_master.py
[2026-06-11T15:22:36.359+0700] {logging_mixin.py:190} INFO - [2026-06-11T15:22:36.359+0700] {dag.py:3211} INFO - Sync 1 DAGs
[2026-06-11T15:22:36.397+0700] {logging_mixin.py:190} INFO - [2026-06-11T15:22:36.396+0700] {dag.py:4138} INFO - Setting next_dagrun for remosy_master_end_to_end to 2026-06-11 05:00:00+00:00, run_after=2026-06-11 17:00:00+00:00
[2026-06-11T15:22:36.422+0700] {processor.py:208} INFO - Processing /opt/airflow/dags/dag_remosy_master.py took 0.146 seconds
[2026-06-11T15:23:06.912+0700] {processor.py:186} INFO - Started process (PID=2102) to work on /opt/airflow/dags/dag_remosy_master.py
[2026-06-11T15:23:06.913+0700] {processor.py:914} INFO - Processing file /opt/airflow/dags/dag_remosy_master.py for tasks to queue
[2026-06-11T15:23:06.915+0700] {logging_mixin.py:190} INFO - [2026-06-11T15:23:06.914+0700] {dagbag.py:587} INFO - Filling up the DagBag from /opt/airflow/dags/dag_remosy_master.py
[2026-06-11T15:23:06.939+0700] {processor.py:925} INFO - DAG(s) 'remosy_master_end_to_end' retrieved from /opt/airflow/dags/dag_remosy_master.py
[2026-06-11T15:23:06.973+0700] {logging_mixin.py:190} INFO - [2026-06-11T15:23:06.973+0700] {dag.py:3211} INFO - Sync 1 DAGs
[2026-06-11T15:23:07.003+0700] {logging_mixin.py:190} INFO - [2026-06-11T15:23:07.003+0700] {dag.py:4138} INFO - Setting next_dagrun for remosy_master_end_to_end to 2026-06-11 05:00:00+00:00, run_after=2026-06-11 17:00:00+00:00
[2026-06-11T15:23:07.027+0700] {processor.py:208} INFO - Processing /opt/airflow/dags/dag_remosy_master.py took 0.122 seconds
[2026-06-11T15:23:38.116+0700] {processor.py:186} INFO - Started process (PID=2125) to work on /opt/airflow/dags/dag_remosy_master.py
[2026-06-11T15:23:38.118+0700] {processor.py:914} INFO - Processing file /opt/airflow/dags/dag_remosy_master.py for tasks to queue
[2026-06-11T15:23:38.120+0700] {logging_mixin.py:190} INFO - [2026-06-11T15:23:38.119+0700] {dagbag.py:587} INFO - Filling up the DagBag from /opt/airflow/dags/dag_remosy_master.py
[2026-06-11T15:23:38.140+0700] {processor.py:925} INFO - DAG(s) 'remosy_master_end_to_end' retrieved from /opt/airflow/dags/dag_remosy_master.py
[2026-06-11T15:23:38.171+0700] {logging_mixin.py:190} INFO - [2026-06-11T15:23:38.170+0700] {dag.py:3211} INFO - Sync 1 DAGs
[2026-06-11T15:23:38.195+0700] {logging_mixin.py:190} INFO - [2026-06-11T15:23:38.195+0700] {dag.py:4138} INFO - Setting next_dagrun for remosy_master_end_to_end to 2026-06-11 05:00:00+00:00, run_after=2026-06-11 17:00:00+00:00
[2026-06-11T15:23:38.229+0700] {processor.py:208} INFO - Processing /opt/airflow/dags/dag_remosy_master.py took 0.118 seconds
[2026-06-11T15:24:08.733+0700] {processor.py:186} INFO - Started process (PID=2148) to work on /opt/airflow/dags/dag_remosy_master.py
[2026-06-11T15:24:08.735+0700] {processor.py:914} INFO - Processing file /opt/airflow/dags/dag_remosy_master.py for tasks to queue
[2026-06-11T15:24:08.737+0700] {logging_mixin.py:190} INFO - [2026-06-11T15:24:08.737+0700] {dagbag.py:587} INFO - Filling up the DagBag from /opt/airflow/dags/dag_remosy_master.py
[2026-06-11T15:24:08.768+0700] {processor.py:925} INFO - DAG(s) 'remosy_master_end_to_end' retrieved from /opt/airflow/dags/dag_remosy_master.py
[2026-06-11T15:24:08.804+0700] {logging_mixin.py:190} INFO - [2026-06-11T15:24:08.804+0700] {dag.py:3211} INFO - Sync 1 DAGs
[2026-06-11T15:24:08.853+0700] {logging_mixin.py:190} INFO - [2026-06-11T15:24:08.852+0700] {dag.py:4138} INFO - Setting next_dagrun for remosy_master_end_to_end to 2026-06-11 05:00:00+00:00, run_after=2026-06-11 17:00:00+00:00
[2026-06-11T15:24:08.885+0700] {processor.py:208} INFO - Processing /opt/airflow/dags/dag_remosy_master.py took 0.163 seconds
[2026-06-11T15:24:39.830+0700] {processor.py:186} INFO - Started process (PID=2177) to work on /opt/airflow/dags/dag_remosy_master.py
[2026-06-11T15:24:39.832+0700] {processor.py:914} INFO - Processing file /opt/airflow/dags/dag_remosy_master.py for tasks to queue
[2026-06-11T15:24:39.834+0700] {logging_mixin.py:190} INFO - [2026-06-11T15:24:39.833+0700] {dagbag.py:587} INFO - Filling up the DagBag from /opt/airflow/dags/dag_remosy_master.py
[2026-06-11T15:24:39.865+0700] {processor.py:925} INFO - DAG(s) 'remosy_master_end_to_end' retrieved from /opt/airflow/dags/dag_remosy_master.py
[2026-06-11T15:24:39.949+0700] {logging_mixin.py:190} INFO - [2026-06-11T15:24:39.948+0700] {dag.py:3211} INFO - Sync 1 DAGs
[2026-06-11T15:24:40.009+0700] {logging_mixin.py:190} INFO - [2026-06-11T15:24:40.007+0700] {dag.py:4138} INFO - Setting next_dagrun for remosy_master_end_to_end to 2026-06-11 05:00:00+00:00, run_after=2026-06-11 17:00:00+00:00
[2026-06-11T15:24:40.048+0700] {processor.py:208} INFO - Processing /opt/airflow/dags/dag_remosy_master.py took 0.226 seconds
[2026-06-11T15:25:10.795+0700] {processor.py:186} INFO - Started process (PID=2200) to work on /opt/airflow/dags/dag_remosy_master.py
[2026-06-11T15:25:10.796+0700] {processor.py:914} INFO - Processing file /opt/airflow/dags/dag_remosy_master.py for tasks to queue
[2026-06-11T15:25:10.798+0700] {logging_mixin.py:190} INFO - [2026-06-11T15:25:10.797+0700] {dagbag.py:587} INFO - Filling up the DagBag from /opt/airflow/dags/dag_remosy_master.py
[2026-06-11T15:25:10.821+0700] {processor.py:925} INFO - DAG(s) 'remosy_master_end_to_end' retrieved from /opt/airflow/dags/dag_remosy_master.py
[2026-06-11T15:25:10.855+0700] {logging_mixin.py:190} INFO - [2026-06-11T15:25:10.855+0700] {dag.py:3211} INFO - Sync 1 DAGs
[2026-06-11T15:25:10.885+0700] {logging_mixin.py:190} INFO - [2026-06-11T15:25:10.884+0700] {dag.py:4138} INFO - Setting next_dagrun for remosy_master_end_to_end to 2026-06-11 05:00:00+00:00, run_after=2026-06-11 17:00:00+00:00
[2026-06-11T15:25:10.916+0700] {processor.py:208} INFO - Processing /opt/airflow/dags/dag_remosy_master.py took 0.128 seconds
[2026-06-11T15:25:41.507+0700] {processor.py:186} INFO - Started process (PID=2223) to work on /opt/airflow/dags/dag_remosy_master.py
[2026-06-11T15:25:41.508+0700] {processor.py:914} INFO - Processing file /opt/airflow/dags/dag_remosy_master.py for tasks to queue
[2026-06-11T15:25:41.509+0700] {logging_mixin.py:190} INFO - [2026-06-11T15:25:41.509+0700] {dagbag.py:587} INFO - Filling up the DagBag from /opt/airflow/dags/dag_remosy_master.py
[2026-06-11T15:25:41.532+0700] {processor.py:925} INFO - DAG(s) 'remosy_master_end_to_end' retrieved from /opt/airflow/dags/dag_remosy_master.py
[2026-06-11T15:25:41.589+0700] {logging_mixin.py:190} INFO - [2026-06-11T15:25:41.588+0700] {dag.py:3211} INFO - Sync 1 DAGs
[2026-06-11T15:25:41.631+0700] {logging_mixin.py:190} INFO - [2026-06-11T15:25:41.630+0700] {dag.py:4138} INFO - Setting next_dagrun for remosy_master_end_to_end to 2026-06-11 05:00:00+00:00, run_after=2026-06-11 17:00:00+00:00
[2026-06-11T15:25:41.654+0700] {processor.py:208} INFO - Processing /opt/airflow/dags/dag_remosy_master.py took 0.153 seconds
[2026-06-11T15:26:11.982+0700] {processor.py:186} INFO - Started process (PID=2246) to work on /opt/airflow/dags/dag_remosy_master.py
[2026-06-11T15:26:11.984+0700] {processor.py:914} INFO - Processing file /opt/airflow/dags/dag_remosy_master.py for tasks to queue
[2026-06-11T15:26:11.985+0700] {logging_mixin.py:190} INFO - [2026-06-11T15:26:11.985+0700] {dagbag.py:587} INFO - Filling up the DagBag from /opt/airflow/dags/dag_remosy_master.py
[2026-06-11T15:26:12.011+0700] {processor.py:925} INFO - DAG(s) 'remosy_master_end_to_end' retrieved from /opt/airflow/dags/dag_remosy_master.py
[2026-06-11T15:26:12.058+0700] {logging_mixin.py:190} INFO - [2026-06-11T15:26:12.057+0700] {dag.py:3211} INFO - Sync 1 DAGs
[2026-06-11T15:26:12.087+0700] {logging_mixin.py:190} INFO - [2026-06-11T15:26:12.087+0700] {dag.py:4138} INFO - Setting next_dagrun for remosy_master_end_to_end to 2026-06-11 05:00:00+00:00, run_after=2026-06-11 17:00:00+00:00
[2026-06-11T15:26:12.115+0700] {processor.py:208} INFO - Processing /opt/airflow/dags/dag_remosy_master.py took 0.140 seconds
[2026-06-11T15:26:42.522+0700] {processor.py:186} INFO - Started process (PID=2276) to work on /opt/airflow/dags/dag_remosy_master.py
[2026-06-11T15:26:42.525+0700] {processor.py:914} INFO - Processing file /opt/airflow/dags/dag_remosy_master.py for tasks to queue
[2026-06-11T15:26:42.527+0700] {logging_mixin.py:190} INFO - [2026-06-11T15:26:42.527+0700] {dagbag.py:587} INFO - Filling up the DagBag from /opt/airflow/dags/dag_remosy_master.py
[2026-06-11T15:26:42.560+0700] {processor.py:925} INFO - DAG(s) 'remosy_master_end_to_end' retrieved from /opt/airflow/dags/dag_remosy_master.py
[2026-06-11T15:26:42.634+0700] {logging_mixin.py:190} INFO - [2026-06-11T15:26:42.634+0700] {dag.py:3211} INFO - Sync 1 DAGs
[2026-06-11T15:26:42.797+0700] {logging_mixin.py:190} INFO - [2026-06-11T15:26:42.797+0700] {dag.py:4138} INFO - Setting next_dagrun for remosy_master_end_to_end to 2026-06-11 05:00:00+00:00, run_after=2026-06-11 17:00:00+00:00
[2026-06-11T15:26:42.884+0700] {processor.py:208} INFO - Processing /opt/airflow/dags/dag_remosy_master.py took 0.369 seconds
[2026-06-11T15:27:13.136+0700] {processor.py:186} INFO - Started process (PID=2299) to work on /opt/airflow/dags/dag_remosy_master.py
[2026-06-11T15:27:13.138+0700] {processor.py:914} INFO - Processing file /opt/airflow/dags/dag_remosy_master.py for tasks to queue
[2026-06-11T15:27:13.140+0700] {logging_mixin.py:190} INFO - [2026-06-11T15:27:13.140+0700] {dagbag.py:587} INFO - Filling up the DagBag from /opt/airflow/dags/dag_remosy_master.py
[2026-06-11T15:27:13.174+0700] {processor.py:925} INFO - DAG(s) 'remosy_master_end_to_end' retrieved from /opt/airflow/dags/dag_remosy_master.py
[2026-06-11T15:27:13.944+0700] {logging_mixin.py:190} INFO - [2026-06-11T15:27:13.943+0700] {dag.py:3211} INFO - Sync 1 DAGs
[2026-06-11T15:27:14.133+0700] {logging_mixin.py:190} INFO - [2026-06-11T15:27:14.133+0700] {dag.py:4138} INFO - Setting next_dagrun for remosy_master_end_to_end to 2026-06-11 05:00:00+00:00, run_after=2026-06-11 17:00:00+00:00
[2026-06-11T15:27:14.200+0700] {processor.py:208} INFO - Processing /opt/airflow/dags/dag_remosy_master.py took 1.072 seconds
