[2026-06-18T09:05:07.633+0700] {local_task_job_runner.py:123} INFO - ::group::Pre task execution logs
[2026-06-18T09:05:07.655+0700] {taskinstance.py:2603} INFO - Dependencies all met for dep_context=non-requeueable deps ti=<TaskInstance: remosy_master_end_to_end.scrape_twitter scheduled__2026-06-17T05:00:00+00:00 [queued]>
[2026-06-18T09:05:07.671+0700] {taskinstance.py:2603} INFO - Dependencies all met for dep_context=requeueable deps ti=<TaskInstance: remosy_master_end_to_end.scrape_twitter scheduled__2026-06-17T05:00:00+00:00 [queued]>
[2026-06-18T09:05:07.672+0700] {taskinstance.py:2856} INFO - Starting attempt 1 of 1
[2026-06-18T09:05:07.697+0700] {taskinstance.py:2879} INFO - Executing <Task(PythonOperator): scrape_twitter> on 2026-06-17 05:00:00+00:00
[2026-06-18T09:05:07.733+0700] {standard_task_runner.py:104} INFO - Running: ['***', 'tasks', 'run', 'remosy_master_end_to_end', 'scrape_twitter', 'scheduled__2026-06-17T05:00:00+00:00', '--job-id', '516', '--raw', '--subdir', 'DAGS_FOLDER/dag_remosy_master.py', '--cfg-path', '/tmp/tmpibvgg01f']
[2026-06-18T09:05:07.741+0700] {standard_task_runner.py:105} INFO - Job 516: Subtask scrape_twitter
[2026-06-18T09:05:07.741+0700] {logging_mixin.py:190} WARNING - /home/***/.local/lib/python3.12/site-packages/***/task/task_runner/standard_task_runner.py:70 DeprecationWarning: This process (pid=182) is multi-threaded, use of fork() may lead to deadlocks in the child.
[2026-06-18T09:05:07.745+0700] {standard_task_runner.py:72} INFO - Started process 190 to run task
[2026-06-18T09:05:07.784+0700] {logging_mixin.py:190} WARNING - /home/***/.local/lib/python3.12/site-packages/***/settings.py:209 DeprecationWarning: The sql_alchemy_conn option in [core] has been moved to the sql_alchemy_conn option in [database] - the old setting has been used, but please update your config.
[2026-06-18T09:05:07.841+0700] {task_command.py:467} INFO - Running <TaskInstance: remosy_master_end_to_end.scrape_twitter scheduled__2026-06-17T05:00:00+00:00 [running]> on host 40e491ee7d1d
[2026-06-18T09:05:07.843+0700] {logging_mixin.py:190} WARNING - /home/***/.local/lib/python3.12/site-packages/***/settings.py:449 DeprecationWarning: The sql_alchemy_conn option in [core] has been moved to the sql_alchemy_conn option in [database] - the old setting has been used, but please update your config.
[2026-06-18T09:05:07.993+0700] {taskinstance.py:3122} INFO - Exporting env vars: AIRFLOW_CTX_DAG_OWNER='remosy' AIRFLOW_CTX_DAG_ID='remosy_master_end_to_end' AIRFLOW_CTX_TASK_ID='scrape_twitter' AIRFLOW_CTX_EXECUTION_DATE='2026-06-17T05:00:00+00:00' AIRFLOW_CTX_TRY_NUMBER='1' AIRFLOW_CTX_DAG_RUN_ID='scheduled__2026-06-17T05:00:00+00:00'
[2026-06-18T09:05:07.995+0700] {taskinstance.py:731} INFO - ::endgroup::
[2026-06-18T09:05:11.237+0700] {logging_mixin.py:190} INFO - Memulai Job Scraping Twitter (Relational Schema)...
[2026-06-18T09:05:11.318+0700] {logging_mixin.py:190} INFO - Mencari Tweet: UNSIKA...
[2026-06-18T09:07:29.069+0700] {logging_mixin.py:190} INFO - Mencari Tweet: Universitas Singaperbangsa Karawang...
[2026-06-18T09:10:05.857+0700] {logging_mixin.py:190} WARNING - /opt/***/src/scrapers/twitter_scraper.py:53 UserWarning: Could not infer format, so each element will be parsed individually, falling back to `dateutil`. To ensure parsing is consistent and as-expected, please specify a format.
[2026-06-18T09:10:05.916+0700] {logging_mixin.py:190} INFO -    ✅ Menyimpan 3 tweet BARU (Relasi ID: 2).
[2026-06-18T09:10:05.917+0700] {logging_mixin.py:190} INFO - Mencari Tweet: unsikuy...
[2026-06-18T09:10:15.611+0700] {logging_mixin.py:190} WARNING - /opt/***/src/scrapers/twitter_scraper.py:53 UserWarning: Could not infer format, so each element will be parsed individually, falling back to `dateutil`. To ensure parsing is consistent and as-expected, please specify a format.
[2026-06-18T09:10:15.857+0700] {logging_mixin.py:190} INFO -    ❌ Gagal simpan: (psycopg2.errors.InvalidTextRepresentation) invalid input syntax for type integer: "favorite_count"
LINE 1: ...estamp),(3, 'full_text', 'username', 'tweet_url', 'favorite_...
                                                             ^

[SQL: INSERT INTO tweets_raw (keyword_id, full_text, username, tweet_url, likes, retweets, posted_at, scraped_at) VALUES (%(keyword_id)s, %(full_text)s, %(username)s, %(tweet_url)s, %(likes)s, %(retweets)s, %(posted_at)s, %(scraped_at)s)]
[parameters: ({'keyword_id': 3, 'full_text': '@araiiseven loveee meskipun kita dapat nya unsikuy taaapii tapapa kokkkk!!! next kita bisa kejar lagi top ten itu tapi sambill ditemenin sama unsikuy :3', 'username': None, 'tweet_url': 'https://x.com/undefined/status/2066140753907376550', 'likes': '1', 'retweets': '0', 'posted_at': datetime.datetime(2026, 6, 14, 12, 48, 37, tzinfo=datetime.timezone.utc), 'scraped_at': datetime.datetime(2026, 6, 18, 9, 10, 15, 839517)}, {'keyword_id': 3, 'full_text': '@idiskitten bjirr unsikuy pergaulan bebas mulu @KSJMYBF', 'username': None, 'tweet_url': 'https://x.com/undefined/status/2055101033337307524', 'likes': '1', 'retweets': '0', 'posted_at': datetime.datetime(2026, 5, 15, 1, 40, 42, tzinfo=datetime.timezone.utc), 'scraped_at': datetime.datetime(2026, 6, 18, 9, 10, 15, 839517)}, {'keyword_id': 3, 'full_text': 'full_text', 'username': 'username', 'tweet_url': 'tweet_url', 'likes': 'favorite_count', 'retweets': 'retweet_count', 'posted_at': None, 'scraped_at': datetime.datetime(2026, 6, 18, 9, 10, 15, 839517)}, {'keyword_id': 3, 'full_text': '@araiiseven loveee meskipun kita dapat nya unsikuy taaapii tapapa kokkkk!!! next kita bisa kejar lagi top ten itu tapi sambill ditemenin sama unsikuy :3', 'username': None, 'tweet_url': 'https://x.com/undefined/status/2066140753907376550', 'likes': '1', 'retweets': '0', 'posted_at': datetime.datetime(2026, 6, 14, 12, 48, 37, tzinfo=datetime.timezone.utc), 'scraped_at': datetime.datetime(2026, 6, 18, 9, 10, 15, 839517)}, {'keyword_id': 3, 'full_text': '@idiskitten bjirr unsikuy pergaulan bebas mulu @KSJMYBF', 'username': None, 'tweet_url': 'https://x.com/undefined/status/2055101033337307524', 'likes': '1', 'retweets': '0', 'posted_at': datetime.datetime(2026, 5, 15, 1, 40, 42, tzinfo=datetime.timezone.utc), 'scraped_at': datetime.datetime(2026, 6, 18, 9, 10, 15, 839517)})]
(Background on this error at: https://sqlalche.me/e/14/9h9h)
[2026-06-18T09:10:15.858+0700] {logging_mixin.py:190} INFO - Job Twitter Selesai. Total 3 tweet baru tersimpan.
[2026-06-18T09:10:15.861+0700] {python.py:240} INFO - Done. Returned value was: None
[2026-06-18T09:10:15.917+0700] {taskinstance.py:340} INFO - ::group::Post task execution logs
[2026-06-18T09:10:15.920+0700] {taskinstance.py:352} INFO - Marking task as SUCCESS. dag_id=remosy_master_end_to_end, task_id=scrape_twitter, run_id=scheduled__2026-06-17T05:00:00+00:00, execution_date=20260617T050000, start_date=20260618T020507, end_date=20260618T021015
[2026-06-18T09:10:18.050+0700] {local_task_job_runner.py:261} INFO - Task exited with return code 0
[2026-06-18T09:10:21.549+0700] {taskinstance.py:3891} INFO - 0 downstream tasks scheduled from follow-on schedule check
[2026-06-18T09:10:21.752+0700] {local_task_job_runner.py:240} INFO - ::endgroup::
[2026-06-18T09:10:22.066+0700] {standard_task_runner.py:217} INFO - Process not found (most likely exited), stop collecting metrics
