[2026-02-01T19:21:51.534+0700] {local_task_job_runner.py:123} INFO - ::group::Pre task execution logs
[2026-02-01T19:21:51.557+0700] {taskinstance.py:2603} INFO - Dependencies all met for dep_context=non-requeueable deps ti=<TaskInstance: dag_scraping_twitter.task_scrape_twitter manual__2026-02-01T12:05:23.825892+00:00 [queued]>
[2026-02-01T19:21:51.568+0700] {taskinstance.py:2603} INFO - Dependencies all met for dep_context=requeueable deps ti=<TaskInstance: dag_scraping_twitter.task_scrape_twitter manual__2026-02-01T12:05:23.825892+00:00 [queued]>
[2026-02-01T19:21:51.570+0700] {taskinstance.py:2856} INFO - Starting attempt 2 of 2
[2026-02-01T19:21:51.588+0700] {taskinstance.py:2879} INFO - Executing <Task(PythonOperator): task_scrape_twitter> on 2026-02-01 12:05:23.825892+00:00
[2026-02-01T19:21:51.602+0700] {logging_mixin.py:190} WARNING - /home/***/.local/lib/python3.12/site-packages/***/task/task_runner/standard_task_runner.py:70 DeprecationWarning: This process (pid=1011) is multi-threaded, use of fork() may lead to deadlocks in the child.
[2026-02-01T19:21:51.601+0700] {standard_task_runner.py:104} INFO - Running: ['***', 'tasks', 'run', 'dag_scraping_twitter', 'task_scrape_twitter', 'manual__2026-02-01T12:05:23.825892+00:00', '--job-id', '24', '--raw', '--subdir', 'DAGS_FOLDER/dag_scraping_twitter.py', '--cfg-path', '/tmp/tmp7wzj7p8k']
[2026-02-01T19:21:51.605+0700] {standard_task_runner.py:72} INFO - Started process 1013 to run task
[2026-02-01T19:21:51.605+0700] {standard_task_runner.py:105} INFO - Job 24: Subtask task_scrape_twitter
[2026-02-01T19:21:51.626+0700] {logging_mixin.py:190} WARNING - /home/***/.local/lib/python3.12/site-packages/***/settings.py:209 DeprecationWarning: The sql_alchemy_conn option in [core] has been moved to the sql_alchemy_conn option in [database] - the old setting has been used, but please update your config.
[2026-02-01T19:21:51.697+0700] {task_command.py:467} INFO - Running <TaskInstance: dag_scraping_twitter.task_scrape_twitter manual__2026-02-01T12:05:23.825892+00:00 [running]> on host 22721f3c18b7
[2026-02-01T19:21:51.806+0700] {taskinstance.py:3122} INFO - Exporting env vars: AIRFLOW_CTX_DAG_OWNER='remosy_admin' AIRFLOW_CTX_DAG_ID='dag_scraping_twitter' AIRFLOW_CTX_TASK_ID='task_scrape_twitter' AIRFLOW_CTX_EXECUTION_DATE='2026-02-01T12:05:23.825892+00:00' AIRFLOW_CTX_TRY_NUMBER='2' AIRFLOW_CTX_DAG_RUN_ID='manual__2026-02-01T12:05:23.825892+00:00'
[2026-02-01T19:21:51.809+0700] {taskinstance.py:731} INFO - ::endgroup::
[2026-02-01T19:21:51.833+0700] {logging_mixin.py:190} INFO - 🚀 Memulai Job Scraping Twitter (Via Tweet-Harvest)...
[2026-02-01T19:21:51.866+0700] {logging_mixin.py:190} INFO - 🎯 Target: ['Universitas Singaperbangsa Karawang', 'UNSIKA', 'Rektor UNSIKA']
[2026-02-01T19:21:51.868+0700] {logging_mixin.py:190} INFO - ⏳ Istirahat 9.30 detik...
[2026-02-01T19:21:59.290+0700] {logging_mixin.py:190} INFO -  Memulai Tweet-Harvest untuk: Universitas Singaperbangsa Karawang...
[2026-02-01T19:22:32.382+0700] {logging_mixin.py:190} INFO -  File ditemukan: tweets-data/UniversitasSingaperbangsaKarawang_tweets.csv
[2026-02-01T19:22:32.439+0700] {logging_mixin.py:190} INFO - ⏳ Istirahat 5.95 detik...
[2026-02-01T19:22:38.385+0700] {logging_mixin.py:190} INFO -  Memulai Tweet-Harvest untuk: UNSIKA...
[2026-02-01T19:22:58.846+0700] {logging_mixin.py:190} INFO -  File ditemukan: tweets-data/UNSIKA_tweets.csv
[2026-02-01T19:22:58.854+0700] {logging_mixin.py:190} INFO - ⏳ Istirahat 6.48 detik...
[2026-02-01T19:23:05.332+0700] {logging_mixin.py:190} INFO -  Memulai Tweet-Harvest untuk: Rektor UNSIKA...
[2026-02-01T19:23:23.717+0700] {logging_mixin.py:190} INFO -  File ditemukan: tweets-data/RektorUNSIKA_tweets.csv
[2026-02-01T19:23:23.751+0700] {logging_mixin.py:190} INFO - 💾 Menyimpan 176 tweet bersih...
[2026-02-01T19:23:23.799+0700] {logging_mixin.py:190} INFO - ✅ SUKSES! Data tweet tersimpan.
[2026-02-01T19:23:23.800+0700] {python.py:240} INFO - Done. Returned value was: None
[2026-02-01T19:23:23.812+0700] {taskinstance.py:340} INFO - ::group::Post task execution logs
[2026-02-01T19:23:23.813+0700] {taskinstance.py:352} INFO - Marking task as SUCCESS. dag_id=dag_scraping_twitter, task_id=task_scrape_twitter, run_id=manual__2026-02-01T12:05:23.825892+00:00, execution_date=20260201T120523, start_date=20260201T122151, end_date=20260201T122323
[2026-02-01T19:23:23.846+0700] {local_task_job_runner.py:261} INFO - Task exited with return code 0
[2026-02-01T19:23:23.864+0700] {taskinstance.py:3891} INFO - 0 downstream tasks scheduled from follow-on schedule check
[2026-02-01T19:23:23.868+0700] {local_task_job_runner.py:240} INFO - ::endgroup::
