[2026-02-01T19:05:25.127+0700] {local_task_job_runner.py:123} INFO - ::group::Pre task execution logs
[2026-02-01T19:05:25.152+0700] {taskinstance.py:2603} INFO - Dependencies all met for dep_context=non-requeueable deps ti=<TaskInstance: dag_scraping_twitter.task_scrape_twitter manual__2026-02-01T12:05:23.825892+00:00 [queued]>
[2026-02-01T19:05:25.162+0700] {taskinstance.py:2603} INFO - Dependencies all met for dep_context=requeueable deps ti=<TaskInstance: dag_scraping_twitter.task_scrape_twitter manual__2026-02-01T12:05:23.825892+00:00 [queued]>
[2026-02-01T19:05:25.162+0700] {taskinstance.py:2856} INFO - Starting attempt 1 of 1
[2026-02-01T19:05:25.178+0700] {taskinstance.py:2879} INFO - Executing <Task(PythonOperator): task_scrape_twitter> on 2026-02-01 12:05:23.825892+00:00
[2026-02-01T19:05:25.203+0700] {logging_mixin.py:190} WARNING - /home/***/.local/lib/python3.12/site-packages/***/task/task_runner/standard_task_runner.py:70 DeprecationWarning: This process (pid=224) is multi-threaded, use of fork() may lead to deadlocks in the child.
[2026-02-01T19:05:25.207+0700] {standard_task_runner.py:72} INFO - Started process 226 to run task
[2026-02-01T19:05:25.203+0700] {standard_task_runner.py:104} INFO - Running: ['***', 'tasks', 'run', 'dag_scraping_twitter', 'task_scrape_twitter', 'manual__2026-02-01T12:05:23.825892+00:00', '--job-id', '23', '--raw', '--subdir', 'DAGS_FOLDER/dag_scraping_twitter.py', '--cfg-path', '/tmp/tmpj7m61x71']
[2026-02-01T19:05:25.209+0700] {standard_task_runner.py:105} INFO - Job 23: Subtask task_scrape_twitter
[2026-02-01T19:05:25.239+0700] {logging_mixin.py:190} WARNING - /home/***/.local/lib/python3.12/site-packages/***/settings.py:209 DeprecationWarning: The sql_alchemy_conn option in [core] has been moved to the sql_alchemy_conn option in [database] - the old setting has been used, but please update your config.
[2026-02-01T19:05:25.421+0700] {task_command.py:467} INFO - Running <TaskInstance: dag_scraping_twitter.task_scrape_twitter manual__2026-02-01T12:05:23.825892+00:00 [running]> on host 22721f3c18b7
[2026-02-01T19:05:25.690+0700] {taskinstance.py:3122} INFO - Exporting env vars: AIRFLOW_CTX_DAG_OWNER='remosy_admin' AIRFLOW_CTX_DAG_ID='dag_scraping_twitter' AIRFLOW_CTX_TASK_ID='task_scrape_twitter' AIRFLOW_CTX_EXECUTION_DATE='2026-02-01T12:05:23.825892+00:00' AIRFLOW_CTX_TRY_NUMBER='1' AIRFLOW_CTX_DAG_RUN_ID='manual__2026-02-01T12:05:23.825892+00:00'
[2026-02-01T19:05:25.692+0700] {taskinstance.py:731} INFO - ::endgroup::
[2026-02-01T19:05:25.735+0700] {logging_mixin.py:190} INFO - 🚀 Memulai Job Scraping Twitter (Via Tweet-Harvest)...
[2026-02-01T19:05:25.780+0700] {logging_mixin.py:190} INFO - 🎯 Target: ['Universitas Singaperbangsa Karawang', 'UNSIKA', 'Rektor UNSIKA']
[2026-02-01T19:05:25.781+0700] {logging_mixin.py:190} INFO - ⏳ Istirahat 6.28 detik...
[2026-02-01T19:05:30.206+0700] {logging_mixin.py:190} INFO - 🐦 Memulai Tweet-Harvest untuk: Universitas Singaperbangsa Karawang...
[2026-02-01T19:06:47.016+0700] {logging_mixin.py:190} INFO - ⚠️ File output tidak ditemukan. Cek token atau koneksi.
[2026-02-01T19:06:47.026+0700] {logging_mixin.py:190} INFO - ⏳ Istirahat 7.47 detik...
[2026-02-01T19:06:52.670+0700] {logging_mixin.py:190} INFO - 🐦 Memulai Tweet-Harvest untuk: UNSIKA...
[2026-02-01T19:06:58.160+0700] {logging_mixin.py:190} INFO - ⚠️ File output tidak ditemukan. Cek token atau koneksi.
[2026-02-01T19:06:58.161+0700] {logging_mixin.py:190} INFO - ⏳ Istirahat 5.86 detik...
[2026-02-01T19:07:04.029+0700] {logging_mixin.py:190} INFO - 🐦 Memulai Tweet-Harvest untuk: Rektor UNSIKA...
[2026-02-01T19:07:09.642+0700] {logging_mixin.py:190} INFO - ⚠️ File output tidak ditemukan. Cek token atau koneksi.
[2026-02-01T19:07:09.645+0700] {logging_mixin.py:190} INFO - ⚠️ Tidak ada tweet baru didapatkan.
[2026-02-01T19:07:09.646+0700] {python.py:240} INFO - Done. Returned value was: None
[2026-02-01T19:07:09.659+0700] {taskinstance.py:340} INFO - ::group::Post task execution logs
[2026-02-01T19:07:09.659+0700] {taskinstance.py:352} INFO - Marking task as SUCCESS. dag_id=dag_scraping_twitter, task_id=task_scrape_twitter, run_id=manual__2026-02-01T12:05:23.825892+00:00, execution_date=20260201T120523, start_date=20260201T120525, end_date=20260201T120709
[2026-02-01T19:07:09.703+0700] {local_task_job_runner.py:261} INFO - Task exited with return code 0
[2026-02-01T19:07:09.730+0700] {taskinstance.py:3891} INFO - 0 downstream tasks scheduled from follow-on schedule check
[2026-02-01T19:07:09.734+0700] {local_task_job_runner.py:240} INFO - ::endgroup::
