[2026-03-29T12:59:13.870+0700] {local_task_job_runner.py:123} INFO - ::group::Pre task execution logs
[2026-03-29T12:59:13.898+0700] {taskinstance.py:2603} INFO - Dependencies all met for dep_context=non-requeueable deps ti=<TaskInstance: dag_scraping_daily.task_process_sentiment manual__2026-03-29T05:59:08.790123+00:00 [queued]>
[2026-03-29T12:59:13.917+0700] {taskinstance.py:2603} INFO - Dependencies all met for dep_context=requeueable deps ti=<TaskInstance: dag_scraping_daily.task_process_sentiment manual__2026-03-29T05:59:08.790123+00:00 [queued]>
[2026-03-29T12:59:13.919+0700] {taskinstance.py:2856} INFO - Starting attempt 1 of 2
[2026-03-29T12:59:13.949+0700] {taskinstance.py:2879} INFO - Executing <Task(PythonOperator): task_process_sentiment> on 2026-03-29 05:59:08.790123+00:00
[2026-03-29T12:59:13.970+0700] {standard_task_runner.py:104} INFO - Running: ['***', 'tasks', 'run', 'dag_scraping_daily', 'task_process_sentiment', 'manual__2026-03-29T05:59:08.790123+00:00', '--job-id', '233', '--raw', '--subdir', 'DAGS_FOLDER/dag_scraping_daily.py', '--cfg-path', '/tmp/tmpptpjoayp']
[2026-03-29T12:59:13.976+0700] {standard_task_runner.py:105} INFO - Job 233: Subtask task_process_sentiment
[2026-03-29T12:59:13.973+0700] {logging_mixin.py:190} WARNING - /home/***/.local/lib/python3.12/site-packages/***/task/task_runner/standard_task_runner.py:70 DeprecationWarning: This process (pid=3374) is multi-threaded, use of fork() may lead to deadlocks in the child.
[2026-03-29T12:59:13.979+0700] {standard_task_runner.py:72} INFO - Started process 3383 to run task
[2026-03-29T12:59:14.024+0700] {logging_mixin.py:190} WARNING - /home/***/.local/lib/python3.12/site-packages/***/settings.py:209 DeprecationWarning: The sql_alchemy_conn option in [core] has been moved to the sql_alchemy_conn option in [database] - the old setting has been used, but please update your config.
[2026-03-29T12:59:14.280+0700] {task_command.py:467} INFO - Running <TaskInstance: dag_scraping_daily.task_process_sentiment manual__2026-03-29T05:59:08.790123+00:00 [running]> on host fb1907ce8049
[2026-03-29T12:59:14.524+0700] {taskinstance.py:3122} INFO - Exporting env vars: AIRFLOW_CTX_DAG_OWNER='remosy_admin' AIRFLOW_CTX_DAG_ID='dag_scraping_daily' AIRFLOW_CTX_TASK_ID='task_process_sentiment' AIRFLOW_CTX_EXECUTION_DATE='2026-03-29T05:59:08.790123+00:00' AIRFLOW_CTX_TRY_NUMBER='1' AIRFLOW_CTX_DAG_RUN_ID='manual__2026-03-29T05:59:08.790123+00:00'
[2026-03-29T12:59:14.528+0700] {taskinstance.py:731} INFO - ::endgroup::
[2026-03-29T12:59:32.291+0700] {logging_mixin.py:190} INFO - 🚀 Memulai Job Pemrosesan Berita (Smart Sentiment)...
[2026-03-29T12:59:32.327+0700] {logging_mixin.py:190} INFO -    ✅ Tidak ada berita baru untuk diproses.
[2026-03-29T12:59:32.329+0700] {python.py:240} INFO - Done. Returned value was: None
[2026-03-29T12:59:32.347+0700] {taskinstance.py:340} INFO - ::group::Post task execution logs
[2026-03-29T12:59:32.348+0700] {taskinstance.py:352} INFO - Marking task as SUCCESS. dag_id=dag_scraping_daily, task_id=task_process_sentiment, run_id=manual__2026-03-29T05:59:08.790123+00:00, execution_date=20260329T055908, start_date=20260329T055913, end_date=20260329T055932
[2026-03-29T12:59:32.425+0700] {local_task_job_runner.py:261} INFO - Task exited with return code 0
[2026-03-29T12:59:32.467+0700] {taskinstance.py:3891} INFO - 0 downstream tasks scheduled from follow-on schedule check
[2026-03-29T12:59:32.477+0700] {local_task_job_runner.py:240} INFO - ::endgroup::
