[2026-02-04T15:20:06.362+0700] {local_task_job_runner.py:123} INFO - ::group::Pre task execution logs
[2026-02-04T15:20:06.379+0700] {taskinstance.py:2603} INFO - Dependencies all met for dep_context=non-requeueable deps ti=<TaskInstance: dag_scraping_twitter.task_scrape_twitter manual__2026-02-04T08:20:05.810553+00:00 [queued]>
[2026-02-04T15:20:06.391+0700] {taskinstance.py:2603} INFO - Dependencies all met for dep_context=requeueable deps ti=<TaskInstance: dag_scraping_twitter.task_scrape_twitter manual__2026-02-04T08:20:05.810553+00:00 [queued]>
[2026-02-04T15:20:06.391+0700] {taskinstance.py:2856} INFO - Starting attempt 1 of 1
[2026-02-04T15:20:06.408+0700] {taskinstance.py:2879} INFO - Executing <Task(PythonOperator): task_scrape_twitter> on 2026-02-04 08:20:05.810553+00:00
[2026-02-04T15:20:06.418+0700] {logging_mixin.py:190} WARNING - /home/***/.local/lib/python3.12/site-packages/***/task/task_runner/standard_task_runner.py:70 DeprecationWarning: This process (pid=1801) is multi-threaded, use of fork() may lead to deadlocks in the child.
[2026-02-04T15:20:06.421+0700] {standard_task_runner.py:72} INFO - Started process 1802 to run task
[2026-02-04T15:20:06.418+0700] {standard_task_runner.py:104} INFO - Running: ['***', 'tasks', 'run', 'dag_scraping_twitter', 'task_scrape_twitter', 'manual__2026-02-04T08:20:05.810553+00:00', '--job-id', '60', '--raw', '--subdir', 'DAGS_FOLDER/dag_scraping_twitter.py', '--cfg-path', '/tmp/tmpprg02lng']
[2026-02-04T15:20:06.422+0700] {standard_task_runner.py:105} INFO - Job 60: Subtask task_scrape_twitter
[2026-02-04T15:20:06.446+0700] {logging_mixin.py:190} WARNING - /home/***/.local/lib/python3.12/site-packages/***/settings.py:209 DeprecationWarning: The sql_alchemy_conn option in [core] has been moved to the sql_alchemy_conn option in [database] - the old setting has been used, but please update your config.
[2026-02-04T15:20:06.507+0700] {task_command.py:467} INFO - Running <TaskInstance: dag_scraping_twitter.task_scrape_twitter manual__2026-02-04T08:20:05.810553+00:00 [running]> on host 40eda60c7fdf
[2026-02-04T15:20:06.602+0700] {taskinstance.py:3122} INFO - Exporting env vars: AIRFLOW_CTX_DAG_OWNER='remosy_admin' AIRFLOW_CTX_DAG_ID='dag_scraping_twitter' AIRFLOW_CTX_TASK_ID='task_scrape_twitter' AIRFLOW_CTX_EXECUTION_DATE='2026-02-04T08:20:05.810553+00:00' AIRFLOW_CTX_TRY_NUMBER='1' AIRFLOW_CTX_DAG_RUN_ID='manual__2026-02-04T08:20:05.810553+00:00'
[2026-02-04T15:20:06.605+0700] {taskinstance.py:731} INFO - ::endgroup::
[2026-02-04T15:20:07.397+0700] {logging_mixin.py:190} INFO - Memulai Job Scraping Twitter (Mode Cerdas)...
[2026-02-04T15:20:07.413+0700] {logging_mixin.py:190} INFO - Database saat ini memiliki 72 tweet.
[2026-02-04T15:20:07.414+0700] {logging_mixin.py:190} INFO - Mencari Tweet: unsika...
[2026-02-04T15:20:30.608+0700] {logging_mixin.py:190} INFO -    info: Tidak ada tweet baru (semua duplikat).
[2026-02-04T15:20:30.609+0700] {logging_mixin.py:190} INFO - Mencari Tweet: universitas singaperbangsa karawang...
[2026-02-04T15:22:55.786+0700] {logging_mixin.py:190} INFO - Mencari Tweet: mahasiswa unsika...
[2026-02-04T15:25:22.808+0700] {logging_mixin.py:190} INFO - Job Twitter Selesai. Total 0 tweet baru tersimpan.
[2026-02-04T15:25:22.809+0700] {python.py:240} INFO - Done. Returned value was: None
[2026-02-04T15:25:22.824+0700] {taskinstance.py:340} INFO - ::group::Post task execution logs
[2026-02-04T15:25:22.825+0700] {taskinstance.py:352} INFO - Marking task as SUCCESS. dag_id=dag_scraping_twitter, task_id=task_scrape_twitter, run_id=manual__2026-02-04T08:20:05.810553+00:00, execution_date=20260204T082005, start_date=20260204T082006, end_date=20260204T082522
[2026-02-04T15:25:22.870+0700] {local_task_job_runner.py:261} INFO - Task exited with return code 0
[2026-02-04T15:25:22.893+0700] {taskinstance.py:3891} INFO - 1 downstream tasks scheduled from follow-on schedule check
[2026-02-04T15:25:22.896+0700] {local_task_job_runner.py:240} INFO - ::endgroup::
