[2026-02-12T18:26:17.129+0700] {local_task_job_runner.py:123} INFO - ::group::Pre task execution logs
[2026-02-12T18:26:17.171+0700] {taskinstance.py:2603} INFO - Dependencies all met for dep_context=non-requeueable deps ti=<TaskInstance: dag_scraping_daily.task_process_sentiment scheduled__2026-02-11T17:00:00+00:00 [queued]>
[2026-02-12T18:26:17.202+0700] {taskinstance.py:2603} INFO - Dependencies all met for dep_context=requeueable deps ti=<TaskInstance: dag_scraping_daily.task_process_sentiment scheduled__2026-02-11T17:00:00+00:00 [queued]>
[2026-02-12T18:26:17.204+0700] {taskinstance.py:2856} INFO - Starting attempt 1 of 2
[2026-02-12T18:26:17.231+0700] {taskinstance.py:2879} INFO - Executing <Task(PythonOperator): task_process_sentiment> on 2026-02-11 17:00:00+00:00
[2026-02-12T18:26:17.251+0700] {logging_mixin.py:190} WARNING - /home/***/.local/lib/python3.12/site-packages/***/task/task_runner/standard_task_runner.py:70 DeprecationWarning: This process (pid=214) is multi-threaded, use of fork() may lead to deadlocks in the child.
[2026-02-12T18:26:17.254+0700] {standard_task_runner.py:72} INFO - Started process 216 to run task
[2026-02-12T18:26:17.255+0700] {standard_task_runner.py:104} INFO - Running: ['***', 'tasks', 'run', 'dag_scraping_daily', 'task_process_sentiment', 'scheduled__2026-02-11T17:00:00+00:00', '--job-id', '100', '--raw', '--subdir', 'DAGS_FOLDER/dag_scraping_daily.py', '--cfg-path', '/tmp/tmpq2ro2u7w']
[2026-02-12T18:26:17.260+0700] {standard_task_runner.py:105} INFO - Job 100: Subtask task_process_sentiment
[2026-02-12T18:26:17.288+0700] {logging_mixin.py:190} WARNING - /home/***/.local/lib/python3.12/site-packages/***/settings.py:209 DeprecationWarning: The sql_alchemy_conn option in [core] has been moved to the sql_alchemy_conn option in [database] - the old setting has been used, but please update your config.
[2026-02-12T18:26:17.407+0700] {task_command.py:467} INFO - Running <TaskInstance: dag_scraping_daily.task_process_sentiment scheduled__2026-02-11T17:00:00+00:00 [running]> on host 72dd812d095d
[2026-02-12T18:26:17.410+0700] {logging_mixin.py:190} WARNING - /home/***/.local/lib/python3.12/site-packages/***/settings.py:449 DeprecationWarning: The sql_alchemy_conn option in [core] has been moved to the sql_alchemy_conn option in [database] - the old setting has been used, but please update your config.
[2026-02-12T18:26:17.569+0700] {taskinstance.py:3122} INFO - Exporting env vars: AIRFLOW_CTX_DAG_OWNER='remosy_admin' AIRFLOW_CTX_DAG_ID='dag_scraping_daily' AIRFLOW_CTX_TASK_ID='task_process_sentiment' AIRFLOW_CTX_EXECUTION_DATE='2026-02-11T17:00:00+00:00' AIRFLOW_CTX_TRY_NUMBER='1' AIRFLOW_CTX_DAG_RUN_ID='scheduled__2026-02-11T17:00:00+00:00'
[2026-02-12T18:26:17.571+0700] {taskinstance.py:731} INFO - ::endgroup::
[2026-02-12T18:26:34.709+0700] {logging_mixin.py:190} INFO - 🚀 Memulai Job Pemrosesan Berita (Smart Sentiment)...
[2026-02-12T18:26:34.736+0700] {logging_mixin.py:190} INFO -    📦 Memproses 62 berita baru...
[2026-02-12T18:26:34.737+0700] {logging_mixin.py:190} INFO -    🤖 Sedang memuat model AI (IndoBERT)...
[2026-02-12T18:26:35.454+0700] {_client.py:1026} INFO - HTTP Request: HEAD https://huggingface.co/w11wo/indonesian-roberta-base-sentiment-classifier/resolve/main/config.json "HTTP/1.1 307 Temporary Redirect"
[2026-02-12T18:26:35.510+0700] {_client.py:1026} INFO - HTTP Request: HEAD https://huggingface.co/api/resolve-cache/models/w11wo/indonesian-roberta-base-sentiment-classifier/ac452dcb0f4966130bba44f4ee0013bb5d52c282/config.json "HTTP/1.1 200 OK"
[2026-02-12T18:26:35.595+0700] {_client.py:1026} INFO - HTTP Request: GET https://huggingface.co/api/resolve-cache/models/w11wo/indonesian-roberta-base-sentiment-classifier/ac452dcb0f4966130bba44f4ee0013bb5d52c282/config.json "HTTP/1.1 200 OK"
[2026-02-12T18:26:35.985+0700] {_client.py:1026} INFO - HTTP Request: HEAD https://huggingface.co/w11wo/indonesian-roberta-base-sentiment-classifier/resolve/main/model.safetensors "HTTP/1.1 302 Found"
[2026-02-12T18:26:36.362+0700] {_client.py:1026} INFO - HTTP Request: GET https://huggingface.co/api/models/w11wo/indonesian-roberta-base-sentiment-classifier/xet-read-token/ac452dcb0f4966130bba44f4ee0013bb5d52c282 "HTTP/1.1 200 OK"
[2026-02-12T18:37:54.485+0700] {job.py:229} INFO - Heartbeat recovered after 75.77 seconds
[2026-02-12T18:46:32.491+0700] {job.py:229} INFO - Heartbeat recovered after 260.91 seconds
[2026-02-12T18:46:52.926+0700] {job.py:229} INFO - Heartbeat recovered after 15.38 seconds
[2026-02-12T19:08:37.550+0700] {job.py:229} INFO - Heartbeat recovered after 29.50 seconds
[2026-02-12T19:13:56.115+0700] {job.py:229} INFO - Heartbeat recovered after 106.59 seconds
[2026-02-12T19:19:42.379+0700] {job.py:229} INFO - Heartbeat recovered after 64.32 seconds
[2026-02-12T19:25:02.856+0700] {job.py:229} INFO - Heartbeat recovered after 51.97 seconds
[2026-02-12T19:50:36.186+0700] {_client.py:1026} INFO - HTTP Request: GET https://huggingface.co/api/models/w11wo/indonesian-roberta-base-sentiment-classifier/xet-read-token/ac452dcb0f4966130bba44f4ee0013bb5d52c282 "HTTP/1.1 200 OK"
[2026-02-12T19:57:56.224+0700] {job.py:229} INFO - Heartbeat recovered after 304.43 seconds
[2026-02-12T19:58:37.655+0700] {local_task_job_runner.py:341} WARNING - State of this instance has been externally set to up_for_retry. Terminating instance.
[2026-02-12T19:58:37.658+0700] {local_task_job_runner.py:240} INFO - ::endgroup::
[2026-02-12T19:58:37.667+0700] {process_utils.py:132} INFO - Sending 15 to group 216. PIDs of all processes in the group: [216]
[2026-02-12T19:58:37.676+0700] {process_utils.py:87} INFO - Sending the signal 15 to group 216
[2026-02-12T19:59:34.067+0700] {process_utils.py:150} WARNING - process psutil.Process(pid=216, name='airflow task ru', status='sleeping', started='18:26:16') did not respond to SIGTERM. Trying SIGKILL
[2026-02-12T19:59:34.076+0700] {process_utils.py:87} INFO - Sending the signal 9 to group 216
[2026-02-12T19:59:34.174+0700] {process_utils.py:80} INFO - Process psutil.Process(pid=216, name='airflow task ru', status='terminated', exitcode=<Negsignal.SIGKILL: -9>, started='18:26:16') (216) terminated with exit code -9
[2026-02-12T19:59:34.177+0700] {standard_task_runner.py:190} ERROR - ('Job 100 was killed before it finished (likely due to running out of memory)', 'For more information, see https://***.apache.org/docs/apache-***/stable/troubleshooting.html#LocalTaskJob-killed')
