[2026-06-16T07:45:43.474+0700] {local_task_job_runner.py:123} INFO - ::group::Pre task execution logs
[2026-06-16T07:45:43.491+0700] {taskinstance.py:2603} INFO - Dependencies all met for dep_context=non-requeueable deps ti=<TaskInstance: remosy_master_end_to_end.process_twitter scheduled__2026-06-15T05:00:00+00:00 [queued]>
[2026-06-16T07:45:43.502+0700] {taskinstance.py:2603} INFO - Dependencies all met for dep_context=requeueable deps ti=<TaskInstance: remosy_master_end_to_end.process_twitter scheduled__2026-06-15T05:00:00+00:00 [queued]>
[2026-06-16T07:45:43.503+0700] {taskinstance.py:2856} INFO - Starting attempt 1 of 1
[2026-06-16T07:45:43.518+0700] {taskinstance.py:2879} INFO - Executing <Task(PythonOperator): process_twitter> on 2026-06-15 05:00:00+00:00
[2026-06-16T07:45:43.526+0700] {logging_mixin.py:190} WARNING - /home/***/.local/lib/python3.12/site-packages/***/task/task_runner/standard_task_runner.py:70 DeprecationWarning: This process (pid=995) is multi-threaded, use of fork() may lead to deadlocks in the child.
[2026-06-16T07:45:43.528+0700] {standard_task_runner.py:72} INFO - Started process 996 to run task
[2026-06-16T07:45:43.526+0700] {standard_task_runner.py:104} INFO - Running: ['***', 'tasks', 'run', 'remosy_master_end_to_end', 'process_twitter', 'scheduled__2026-06-15T05:00:00+00:00', '--job-id', '493', '--raw', '--subdir', 'DAGS_FOLDER/dag_remosy_master.py', '--cfg-path', '/tmp/tmp8gt379nq']
[2026-06-16T07:45:43.529+0700] {standard_task_runner.py:105} INFO - Job 493: Subtask process_twitter
[2026-06-16T07:45:43.545+0700] {logging_mixin.py:190} WARNING - /home/***/.local/lib/python3.12/site-packages/***/settings.py:209 DeprecationWarning: The sql_alchemy_conn option in [core] has been moved to the sql_alchemy_conn option in [database] - the old setting has been used, but please update your config.
[2026-06-16T07:45:43.578+0700] {task_command.py:467} INFO - Running <TaskInstance: remosy_master_end_to_end.process_twitter scheduled__2026-06-15T05:00:00+00:00 [running]> on host 61dfca9b63ac
[2026-06-16T07:45:43.580+0700] {logging_mixin.py:190} WARNING - /home/***/.local/lib/python3.12/site-packages/***/settings.py:449 DeprecationWarning: The sql_alchemy_conn option in [core] has been moved to the sql_alchemy_conn option in [database] - the old setting has been used, but please update your config.
[2026-06-16T07:45:43.668+0700] {taskinstance.py:3122} INFO - Exporting env vars: AIRFLOW_CTX_DAG_OWNER='remosy' AIRFLOW_CTX_DAG_ID='remosy_master_end_to_end' AIRFLOW_CTX_TASK_ID='process_twitter' AIRFLOW_CTX_EXECUTION_DATE='2026-06-15T05:00:00+00:00' AIRFLOW_CTX_TRY_NUMBER='1' AIRFLOW_CTX_DAG_RUN_ID='scheduled__2026-06-15T05:00:00+00:00'
[2026-06-16T07:45:43.669+0700] {taskinstance.py:731} INFO - ::endgroup::
[2026-06-16T07:45:50.754+0700] {logging_mixin.py:190} INFO -  Sedang memuat model AI (IndoBERT)...
[2026-06-16T07:45:51.078+0700] {_client.py:1025} INFO - HTTP Request: HEAD https://huggingface.co/w11wo/indonesian-roberta-base-sentiment-classifier/resolve/main/config.json "HTTP/1.1 307 Temporary Redirect"
[2026-06-16T07:45:51.080+0700] {logging_mixin.py:190} WARNING - Warning: You are sending unauthenticated requests to the HF Hub. Please set a HF_TOKEN to enable higher rate limits and faster downloads.
[2026-06-16T07:45:51.080+0700] {_http.py:904} WARNING - Warning: You are sending unauthenticated requests to the HF Hub. Please set a HF_TOKEN to enable higher rate limits and faster downloads.
[2026-06-16T07:45:51.099+0700] {_client.py:1025} INFO - HTTP Request: HEAD https://huggingface.co/api/resolve-cache/models/w11wo/indonesian-roberta-base-sentiment-classifier/ac452dcb0f4966130bba44f4ee0013bb5d52c282/config.json "HTTP/1.1 200 OK"
[2026-06-16T07:45:51.253+0700] {logging_mixin.py:190} WARNING - Loading weights:   0%|          | 0/201 [00:00<?, ?it/s]
[2026-06-16T07:45:51.347+0700] {logging_mixin.py:190} WARNING - Loading weights: 100%|##########| 201/201 [00:00<00:00, 2177.75it/s]
[2026-06-16T07:45:51.617+0700] {_client.py:1025} INFO - HTTP Request: GET https://huggingface.co/api/models/w11wo/indonesian-roberta-base-sentiment-classifier/tree/main/additional_chat_templates?recursive=false&expand=false "HTTP/1.1 404 Not Found"
[2026-06-16T07:45:51.871+0700] {_client.py:1025} INFO - HTTP Request: GET https://huggingface.co/api/models/w11wo/indonesian-roberta-base-sentiment-classifier/tree/main?recursive=true&expand=false "HTTP/1.1 200 OK"
[2026-06-16T07:45:52.252+0700] {_client.py:1025} INFO - HTTP Request: HEAD https://huggingface.co/w11wo/indonesian-roberta-base-sentiment-classifier/resolve/main/processor_config.json "HTTP/1.1 404 Not Found"
[2026-06-16T07:45:52.492+0700] {_client.py:1025} INFO - HTTP Request: HEAD https://huggingface.co/w11wo/indonesian-roberta-base-sentiment-classifier/resolve/main/video_preprocessor_config.json "HTTP/1.1 404 Not Found"
[2026-06-16T07:45:52.736+0700] {_client.py:1025} INFO - HTTP Request: HEAD https://huggingface.co/w11wo/indonesian-roberta-base-sentiment-classifier/resolve/main/preprocessor_config.json "HTTP/1.1 404 Not Found"
[2026-06-16T07:45:52.744+0700] {logging_mixin.py:190} INFO -  Model AI siap digunakan!
[2026-06-16T07:45:52.744+0700] {logging_mixin.py:190} INFO - 🚀 Memulai Job Pemrosesan Twitter (Cleaning + Sentiment + Relevance Filter)...
[2026-06-16T07:45:52.771+0700] {logging_mixin.py:190} INFO - 📦 Ditemukan 26 tweet baru. Sedang memproses...
[2026-06-16T07:45:54.905+0700] {logging_mixin.py:190} INFO -    [10/26] Processing...
[2026-06-16T07:45:56.803+0700] {logging_mixin.py:190} INFO -    🗑️ HAPUS (Tweet Nyasar): 'Kalau saya tidak salah ingat. Menolak jadi PT...'
[2026-06-16T07:45:56.808+0700] {logging_mixin.py:190} INFO -    🗑️ HAPUS (Tweet Nyasar): 'MK menggelar sidang lanjutan pengujian materi...'
[2026-06-16T07:45:56.812+0700] {logging_mixin.py:190} INFO -    🗑️ HAPUS (Tweet Nyasar): 'MK menggelar sidang lanjutan pengujian materi...'
[2026-06-16T07:45:56.817+0700] {logging_mixin.py:190} INFO -    🗑️ HAPUS (Tweet Nyasar): '@araiiseven loveee meskipun kita dapat nya un...'
[2026-06-16T07:45:56.820+0700] {logging_mixin.py:190} INFO -    🗑️ HAPUS (Tweet Nyasar): 'anak unsikuy atau ubp tuh...'
[2026-06-16T07:45:56.825+0700] {logging_mixin.py:190} INFO -    🗑️ HAPUS (Tweet Nyasar): '@ruilistic apakah km anak unsikuy?...'
[2026-06-16T07:45:56.829+0700] {logging_mixin.py:190} INFO -    🗑️ HAPUS (Tweet Nyasar): '@idiskitten bjirr unsikuy pergaulan bebas mul...'
[2026-06-16T07:45:56.845+0700] {logging_mixin.py:190} INFO - ✅ SUKSES! 19 tweet berhasil dianalisis dengan otak hibrida baru.
[2026-06-16T07:45:56.846+0700] {python.py:240} INFO - Done. Returned value was: None
[2026-06-16T07:45:56.860+0700] {taskinstance.py:340} INFO - ::group::Post task execution logs
[2026-06-16T07:45:56.860+0700] {taskinstance.py:352} INFO - Marking task as SUCCESS. dag_id=remosy_master_end_to_end, task_id=process_twitter, run_id=scheduled__2026-06-15T05:00:00+00:00, execution_date=20260615T050000, start_date=20260616T004543, end_date=20260616T004556
[2026-06-16T07:45:57.029+0700] {local_task_job_runner.py:261} INFO - Task exited with return code 0
[2026-06-16T07:45:57.096+0700] {taskinstance.py:3891} INFO - 1 downstream tasks scheduled from follow-on schedule check
[2026-06-16T07:45:57.103+0700] {local_task_job_runner.py:240} INFO - ::endgroup::
