[2026-05-07T14:58:15.796+0700] {local_task_job_runner.py:123} INFO - ::group::Pre task execution logs
[2026-05-07T14:58:15.841+0700] {taskinstance.py:2603} INFO - Dependencies all met for dep_context=non-requeueable deps ti=<TaskInstance: dag_scraping_daily.task_scrape_news scheduled__2026-04-30T05:00:00+00:00 [queued]>
[2026-05-07T14:58:15.874+0700] {taskinstance.py:2603} INFO - Dependencies all met for dep_context=requeueable deps ti=<TaskInstance: dag_scraping_daily.task_scrape_news scheduled__2026-04-30T05:00:00+00:00 [queued]>
[2026-05-07T14:58:15.875+0700] {taskinstance.py:2856} INFO - Starting attempt 1 of 2
[2026-05-07T14:58:15.911+0700] {taskinstance.py:2879} INFO - Executing <Task(PythonOperator): task_scrape_news> on 2026-04-30 05:00:00+00:00
[2026-05-07T14:58:15.930+0700] {logging_mixin.py:190} WARNING - /home/***/.local/lib/python3.12/site-packages/***/task/task_runner/standard_task_runner.py:70 DeprecationWarning: This process (pid=183) is multi-threaded, use of fork() may lead to deadlocks in the child.
[2026-05-07T14:58:15.940+0700] {standard_task_runner.py:72} INFO - Started process 195 to run task
[2026-05-07T14:58:15.941+0700] {standard_task_runner.py:104} INFO - Running: ['***', 'tasks', 'run', 'dag_scraping_daily', 'task_scrape_news', 'scheduled__2026-04-30T05:00:00+00:00', '--job-id', '292', '--raw', '--subdir', 'DAGS_FOLDER/dag_scraping_daily.py', '--cfg-path', '/tmp/tmpc_m1a15s']
[2026-05-07T14:58:15.948+0700] {standard_task_runner.py:105} INFO - Job 292: Subtask task_scrape_news
[2026-05-07T14:58:15.984+0700] {logging_mixin.py:190} WARNING - /home/***/.local/lib/python3.12/site-packages/***/settings.py:209 DeprecationWarning: The sql_alchemy_conn option in [core] has been moved to the sql_alchemy_conn option in [database] - the old setting has been used, but please update your config.
[2026-05-07T14:58:16.068+0700] {task_command.py:467} INFO - Running <TaskInstance: dag_scraping_daily.task_scrape_news scheduled__2026-04-30T05:00:00+00:00 [running]> on host 3b76dc97b072
[2026-05-07T14:58:16.071+0700] {logging_mixin.py:190} WARNING - /home/***/.local/lib/python3.12/site-packages/***/settings.py:449 DeprecationWarning: The sql_alchemy_conn option in [core] has been moved to the sql_alchemy_conn option in [database] - the old setting has been used, but please update your config.
[2026-05-07T14:58:16.476+0700] {taskinstance.py:3122} INFO - Exporting env vars: AIRFLOW_CTX_DAG_OWNER='remosy_admin' AIRFLOW_CTX_DAG_ID='dag_scraping_daily' AIRFLOW_CTX_TASK_ID='task_scrape_news' AIRFLOW_CTX_EXECUTION_DATE='2026-04-30T05:00:00+00:00' AIRFLOW_CTX_TRY_NUMBER='1' AIRFLOW_CTX_DAG_RUN_ID='scheduled__2026-04-30T05:00:00+00:00'
[2026-05-07T14:58:16.479+0700] {taskinstance.py:731} INFO - ::endgroup::
[2026-05-07T14:58:26.441+0700] {logging_mixin.py:190} INFO - 🚀 Memulai Job Scraping Google News (Mode Dinamis via Database)...
[2026-05-07T14:58:26.548+0700] {logging_mixin.py:190} INFO - 📋 Menggunakan 3 Kata Kunci dari Database: ['UNSIKA', 'Universitas Singaperbangsa Karawang', 'Unsikuy']
[2026-05-07T14:58:26.619+0700] {logging_mixin.py:190} INFO - 📚 Database memiliki 361 berita lama.
[2026-05-07T14:58:26.621+0700] {logging_mixin.py:190} INFO - 🔎 Sedang mencari: 'UNSIKA'...
[2026-05-07T14:58:27.938+0700] {logging_mixin.py:190} INFO -    ⚠️ Gagal menyimpan ke DB: (psycopg2.errors.UniqueViolation) duplicate key value violates unique constraint "news_raw_url_key"
DETAIL:  Key (url)=(https://news.google.com/rss/articles/CBMiogFBVV95cUxPWlp4My1LU0RUaGVFZWZ2QVZRQXR5a0lnV2FXUlo2NHhSVThScHcxOTNJUktDQ1FXNWxjZFYwQ1ZXR0Q5ZFBhN2NIb1d3MjlHazRULVUtUlhKXzZ6Rk8wN0NjeHV1MDVsdTJ0ZW0xa2hfd2xZWDZPUzRuV2Q4OEF1MDlQRENmR0JrSFVhVWpITHBLdjZCcDJOLUlpQk5DM2duZnfSAaABQVVfeXFMTUVablZHcFMtZHVmTndZQlJjSkVOWXZWbUdfQXlFdDZoUWdBU2NST3hLU3hrakE0OTJ1ajhtT1Q0d3ZnRUdhTElfU1lsdjFzSGZtVDBhZHB2Q2llSFNhX0tpdENEbzJiU0tqeWdvcVNqZnkxWTNnd25HNXhFbThPcVd5WVlhTmtsSzNUa0NwOTAyZmRDREw1T1lXU1Q4ck9mZA?oc=5) already exists.

[SQL: INSERT INTO news_raw (scraped_at, keyword, title, source, url, published_date) VALUES (%(scraped_at)s, %(keyword)s, %(title)s, %(source)s, %(url)s, %(published_date)s)]
[parameters: ({'scraped_at': datetime.datetime(2026, 5, 7, 14, 58, 27, 796599), 'keyword': 'UNSIKA', 'title': 'Gandeng 27 Mitra, Unsika Sinkrokan Kebutuhan Industri Lewat FGD - iNews.ID', 'source': 'iNews.ID', 'url': 'https://news.google.com/rss/articles/CBMiogFBVV95cUxPWlp4My1LU0RUaGVFZWZ2QVZRQXR5a0lnV2FXUlo2NHhSVThScHcxOTNJUktDQ1FXNWxjZFYwQ1ZXR0Q5ZFBhN2NIb1d3MjlH ... (186 characters truncated) ... E0OTJ1ajhtT1Q0d3ZnRUdhTElfU1lsdjFzSGZtVDBhZHB2Q2llSFNhX0tpdENEbzJiU0tqeWdvcVNqZnkxWTNnd25HNXhFbThPcVd5WVlhTmtsSzNUa0NwOTAyZmRDREw1T1lXU1Q4ck9mZA?oc=5', 'published_date': 'Tue, 05 May 2026 06:18:48 GMT'}, {'scraped_at': datetime.datetime(2026, 5, 7, 14, 58, 27, 796762), 'keyword': 'UNSIKA', 'title': 'UNSIKA Gandeng 27 Mitra Industri dan Pemerintah, Perkuat Link and Match Dunia Kerja - KarawangNews.com', 'source': 'KarawangNews.com', 'url': 'https://news.google.com/rss/articles/CBMihAFBVV95cUxNc0VvbXp2cWFvT0xIa0tZZmotMjF2YlFWMmZxM1BZMzRKZDlGR1RxQkpPY3kyVzF0NnU1WTRxNGZRSzJibjhVRjVOMktTQmptTnZYWnR1VUFpNGk2ekVmQ1JnNGZTVGpQZ3RJU280MldWRGo2YVdJOXp4amZzNzNXTl9oTnU?oc=5', 'published_date': 'Tue, 05 May 2026 23:57:25 GMT'}, {'scraped_at': datetime.datetime(2026, 5, 7, 14, 58, 27, 796916), 'keyword': 'UNSIKA', 'title': 'SAPA FARMA: Mahasiswa Farmasi Unsika Berikan Edukasi Kolaborasi Hipertensi dan Diabetes di Adiarsa Barat - Siaran Berita', 'source': 'Siaran Berita', 'url': 'https://news.google.com/rss/articles/CBMiygFBVV95cUxNSWVYRUNmSGQybl9SenlhcVpNLUx2TTBaSDZyNFBCTW1WbnFpUTJudmw2WmhfUVJUNnVNazNnc0s2ZEl2VTZvTTY2ZGdwUy1I ... (20 characters truncated) ... anNWRm4ybk5DbzYwaEl0VHM1QmZHLU1zbnJIMHBRdUJiOFd2Z0pHRmdYWWd5OFNaZ3FPajBSc1JvdENoZjJFWW5lNmIycWstUHZyNzFaOW5oZ21FQzZSZXVNZjlmbk1oQjdGYUE3Qk9nakdR?oc=5', 'published_date': 'Mon, 04 May 2026 14:18:31 GMT'}, {'scraped_at': datetime.datetime(2026, 5, 7, 14, 58, 27, 797072), 'keyword': 'UNSIKA', 'title': 'Sinkronisasi Kebijakan Pusat-Daerah Disorot, FISIP Unsika Dorong Pendekatan Berbasis Data - tvberita.co.id', 'source': 'tvberita.co.id', 'url': 'https://news.google.com/rss/articles/CBMixAFBVV95cUxOLWRlZGNIM0xPVmdRNVRDS0x5MExLLU5Mbm1tU1otMHE1SllxcVJyc2QyR2Vfd0lKUjVwZ2otUU1PTW1hWl9tdlVYUUZhcnBC ... (12 characters truncated) ... WDVaRWtQZWFoMmJ2ak1aaWJkOE0tZXhsQ3RwQzFob1ptNDhsNE9KNFEycmh1NXRUWEZMZWVsVXVZWGdZOW5wMG94c21zMFV6UzRSaVgxMklyZnFaQm9DQ1ZwaU5FMmc2eWdhT2JJOU1wVE8w?oc=5', 'published_date': 'Thu, 30 Apr 2026 09:58:34 GMT'}, {'scraped_at': datetime.datetime(2026, 5, 7, 14, 58, 27, 798572), 'keyword': 'UNSIKA', 'title': 'Pelaksanaan UTBK SNBT hari pertama di UNSIKA - ANTARA Foto', 'source': 'ANTARA Foto', 'url': 'https://news.google.com/rss/articles/CBMikAFBVV95cUxPV3FMV2h0aXRST2d6Tm91TVplTElpRHg5ZTBYSEhnZ2FCd2JPbTV0TUJKVm5DTVFITFlRMHppMEhaWGRZaDRDSVItYUtqbE5k ... (148 characters truncated) ... QVBkZ3l4UHpMZ1V5b25Nc0pfajl0NDg2SHFnM3JNdXZXVm5sVkRvOGpCdTIzVW9xX1NudjZXRnZrckZNWENFM09rZzJaRTlETWRZRXp3QW4yeEN4eTFvajB0bFVpOFFkdDlsTlNOSFdPMjBR?oc=5', 'published_date': 'Tue, 21 Apr 2026 07:00:00 GMT'}, {'scraped_at': datetime.datetime(2026, 5, 7, 14, 58, 27, 809271), 'keyword': 'UNSIKA', 'title': 'The first day of the UTBK SNBT implementation at UNSIKA - ANTARA Foto', 'source': 'ANTARA Foto', 'url': 'https://news.google.com/rss/articles/CBMimwFBVV95cUxQRWtlNk54MzlNUGxuNzM1NjVIeHdLb1owME1jWEZJbmcxYUtzN0ZTbldXOFlBTHBzamZqM0pBeFZraGtMb19xVkE4TERVU3Zm ... (176 characters truncated) ... ZUwwZVNzZjFEa3lNcVh3UWdSNUN1M2lKSnEtOVBSSUJpejd1N29vOHhBUU9pYXFXUGFqVTRTUFZPbnVfajk1OGJyckRmX0RnYTZhTkpOMmtGTG95dG5LVlhqTElBTkZPaUhMSmplUmExLTl3?oc=5', 'published_date': 'Tue, 21 Apr 2026 07:00:00 GMT'}, {'scraped_at': datetime.datetime(2026, 5, 7, 14, 58, 27, 810029), 'keyword': 'UNSIKA', 'title': 'Gandeng Kemendagri, FISIP Unsika Gelar SemNas Bahas Sinkronisasi Kebijakan Pusat dan Daerah - iNews.ID', 'source': 'iNews.ID', 'url': 'https://news.google.com/rss/articles/CBMixwFBVV95cUxNeWE5dFFzLW9NNGlmT1FKcERnZnpOVXVEYmFhRVJMSG9vdDNoaTlBYXM3dUIyVE5FWUlSX2twTjkwbXMwX2lyaVVvZDI1TG11 ... (286 characters truncated) ... ByZ1BYd0o0OVdBRHhYbXRsczFtUmN2ZXpDSUJKRGh6NWlQbVVGdXFYSVdEcGdqNXZka2dPaGh1aXh2bHVRb0xCY19UT1BubldzM3VHS05RZlVlSHBDdmZweXhYVlNieFFDYUlmanVELUxNdw?oc=5', 'published_date': 'Thu, 30 Apr 2026 06:10:51 GMT'})]
(Background on this error at: https://sqlalche.me/e/14/gkpj)
[2026-05-07T14:58:27.951+0700] {logging_mixin.py:190} INFO - 🔎 Sedang mencari: 'Universitas Singaperbangsa Karawang'...
[2026-05-07T14:58:29.326+0700] {logging_mixin.py:190} INFO -    ✅ Menyimpan 7 berita BARU.
[2026-05-07T14:58:29.331+0700] {logging_mixin.py:190} INFO - 🔎 Sedang mencari: 'Unsikuy'...
[2026-05-07T14:58:30.064+0700] {logging_mixin.py:190} INFO -    ⚠️ Tidak ditemukan berita di Google.
[2026-05-07T14:58:30.066+0700] {logging_mixin.py:190} INFO - 🏁 Job Selesai. Total 7 berita baru ditambahkan hari ini.
[2026-05-07T14:58:30.071+0700] {python.py:240} INFO - Done. Returned value was: None
[2026-05-07T14:58:30.163+0700] {taskinstance.py:340} INFO - ::group::Post task execution logs
[2026-05-07T14:58:30.179+0700] {taskinstance.py:352} INFO - Marking task as SUCCESS. dag_id=dag_scraping_daily, task_id=task_scrape_news, run_id=scheduled__2026-04-30T05:00:00+00:00, execution_date=20260430T050000, start_date=20260507T075815, end_date=20260507T075830
[2026-05-07T14:58:30.478+0700] {local_task_job_runner.py:261} INFO - Task exited with return code 0
[2026-05-07T14:58:30.528+0700] {taskinstance.py:3891} INFO - 1 downstream tasks scheduled from follow-on schedule check
[2026-05-07T14:58:30.537+0700] {local_task_job_runner.py:240} INFO - ::endgroup::
