[2026-06-11T15:13:02.283+0700] {local_task_job_runner.py:123} INFO - ::group::Pre task execution logs
[2026-06-11T15:13:02.311+0700] {taskinstance.py:2603} INFO - Dependencies all met for dep_context=non-requeueable deps ti=<TaskInstance: remosy_master_end_to_end.scrape_news scheduled__2026-06-10T17:00:00+00:00 [queued]>
[2026-06-11T15:13:02.332+0700] {taskinstance.py:2603} INFO - Dependencies all met for dep_context=requeueable deps ti=<TaskInstance: remosy_master_end_to_end.scrape_news scheduled__2026-06-10T17:00:00+00:00 [queued]>
[2026-06-11T15:13:02.333+0700] {taskinstance.py:2856} INFO - Starting attempt 1 of 1
[2026-06-11T15:13:02.355+0700] {taskinstance.py:2879} INFO - Executing <Task(PythonOperator): scrape_news> on 2026-06-10 17:00:00+00:00
[2026-06-11T15:13:02.368+0700] {logging_mixin.py:190} WARNING - /home/***/.local/lib/python3.12/site-packages/***/task/task_runner/standard_task_runner.py:70 DeprecationWarning: This process (pid=1431) is multi-threaded, use of fork() may lead to deadlocks in the child.
[2026-06-11T15:13:02.368+0700] {standard_task_runner.py:104} INFO - Running: ['***', 'tasks', 'run', 'remosy_master_end_to_end', 'scrape_news', 'scheduled__2026-06-10T17:00:00+00:00', '--job-id', '432', '--raw', '--subdir', 'DAGS_FOLDER/dag_remosy_master.py', '--cfg-path', '/tmp/tmpi0crlcck']
[2026-06-11T15:13:02.377+0700] {standard_task_runner.py:105} INFO - Job 432: Subtask scrape_news
[2026-06-11T15:13:02.374+0700] {standard_task_runner.py:72} INFO - Started process 1441 to run task
[2026-06-11T15:13:02.403+0700] {logging_mixin.py:190} WARNING - /home/***/.local/lib/python3.12/site-packages/***/settings.py:209 DeprecationWarning: The sql_alchemy_conn option in [core] has been moved to the sql_alchemy_conn option in [database] - the old setting has been used, but please update your config.
[2026-06-11T15:13:02.459+0700] {task_command.py:467} INFO - Running <TaskInstance: remosy_master_end_to_end.scrape_news scheduled__2026-06-10T17:00:00+00:00 [running]> on host a1d14841ea5b
[2026-06-11T15:13:02.461+0700] {logging_mixin.py:190} WARNING - /home/***/.local/lib/python3.12/site-packages/***/settings.py:449 DeprecationWarning: The sql_alchemy_conn option in [core] has been moved to the sql_alchemy_conn option in [database] - the old setting has been used, but please update your config.
[2026-06-11T15:13:02.615+0700] {taskinstance.py:3122} INFO - Exporting env vars: AIRFLOW_CTX_DAG_OWNER='remosy' AIRFLOW_CTX_DAG_ID='remosy_master_end_to_end' AIRFLOW_CTX_TASK_ID='scrape_news' AIRFLOW_CTX_EXECUTION_DATE='2026-06-10T17:00:00+00:00' AIRFLOW_CTX_TRY_NUMBER='1' AIRFLOW_CTX_DAG_RUN_ID='scheduled__2026-06-10T17:00:00+00:00'
[2026-06-11T15:13:02.617+0700] {taskinstance.py:731} INFO - ::endgroup::
[2026-06-11T15:13:05.923+0700] {logging_mixin.py:190} INFO - 🚀 Memulai Job Scraping Google News (Mode Dinamis via Database)...
[2026-06-11T15:13:06.035+0700] {logging_mixin.py:190} INFO - 📋 Menggunakan 4 Kata Kunci dari Database: ['UNSIKA', 'Universitas Singaperbangsa Karawang', 'Unsika', 'Rektor UNSIKA']
[2026-06-11T15:13:06.053+0700] {logging_mixin.py:190} INFO - 📚 Database memiliki 497 berita lama.
[2026-06-11T15:13:06.054+0700] {logging_mixin.py:190} INFO - 🔎 Sedang mencari: 'UNSIKA'...
[2026-06-11T15:13:08.341+0700] {logging_mixin.py:190} INFO -    ✅ Menyimpan 4 berita BARU.
[2026-06-11T15:13:08.342+0700] {logging_mixin.py:190} INFO - 🔎 Sedang mencari: 'Universitas Singaperbangsa Karawang'...
[2026-06-11T15:13:10.430+0700] {logging_mixin.py:190} INFO -    ✅ Menyimpan 2 berita BARU.
[2026-06-11T15:13:10.431+0700] {logging_mixin.py:190} INFO - 🔎 Sedang mencari: 'Unsika'...
[2026-06-11T15:13:22.323+0700] {logging_mixin.py:190} INFO -    ℹ️  Dapat berita, tapi semuanya duplikat (Skip).
[2026-06-11T15:13:22.324+0700] {logging_mixin.py:190} INFO - 🔎 Sedang mencari: 'Rektor UNSIKA'...
[2026-06-11T15:13:26.064+0700] {logging_mixin.py:190} INFO -    ℹ️  Dapat berita, tapi semuanya duplikat (Skip).
[2026-06-11T15:13:26.065+0700] {logging_mixin.py:190} INFO - 🏁 Job Selesai. Total 6 berita baru ditambahkan hari ini.
[2026-06-11T15:13:26.066+0700] {python.py:240} INFO - Done. Returned value was: None
[2026-06-11T15:13:26.077+0700] {taskinstance.py:340} INFO - ::group::Post task execution logs
[2026-06-11T15:13:26.078+0700] {taskinstance.py:352} INFO - Marking task as SUCCESS. dag_id=remosy_master_end_to_end, task_id=scrape_news, run_id=scheduled__2026-06-10T17:00:00+00:00, execution_date=20260610T170000, start_date=20260611T081302, end_date=20260611T081326
[2026-06-11T15:13:26.114+0700] {local_task_job_runner.py:261} INFO - Task exited with return code 0
[2026-06-11T15:13:26.140+0700] {taskinstance.py:3891} INFO - 1 downstream tasks scheduled from follow-on schedule check
[2026-06-11T15:13:26.143+0700] {local_task_job_runner.py:240} INFO - ::endgroup::
