[2026-05-19T13:11:13.549+0700] {local_task_job_runner.py:123} INFO - ::group::Pre task execution logs
[2026-05-19T13:11:13.578+0700] {taskinstance.py:2603} INFO - Dependencies all met for dep_context=non-requeueable deps ti=<TaskInstance: dag_scraping_twitter.task_scrape_twitter scheduled__2026-05-18T11:00:00+00:00 [queued]>
[2026-05-19T13:11:13.592+0700] {taskinstance.py:2603} INFO - Dependencies all met for dep_context=requeueable deps ti=<TaskInstance: dag_scraping_twitter.task_scrape_twitter scheduled__2026-05-18T11:00:00+00:00 [queued]>
[2026-05-19T13:11:13.593+0700] {taskinstance.py:2856} INFO - Starting attempt 1 of 1
[2026-05-19T13:11:13.623+0700] {taskinstance.py:2879} INFO - Executing <Task(PythonOperator): task_scrape_twitter> on 2026-05-18 11:00:00+00:00
[2026-05-19T13:11:13.655+0700] {logging_mixin.py:190} WARNING - /home/***/.local/lib/python3.12/site-packages/***/task/task_runner/standard_task_runner.py:70 DeprecationWarning: This process (pid=204) is multi-threaded, use of fork() may lead to deadlocks in the child.
[2026-05-19T13:11:13.657+0700] {standard_task_runner.py:72} INFO - Started process 214 to run task
[2026-05-19T13:11:13.659+0700] {standard_task_runner.py:104} INFO - Running: ['***', 'tasks', 'run', 'dag_scraping_twitter', 'task_scrape_twitter', 'scheduled__2026-05-18T11:00:00+00:00', '--job-id', '318', '--raw', '--subdir', 'DAGS_FOLDER/dag_scraping_twitter.py', '--cfg-path', '/tmp/tmps2rrdorn']
[2026-05-19T13:11:13.664+0700] {standard_task_runner.py:105} INFO - Job 318: Subtask task_scrape_twitter
[2026-05-19T13:11:13.707+0700] {logging_mixin.py:190} WARNING - /home/***/.local/lib/python3.12/site-packages/***/settings.py:209 DeprecationWarning: The sql_alchemy_conn option in [core] has been moved to the sql_alchemy_conn option in [database] - the old setting has been used, but please update your config.
[2026-05-19T13:11:13.766+0700] {task_command.py:467} INFO - Running <TaskInstance: dag_scraping_twitter.task_scrape_twitter scheduled__2026-05-18T11:00:00+00:00 [running]> on host f0fa06ac8ddd
[2026-05-19T13:11:13.769+0700] {logging_mixin.py:190} WARNING - /home/***/.local/lib/python3.12/site-packages/***/settings.py:449 DeprecationWarning: The sql_alchemy_conn option in [core] has been moved to the sql_alchemy_conn option in [database] - the old setting has been used, but please update your config.
[2026-05-19T13:11:13.908+0700] {taskinstance.py:3122} INFO - Exporting env vars: AIRFLOW_CTX_DAG_OWNER='remosy_admin' AIRFLOW_CTX_DAG_ID='dag_scraping_twitter' AIRFLOW_CTX_TASK_ID='task_scrape_twitter' AIRFLOW_CTX_EXECUTION_DATE='2026-05-18T11:00:00+00:00' AIRFLOW_CTX_TRY_NUMBER='1' AIRFLOW_CTX_DAG_RUN_ID='scheduled__2026-05-18T11:00:00+00:00'
[2026-05-19T13:11:13.909+0700] {taskinstance.py:731} INFO - ::endgroup::
[2026-05-19T13:11:22.648+0700] {logging_mixin.py:190} INFO - Memulai Job Scraping Twitter (Mode Cerdas)...
[2026-05-19T13:11:22.725+0700] {logging_mixin.py:190} INFO - Database saat ini memiliki 137 tweet.
[2026-05-19T13:11:22.725+0700] {logging_mixin.py:190} INFO - Mencari Tweet: unsika...
[2026-05-19T13:14:51.763+0700] {job.py:229} INFO - Heartbeat recovered after 110.03 seconds
[2026-05-19T14:32:18.581+0700] {job.py:229} INFO - Heartbeat recovered after 4646.83 seconds
[2026-05-19T14:32:20.204+0700] {logging_mixin.py:190} INFO - Mencari Tweet: universitas singaperbangsa karawang...
[2026-05-19T14:32:38.735+0700] {logging_mixin.py:190} INFO - Mencari Tweet: mahasiswa unsika...
[2026-05-19T14:32:48.114+0700] {logging_mixin.py:190} INFO - Job Twitter Selesai. Total 0 tweet baru tersimpan.
[2026-05-19T14:32:48.121+0700] {python.py:240} INFO - Done. Returned value was: None
[2026-05-19T14:32:48.405+0700] {taskinstance.py:340} INFO - ::group::Post task execution logs
[2026-05-19T14:32:48.442+0700] {taskinstance.py:352} INFO - Marking task as SUCCESS. dag_id=dag_scraping_twitter, task_id=task_scrape_twitter, run_id=scheduled__2026-05-18T11:00:00+00:00, execution_date=20260518T110000, start_date=20260519T061113, end_date=20260519T073248
[2026-05-19T14:32:48.958+0700] {local_task_job_runner.py:261} INFO - Task exited with return code 0
[2026-05-19T14:32:48.996+0700] {local_task_job_runner.py:240} INFO - ::endgroup::
