[2026-06-12T07:49:50.214+0700] {local_task_job_runner.py:123} INFO - ::group::Pre task execution logs
[2026-06-12T07:49:50.239+0700] {taskinstance.py:2603} INFO - Dependencies all met for dep_context=non-requeueable deps ti=<TaskInstance: remosy_master_end_to_end.scrape_news scheduled__2026-06-11T05:00:00+00:00 [queued]>
[2026-06-12T07:49:50.251+0700] {taskinstance.py:2603} INFO - Dependencies all met for dep_context=requeueable deps ti=<TaskInstance: remosy_master_end_to_end.scrape_news scheduled__2026-06-11T05:00:00+00:00 [queued]>
[2026-06-12T07:49:50.251+0700] {taskinstance.py:2856} INFO - Starting attempt 1 of 1
[2026-06-12T07:49:50.267+0700] {taskinstance.py:2879} INFO - Executing <Task(PythonOperator): scrape_news> on 2026-06-11 05:00:00+00:00
[2026-06-12T07:49:50.278+0700] {logging_mixin.py:190} WARNING - /home/***/.local/lib/python3.12/site-packages/***/task/task_runner/standard_task_runner.py:70 DeprecationWarning: This process (pid=179) is multi-threaded, use of fork() may lead to deadlocks in the child.
[2026-06-12T07:49:50.280+0700] {standard_task_runner.py:72} INFO - Started process 185 to run task
[2026-06-12T07:49:50.279+0700] {standard_task_runner.py:104} INFO - Running: ['***', 'tasks', 'run', 'remosy_master_end_to_end', 'scrape_news', 'scheduled__2026-06-11T05:00:00+00:00', '--job-id', '438', '--raw', '--subdir', 'DAGS_FOLDER/dag_remosy_master.py', '--cfg-path', '/tmp/tmp33bing5j']
[2026-06-12T07:49:50.284+0700] {standard_task_runner.py:105} INFO - Job 438: Subtask scrape_news
[2026-06-12T07:49:50.313+0700] {logging_mixin.py:190} WARNING - /home/***/.local/lib/python3.12/site-packages/***/settings.py:209 DeprecationWarning: The sql_alchemy_conn option in [core] has been moved to the sql_alchemy_conn option in [database] - the old setting has been used, but please update your config.
[2026-06-12T07:49:50.374+0700] {task_command.py:467} INFO - Running <TaskInstance: remosy_master_end_to_end.scrape_news scheduled__2026-06-11T05:00:00+00:00 [running]> on host a98f3862c268
[2026-06-12T07:49:50.379+0700] {logging_mixin.py:190} WARNING - /home/***/.local/lib/python3.12/site-packages/***/settings.py:449 DeprecationWarning: The sql_alchemy_conn option in [core] has been moved to the sql_alchemy_conn option in [database] - the old setting has been used, but please update your config.
[2026-06-12T07:49:50.517+0700] {taskinstance.py:3122} INFO - Exporting env vars: AIRFLOW_CTX_DAG_OWNER='remosy' AIRFLOW_CTX_DAG_ID='remosy_master_end_to_end' AIRFLOW_CTX_TASK_ID='scrape_news' AIRFLOW_CTX_EXECUTION_DATE='2026-06-11T05:00:00+00:00' AIRFLOW_CTX_TRY_NUMBER='1' AIRFLOW_CTX_DAG_RUN_ID='scheduled__2026-06-11T05:00:00+00:00'
[2026-06-12T07:49:50.518+0700] {taskinstance.py:731} INFO - ::endgroup::
[2026-06-12T07:49:53.387+0700] {logging_mixin.py:190} INFO - 🚀 Memulai Job Scraping Google News (Mode Dinamis via Database)...
[2026-06-12T07:49:53.457+0700] {logging_mixin.py:190} INFO - 📋 Menggunakan 4 Kata Kunci dari Database: ['UNSIKA', 'Universitas Singaperbangsa Karawang', 'Unsika', 'Rektor UNSIKA']
[2026-06-12T07:49:53.470+0700] {logging_mixin.py:190} INFO - 📚 Database memiliki 503 berita lama.
[2026-06-12T07:49:53.471+0700] {logging_mixin.py:190} INFO - 🔎 Sedang mencari: 'UNSIKA'...
[2026-06-12T07:50:05.570+0700] {logging_mixin.py:190} INFO -    ❌ Error scraping 'UNSIKA': HTTPSConnectionPool(host='news.google.com', port=443): Read timed out. (read timeout=10)
[2026-06-12T07:50:05.572+0700] {logging_mixin.py:190} INFO -    ⚠️ Tidak ditemukan berita di Google.
[2026-06-12T07:50:05.573+0700] {logging_mixin.py:190} INFO - 🔎 Sedang mencari: 'Universitas Singaperbangsa Karawang'...
[2026-06-12T07:50:40.805+0700] {logging_mixin.py:190} INFO -    ❌ Error scraping 'Universitas Singaperbangsa Karawang': HTTPSConnectionPool(host='news.google.com', port=443): Read timed out.
[2026-06-12T07:50:40.806+0700] {logging_mixin.py:190} INFO -    ⚠️ Tidak ditemukan berita di Google.
[2026-06-12T07:50:40.807+0700] {logging_mixin.py:190} INFO - 🔎 Sedang mencari: 'Unsika'...
[2026-06-12T07:50:45.814+0700] {logging_mixin.py:190} INFO -    ℹ️  Dapat berita, tapi semuanya duplikat (Skip).
[2026-06-12T07:50:45.815+0700] {logging_mixin.py:190} INFO - 🔎 Sedang mencari: 'Rektor UNSIKA'...
[2026-06-12T07:50:56.294+0700] {logging_mixin.py:190} INFO -    ❌ Error scraping 'Rektor UNSIKA': HTTPSConnectionPool(host='news.google.com', port=443): Read timed out. (read timeout=10)
[2026-06-12T07:50:56.296+0700] {logging_mixin.py:190} INFO -    ⚠️ Tidak ditemukan berita di Google.
[2026-06-12T07:50:56.296+0700] {logging_mixin.py:190} INFO - 🏁 Job Selesai. Total 0 berita baru ditambahkan hari ini.
[2026-06-12T07:50:56.296+0700] {python.py:240} INFO - Done. Returned value was: None
[2026-06-12T07:50:56.306+0700] {taskinstance.py:340} INFO - ::group::Post task execution logs
[2026-06-12T07:50:56.306+0700] {taskinstance.py:352} INFO - Marking task as SUCCESS. dag_id=remosy_master_end_to_end, task_id=scrape_news, run_id=scheduled__2026-06-11T05:00:00+00:00, execution_date=20260611T050000, start_date=20260612T004950, end_date=20260612T005056
[2026-06-12T07:50:56.334+0700] {local_task_job_runner.py:261} INFO - Task exited with return code 0
[2026-06-12T07:50:56.356+0700] {taskinstance.py:3891} INFO - 1 downstream tasks scheduled from follow-on schedule check
[2026-06-12T07:50:56.358+0700] {local_task_job_runner.py:240} INFO - ::endgroup::
