[2026-04-27T15:58:25.202+0700] {processor.py:186} INFO - Started process (PID=180) to work on /opt/airflow/dags/dag_scraping_twitter.py
[2026-04-27T15:58:25.204+0700] {processor.py:914} INFO - Processing file /opt/airflow/dags/dag_scraping_twitter.py for tasks to queue
[2026-04-27T15:58:25.206+0700] {logging_mixin.py:190} INFO - [2026-04-27T15:58:25.205+0700] {dagbag.py:587} INFO - Filling up the DagBag from /opt/airflow/dags/dag_scraping_twitter.py
[2026-04-27T15:58:25.228+0700] {processor.py:925} INFO - DAG(s) 'dag_scraping_twitter' retrieved from /opt/airflow/dags/dag_scraping_twitter.py
[2026-04-27T15:58:27.479+0700] {logging_mixin.py:190} INFO - [2026-04-27T15:58:27.478+0700] {dag.py:3211} INFO - Sync 1 DAGs
[2026-04-27T15:58:29.810+0700] {logging_mixin.py:190} INFO - [2026-04-27T15:58:29.810+0700] {dag.py:4138} INFO - Setting next_dagrun for dag_scraping_twitter to 2026-04-26 23:00:00+00:00, run_after=2026-04-27 11:00:00+00:00
[2026-04-27T15:58:33.795+0700] {processor.py:208} INFO - Processing /opt/airflow/dags/dag_scraping_twitter.py took 8.598 seconds
[2026-04-27T15:59:04.035+0700] {processor.py:186} INFO - Started process (PID=375) to work on /opt/airflow/dags/dag_scraping_twitter.py
[2026-04-27T15:59:04.041+0700] {processor.py:914} INFO - Processing file /opt/airflow/dags/dag_scraping_twitter.py for tasks to queue
[2026-04-27T15:59:04.050+0700] {logging_mixin.py:190} INFO - [2026-04-27T15:59:04.050+0700] {dagbag.py:587} INFO - Filling up the DagBag from /opt/airflow/dags/dag_scraping_twitter.py
[2026-04-27T15:59:04.114+0700] {processor.py:925} INFO - DAG(s) 'dag_scraping_twitter' retrieved from /opt/airflow/dags/dag_scraping_twitter.py
[2026-04-27T15:59:04.197+0700] {logging_mixin.py:190} INFO - [2026-04-27T15:59:04.197+0700] {dag.py:3211} INFO - Sync 1 DAGs
[2026-04-27T15:59:04.267+0700] {logging_mixin.py:190} INFO - [2026-04-27T15:59:04.267+0700] {dag.py:4138} INFO - Setting next_dagrun for dag_scraping_twitter to 2026-04-26 23:00:00+00:00, run_after=2026-04-27 11:00:00+00:00
[2026-04-27T15:59:04.308+0700] {processor.py:208} INFO - Processing /opt/airflow/dags/dag_scraping_twitter.py took 0.298 seconds
[2026-04-27T15:59:34.771+0700] {processor.py:186} INFO - Started process (PID=410) to work on /opt/airflow/dags/dag_scraping_twitter.py
[2026-04-27T15:59:34.773+0700] {processor.py:914} INFO - Processing file /opt/airflow/dags/dag_scraping_twitter.py for tasks to queue
[2026-04-27T15:59:34.776+0700] {logging_mixin.py:190} INFO - [2026-04-27T15:59:34.776+0700] {dagbag.py:587} INFO - Filling up the DagBag from /opt/airflow/dags/dag_scraping_twitter.py
[2026-04-27T15:59:34.815+0700] {processor.py:925} INFO - DAG(s) 'dag_scraping_twitter' retrieved from /opt/airflow/dags/dag_scraping_twitter.py
[2026-04-27T15:59:34.849+0700] {logging_mixin.py:190} INFO - [2026-04-27T15:59:34.849+0700] {dag.py:3211} INFO - Sync 1 DAGs
[2026-04-27T15:59:34.888+0700] {logging_mixin.py:190} INFO - [2026-04-27T15:59:34.888+0700] {dag.py:4138} INFO - Setting next_dagrun for dag_scraping_twitter to 2026-04-26 23:00:00+00:00, run_after=2026-04-27 11:00:00+00:00
[2026-04-27T15:59:34.914+0700] {processor.py:208} INFO - Processing /opt/airflow/dags/dag_scraping_twitter.py took 0.150 seconds
[2026-04-27T16:00:05.033+0700] {processor.py:186} INFO - Started process (PID=437) to work on /opt/airflow/dags/dag_scraping_twitter.py
[2026-04-27T16:00:05.035+0700] {processor.py:914} INFO - Processing file /opt/airflow/dags/dag_scraping_twitter.py for tasks to queue
[2026-04-27T16:00:05.044+0700] {logging_mixin.py:190} INFO - [2026-04-27T16:00:05.041+0700] {dagbag.py:587} INFO - Filling up the DagBag from /opt/airflow/dags/dag_scraping_twitter.py
[2026-04-27T16:00:05.085+0700] {processor.py:925} INFO - DAG(s) 'dag_scraping_twitter' retrieved from /opt/airflow/dags/dag_scraping_twitter.py
[2026-04-27T16:00:05.121+0700] {logging_mixin.py:190} INFO - [2026-04-27T16:00:05.120+0700] {dag.py:3211} INFO - Sync 1 DAGs
[2026-04-27T16:00:05.149+0700] {logging_mixin.py:190} INFO - [2026-04-27T16:00:05.149+0700] {dag.py:4138} INFO - Setting next_dagrun for dag_scraping_twitter to 2026-04-26 23:00:00+00:00, run_after=2026-04-27 11:00:00+00:00
[2026-04-27T16:00:05.172+0700] {processor.py:208} INFO - Processing /opt/airflow/dags/dag_scraping_twitter.py took 0.148 seconds
[2026-04-27T16:00:35.388+0700] {processor.py:186} INFO - Started process (PID=465) to work on /opt/airflow/dags/dag_scraping_twitter.py
[2026-04-27T16:00:35.390+0700] {processor.py:914} INFO - Processing file /opt/airflow/dags/dag_scraping_twitter.py for tasks to queue
[2026-04-27T16:00:35.395+0700] {logging_mixin.py:190} INFO - [2026-04-27T16:00:35.395+0700] {dagbag.py:587} INFO - Filling up the DagBag from /opt/airflow/dags/dag_scraping_twitter.py
[2026-04-27T16:00:35.434+0700] {processor.py:925} INFO - DAG(s) 'dag_scraping_twitter' retrieved from /opt/airflow/dags/dag_scraping_twitter.py
[2026-04-27T16:00:35.485+0700] {logging_mixin.py:190} INFO - [2026-04-27T16:00:35.485+0700] {dag.py:3211} INFO - Sync 1 DAGs
[2026-04-27T16:00:35.525+0700] {logging_mixin.py:190} INFO - [2026-04-27T16:00:35.525+0700] {dag.py:4138} INFO - Setting next_dagrun for dag_scraping_twitter to 2026-04-26 23:00:00+00:00, run_after=2026-04-27 11:00:00+00:00
[2026-04-27T16:00:35.561+0700] {processor.py:208} INFO - Processing /opt/airflow/dags/dag_scraping_twitter.py took 0.188 seconds
[2026-04-27T16:01:05.729+0700] {processor.py:186} INFO - Started process (PID=493) to work on /opt/airflow/dags/dag_scraping_twitter.py
[2026-04-27T16:01:05.734+0700] {processor.py:914} INFO - Processing file /opt/airflow/dags/dag_scraping_twitter.py for tasks to queue
[2026-04-27T16:01:05.737+0700] {logging_mixin.py:190} INFO - [2026-04-27T16:01:05.737+0700] {dagbag.py:587} INFO - Filling up the DagBag from /opt/airflow/dags/dag_scraping_twitter.py
[2026-04-27T16:01:05.758+0700] {processor.py:925} INFO - DAG(s) 'dag_scraping_twitter' retrieved from /opt/airflow/dags/dag_scraping_twitter.py
[2026-04-27T16:01:05.803+0700] {logging_mixin.py:190} INFO - [2026-04-27T16:01:05.803+0700] {dag.py:3211} INFO - Sync 1 DAGs
[2026-04-27T16:01:05.832+0700] {logging_mixin.py:190} INFO - [2026-04-27T16:01:05.832+0700] {dag.py:4138} INFO - Setting next_dagrun for dag_scraping_twitter to 2026-04-26 23:00:00+00:00, run_after=2026-04-27 11:00:00+00:00
[2026-04-27T16:01:05.884+0700] {processor.py:208} INFO - Processing /opt/airflow/dags/dag_scraping_twitter.py took 0.161 seconds
[2026-04-27T16:01:36.746+0700] {processor.py:186} INFO - Started process (PID=523) to work on /opt/airflow/dags/dag_scraping_twitter.py
[2026-04-27T16:01:36.748+0700] {processor.py:914} INFO - Processing file /opt/airflow/dags/dag_scraping_twitter.py for tasks to queue
[2026-04-27T16:01:36.754+0700] {logging_mixin.py:190} INFO - [2026-04-27T16:01:36.753+0700] {dagbag.py:587} INFO - Filling up the DagBag from /opt/airflow/dags/dag_scraping_twitter.py
[2026-04-27T16:01:36.780+0700] {processor.py:925} INFO - DAG(s) 'dag_scraping_twitter' retrieved from /opt/airflow/dags/dag_scraping_twitter.py
[2026-04-27T16:01:36.851+0700] {logging_mixin.py:190} INFO - [2026-04-27T16:01:36.850+0700] {dag.py:3211} INFO - Sync 1 DAGs
[2026-04-27T16:01:36.916+0700] {logging_mixin.py:190} INFO - [2026-04-27T16:01:36.916+0700] {dag.py:4138} INFO - Setting next_dagrun for dag_scraping_twitter to 2026-04-26 23:00:00+00:00, run_after=2026-04-27 11:00:00+00:00
[2026-04-27T16:01:36.946+0700] {processor.py:208} INFO - Processing /opt/airflow/dags/dag_scraping_twitter.py took 0.220 seconds
[2026-04-27T16:02:07.143+0700] {processor.py:186} INFO - Started process (PID=551) to work on /opt/airflow/dags/dag_scraping_twitter.py
[2026-04-27T16:02:07.148+0700] {processor.py:914} INFO - Processing file /opt/airflow/dags/dag_scraping_twitter.py for tasks to queue
[2026-04-27T16:02:07.158+0700] {logging_mixin.py:190} INFO - [2026-04-27T16:02:07.158+0700] {dagbag.py:587} INFO - Filling up the DagBag from /opt/airflow/dags/dag_scraping_twitter.py
[2026-04-27T16:02:07.184+0700] {processor.py:925} INFO - DAG(s) 'dag_scraping_twitter' retrieved from /opt/airflow/dags/dag_scraping_twitter.py
[2026-04-27T16:02:07.268+0700] {logging_mixin.py:190} INFO - [2026-04-27T16:02:07.268+0700] {dag.py:3211} INFO - Sync 1 DAGs
[2026-04-27T16:02:07.513+0700] {logging_mixin.py:190} INFO - [2026-04-27T16:02:07.512+0700] {dag.py:4138} INFO - Setting next_dagrun for dag_scraping_twitter to 2026-04-26 23:00:00+00:00, run_after=2026-04-27 11:00:00+00:00
[2026-04-27T16:02:09.870+0700] {processor.py:208} INFO - Processing /opt/airflow/dags/dag_scraping_twitter.py took 2.733 seconds
[2026-04-27T16:02:40.774+0700] {processor.py:186} INFO - Started process (PID=586) to work on /opt/airflow/dags/dag_scraping_twitter.py
[2026-04-27T16:02:40.776+0700] {processor.py:914} INFO - Processing file /opt/airflow/dags/dag_scraping_twitter.py for tasks to queue
[2026-04-27T16:02:40.779+0700] {logging_mixin.py:190} INFO - [2026-04-27T16:02:40.778+0700] {dagbag.py:587} INFO - Filling up the DagBag from /opt/airflow/dags/dag_scraping_twitter.py
[2026-04-27T16:02:40.808+0700] {processor.py:925} INFO - DAG(s) 'dag_scraping_twitter' retrieved from /opt/airflow/dags/dag_scraping_twitter.py
[2026-04-27T16:02:40.844+0700] {logging_mixin.py:190} INFO - [2026-04-27T16:02:40.843+0700] {dag.py:3211} INFO - Sync 1 DAGs
[2026-04-27T16:02:41.284+0700] {logging_mixin.py:190} INFO - [2026-04-27T16:02:41.284+0700] {dag.py:4138} INFO - Setting next_dagrun for dag_scraping_twitter to 2026-04-26 23:00:00+00:00, run_after=2026-04-27 11:00:00+00:00
[2026-04-27T16:02:41.304+0700] {processor.py:208} INFO - Processing /opt/airflow/dags/dag_scraping_twitter.py took 0.542 seconds
[2026-04-27T16:03:12.164+0700] {processor.py:186} INFO - Started process (PID=614) to work on /opt/airflow/dags/dag_scraping_twitter.py
[2026-04-27T16:03:12.167+0700] {processor.py:914} INFO - Processing file /opt/airflow/dags/dag_scraping_twitter.py for tasks to queue
[2026-04-27T16:03:12.172+0700] {logging_mixin.py:190} INFO - [2026-04-27T16:03:12.172+0700] {dagbag.py:587} INFO - Filling up the DagBag from /opt/airflow/dags/dag_scraping_twitter.py
[2026-04-27T16:03:12.205+0700] {processor.py:925} INFO - DAG(s) 'dag_scraping_twitter' retrieved from /opt/airflow/dags/dag_scraping_twitter.py
[2026-04-27T16:03:12.774+0700] {logging_mixin.py:190} INFO - [2026-04-27T16:03:12.773+0700] {dag.py:3211} INFO - Sync 1 DAGs
[2026-04-27T16:03:12.813+0700] {logging_mixin.py:190} INFO - [2026-04-27T16:03:12.813+0700] {dag.py:4138} INFO - Setting next_dagrun for dag_scraping_twitter to 2026-04-26 23:00:00+00:00, run_after=2026-04-27 11:00:00+00:00
[2026-04-27T16:03:12.844+0700] {processor.py:208} INFO - Processing /opt/airflow/dags/dag_scraping_twitter.py took 0.690 seconds
[2026-04-27T16:03:43.623+0700] {processor.py:186} INFO - Started process (PID=644) to work on /opt/airflow/dags/dag_scraping_twitter.py
[2026-04-27T16:03:43.627+0700] {processor.py:914} INFO - Processing file /opt/airflow/dags/dag_scraping_twitter.py for tasks to queue
[2026-04-27T16:03:43.635+0700] {logging_mixin.py:190} INFO - [2026-04-27T16:03:43.634+0700] {dagbag.py:587} INFO - Filling up the DagBag from /opt/airflow/dags/dag_scraping_twitter.py
[2026-04-27T16:03:44.434+0700] {processor.py:925} INFO - DAG(s) 'dag_scraping_twitter' retrieved from /opt/airflow/dags/dag_scraping_twitter.py
[2026-04-27T16:03:44.474+0700] {logging_mixin.py:190} INFO - [2026-04-27T16:03:44.474+0700] {dag.py:3211} INFO - Sync 1 DAGs
[2026-04-27T16:03:44.518+0700] {logging_mixin.py:190} INFO - [2026-04-27T16:03:44.518+0700] {dag.py:4138} INFO - Setting next_dagrun for dag_scraping_twitter to 2026-04-26 23:00:00+00:00, run_after=2026-04-27 11:00:00+00:00
[2026-04-27T16:03:44.543+0700] {processor.py:208} INFO - Processing /opt/airflow/dags/dag_scraping_twitter.py took 0.941 seconds
[2026-04-27T16:04:14.780+0700] {processor.py:186} INFO - Started process (PID=674) to work on /opt/airflow/dags/dag_scraping_twitter.py
[2026-04-27T16:04:14.783+0700] {processor.py:914} INFO - Processing file /opt/airflow/dags/dag_scraping_twitter.py for tasks to queue
[2026-04-27T16:04:14.790+0700] {logging_mixin.py:190} INFO - [2026-04-27T16:04:14.788+0700] {dagbag.py:587} INFO - Filling up the DagBag from /opt/airflow/dags/dag_scraping_twitter.py
[2026-04-27T16:04:14.836+0700] {processor.py:925} INFO - DAG(s) 'dag_scraping_twitter' retrieved from /opt/airflow/dags/dag_scraping_twitter.py
[2026-04-27T16:04:14.931+0700] {logging_mixin.py:190} INFO - [2026-04-27T16:04:14.931+0700] {dag.py:3211} INFO - Sync 1 DAGs
[2026-04-27T16:04:15.001+0700] {logging_mixin.py:190} INFO - [2026-04-27T16:04:15.000+0700] {dag.py:4138} INFO - Setting next_dagrun for dag_scraping_twitter to 2026-04-26 23:00:00+00:00, run_after=2026-04-27 11:00:00+00:00
[2026-04-27T16:04:15.062+0700] {processor.py:208} INFO - Processing /opt/airflow/dags/dag_scraping_twitter.py took 0.294 seconds
[2026-04-27T16:04:45.611+0700] {processor.py:186} INFO - Started process (PID=746) to work on /opt/airflow/dags/dag_scraping_twitter.py
[2026-04-27T16:04:45.613+0700] {processor.py:914} INFO - Processing file /opt/airflow/dags/dag_scraping_twitter.py for tasks to queue
[2026-04-27T16:04:45.620+0700] {logging_mixin.py:190} INFO - [2026-04-27T16:04:45.619+0700] {dagbag.py:587} INFO - Filling up the DagBag from /opt/airflow/dags/dag_scraping_twitter.py
[2026-04-27T16:04:45.663+0700] {processor.py:925} INFO - DAG(s) 'dag_scraping_twitter' retrieved from /opt/airflow/dags/dag_scraping_twitter.py
[2026-04-27T16:04:45.715+0700] {logging_mixin.py:190} INFO - [2026-04-27T16:04:45.714+0700] {dag.py:3211} INFO - Sync 1 DAGs
[2026-04-27T16:04:45.800+0700] {logging_mixin.py:190} INFO - [2026-04-27T16:04:45.800+0700] {dag.py:4138} INFO - Setting next_dagrun for dag_scraping_twitter to 2026-04-26 23:00:00+00:00, run_after=2026-04-27 11:00:00+00:00
[2026-04-27T16:04:45.849+0700] {processor.py:208} INFO - Processing /opt/airflow/dags/dag_scraping_twitter.py took 0.247 seconds
[2026-04-27T16:05:16.752+0700] {processor.py:186} INFO - Started process (PID=817) to work on /opt/airflow/dags/dag_scraping_twitter.py
[2026-04-27T16:05:16.757+0700] {processor.py:914} INFO - Processing file /opt/airflow/dags/dag_scraping_twitter.py for tasks to queue
[2026-04-27T16:05:16.784+0700] {logging_mixin.py:190} INFO - [2026-04-27T16:05:16.780+0700] {dagbag.py:587} INFO - Filling up the DagBag from /opt/airflow/dags/dag_scraping_twitter.py
[2026-04-27T16:05:16.904+0700] {processor.py:925} INFO - DAG(s) 'dag_scraping_twitter' retrieved from /opt/airflow/dags/dag_scraping_twitter.py
[2026-04-27T16:05:17.263+0700] {logging_mixin.py:190} INFO - [2026-04-27T16:05:17.262+0700] {dag.py:3211} INFO - Sync 1 DAGs
[2026-04-27T16:05:17.467+0700] {logging_mixin.py:190} INFO - [2026-04-27T16:05:17.466+0700] {dag.py:4138} INFO - Setting next_dagrun for dag_scraping_twitter to 2026-04-26 23:00:00+00:00, run_after=2026-04-27 11:00:00+00:00
[2026-04-27T16:05:17.774+0700] {processor.py:208} INFO - Processing /opt/airflow/dags/dag_scraping_twitter.py took 1.043 seconds
[2026-04-27T16:05:48.511+0700] {processor.py:186} INFO - Started process (PID=845) to work on /opt/airflow/dags/dag_scraping_twitter.py
[2026-04-27T16:05:48.541+0700] {processor.py:914} INFO - Processing file /opt/airflow/dags/dag_scraping_twitter.py for tasks to queue
[2026-04-27T16:05:48.562+0700] {logging_mixin.py:190} INFO - [2026-04-27T16:05:48.553+0700] {dagbag.py:587} INFO - Filling up the DagBag from /opt/airflow/dags/dag_scraping_twitter.py
[2026-04-27T16:05:48.776+0700] {processor.py:925} INFO - DAG(s) 'dag_scraping_twitter' retrieved from /opt/airflow/dags/dag_scraping_twitter.py
[2026-04-27T16:05:48.936+0700] {logging_mixin.py:190} INFO - [2026-04-27T16:05:48.935+0700] {dag.py:3211} INFO - Sync 1 DAGs
[2026-04-27T16:05:49.092+0700] {logging_mixin.py:190} INFO - [2026-04-27T16:05:49.092+0700] {dag.py:4138} INFO - Setting next_dagrun for dag_scraping_twitter to 2026-04-26 23:00:00+00:00, run_after=2026-04-27 11:00:00+00:00
[2026-04-27T16:05:49.459+0700] {processor.py:208} INFO - Processing /opt/airflow/dags/dag_scraping_twitter.py took 1.048 seconds
