[2026-06-16T12:00:09.144+0700] {local_task_job_runner.py:123} INFO - ::group::Pre task execution logs
[2026-06-16T12:00:09.160+0700] {taskinstance.py:2603} INFO - Dependencies all met for dep_context=non-requeueable deps ti=<TaskInstance: remosy_master_end_to_end.process_news scheduled__2026-06-15T17:00:00+00:00 [queued]>
[2026-06-16T12:00:09.178+0700] {taskinstance.py:2603} INFO - Dependencies all met for dep_context=requeueable deps ti=<TaskInstance: remosy_master_end_to_end.process_news scheduled__2026-06-15T17:00:00+00:00 [queued]>
[2026-06-16T12:00:09.178+0700] {taskinstance.py:2856} INFO - Starting attempt 1 of 1
[2026-06-16T12:00:09.193+0700] {taskinstance.py:2879} INFO - Executing <Task(PythonOperator): process_news> on 2026-06-15 17:00:00+00:00
[2026-06-16T12:00:09.207+0700] {logging_mixin.py:190} WARNING - /home/***/.local/lib/python3.12/site-packages/***/task/task_runner/standard_task_runner.py:70 DeprecationWarning: This process (pid=12205) is multi-threaded, use of fork() may lead to deadlocks in the child.
[2026-06-16T12:00:09.207+0700] {standard_task_runner.py:104} INFO - Running: ['***', 'tasks', 'run', 'remosy_master_end_to_end', 'process_news', 'scheduled__2026-06-15T17:00:00+00:00', '--job-id', '498', '--raw', '--subdir', 'DAGS_FOLDER/dag_remosy_master.py', '--cfg-path', '/tmp/tmp1fguoqme']
[2026-06-16T12:00:09.209+0700] {standard_task_runner.py:72} INFO - Started process 12220 to run task
[2026-06-16T12:00:09.209+0700] {standard_task_runner.py:105} INFO - Job 498: Subtask process_news
[2026-06-16T12:00:09.225+0700] {logging_mixin.py:190} WARNING - /home/***/.local/lib/python3.12/site-packages/***/settings.py:209 DeprecationWarning: The sql_alchemy_conn option in [core] has been moved to the sql_alchemy_conn option in [database] - the old setting has been used, but please update your config.
[2026-06-16T12:00:09.258+0700] {task_command.py:467} INFO - Running <TaskInstance: remosy_master_end_to_end.process_news scheduled__2026-06-15T17:00:00+00:00 [running]> on host 61dfca9b63ac
[2026-06-16T12:00:09.259+0700] {logging_mixin.py:190} WARNING - /home/***/.local/lib/python3.12/site-packages/***/settings.py:449 DeprecationWarning: The sql_alchemy_conn option in [core] has been moved to the sql_alchemy_conn option in [database] - the old setting has been used, but please update your config.
[2026-06-16T12:00:09.335+0700] {taskinstance.py:3122} INFO - Exporting env vars: AIRFLOW_CTX_DAG_OWNER='remosy' AIRFLOW_CTX_DAG_ID='remosy_master_end_to_end' AIRFLOW_CTX_TASK_ID='process_news' AIRFLOW_CTX_EXECUTION_DATE='2026-06-15T17:00:00+00:00' AIRFLOW_CTX_TRY_NUMBER='1' AIRFLOW_CTX_DAG_RUN_ID='scheduled__2026-06-15T17:00:00+00:00'
[2026-06-16T12:00:09.338+0700] {taskinstance.py:731} INFO - ::endgroup::
[2026-06-16T12:00:26.755+0700] {logging_mixin.py:190} INFO - 🚀 Memulai Job Pemrosesan Berita (Smart Sentiment & Relevance Filter)...
[2026-06-16T12:00:26.779+0700] {logging_mixin.py:190} INFO -    📦 Memproses 3 berita baru...
[2026-06-16T12:00:26.779+0700] {logging_mixin.py:190} INFO -    🤖 Sedang memuat model AI (IndoBERT)...
[2026-06-16T12:00:27.133+0700] {_client.py:1025} INFO - HTTP Request: HEAD https://huggingface.co/w11wo/indonesian-roberta-base-sentiment-classifier/resolve/main/config.json "HTTP/1.1 307 Temporary Redirect"
[2026-06-16T12:00:27.154+0700] {_client.py:1025} INFO - HTTP Request: HEAD https://huggingface.co/api/resolve-cache/models/w11wo/indonesian-roberta-base-sentiment-classifier/ac452dcb0f4966130bba44f4ee0013bb5d52c282/config.json "HTTP/1.1 200 OK"
[2026-06-16T12:00:27.344+0700] {logging_mixin.py:190} WARNING - Loading weights:   0%|          | 0/201 [00:00<?, ?it/s]
[2026-06-16T12:00:27.448+0700] {logging_mixin.py:190} WARNING - Loading weights:  54%|#####4    | 109/201 [00:00<00:00, 1071.85it/s]
[2026-06-16T12:00:27.506+0700] {logging_mixin.py:190} WARNING - Loading weights: 100%|##########| 201/201 [00:00<00:00, 1265.81it/s]
[2026-06-16T12:00:27.787+0700] {_client.py:1025} INFO - HTTP Request: GET https://huggingface.co/api/models/w11wo/indonesian-roberta-base-sentiment-classifier/tree/main/additional_chat_templates?recursive=false&expand=false "HTTP/1.1 404 Not Found"
[2026-06-16T12:00:28.051+0700] {_client.py:1025} INFO - HTTP Request: GET https://huggingface.co/api/models/w11wo/indonesian-roberta-base-sentiment-classifier/tree/main?recursive=true&expand=false "HTTP/1.1 200 OK"
[2026-06-16T12:00:28.509+0700] {_client.py:1025} INFO - HTTP Request: HEAD https://huggingface.co/w11wo/indonesian-roberta-base-sentiment-classifier/resolve/main/processor_config.json "HTTP/1.1 404 Not Found"
[2026-06-16T12:00:28.778+0700] {_client.py:1025} INFO - HTTP Request: HEAD https://huggingface.co/w11wo/indonesian-roberta-base-sentiment-classifier/resolve/main/video_preprocessor_config.json "HTTP/1.1 404 Not Found"
[2026-06-16T12:00:28.779+0700] {logging_mixin.py:190} WARNING - Warning: You are sending unauthenticated requests to the HF Hub. Please set a HF_TOKEN to enable higher rate limits and faster downloads.
[2026-06-16T12:00:28.779+0700] {_http.py:904} WARNING - Warning: You are sending unauthenticated requests to the HF Hub. Please set a HF_TOKEN to enable higher rate limits and faster downloads.
[2026-06-16T12:00:29.041+0700] {_client.py:1025} INFO - HTTP Request: HEAD https://huggingface.co/w11wo/indonesian-roberta-base-sentiment-classifier/resolve/main/preprocessor_config.json "HTTP/1.1 404 Not Found"
[2026-06-16T12:00:29.052+0700] {logging_mixin.py:190} INFO -    🗑️ HAPUS (Berita Nyasar): 'Pengembangan Usaha Kreatif, Mahasiswa UMB Rai...'
[2026-06-16T12:00:29.054+0700] {logging_mixin.py:190} INFO -    🗑️ HAPUS (Berita Nyasar): 'Mengabdi Puluhan Tahun, Masih Belum Nikmati T...'
[2026-06-16T12:00:29.056+0700] {logging_mixin.py:190} INFO -    🗑️ HAPUS (Berita Nyasar): 'Cerita Bupati Karawang Kembali ke Bangku Kuli...'
[2026-06-16T12:00:29.057+0700] {logging_mixin.py:190} INFO - 🏁 Job Selesai.
[2026-06-16T12:00:29.068+0700] {python.py:240} INFO - Done. Returned value was: None
[2026-06-16T12:00:29.077+0700] {taskinstance.py:340} INFO - ::group::Post task execution logs
[2026-06-16T12:00:29.077+0700] {taskinstance.py:352} INFO - Marking task as SUCCESS. dag_id=remosy_master_end_to_end, task_id=process_news, run_id=scheduled__2026-06-15T17:00:00+00:00, execution_date=20260615T170000, start_date=20260616T050009, end_date=20260616T050029
[2026-06-16T12:00:29.160+0700] {local_task_job_runner.py:261} INFO - Task exited with return code 0
[2026-06-16T12:00:29.183+0700] {taskinstance.py:3891} INFO - 0 downstream tasks scheduled from follow-on schedule check
[2026-06-16T12:00:29.185+0700] {local_task_job_runner.py:240} INFO - ::endgroup::
