[2026-04-27T15:58:30.818+0700] {local_task_job_runner.py:123} INFO - ::group::Pre task execution logs
[2026-04-27T15:58:30.838+0700] {taskinstance.py:2603} INFO - Dependencies all met for dep_context=non-requeueable deps ti=<TaskInstance: dag_scraping_daily.task_scrape_news scheduled__2026-04-23T05:00:00+00:00 [queued]>
[2026-04-27T15:58:30.849+0700] {taskinstance.py:2603} INFO - Dependencies all met for dep_context=requeueable deps ti=<TaskInstance: dag_scraping_daily.task_scrape_news scheduled__2026-04-23T05:00:00+00:00 [queued]>
[2026-04-27T15:58:30.849+0700] {taskinstance.py:2856} INFO - Starting attempt 1 of 2
[2026-04-27T15:58:33.785+0700] {taskinstance.py:2879} INFO - Executing <Task(PythonOperator): task_scrape_news> on 2026-04-23 05:00:00+00:00
[2026-04-27T15:58:33.888+0700] {standard_task_runner.py:104} INFO - Running: ['***', 'tasks', 'run', 'dag_scraping_daily', 'task_scrape_news', 'scheduled__2026-04-23T05:00:00+00:00', '--job-id', '269', '--raw', '--subdir', 'DAGS_FOLDER/dag_scraping_daily.py', '--cfg-path', '/tmp/tmplnnjnre2']
[2026-04-27T15:58:33.892+0700] {standard_task_runner.py:105} INFO - Job 269: Subtask task_scrape_news
[2026-04-27T15:58:33.893+0700] {logging_mixin.py:190} WARNING - /home/***/.local/lib/python3.12/site-packages/***/task/task_runner/standard_task_runner.py:70 DeprecationWarning: This process (pid=188) is multi-threaded, use of fork() may lead to deadlocks in the child.
[2026-04-27T15:58:33.894+0700] {standard_task_runner.py:72} INFO - Started process 203 to run task
[2026-04-27T15:58:33.949+0700] {logging_mixin.py:190} WARNING - /home/***/.local/lib/python3.12/site-packages/***/settings.py:209 DeprecationWarning: The sql_alchemy_conn option in [core] has been moved to the sql_alchemy_conn option in [database] - the old setting has been used, but please update your config.
[2026-04-27T15:58:34.121+0700] {task_command.py:467} INFO - Running <TaskInstance: dag_scraping_daily.task_scrape_news scheduled__2026-04-23T05:00:00+00:00 [running]> on host 0c77f4a4c25d
[2026-04-27T15:58:34.138+0700] {logging_mixin.py:190} WARNING - /home/***/.local/lib/python3.12/site-packages/***/settings.py:449 DeprecationWarning: The sql_alchemy_conn option in [core] has been moved to the sql_alchemy_conn option in [database] - the old setting has been used, but please update your config.
[2026-04-27T15:58:34.499+0700] {taskinstance.py:3122} INFO - Exporting env vars: AIRFLOW_CTX_DAG_OWNER='remosy_admin' AIRFLOW_CTX_DAG_ID='dag_scraping_daily' AIRFLOW_CTX_TASK_ID='task_scrape_news' AIRFLOW_CTX_EXECUTION_DATE='2026-04-23T05:00:00+00:00' AIRFLOW_CTX_TRY_NUMBER='1' AIRFLOW_CTX_DAG_RUN_ID='scheduled__2026-04-23T05:00:00+00:00'
[2026-04-27T15:58:34.500+0700] {taskinstance.py:731} INFO - ::endgroup::
[2026-04-27T15:58:38.673+0700] {logging_mixin.py:190} INFO - 🚀 Memulai Job Scraping Google News (Mode Dinamis via Database)...
[2026-04-27T15:58:38.810+0700] {logging_mixin.py:190} INFO - 📋 Menggunakan 3 Kata Kunci dari Database: ['UNSIKA', 'Universitas Singaperbangsa Karawang', 'Unsikuy']
[2026-04-27T15:58:38.871+0700] {logging_mixin.py:190} INFO - 📚 Database memiliki 353 berita lama.
[2026-04-27T15:58:38.879+0700] {logging_mixin.py:190} INFO - 🔎 Sedang mencari: 'UNSIKA'...
[2026-04-27T15:58:38.967+0700] {job.py:229} INFO - Heartbeat recovered after 11.47 seconds
[2026-04-27T15:58:39.890+0700] {logging_mixin.py:190} INFO -    ⚠️ Gagal menyimpan ke DB: (psycopg2.errors.UniqueViolation) duplicate key value violates unique constraint "news_raw_url_key"
DETAIL:  Key (url)=(https://news.google.com/rss/articles/CBMiqAFBVV95cUxPUU50dXlkUzAyMlpHZ09VWV9zMkhiMVJHcDBVM2RUblV4VVZSRjJMQkdrYmFYSDZNdXR5UHJ5eU1KVG1LcXM5dnluWkQteHVIbFIydFNhY2M0ZGJWWFNIaldwN1NJSmw0bmNnaWxiTXRQMmk3c25vNEdBRVhZSGpmS2I4VHVjTExzSnp5dF9fOFIwN1BsTGdweTJaN0FJdmYyeFVrUDRVUzM?oc=5) already exists.

[SQL: INSERT INTO news_raw (scraped_at, keyword, title, source, url, published_date) VALUES (%(scraped_at)s, %(keyword)s, %(title)s, %(source)s, %(url)s, %(published_date)s)]
[parameters: ({'scraped_at': datetime.datetime(2026, 4, 27, 15, 58, 39, 805433), 'keyword': 'UNSIKA', 'title': 'Cara Unsika Cegah Praktik Curang Joki UTBK SNBT 2026 - Kompas.com', 'source': 'Kompas.com', 'url': 'https://news.google.com/rss/articles/CBMiqAFBVV95cUxPUU50dXlkUzAyMlpHZ09VWV9zMkhiMVJHcDBVM2RUblV4VVZSRjJMQkdrYmFYSDZNdXR5UHJ5eU1KVG1LcXM5dnluWkQteHVIbFIydFNhY2M0ZGJWWFNIaldwN1NJSmw0bmNnaWxiTXRQMmk3c25vNEdBRVhZSGpmS2I4VHVjTExzSnp5dF9fOFIwN1BsTGdweTJaN0FJdmYyeFVrUDRVUzM?oc=5', 'published_date': 'Fri, 24 Apr 2026 05:57:00 GMT'}, {'scraped_at': datetime.datetime(2026, 4, 27, 15, 58, 39, 805769), 'keyword': 'UNSIKA', 'title': 'Pelaksanaan UTBK SNBT hari pertama di UNSIKA - ANTARA Foto', 'source': 'ANTARA Foto', 'url': 'https://news.google.com/rss/articles/CBMikAFBVV95cUxOcG5LVDlVZi1CMTFQa2w5QlNVQzVyN3VsaVdzajFqbzNEZkpVYW5jb0IyY2hzRFVMTHRaMzNscldBR3RwUW9aR2I2c1NMT3kz ... (148 characters truncated) ... SWNNNUdmUnFReVhoU1FaMkRkRVM2TTZEWnQtOVNZVHZRazQ1a3NxN1RueS1Sc3lXQ0o0SHdjb0FLUGUtVjZWR28xcFJUX0hTR1Z1RDV1VjRMZVltVTRMSDNOUzVoWVNLTDFZQnEtRnlSdWpn?oc=5', 'published_date': 'Tue, 21 Apr 2026 07:59:00 GMT'}, {'scraped_at': datetime.datetime(2026, 4, 27, 15, 58, 39, 805962), 'keyword': 'UNSIKA', 'title': 'Dukung Inovasi Layanan Catin, KUA Karawang Timur Terima Kunjungan Mahasiswi UNSIKA - jabar.kemenag.go.id', 'source': 'jabar.kemenag.go.id', 'url': 'https://news.google.com/rss/articles/CBMiwAFBVV95cUxOYld5MzE2QURLSnZGNktkU25TNWRzQnRmR252UzJ1TmNtQ3dNbHlEMlVRWWpYbzZtVnVrX2VvdnBScEsxLTliTE9LOExraWNm ... (7 characters truncated) ... ldlAxUWI2UFppV0pfYmtCUWFaT2ctc2xPcmRaYm5hRFNKTVdEWjdZZHdNOXJLNHIxMm9Wc2pJUXBoaV9KZjdtRG81QVVyeWtnbGkxMjBmVDRoanlqVWpEYWtFaDRvX0taUTRpdUp5bDAtM0s?oc=5', 'published_date': 'Tue, 07 Apr 2026 07:00:00 GMT'}, {'scraped_at': datetime.datetime(2026, 4, 27, 15, 58, 39, 818539), 'keyword': 'UNSIKA', 'title': 'Digitalisasi Desa: Mahasiswa KKN Unsika Ciptakan Website Terintegrasi untuk Desa Pulokalapa - Kompasiana.com - Kompasiana.com', 'source': 'Kompasiana.com', 'url': 'https://news.google.com/rss/articles/CBMi9wFBVV95cUxOelN0OTBJRllXLU1KSmRSR2Nla2stTzRTTXVrSE5zcDJPU1VuVVRXd0g4MjBNS3JWY2kwcTRaeENwT2FtZFl3aWdfZGRGbU9I ... (422 characters truncated) ... tMT05vdXg2VGdBcWY5WWxUV2gyNlVaaWVHbFpEOTMxNGQ0a1hvb1lFTG5QMTl1VTI1T2dnOGRRcGMxUG1tdWdQdVhEby1uM0RVQ2ZhNUhnaVlLWmtRcEVGdUZERy01Qm9tX3RoWXJoek1QbA?oc=5', 'published_date': 'Sun, 20 Jul 2025 07:00:00 GMT'})]
(Background on this error at: https://sqlalche.me/e/14/gkpj)
[2026-04-27T15:58:39.892+0700] {logging_mixin.py:190} INFO - 🔎 Sedang mencari: 'Universitas Singaperbangsa Karawang'...
[2026-04-27T15:58:40.783+0700] {logging_mixin.py:190} INFO -    ✅ Menyimpan 3 berita BARU.
[2026-04-27T15:58:40.786+0700] {logging_mixin.py:190} INFO - 🔎 Sedang mencari: 'Unsikuy'...
[2026-04-27T15:58:41.514+0700] {logging_mixin.py:190} INFO -    ⚠️ Tidak ditemukan berita di Google.
[2026-04-27T15:58:41.515+0700] {logging_mixin.py:190} INFO - 🏁 Job Selesai. Total 3 berita baru ditambahkan hari ini.
[2026-04-27T15:58:41.518+0700] {python.py:240} INFO - Done. Returned value was: None
[2026-04-27T15:58:41.562+0700] {taskinstance.py:340} INFO - ::group::Post task execution logs
[2026-04-27T15:58:41.570+0700] {taskinstance.py:352} INFO - Marking task as SUCCESS. dag_id=dag_scraping_daily, task_id=task_scrape_news, run_id=scheduled__2026-04-23T05:00:00+00:00, execution_date=20260423T050000, start_date=20260427T085830, end_date=20260427T085841
[2026-04-27T15:58:41.695+0700] {local_task_job_runner.py:261} INFO - Task exited with return code 0
[2026-04-27T15:58:41.777+0700] {taskinstance.py:3891} INFO - 1 downstream tasks scheduled from follow-on schedule check
[2026-04-27T15:58:41.802+0700] {local_task_job_runner.py:240} INFO - ::endgroup::
